

================================================================
== Synthesis Summary Report of 'GN_inference'
================================================================
+ General Information: 
    * Date:           Mon Mar  9 15:25:13 2026
    * Version:        2022.2 (Build 3670227 on Oct 13 2022)
    * Project:        myproject_prj
    * Solution:       solution1 (Vivado IP Flow Target)
    * Product family: zynq
    * Target device:  xc7z020-clg484-1
    

+ Performance & Resource Estimates: 
    
    PS: '+' for module; 'o' for loop; '*' for dataflow
    +---------------------------------------------------------------------+------+------+---------+-----------+----------+---------+------+----------+---------+----------+-----------+-------------+-----+
    |                               Modules                               | Issue|      | Latency |  Latency  | Iteration|         | Trip |          |         |          |           |             |     |
    |                               & Loops                               | Type | Slack| (cycles)|    (ns)   |  Latency | Interval| Count| Pipelined|  BRAM   |    DSP   |     FF    |     LUT     | URAM|
    +---------------------------------------------------------------------+------+------+---------+-----------+----------+---------+------+----------+---------+----------+-----------+-------------+-----+
    |+ GN_inference                                                       |    II|  0.39|      177|  1.770e+03|         -|      161|     -|       yes|  1 (~0%)|  49 (22%)|  6929 (6%)|  12943 (24%)|    -|
    | + dense_latency_ap_fixed_16_6_5_3_0_ap_fixed_8_4_5_3_0_config2_s    |     -|  0.87|        3|     30.000|         -|        1|     -|       yes|        -|  47 (21%)|  5241 (4%)|  10571 (19%)|    -|
    | + dense_latency_ap_fixed_8_4_5_3_0_ap_fixed_8_4_5_3_0_config5_s     |     -|  0.91|        1|     10.000|         -|        1|     -|       yes|        -|         -|   79 (~0%)|    320 (~0%)|    -|
    | + dense_latency_ap_fixed_8_4_5_3_0_ap_fixed_8_4_5_3_0_config8_s     |     -|  3.17|        1|     10.000|         -|        1|     -|       yes|        -|         -|   47 (~0%)|    136 (~0%)|    -|
    | + dense_latency_ap_fixed_8_4_5_3_0_ap_fixed_8_4_5_3_0_config11_s    |     -|  2.67|        0|      0.000|         -|        1|     -|       yes|        -|         -|          -|     97 (~0%)|    -|
    | + dense_latency_ap_fixed_8_4_5_3_0_ap_fixed_8_4_5_3_0_config14_s    |     -|  5.20|        0|      0.000|         -|        1|     -|       yes|        -|         -|          -|     39 (~0%)|    -|
    | + dense_latency_ap_fixed_8_4_5_3_0_ap_fixed_8_4_5_3_0_config17_s    |     -|  1.21|        0|      0.000|         -|        1|     -|       yes|        -|   2 (~0%)|          -|     27 (~0%)|    -|
    | + sigmoid_ap_fixed_8_4_5_3_0_ap_fixed_8_4_5_3_0_sigmoid_config19_s  |    II|  4.51|        1|     10.000|         -|        1|     -|       yes|  1 (~0%)|         -|    2 (~0%)|     13 (~0%)|    -|
    +---------------------------------------------------------------------+------+------+---------+-----------+----------+---------+------+----------+---------+----------+-----------+-------------+-----+


================================================================
== HW Interfaces
================================================================
* AXIS
+-----------+---------------+-------+-------+-----+-------+-------+--------+-------+-------+--------+
| Interface | Register Mode | TDATA | TDEST | TID | TKEEP | TLAST | TREADY | TSTRB | TUSER | TVALID |
+-----------+---------------+-------+-------+-----+-------+-------+--------+-------+-------+--------+
| input_r   | both          | 32    | 6     | 5   | 4     | 1     | 1      | 4     | 2     | 1      |
+-----------+---------------+-------+-------+-----+-------+-------+--------+-------+-------+--------+

* Other Ports
+-----------+--------+----------+
| Interface | Mode   | Bitwidth |
+-----------+--------+----------+
| result    | ap_vld | 32       |
+-----------+--------+----------+

* TOP LEVEL CONTROL
+-----------+------------+-----------------------------------+
| Interface | Type       | Ports                             |
+-----------+------------+-----------------------------------+
| ap_clk    | clock      | ap_clk                            |
| ap_rst_n  | reset      | ap_rst_n                          |
| ap_ctrl   | ap_ctrl_hs | ap_done ap_idle ap_ready ap_start |
+-----------+------------+-----------------------------------+


================================================================
== SW I/O Information
================================================================
* Top Function Arguments
+----------+-----------+--------------------------------------------+
| Argument | Direction | Datatype                                   |
+----------+-----------+--------------------------------------------+
| input    | in        | stream<hls::axis<ap_int<32>, 2, 5, 6>, 0>& |
| result   | out       | int*                                       |
+----------+-----------+--------------------------------------------+

* SW-to-HW Mapping
+----------+---------------+-----------+
| Argument | HW Interface  | HW Type   |
+----------+---------------+-----------+
| input    | input_r       | interface |
| result   | result        | port      |
| result   | result_ap_vld | port      |
+----------+---------------+-----------+


================================================================
== Bind Op Report
================================================================
+-------------------------------------------------------------------+-----+--------+---------------+-----+--------+---------+
| Name                                                              | DSP | Pragma | Variable      | Op  | Impl   | Latency |
+-------------------------------------------------------------------+-----+--------+---------------+-----+--------+---------+
| + GN_inference                                                    | 49  |        |               |     |        |         |
|   sub_ln1049_fu_1450_p2                                           | -   |        | sub_ln1049    | sub | fabric | 0       |
|   lsb_index_fu_1460_p2                                            | -   |        | lsb_index     | add | fabric | 0       |
|   sub_ln1052_fu_1480_p2                                           | -   |        | sub_ln1052    | sub | fabric | 0       |
|   add_ln1054_fu_1534_p2                                           | -   |        | add_ln1054    | add | fabric | 0       |
|   add_ln1063_fu_1574_p2                                           | -   |        | add_ln1063    | add | fabric | 0       |
|   sub_ln1064_fu_1589_p2                                           | -   |        | sub_ln1064    | sub | fabric | 0       |
|   m_3_fu_1616_p2                                                  | -   |        | m_3           | add | fabric | 0       |
|  + dense_latency_ap_fixed_16_6_5_3_0_ap_fixed_8_4_5_3_0_config2_s | 47  |        |               |     |        |         |
|    sub_ln1270_fu_90533_p2                                         | -   |        | sub_ln1270    | sub | fabric | 0       |
|    r_V_fu_90549_p2                                                | -   |        | r_V           | sub | fabric | 0       |
|    r_V_8_fu_90565_p2                                              | -   |        | r_V_8         | add | fabric | 0       |
|    sub_ln1270_1_fu_90613_p2                                       | -   |        | sub_ln1270_1  | sub | fabric | 0       |
|    sub_ln1270_2_fu_90671_p2                                       | -   |        | sub_ln1270_2  | sub | fabric | 0       |
|    r_V_10_fu_90737_p2                                             | -   |        | r_V_10        | sub | fabric | 0       |
|    r_V_11_fu_90753_p2                                             | -   |        | r_V_11        | sub | fabric | 0       |
|    r_V_12_fu_90815_p2                                             | -   |        | r_V_12        | sub | fabric | 0       |
|    r_V_14_fu_90913_p2                                             | -   |        | r_V_14        | sub | fabric | 0       |
|    r_V_15_fu_90929_p2                                             | -   |        | r_V_15        | sub | fabric | 0       |
|    sub_ln1270_3_fu_90945_p2                                       | -   |        | sub_ln1270_3  | sub | fabric | 0       |
|    mul_16s_6ns_17_1_0_U16                                         | 1   |        | mul_ln1270    | mul | auto   | 0       |
|    r_V_17_fu_91045_p2                                             | -   |        | r_V_17        | add | fabric | 0       |
|    mul_16s_6s_17_1_0_U29                                          | 1   |        | mul_ln1270_5  | mul | auto   | 0       |
|    r_V_18_fu_91122_p2                                             | -   |        | r_V_18        | sub | fabric | 0       |
|    mul_16s_6ns_17_1_0_U38                                         | 1   |        | mul_ln1270_6  | mul | auto   | 0       |
|    r_V_19_fu_91194_p2                                             | -   |        | r_V_19        | sub | fabric | 0       |
|    mul_16s_6ns_17_1_0_U46                                         | 1   |        | mul_ln1270_7  | mul | auto   | 0       |
|    mul_16s_6s_17_1_0_U27                                          | 1   |        | mul_ln1270_8  | mul | auto   | 0       |
|    mul_16s_6ns_17_1_0_U3                                          | 1   |        | mul_ln1270_9  | mul | auto   | 0       |
|    mul_16s_6s_17_1_0_U35                                          | 1   |        | mul_ln1270_10 | mul | auto   | 0       |
|    r_V_20_fu_91309_p2                                             | -   |        | r_V_20        | sub | fabric | 0       |
|    mul_16s_6s_17_1_0_U43                                          | 1   |        | mul_ln1270_11 | mul | auto   | 0       |
|    r_V_21_fu_91335_p2                                             | -   |        | r_V_21        | sub | fabric | 0       |
|    mul_16s_6ns_17_1_0_U33                                         | 1   |        | mul_ln1270_12 | mul | auto   | 0       |
|    r_V_22_fu_91414_p2                                             | -   |        | r_V_22        | sub | fabric | 0       |
|    mul_16s_6ns_17_1_0_U1                                          | 1   |        | mul_ln1270_13 | mul | auto   | 0       |
|    mul_16s_6s_17_1_0_U12                                          | 1   |        | mul_ln1270_14 | mul | auto   | 0       |
|    mul_16s_6ns_17_1_0_U47                                         | 1   |        | mul_ln1270_15 | mul | auto   | 0       |
|    r_V_23_fu_91511_p2                                             | -   |        | r_V_23        | sub | fabric | 0       |
|    r_V_24_fu_91545_p2                                             | -   |        | r_V_24        | sub | fabric | 0       |
|    mul_16s_6ns_17_1_0_U11                                         | 1   |        | mul_ln1270_16 | mul | auto   | 0       |
|    r_V_25_fu_91624_p2                                             | -   |        | r_V_25        | sub | fabric | 0       |
|    mul_16s_6ns_17_1_0_U9                                          | 1   |        | mul_ln1270_17 | mul | auto   | 0       |
|    mul_16s_6s_17_1_0_U31                                          | 1   |        | mul_ln1270_18 | mul | auto   | 0       |
|    mul_16s_6ns_17_1_0_U2                                          | 1   |        | mul_ln1270_19 | mul | auto   | 0       |
|    r_V_26_fu_91722_p2                                             | -   |        | r_V_26        | sub | fabric | 0       |
|    r_V_27_fu_91738_p2                                             | -   |        | r_V_27        | sub | fabric | 0       |
|    mul_16s_6s_17_1_0_U22                                          | 1   |        | mul_ln1270_20 | mul | auto   | 0       |
|    r_V_28_fu_91800_p2                                             | -   |        | r_V_28        | sub | fabric | 0       |
|    r_V_29_fu_91834_p2                                             | -   |        | r_V_29        | sub | fabric | 0       |
|    r_V_30_fu_91850_p2                                             | -   |        | r_V_30        | sub | fabric | 0       |
|    mul_16s_6ns_17_1_0_U18                                         | 1   |        | mul_ln1270_21 | mul | auto   | 0       |
|    mul_16s_6s_17_1_0_U21                                          | 1   |        | mul_ln1270_22 | mul | auto   | 0       |
|    mul_16s_6s_17_1_0_U42                                          | 1   |        | mul_ln1270_23 | mul | auto   | 0       |
|    r_V_31_fu_91949_p2                                             | -   |        | r_V_31        | sub | fabric | 0       |
|    mul_16s_6ns_17_1_0_U4                                          | 1   |        | mul_ln1270_24 | mul | auto   | 0       |
|    mul_16s_6ns_17_1_0_U40                                         | 1   |        | mul_ln1270_25 | mul | auto   | 0       |
|    r_V_32_fu_92038_p2                                             | -   |        | r_V_32        | sub | fabric | 0       |
|    mul_16s_6s_17_1_0_U19                                          | 1   |        | mul_ln1270_26 | mul | auto   | 0       |
|    mul_16s_6s_17_1_0_U26                                          | 1   |        | mul_ln1270_27 | mul | auto   | 0       |
|    mul_16s_6ns_17_1_0_U24                                         | 1   |        | mul_ln1270_28 | mul | auto   | 0       |
|    mul_16s_6ns_17_1_0_U34                                         | 1   |        | mul_ln1270_29 | mul | auto   | 0       |
|    mul_16s_6s_17_1_0_U25                                          | 1   |        | mul_ln1270_30 | mul | auto   | 0       |
|    mul_16s_6s_17_1_0_U14                                          | 1   |        | mul_ln1270_31 | mul | auto   | 0       |
|    mul_16s_6s_17_1_0_U37                                          | 1   |        | mul_ln1270_32 | mul | auto   | 0       |
|    mul_16s_6ns_17_1_0_U32                                         | 1   |        | mul_ln1270_33 | mul | auto   | 0       |
|    mul_16s_6s_17_1_0_U28                                          | 1   |        | mul_ln1270_34 | mul | auto   | 0       |
|    mul_16s_6ns_17_1_0_U10                                         | 1   |        | mul_ln1270_35 | mul | auto   | 0       |
|    mul_16s_6s_17_1_0_U44                                          | 1   |        | mul_ln1270_36 | mul | auto   | 0       |
|    mul_16s_6ns_17_1_0_U6                                          | 1   |        | mul_ln1270_37 | mul | auto   | 0       |
|    mul_16s_6s_17_1_0_U7                                           | 1   |        | mul_ln1270_38 | mul | auto   | 0       |
|    mul_16s_6s_17_1_0_U45                                          | 1   |        | mul_ln1270_39 | mul | auto   | 0       |
|    mul_16s_6s_17_1_0_U20                                          | 1   |        | mul_ln1270_40 | mul | auto   | 0       |
|    mul_16s_6ns_17_1_0_U5                                          | 1   |        | mul_ln1270_41 | mul | auto   | 0       |
|    mul_16s_6s_17_1_0_U41                                          | 1   |        | mul_ln1270_42 | mul | auto   | 0       |
|    mul_16s_6s_17_1_0_U23                                          | 1   |        | mul_ln1270_43 | mul | auto   | 0       |
|    r_V_35_fu_92440_p2                                             | -   |        | r_V_35        | add | fabric | 0       |
|    mul_16s_6s_17_1_0_U39                                          | 1   |        | mul_ln1270_44 | mul | auto   | 0       |
|    mul_16s_6s_17_1_0_U30                                          | 1   |        | mul_ln1270_45 | mul | auto   | 0       |
|    r_V_36_fu_92527_p2                                             | -   |        | r_V_36        | add | fabric | 0       |
|    r_V_38_fu_92607_p2                                             | -   |        | r_V_38        | add | fabric | 0       |
|    r_V_39_fu_92623_p2                                             | -   |        | r_V_39        | sub | fabric | 0       |
|    r_V_40_fu_92675_p2                                             | -   |        | r_V_40        | sub | fabric | 0       |
|    r_V_41_fu_92691_p2                                             | -   |        | r_V_41        | sub | fabric | 0       |
|    r_V_42_fu_92725_p2                                             | -   |        | r_V_42        | sub | fabric | 0       |
|    mul_16s_5ns_17_1_0_U17                                         | 1   |        | mul_ln1270_46 | mul | auto   | 0       |
|    r_V_43_fu_92803_p2                                             | -   |        | r_V_43        | sub | fabric | 0       |
|    mul_16s_5s_17_1_0_U8                                           | 1   |        | mul_ln1270_47 | mul | auto   | 0       |
|    r_V_44_fu_92829_p2                                             | -   |        | r_V_44        | sub | fabric | 0       |
|    mul_16s_5s_17_1_0_U36                                          | 1   |        | mul_ln1270_48 | mul | auto   | 0       |
|    r_V_46_fu_92906_p2                                             | -   |        | r_V_46        | add | fabric | 0       |
|    r_V_47_fu_92958_p2                                             | -   |        | r_V_47        | sub | fabric | 0       |
|    r_V_48_fu_93025_p2                                             | -   |        | r_V_48        | add | fabric | 0       |
|    mul_16s_5s_17_1_0_U13                                          | 1   |        | mul_ln1270_49 | mul | auto   | 0       |
|    mul_16s_5s_17_1_0_U15                                          | 1   |        | mul_ln1270_50 | mul | auto   | 0       |
|    r_V_52_fu_93264_p2                                             | -   |        | r_V_52        | add | fabric | 0       |
|    r_V_53_fu_93322_p2                                             | -   |        | r_V_53        | add | fabric | 0       |
|    r_V_55_fu_93378_p2                                             | -   |        | r_V_55        | sub | fabric | 0       |
|    r_V_56_fu_93422_p2                                             | -   |        | r_V_56        | sub | fabric | 0       |
|    r_V_57_fu_93488_p2                                             | -   |        | r_V_57        | sub | fabric | 0       |
|    sub_ln1270_4_fu_93504_p2                                       | -   |        | sub_ln1270_4  | sub | fabric | 0       |
|    r_V_58_fu_93566_p2                                             | -   |        | r_V_58        | sub | fabric | 0       |
|    r_V_59_fu_93632_p2                                             | -   |        | r_V_59        | sub | fabric | 0       |
|    r_V_61_fu_93738_p2                                             | -   |        | r_V_61        | sub | fabric | 0       |
|    r_V_63_fu_93854_p2                                             | -   |        | r_V_63        | sub | fabric | 0       |
|    r_V_65_fu_93942_p2                                             | -   |        | r_V_65        | add | fabric | 0       |
|    r_V_66_fu_93958_p2                                             | -   |        | r_V_66        | sub | fabric | 0       |
|    r_V_68_fu_94006_p2                                             | -   |        | r_V_68        | sub | fabric | 0       |
|    r_V_67_fu_94012_p2                                             | -   |        | r_V_67        | sub | fabric | 0       |
|    r_V_69_fu_94056_p2                                             | -   |        | r_V_69        | sub | fabric | 0       |
|    r_V_70_fu_94090_p2                                             | -   |        | r_V_70        | sub | fabric | 0       |
|    sub_ln1270_5_fu_94138_p2                                       | -   |        | sub_ln1270_5  | sub | fabric | 0       |
|    r_V_71_fu_94154_p2                                             | -   |        | r_V_71        | sub | fabric | 0       |
|    sub_ln1270_6_fu_94212_p2                                       | -   |        | sub_ln1270_6  | sub | fabric | 0       |
|    r_V_72_fu_94246_p2                                             | -   |        | r_V_72        | sub | fabric | 0       |
|    r_V_73_fu_94300_p2                                             | -   |        | r_V_73        | sub | fabric | 0       |
|    r_V_74_fu_94362_p2                                             | -   |        | r_V_74        | sub | fabric | 0       |
|    r_V_75_fu_94388_p2                                             | -   |        | r_V_75        | sub | fabric | 0       |
|    r_V_76_fu_94450_p2                                             | -   |        | r_V_76        | sub | fabric | 0       |
|    r_V_77_fu_94466_p2                                             | -   |        | r_V_77        | sub | fabric | 0       |
|    r_V_79_fu_94496_p2                                             | -   |        | r_V_79        | sub | fabric | 0       |
|    r_V_80_fu_94544_p2                                             | -   |        | r_V_80        | sub | fabric | 0       |
|    r_V_82_fu_94588_p2                                             | -   |        | r_V_82        | sub | fabric | 0       |
|    r_V_83_fu_94674_p2                                             | -   |        | r_V_83        | sub | fabric | 0       |
|    r_V_84_fu_94746_p2                                             | -   |        | r_V_84        | sub | fabric | 0       |
|    r_V_85_fu_94808_p2                                             | -   |        | r_V_85        | sub | fabric | 0       |
|    r_V_86_fu_94842_p2                                             | -   |        | r_V_86        | sub | fabric | 0       |
|    r_V_87_fu_94886_p2                                             | -   |        | r_V_87        | sub | fabric | 0       |
|    sub_ln1270_7_fu_94934_p2                                       | -   |        | sub_ln1270_7  | sub | fabric | 0       |
|    r_V_88_fu_94992_p2                                             | -   |        | r_V_88        | sub | fabric | 0       |
|    r_V_89_fu_95036_p2                                             | -   |        | r_V_89        | sub | fabric | 0       |
|    r_V_90_fu_95104_p2                                             | -   |        | r_V_90        | sub | fabric | 0       |
|    sub_ln1270_8_fu_95166_p2                                       | -   |        | sub_ln1270_8  | sub | fabric | 0       |
|    r_V_91_fu_95182_p2                                             | -   |        | r_V_91        | sub | fabric | 0       |
|    r_V_92_fu_95232_p2                                             | -   |        | r_V_92        | sub | fabric | 0       |
|    r_V_93_fu_95286_p2                                             | -   |        | r_V_93        | sub | fabric | 0       |
|    r_V_94_fu_95316_p2                                             | -   |        | r_V_94        | sub | fabric | 0       |
|    sub_ln1270_9_fu_95408_p2                                       | -   |        | sub_ln1270_9  | sub | fabric | 0       |
|    r_V_95_fu_95456_p2                                             | -   |        | r_V_95        | sub | fabric | 0       |
|    sub_ln1270_10_fu_95490_p2                                      | -   |        | sub_ln1270_10 | sub | fabric | 0       |
|    sub_ln1270_11_fu_95538_p2                                      | -   |        | sub_ln1270_11 | sub | fabric | 0       |
|    r_V_97_fu_95586_p2                                             | -   |        | r_V_97        | sub | fabric | 0       |
|    sub_ln1270_12_fu_95602_p2                                      | -   |        | sub_ln1270_12 | sub | fabric | 0       |
|    sub_ln1270_13_fu_95660_p2                                      | -   |        | sub_ln1270_13 | sub | fabric | 0       |
|    r_V_98_fu_95718_p2                                             | -   |        | r_V_98        | add | fabric | 0       |
|    r_V_99_fu_95786_p2                                             | -   |        | r_V_99        | add | fabric | 0       |
|    r_V_100_fu_95844_p2                                            | -   |        | r_V_100       | sub | fabric | 0       |
|    r_V_101_fu_95860_p2                                            | -   |        | r_V_101       | add | fabric | 0       |
|    r_V_103_fu_95918_p2                                            | -   |        | r_V_103       | add | fabric | 0       |
|    r_V_104_fu_95976_p2                                            | -   |        | r_V_104       | add | fabric | 0       |
|    r_V_105_fu_96024_p2                                            | -   |        | r_V_105       | add | fabric | 0       |
|    r_V_106_fu_96040_p2                                            | -   |        | r_V_106       | sub | fabric | 0       |
|    r_V_107_fu_96088_p2                                            | -   |        | r_V_107       | sub | fabric | 0       |
|    r_V_108_fu_96104_p2                                            | -   |        | r_V_108       | sub | fabric | 0       |
|    r_V_109_fu_96130_p2                                            | -   |        | r_V_109       | add | fabric | 0       |
|    r_V_111_fu_96178_p2                                            | -   |        | r_V_111       | add | fabric | 0       |
|    r_V_113_fu_96226_p2                                            | -   |        | r_V_113       | add | fabric | 0       |
|    r_V_114_fu_96274_p2                                            | -   |        | r_V_114       | sub | fabric | 0       |
|    r_V_115_fu_96290_p2                                            | -   |        | r_V_115       | add | fabric | 0       |
|    r_V_116_fu_96342_p2                                            | -   |        | r_V_116       | sub | fabric | 0       |
|    r_V_117_fu_96390_p2                                            | -   |        | r_V_117       | sub | fabric | 0       |
|    r_V_118_fu_96442_p2                                            | -   |        | r_V_118       | sub | fabric | 0       |
|    r_V_119_fu_96458_p2                                            | -   |        | r_V_119       | add | fabric | 0       |
|    r_V_121_fu_96528_p2                                            | -   |        | r_V_121       | add | fabric | 0       |
|    r_V_125_fu_96630_p2                                            | -   |        | r_V_125       | sub | fabric | 0       |
|    r_V_124_fu_96636_p2                                            | -   |        | r_V_124       | sub | fabric | 0       |
|    r_V_126_fu_96662_p2                                            | -   |        | r_V_126       | add | fabric | 0       |
|    r_V_128_fu_96768_p2                                            | -   |        | r_V_128       | sub | fabric | 0       |
|    r_V_129_fu_96784_p2                                            | -   |        | r_V_129       | add | fabric | 0       |
|    r_V_131_fu_96854_p2                                            | -   |        | r_V_131       | add | fabric | 0       |
|    r_V_133_fu_96960_p2                                            | -   |        | r_V_133       | sub | fabric | 0       |
|    r_V_135_fu_97066_p2                                            | -   |        | r_V_135       | sub | fabric | 0       |
|    r_V_136_fu_97132_p2                                            | -   |        | r_V_136       | sub | fabric | 0       |
|    r_V_137_fu_97148_p2                                            | -   |        | r_V_137       | sub | fabric | 0       |
|    r_V_139_fu_97254_p2                                            | -   |        | r_V_139       | sub | fabric | 0       |
|    r_V_140_fu_97306_p2                                            | -   |        | r_V_140       | sub | fabric | 0       |
|    r_V_141_fu_97322_p2                                            | -   |        | r_V_141       | sub | fabric | 0       |
|    r_V_143_fu_97428_p2                                            | -   |        | r_V_143       | sub | fabric | 0       |
|    r_V_144_fu_97444_p2                                            | -   |        | r_V_144       | add | fabric | 0       |
|    r_V_145_fu_97496_p2                                            | -   |        | r_V_145       | sub | fabric | 0       |
|    r_V_146_fu_97544_p2                                            | -   |        | r_V_146       | sub | fabric | 0       |
|    r_V_147_fu_97578_p2                                            | -   |        | r_V_147       | add | fabric | 0       |
|    r_V_148_fu_97612_p2                                            | -   |        | r_V_148       | sub | fabric | 0       |
|    r_V_150_fu_97700_p2                                            | -   |        | r_V_150       | sub | fabric | 0       |
|    r_V_151_fu_97752_p2                                            | -   |        | r_V_151       | sub | fabric | 0       |
|    r_V_152_fu_97768_p2                                            | -   |        | r_V_152       | sub | fabric | 0       |
|    r_V_153_fu_97834_p2                                            | -   |        | r_V_153       | sub | fabric | 0       |
|    r_V_154_fu_97850_p2                                            | -   |        | r_V_154       | sub | fabric | 0       |
|    r_V_155_fu_97884_p2                                            | -   |        | r_V_155       | add | fabric | 0       |
|    r_V_156_fu_97950_p2                                            | -   |        | r_V_156       | sub | fabric | 0       |
|    r_V_157_fu_97966_p2                                            | -   |        | r_V_157       | sub | fabric | 0       |
|    r_V_159_fu_98054_p2                                            | -   |        | r_V_159       | sub | fabric | 0       |
|    r_V_160_fu_98088_p2                                            | -   |        | r_V_160       | sub | fabric | 0       |
|    r_V_161_fu_98164_p2                                            | -   |        | r_V_161       | sub | fabric | 0       |
|    r_V_163_fu_98256_p2                                            | -   |        | r_V_163       | sub | fabric | 0       |
|    r_V_164_fu_98272_p2                                            | -   |        | r_V_164       | sub | fabric | 0       |
|    r_V_166_fu_98320_p2                                            | -   |        | r_V_166       | sub | fabric | 0       |
|    r_V_167_fu_98372_p2                                            | -   |        | r_V_167       | sub | fabric | 0       |
|    r_V_168_fu_98388_p2                                            | -   |        | r_V_168       | sub | fabric | 0       |
|    r_V_169_fu_98436_p2                                            | -   |        | r_V_169       | sub | fabric | 0       |
|    r_V_170_fu_98470_p2                                            | -   |        | r_V_170       | sub | fabric | 0       |
|    r_V_171_fu_98486_p2                                            | -   |        | r_V_171       | sub | fabric | 0       |
|    r_V_172_fu_98552_p2                                            | -   |        | r_V_172       | sub | fabric | 0       |
|    r_V_173_fu_98578_p2                                            | -   |        | r_V_173       | sub | fabric | 0       |
|    r_V_174_fu_98630_p2                                            | -   |        | r_V_174       | sub | fabric | 0       |
|    r_V_175_fu_98646_p2                                            | -   |        | r_V_175       | sub | fabric | 0       |
|    r_V_176_fu_98712_p2                                            | -   |        | r_V_176       | sub | fabric | 0       |
|    r_V_177_fu_98728_p2                                            | -   |        | r_V_177       | sub | fabric | 0       |
|    r_V_178_fu_98744_p2                                            | -   |        | r_V_178       | sub | fabric | 0       |
|    r_V_179_fu_98796_p2                                            | -   |        | r_V_179       | sub | fabric | 0       |
|    r_V_180_fu_98812_p2                                            | -   |        | r_V_180       | sub | fabric | 0       |
|    r_V_181_fu_98878_p2                                            | -   |        | r_V_181       | sub | fabric | 0       |
|    r_V_182_fu_98894_p2                                            | -   |        | r_V_182       | sub | fabric | 0       |
|    r_V_183_fu_98910_p2                                            | -   |        | r_V_183       | sub | fabric | 0       |
|    r_V_185_fu_98958_p2                                            | -   |        | r_V_185       | sub | fabric | 0       |
|    r_V_186_fu_99020_p2                                            | -   |        | r_V_186       | sub | fabric | 0       |
|    r_V_187_fu_99036_p2                                            | -   |        | r_V_187       | sub | fabric | 0       |
|    r_V_188_fu_99084_p2                                            | -   |        | r_V_188       | sub | fabric | 0       |
|    r_V_189_fu_99118_p2                                            | -   |        | r_V_189       | sub | fabric | 0       |
|    r_V_191_fu_99166_p2                                            | -   |        | r_V_191       | sub | fabric | 0       |
|    r_V_192_fu_99232_p2                                            | -   |        | r_V_192       | sub | fabric | 0       |
|    sub_ln1270_14_fu_99258_p2                                      | -   |        | sub_ln1270_14 | sub | fabric | 0       |
|    r_V_193_fu_99274_p2                                            | -   |        | r_V_193       | sub | fabric | 0       |
|    sub_ln1270_15_fu_99322_p2                                      | -   |        | sub_ln1270_15 | sub | fabric | 0       |
|    r_V_194_fu_99338_p2                                            | -   |        | r_V_194       | sub | fabric | 0       |
|    r_V_195_fu_99400_p2                                            | -   |        | r_V_195       | sub | fabric | 0       |
|    r_V_196_fu_99458_p2                                            | -   |        | r_V_196       | sub | fabric | 0       |
|    r_V_197_fu_99492_p2                                            | -   |        | r_V_197       | sub | fabric | 0       |
|    r_V_199_fu_99550_p2                                            | -   |        | r_V_199       | sub | fabric | 0       |
|    r_V_200_fu_99626_p2                                            | -   |        | r_V_200       | sub | fabric | 0       |
|    r_V_201_fu_99642_p2                                            | -   |        | r_V_201       | sub | fabric | 0       |
|    sub_ln1270_16_fu_99690_p2                                      | -   |        | sub_ln1270_16 | sub | fabric | 0       |
|    r_V_202_fu_99706_p2                                            | -   |        | r_V_202       | sub | fabric | 0       |
|    r_V_203_fu_99754_p2                                            | -   |        | r_V_203       | sub | fabric | 0       |
|    r_V_204_fu_99788_p2                                            | -   |        | r_V_204       | sub | fabric | 0       |
|    r_V_205_fu_99854_p2                                            | -   |        | r_V_205       | sub | fabric | 0       |
|    r_V_206_fu_99870_p2                                            | -   |        | r_V_206       | sub | fabric | 0       |
|    r_V_207_fu_99918_p2                                            | -   |        | r_V_207       | sub | fabric | 0       |
|    r_V_208_fu_99952_p2                                            | -   |        | r_V_208       | sub | fabric | 0       |
|    r_V_209_fu_100018_p2                                           | -   |        | r_V_209       | sub | fabric | 0       |
|    r_V_210_fu_100034_p2                                           | -   |        | r_V_210       | sub | fabric | 0       |
|    sub_ln1270_17_fu_100082_p2                                     | -   |        | sub_ln1270_17 | sub | fabric | 0       |
|    r_V_211_fu_100098_p2                                           | -   |        | r_V_211       | sub | fabric | 0       |
|    sub_ln1270_18_fu_100146_p2                                     | -   |        | sub_ln1270_18 | sub | fabric | 0       |
|    r_V_212_fu_100162_p2                                           | -   |        | r_V_212       | sub | fabric | 0       |
|    r_V_213_fu_100220_p2                                           | -   |        | r_V_213       | sub | fabric | 0       |
|    sub_ln1270_19_fu_100236_p2                                     | -   |        | sub_ln1270_19 | sub | fabric | 0       |
|    sub_ln1270_20_fu_100294_p2                                     | -   |        | sub_ln1270_20 | sub | fabric | 0       |
|    r_V_214_fu_100310_p2                                           | -   |        | r_V_214       | sub | fabric | 0       |
|    r_V_215_fu_100362_p2                                           | -   |        | r_V_215       | sub | fabric | 0       |
|    r_V_217_fu_100430_p2                                           | -   |        | r_V_217       | sub | fabric | 0       |
|    sub_ln1270_21_fu_100478_p2                                     | -   |        | sub_ln1270_21 | sub | fabric | 0       |
|    r_V_218_fu_100512_p2                                           | -   |        | r_V_218       | sub | fabric | 0       |
|    r_V_219_fu_100588_p2                                           | -   |        | r_V_219       | sub | fabric | 0       |
|    sub_ln1270_22_fu_100604_p2                                     | -   |        | sub_ln1270_22 | sub | fabric | 0       |
|    r_V_220_fu_100680_p2                                           | -   |        | r_V_220       | sub | fabric | 0       |
|    sub_ln1270_23_fu_100696_p2                                     | -   |        | sub_ln1270_23 | sub | fabric | 0       |
|    sub_ln1270_24_fu_100764_p2                                     | -   |        | sub_ln1270_24 | sub | fabric | 0       |
|    r_V_221_fu_100780_p2                                           | -   |        | r_V_221       | sub | fabric | 0       |
|    sub_ln1270_25_fu_100828_p2                                     | -   |        | sub_ln1270_25 | sub | fabric | 0       |
|    r_V_222_fu_100886_p2                                           | -   |        | r_V_222       | sub | fabric | 0       |
|    sub_ln1270_26_fu_100954_p2                                     | -   |        | sub_ln1270_26 | sub | fabric | 0       |
|    r_V_223_fu_101012_p2                                           | -   |        | r_V_223       | sub | fabric | 0       |
|    sub_ln1270_27_fu_101070_p2                                     | -   |        | sub_ln1270_27 | sub | fabric | 0       |
|    sub_ln1270_28_fu_101118_p2                                     | -   |        | sub_ln1270_28 | sub | fabric | 0       |
|    r_V_224_fu_101194_p2                                           | -   |        | r_V_224       | sub | fabric | 0       |
|    r_V_225_fu_101210_p2                                           | -   |        | r_V_225       | sub | fabric | 0       |
|    sub_ln1270_29_fu_101268_p2                                     | -   |        | sub_ln1270_29 | sub | fabric | 0       |
|    r_V_226_fu_101284_p2                                           | -   |        | r_V_226       | sub | fabric | 0       |
|    r_V_228_fu_101332_p2                                           | -   |        | r_V_228       | sub | fabric | 0       |
|    r_V_229_fu_101390_p2                                           | -   |        | r_V_229       | sub | fabric | 0       |
|    r_V_230_fu_101406_p2                                           | -   |        | r_V_230       | add | fabric | 0       |
|    r_V_231_fu_101464_p2                                           | -   |        | r_V_231       | sub | fabric | 0       |
|    sub_ln1270_30_fu_101512_p2                                     | -   |        | sub_ln1270_30 | sub | fabric | 0       |
|    r_V_232_fu_101538_p2                                           | -   |        | r_V_232       | add | fabric | 0       |
|    add_ln813_fu_101554_p2                                         | -   |        | add_ln813     | add | fabric | 0       |
|    add_ln813_13_fu_102712_p2                                      | -   |        | add_ln813_13  | add | fabric | 0       |
|    add_ln813_15_fu_101566_p2                                      | -   |        | add_ln813_15  | add | fabric | 0       |
|    add_ln813_22_fu_101578_p2                                      | -   |        | add_ln813_22  | add | fabric | 0       |
|    add_ln813_33_fu_101602_p2                                      | -   |        | add_ln813_33  | add | fabric | 0       |
|    add_ln813_40_fu_101626_p2                                      | -   |        | add_ln813_40  | add | fabric | 0       |
|    add_ln813_51_fu_101656_p2                                      | -   |        | add_ln813_51  | add | fabric | 0       |
|    add_ln813_52_fu_101662_p2                                      | -   |        | add_ln813_52  | add | fabric | 0       |
|    add_ln813_59_fu_101680_p2                                      | -   |        | add_ln813_59  | add | fabric | 0       |
|    add_ln813_70_fu_101716_p2                                      | -   |        | add_ln813_70  | add | fabric | 0       |
|    add_ln813_77_fu_101740_p2                                      | -   |        | add_ln813_77  | add | fabric | 0       |
|    add_ln813_98_fu_101770_p2                                      | -   |        | add_ln813_98  | add | fabric | 0       |
|    add_ln813_102_fu_102907_p2                                     | -   |        | add_ln813_102 | add | fabric | 0       |
|    add_ln813_118_fu_101800_p2                                     | -   |        | add_ln813_118 | add | fabric | 0       |
|    add_ln813_122_fu_101818_p2                                     | -   |        | add_ln813_122 | add | fabric | 0       |
|    add_ln813_130_fu_101848_p2                                     | -   |        | add_ln813_130 | add | fabric | 0       |
|    add_ln813_139_fu_101878_p2                                     | -   |        | add_ln813_139 | add | fabric | 0       |
|    add_ln813_143_fu_101896_p2                                     | -   |        | add_ln813_143 | add | fabric | 0       |
|    add_ln813_155_fu_101926_p2                                     | -   |        | add_ln813_155 | add | fabric | 0       |
|    add_ln813_156_fu_101932_p2                                     | -   |        | add_ln813_156 | add | fabric | 0       |
|    add_ln813_159_fu_101938_p2                                     | -   |        | add_ln813_159 | add | fabric | 0       |
|    add_ln813_163_fu_101956_p2                                     | -   |        | add_ln813_163 | add | fabric | 0       |
|    add_ln813_173_fu_101992_p2                                     | -   |        | add_ln813_173 | add | fabric | 0       |
|    add_ln813_180_fu_102004_p2                                     | -   |        | add_ln813_180 | add | fabric | 0       |
|    add_ln813_181_fu_102010_p2                                     | -   |        | add_ln813_181 | add | fabric | 0       |
|    add_ln813_190_fu_102016_p2                                     | -   |        | add_ln813_190 | add | fabric | 0       |
|    add_ln813_197_fu_102034_p2                                     | -   |        | add_ln813_197 | add | fabric | 0       |
|    add_ln813_198_fu_102040_p2                                     | -   |        | add_ln813_198 | add | fabric | 0       |
|    add_ln813_207_fu_102058_p2                                     | -   |        | add_ln813_207 | add | fabric | 0       |
|    add_ln813_208_fu_102064_p2                                     | -   |        | add_ln813_208 | add | fabric | 0       |
|    add_ln813_215_fu_102082_p2                                     | -   |        | add_ln813_215 | add | fabric | 0       |
|    add_ln813_216_fu_102088_p2                                     | -   |        | add_ln813_216 | add | fabric | 0       |
|    add_ln813_225_fu_102112_p2                                     | -   |        | add_ln813_225 | add | fabric | 0       |
|    add_ln813_232_fu_102136_p2                                     | -   |        | add_ln813_232 | add | fabric | 0       |
|    add_ln813_233_fu_102142_p2                                     | -   |        | add_ln813_233 | add | fabric | 0       |
|    add_ln813_252_fu_102172_p2                                     | -   |        | add_ln813_252 | add | fabric | 0       |
|    add_ln813_256_fu_103236_p2                                     | -   |        | add_ln813_256 | add | fabric | 0       |
|    add_ln813_272_fu_102202_p2                                     | -   |        | add_ln813_272 | add | fabric | 0       |
|    add_ln813_276_fu_102220_p2                                     | -   |        | add_ln813_276 | add | fabric | 0       |
|    add_ln813_284_fu_102238_p2                                     | -   |        | add_ln813_284 | add | fabric | 0       |
|    add_ln813_293_fu_102268_p2                                     | -   |        | add_ln813_293 | add | fabric | 0       |
|    add_ln813_297_fu_102286_p2                                     | -   |        | add_ln813_297 | add | fabric | 0       |
|    add_ln813_313_fu_102328_p2                                     | -   |        | add_ln813_313 | add | fabric | 0       |
|    add_ln813_317_fu_102346_p2                                     | -   |        | add_ln813_317 | add | fabric | 0       |
|    add_ln813_327_fu_103378_p2                                     | -   |        | add_ln813_327 | add | fabric | 0       |
|    add_ln813_334_fu_102376_p2                                     | -   |        | add_ln813_334 | add | fabric | 0       |
|    add_ln813_343_fu_102382_p2                                     | -   |        | add_ln813_343 | add | fabric | 0       |
|    add_ln813_350_fu_102400_p2                                     | -   |        | add_ln813_350 | add | fabric | 0       |
|    add_ln813_351_fu_102406_p2                                     | -   |        | add_ln813_351 | add | fabric | 0       |
|    add_ln813_360_fu_102424_p2                                     | -   |        | add_ln813_360 | add | fabric | 0       |
|    add_ln813_361_fu_102430_p2                                     | -   |        | add_ln813_361 | add | fabric | 0       |
|    add_ln813_368_fu_102448_p2                                     | -   |        | add_ln813_368 | add | fabric | 0       |
|    add_ln813_369_fu_102454_p2                                     | -   |        | add_ln813_369 | add | fabric | 0       |
|    add_ln813_372_fu_102460_p2                                     | -   |        | add_ln813_372 | add | fabric | 0       |
|    add_ln813_377_fu_102472_p2                                     | -   |        | add_ln813_377 | add | fabric | 0       |
|    add_ln813_384_fu_102496_p2                                     | -   |        | add_ln813_384 | add | fabric | 0       |
|    add_ln813_385_fu_102502_p2                                     | -   |        | add_ln813_385 | add | fabric | 0       |
|    add_ln813_404_fu_102520_p2                                     | -   |        | add_ln813_404 | add | fabric | 0       |
|    add_ln813_405_fu_103568_p2                                     | -   |        | add_ln813_405 | add | fabric | 0       |
|    add_ln813_407_fu_103572_p2                                     | -   |        | add_ln813_407 | add | fabric | 0       |
|    add_ln813_409_fu_103581_p2                                     | -   |        | add_ln813_409 | add | fabric | 0       |
|    add_ln813_422_fu_102550_p2                                     | -   |        | add_ln813_422 | add | fabric | 0       |
|    add_ln813_426_fu_102568_p2                                     | -   |        | add_ln813_426 | add | fabric | 0       |
|    add_ln813_428_fu_102580_p2                                     | -   |        | add_ln813_428 | add | fabric | 0       |
|    add_ln813_433_fu_102592_p2                                     | -   |        | add_ln813_433 | add | fabric | 0       |
|    add_ln813_442_fu_102622_p2                                     | -   |        | add_ln813_442 | add | fabric | 0       |
|    add_ln813_446_fu_102640_p2                                     | -   |        | add_ln813_446 | add | fabric | 0       |
|    add_ln813_457_fu_103678_p2                                     | -   |        | add_ln813_457 | add | fabric | 0       |
|    add_ln813_459_fu_102670_p2                                     | -   |        | add_ln813_459 | add | fabric | 0       |
|    add_ln813_462_fu_102676_p2                                     | -   |        | add_ln813_462 | add | fabric | 0       |
|    add_ln813_466_fu_102694_p2                                     | -   |        | add_ln813_466 | add | fabric | 0       |
|  + dense_latency_ap_fixed_8_4_5_3_0_ap_fixed_8_4_5_3_0_config5_s  | 0   |        |               |     |        |         |
|    mul_8s_6s_11_1_0_U53                                           | -   |        | mul_ln1270    | mul | auto   | 0       |
|    r_V_fu_491_p2                                                  | -   |        | r_V           | add | fabric | 0       |
|    r_V_3_fu_518_p2                                                | -   |        | r_V_3         | add | fabric | 0       |
|    mul_8s_6s_11_1_0_U55                                           | -   |        | mul_ln1270_1  | mul | auto   | 0       |
|    mul_8s_7ns_11_1_0_U54                                          | -   |        | mul_ln1270_2  | mul | auto   | 0       |
|    r_V_4_fu_335_p2                                                | -   |        | r_V_4         | add | fabric | 0       |
|    r_V_5_fu_375_p2                                                | -   |        | r_V_5         | sub | fabric | 0       |
|    r_V_6_fu_415_p2                                                | -   |        | r_V_6         | add | fabric | 0       |
|    add_ln813_11_fu_461_p2                                         | -   |        | add_ln813_11  | add | fabric | 0       |
|  + dense_latency_ap_fixed_8_4_5_3_0_ap_fixed_8_4_5_3_0_config8_s  | 0   |        |               |     |        |         |
|    r_V_fu_169_p2                                                  | -   |        | r_V           | sub | fabric | 0       |
|    r_V_1_fu_196_p2                                                | -   |        | r_V_1         | sub | fabric | 0       |
|    r_V_2_fu_120_p2                                                | -   |        | r_V_2         | sub | fabric | 0       |
|    mul_8s_6ns_11_1_0_U64                                          | -   |        | mul_ln1270    | mul | auto   | 0       |
|    add_ln813_1_fu_217_p2                                          | -   |        | add_ln813_1   | add | fabric | 0       |
|  + dense_latency_ap_fixed_8_4_5_3_0_ap_fixed_8_4_5_3_0_config11_s | 0   |        |               |     |        |         |
|    mul_8s_6ns_11_1_0_U69                                          | -   |        | mul_ln1270    | mul | auto   | 0       |
|    mul_8s_6s_11_1_0_U70                                           | -   |        | mul_ln1270_4  | mul | auto   | 0       |
|    add_ln813_fu_133_p2                                            | -   |        | add_ln813     | add | fabric | 0       |
|  + dense_latency_ap_fixed_8_4_5_3_0_ap_fixed_8_4_5_3_0_config14_s | 0   |        |               |     |        |         |
|    r_V_fu_72_p2                                                   | -   |        | r_V           | sub | fabric | 0       |
|    r_V_7_fu_112_p2                                                | -   |        | r_V_7         | sub | fabric | 0       |
|    add_ln813_fu_142_p2                                            | -   |        | add_ln813     | add | fabric | 0       |
|  + dense_latency_ap_fixed_8_4_5_3_0_ap_fixed_8_4_5_3_0_config17_s | 2   |        |               |     |        |         |
|    mul_8s_12s_17_1_1_U76                                          | 1   |        | mul_ln1270    | mul | auto   | 0       |
|    mul_8s_11s_17_1_1_U75                                          | 1   |        | mul_ln1270_3  | mul | auto   | 0       |
|    ap_return                                                      | -   |        | add_ln813     | add | fabric | 0       |
+-------------------------------------------------------------------+-----+--------+---------------+-----+--------+---------+


================================================================
== Bind Storage Report
================================================================
+---------------------------------------------------------------------+------+------+--------+---------------+---------+------+---------+
| Name                                                                | BRAM | URAM | Pragma | Variable      | Storage | Impl | Latency |
+---------------------------------------------------------------------+------+------+--------+---------------+---------+------+---------+
| + GN_inference                                                      | 1    | 0    |        |               |         |      |         |
|  + sigmoid_ap_fixed_8_4_5_3_0_ap_fixed_8_4_5_3_0_sigmoid_config19_s | 1    | 0    |        |               |         |      |         |
|    sigmoid_table_U                                                  | 1    | -    |        | sigmoid_table | rom_1p  | auto | 1       |
+---------------------------------------------------------------------+------+------+--------+---------------+---------+------+---------+


================================================================
== Pragma Report
================================================================
* Pragmas with Warnings
+-----------+-----------------------------------+-----------------------------------------------------------------------------------------+----------------------------------------------------------------------------------------------------------------------------------------------------------------------------------------------------------------------------------------------------------------+
| Type      | Options                           | Location                                                                                | Messages                                                                                                                                                                                                                                                       |
+-----------+-----------------------------------+-----------------------------------------------------------------------------------------+----------------------------------------------------------------------------------------------------------------------------------------------------------------------------------------------------------------------------------------------------------------+
| interface | ap_vld port = return              | firmware/myproject.cpp:12 in gn_inference                                               | Unable to apply INTERFACE pragma options on a pass by value struct member field. Consider changing the signature of the struct to a pass by reference or as a pointer. In function 'GN_inference(hls::stream<hls::axis<ap_int<32>, 2ul, 5ul, 6ul>, 0>&, int*)' |
| resource  | variable=weights core=ROM_nP_BRAM | firmware/nnet_utils/nnet_dense_resource.h:33 in dense_resource_rf_leq_nin, weights      | 'Resource pragma' is deprecated, use 'bind_op/bind_storage pragma' instead                                                                                                                                                                                     |
| resource  | variable=weights core=ROM_nP_BRAM | firmware/nnet_utils/nnet_dense_resource.h:107 in dense_resource_rf_gt_nin_rem0, weights | 'Resource pragma' is deprecated, use 'bind_op/bind_storage pragma' instead                                                                                                                                                                                     |
| resource  | variable=weights core=ROM_nP_BRAM | firmware/nnet_utils/nnet_dense_resource.h:189 in dense_resource_rf_gt_nin, weights      | 'Resource pragma' is deprecated, use 'bind_op/bind_storage pragma' instead                                                                                                                                                                                     |
+-----------+-----------------------------------+-----------------------------------------------------------------------------------------+----------------------------------------------------------------------------------------------------------------------------------------------------------------------------------------------------------------------------------------------------------------+

* Valid Pragma Syntax
+----------------------+-----------------------------------------------------------------------+------------------------------------------------------------------------------------------------+
| Type                 | Options                                                               | Location                                                                                       |
+----------------------+-----------------------------------------------------------------------+------------------------------------------------------------------------------------------------+
| interface            | mode = ap_ctrl_hs port = return                                       | firmware/myproject.cpp:10 in gn_inference                                                      |
| interface            | axis register both port = input                                       | firmware/myproject.cpp:11 in gn_inference                                                      |
| pipeline             |                                                                       | firmware/myproject.cpp:13 in gn_inference                                                      |
| array_reshape        | variable = inputLayer complete dim = 0                                | firmware/myproject.cpp:41 in gn_inference                                                      |
| array_partition      | variable = layer19_out complete dim = 0                               | firmware/myproject.cpp:42 in gn_inference                                                      |
| pipeline             |                                                                       | firmware/myproject.cpp:46 in gn_inference                                                      |
| array_partition      | variable = layer2_out complete dim = 0                                | firmware/myproject.cpp:59 in gn_inference                                                      |
| array_partition      | variable = layer5_out complete dim = 0                                | firmware/myproject.cpp:63 in gn_inference                                                      |
| array_partition      | variable = layer8_out complete dim = 0                                | firmware/myproject.cpp:67 in gn_inference                                                      |
| array_partition      | variable = layer11_out complete dim = 0                               | firmware/myproject.cpp:71 in gn_inference                                                      |
| array_partition      | variable = layer14_out complete dim = 0                               | firmware/myproject.cpp:75 in gn_inference                                                      |
| array_partition      | variable = layer17_out complete dim = 0                               | firmware/myproject.cpp:79 in gn_inference                                                      |
| pipeline             |                                                                       | firmware/nnet_utils/nnet_activation.h:29 in linear                                             |
| pipeline             |                                                                       | firmware/nnet_utils/nnet_activation.h:40 in relu                                               |
| pipeline             |                                                                       | firmware/nnet_utils/nnet_activation.h:54 in relu_max                                           |
| pipeline             |                                                                       | firmware/nnet_utils/nnet_activation.h:109 in sigmoid                                           |
| pipeline             |                                                                       | firmware/nnet_utils/nnet_activation.h:171 in softmax_latency                                   |
| array_partition      | variable=exp_res complete                                             | firmware/nnet_utils/nnet_activation.h:193 in softmax_latency, exp_res                          |
| unroll               |                                                                       | firmware/nnet_utils/nnet_activation.h:196 in softmax_latency                                   |
| unroll               |                                                                       | firmware/nnet_utils/nnet_activation.h:210 in softmax_latency                                   |
| pipeline             |                                                                       | firmware/nnet_utils/nnet_activation.h:217 in softmax_stable                                    |
| unroll               |                                                                       | firmware/nnet_utils/nnet_activation.h:244 in softmax_stable                                    |
| array_partition      | variable=exp_res complete                                             | firmware/nnet_utils/nnet_activation.h:250 in softmax_stable, exp_res                           |
| unroll               |                                                                       | firmware/nnet_utils/nnet_activation.h:253 in softmax_stable                                    |
| unroll               |                                                                       | firmware/nnet_utils/nnet_activation.h:267 in softmax_stable                                    |
| pipeline             |                                                                       | firmware/nnet_utils/nnet_activation.h:315 in softmax_legacy                                    |
| unroll               |                                                                       | firmware/nnet_utils/nnet_activation.h:360 in softmax_argmax                                    |
| pipeline             |                                                                       | firmware/nnet_utils/nnet_activation.h:368 in softmax_argmax                                    |
| inline               |                                                                       | firmware/nnet_utils/nnet_activation.h:380 in softmax                                           |
| pipeline             |                                                                       | firmware/nnet_utils/nnet_activation.h:427 in tanh                                              |
| function_instantiate | variable=table                                                        | firmware/nnet_utils/nnet_activation.h:456 in unary_lut, table                                  |
| array_partition      | variable=table                                                        | firmware/nnet_utils/nnet_activation.h:457 in unary_lut, table                                  |
| unroll               |                                                                       | firmware/nnet_utils/nnet_activation.h:460 in unary_lut                                         |
| pipeline             |                                                                       | firmware/nnet_utils/nnet_activation.h:471 in hard_sigmoid                                      |
| pipeline             |                                                                       | firmware/nnet_utils/nnet_activation.h:486 in hard_tanh                                         |
| pipeline             |                                                                       | firmware/nnet_utils/nnet_activation.h:504 in leaky_relu                                        |
| pipeline             |                                                                       | firmware/nnet_utils/nnet_activation.h:521 in thresholded_relu                                  |
| pipeline             |                                                                       | firmware/nnet_utils/nnet_activation.h:566 in softplus                                          |
| pipeline             |                                                                       | firmware/nnet_utils/nnet_activation.h:615 in softsign                                          |
| pipeline             |                                                                       | firmware/nnet_utils/nnet_activation.h:664 in elu                                               |
| pipeline             |                                                                       | firmware/nnet_utils/nnet_activation.h:720 in selu                                              |
| pipeline             |                                                                       | firmware/nnet_utils/nnet_activation.h:743 in prelu                                             |
| pipeline             |                                                                       | firmware/nnet_utils/nnet_activation.h:760 in binary_tanh                                       |
| pipeline             |                                                                       | firmware/nnet_utils/nnet_activation.h:780 in ternary_tanh                                      |
| pipeline             |                                                                       | firmware/nnet_utils/nnet_activation_stream.h:20 in linear                                      |
| unroll               |                                                                       | firmware/nnet_utils/nnet_activation_stream.h:28 in linear                                      |
| pipeline             |                                                                       | firmware/nnet_utils/nnet_activation_stream.h:42 in relu                                        |
| unroll               |                                                                       | firmware/nnet_utils/nnet_activation_stream.h:50 in relu                                        |
| pipeline             |                                                                       | firmware/nnet_utils/nnet_activation_stream.h:81 in sigmoid                                     |
| unroll               |                                                                       | firmware/nnet_utils/nnet_activation_stream.h:89 in sigmoid                                     |
| array_partition      | variable=exp_res complete                                             | firmware/nnet_utils/nnet_activation_stream.h:133 in softmax_latency, exp_res                   |
| pipeline             | II=ii                                                                 | firmware/nnet_utils/nnet_activation_stream.h:137 in softmax_latency                            |
| unroll               |                                                                       | firmware/nnet_utils/nnet_activation_stream.h:142 in softmax_latency                            |
| unroll               |                                                                       | firmware/nnet_utils/nnet_activation_stream.h:161 in softmax_latency                            |
| allocation           | operation instances=mul limit=multiplier_limit                        | firmware/nnet_utils/nnet_activation_stream.h:162 in softmax_latency                            |
| array_partition      | variable=data_array complete                                          | firmware/nnet_utils/nnet_activation_stream.h:194 in softmax_stable, data_array                 |
| pipeline             | II=ii                                                                 | firmware/nnet_utils/nnet_activation_stream.h:197 in softmax_stable                             |
| unroll               |                                                                       | firmware/nnet_utils/nnet_activation_stream.h:202 in softmax_stable                             |
| unroll               |                                                                       | firmware/nnet_utils/nnet_activation_stream.h:214 in softmax_stable                             |
| array_partition      | variable=exp_res complete                                             | firmware/nnet_utils/nnet_activation_stream.h:220 in softmax_stable, exp_res                    |
| unroll               |                                                                       | firmware/nnet_utils/nnet_activation_stream.h:223 in softmax_stable                             |
| unroll               |                                                                       | firmware/nnet_utils/nnet_activation_stream.h:242 in softmax_stable                             |
| allocation           | operation instances=mul limit=multiplier_limit                        | firmware/nnet_utils/nnet_activation_stream.h:243 in softmax_stable                             |
| pipeline             |                                                                       | firmware/nnet_utils/nnet_activation_stream.h:275 in softmax_legacy                             |
| unroll               |                                                                       | firmware/nnet_utils/nnet_activation_stream.h:279 in softmax_legacy                             |
| unroll               |                                                                       | firmware/nnet_utils/nnet_activation_stream.h:286 in softmax_legacy                             |
| unroll               |                                                                       | firmware/nnet_utils/nnet_activation_stream.h:289 in softmax_legacy                             |
| unroll               |                                                                       | firmware/nnet_utils/nnet_activation_stream.h:312 in softmax_legacy                             |
| pipeline             |                                                                       | firmware/nnet_utils/nnet_activation_stream.h:329 in softmax_argmax                             |
| unroll               |                                                                       | firmware/nnet_utils/nnet_activation_stream.h:334 in softmax_argmax                             |
| pipeline             |                                                                       | firmware/nnet_utils/nnet_activation_stream.h:342 in softmax_argmax                             |
| pipeline             |                                                                       | firmware/nnet_utils/nnet_activation_stream.h:393 in tanh                                       |
| unroll               |                                                                       | firmware/nnet_utils/nnet_activation_stream.h:401 in tanh                                       |
| function_instantiate | variable=table                                                        | firmware/nnet_utils/nnet_activation_stream.h:421 in unary_lut, table                           |
| array_partition      | variable=table complete                                               | firmware/nnet_utils/nnet_activation_stream.h:422 in unary_lut, table                           |
| pipeline             | II=CONFIG_T::reuse_factor rewind                                      | firmware/nnet_utils/nnet_activation_stream.h:426 in unary_lut                                  |
| unroll               |                                                                       | firmware/nnet_utils/nnet_activation_stream.h:434 in unary_lut                                  |
| pipeline             |                                                                       | firmware/nnet_utils/nnet_activation_stream.h:452 in hard_sigmoid                               |
| unroll               |                                                                       | firmware/nnet_utils/nnet_activation_stream.h:460 in hard_sigmoid                               |
| pipeline             |                                                                       | firmware/nnet_utils/nnet_activation_stream.h:477 in hard_tanh                                  |
| unroll               |                                                                       | firmware/nnet_utils/nnet_activation_stream.h:485 in hard_tanh                                  |
| pipeline             |                                                                       | firmware/nnet_utils/nnet_activation_stream.h:506 in leaky_relu                                 |
| unroll               |                                                                       | firmware/nnet_utils/nnet_activation_stream.h:514 in leaky_relu                                 |
| pipeline             |                                                                       | firmware/nnet_utils/nnet_activation_stream.h:532 in thresholded_relu                           |
| unroll               |                                                                       | firmware/nnet_utils/nnet_activation_stream.h:540 in thresholded_relu                           |
| pipeline             |                                                                       | firmware/nnet_utils/nnet_activation_stream.h:571 in softplus                                   |
| unroll               |                                                                       | firmware/nnet_utils/nnet_activation_stream.h:579 in softplus                                   |
| pipeline             |                                                                       | firmware/nnet_utils/nnet_activation_stream.h:612 in softsign                                   |
| unroll               |                                                                       | firmware/nnet_utils/nnet_activation_stream.h:620 in softsign                                   |
| pipeline             |                                                                       | firmware/nnet_utils/nnet_activation_stream.h:653 in elu                                        |
| unroll               |                                                                       | firmware/nnet_utils/nnet_activation_stream.h:661 in elu                                        |
| pipeline             |                                                                       | firmware/nnet_utils/nnet_activation_stream.h:701 in selu                                       |
| unroll               |                                                                       | firmware/nnet_utils/nnet_activation_stream.h:709 in selu                                       |
| pipeline             |                                                                       | firmware/nnet_utils/nnet_activation_stream.h:733 in prelu                                      |
| unroll               |                                                                       | firmware/nnet_utils/nnet_activation_stream.h:741 in prelu                                      |
| pipeline             |                                                                       | firmware/nnet_utils/nnet_activation_stream.h:758 in binary_tanh                                |
| unroll               |                                                                       | firmware/nnet_utils/nnet_activation_stream.h:766 in binary_tanh                                |
| pipeline             |                                                                       | firmware/nnet_utils/nnet_activation_stream.h:783 in ternary_tanh                               |
| unroll               |                                                                       | firmware/nnet_utils/nnet_activation_stream.h:791 in ternary_tanh                               |
| array_partition      | variable=data_buf complete dim=0                                      | firmware/nnet_utils/nnet_conv1d_latency.h:19 in conv_1d_latency_cl, data_buf                   |
| array_partition      | variable=mult complete                                                | firmware/nnet_utils/nnet_conv1d_latency.h:22 in conv_1d_latency_cl, mult                       |
| array_partition      | variable=acc complete                                                 | firmware/nnet_utils/nnet_conv1d_latency.h:25 in conv_1d_latency_cl, acc                        |
| array_partition      | variable=weights complete                                             | firmware/nnet_utils/nnet_conv1d_latency.h:27 in conv_1d_latency_cl, weights                    |
| array_partition      | variable=biases complete                                              | firmware/nnet_utils/nnet_conv1d_latency.h:28 in conv_1d_latency_cl, biases                     |
| allocation           | operation instances=mul limit=CONFIG_T::mult_config::multiplier_limit | firmware/nnet_utils/nnet_conv1d_latency.h:31 in conv_1d_latency_cl                             |
| pipeline             | II=CONFIG_T::reuse_factor rewind                                      | firmware/nnet_utils/nnet_conv1d_latency.h:35 in conv_1d_latency_cl                             |
| unroll               |                                                                       | firmware/nnet_utils/nnet_conv1d_latency.h:41 in conv_1d_latency_cl                             |
| unroll               |                                                                       | firmware/nnet_utils/nnet_conv1d_latency.h:48 in conv_1d_latency_cl                             |
| unroll               |                                                                       | firmware/nnet_utils/nnet_conv1d_latency.h:52 in conv_1d_latency_cl                             |
| unroll               |                                                                       | firmware/nnet_utils/nnet_conv1d_latency.h:62 in conv_1d_latency_cl                             |
| unroll               |                                                                       | firmware/nnet_utils/nnet_conv1d_latency.h:69 in conv_1d_latency_cl                             |
| unroll               |                                                                       | firmware/nnet_utils/nnet_conv1d_latency.h:72 in conv_1d_latency_cl                             |
| unroll               |                                                                       | firmware/nnet_utils/nnet_conv1d_latency.h:80 in conv_1d_latency_cl                             |
| array_partition      | variable=mult complete dim=0                                          | firmware/nnet_utils/nnet_conv1d_latency.h:98 in pointwise_conv_1d_latency_cl, mult             |
| array_partition      | variable=acc complete dim=0                                           | firmware/nnet_utils/nnet_conv1d_latency.h:99 in pointwise_conv_1d_latency_cl, acc              |
| function_instantiate | variable=weights,biases                                               | firmware/nnet_utils/nnet_conv1d_latency.h:102 in pointwise_conv_1d_latency_cl, weights,biases  |
| pipeline             | II=CONFIG_T::reuse_factor                                             | firmware/nnet_utils/nnet_conv1d_latency.h:105 in pointwise_conv_1d_latency_cl                  |
| array_partition      | variable=weights complete dim=0                                       | firmware/nnet_utils/nnet_conv1d_latency.h:106 in pointwise_conv_1d_latency_cl, weights         |
| array_partition      | variable=biases complete dim=0                                        | firmware/nnet_utils/nnet_conv1d_latency.h:107 in pointwise_conv_1d_latency_cl, biases          |
| allocation           | operation instances=mul limit=CONFIG_T::mult_config::multiplier_limit | firmware/nnet_utils/nnet_conv1d_latency.h:110 in pointwise_conv_1d_latency_cl                  |
| unroll               |                                                                       | firmware/nnet_utils/nnet_conv1d_latency.h:119 in pointwise_conv_1d_latency_cl                  |
| unroll               |                                                                       | firmware/nnet_utils/nnet_conv1d_latency.h:138 in pointwise_conv_1d_latency_cl                  |
| unroll               |                                                                       | firmware/nnet_utils/nnet_conv1d_latency.h:160 in pointwise_conv_1d_latency_cl                  |
| inline               |                                                                       | firmware/nnet_utils/nnet_dense.h:44 in dense                                                   |
| inline               |                                                                       | firmware/nnet_utils/nnet_dense.h:53 in dense                                                   |
| inline               |                                                                       | firmware/nnet_utils/nnet_dense.h:64 in dense                                                   |
| inline               |                                                                       | firmware/nnet_utils/nnet_dense.h:75 in dense                                                   |
| unroll               |                                                                       | firmware/nnet_utils/nnet_dense_compressed.h:15 in fill_mult                                    |
| array_partition      | variable=acc complete                                                 | firmware/nnet_utils/nnet_dense_compressed.h:29 in dense_compressed, acc                        |
| array_partition      | variable=biases complete                                              | firmware/nnet_utils/nnet_dense_compressed.h:30 in dense_compressed, biases                     |
| array_reshape        | variable=weights block factor=multiplier_limit                        | firmware/nnet_utils/nnet_dense_compressed.h:31 in dense_compressed, weights                    |
| aggregate            | variable=weights                                                      | firmware/nnet_utils/nnet_dense_compressed.h:34 in dense_compressed, weights                    |
| unroll               |                                                                       | firmware/nnet_utils/nnet_dense_compressed.h:41 in dense_compressed                             |
| pipeline             | II=1 rewind                                                           | firmware/nnet_utils/nnet_dense_compressed.h:49 in dense_compressed                             |
| array_partition      | variable=mult complete                                                | firmware/nnet_utils/nnet_dense_compressed.h:52 in dense_compressed, mult                       |
| unroll               |                                                                       | firmware/nnet_utils/nnet_dense_compressed.h:56 in dense_compressed                             |
| unroll               |                                                                       | firmware/nnet_utils/nnet_dense_compressed.h:62 in dense_compressed                             |
| unroll               |                                                                       | firmware/nnet_utils/nnet_dense_compressed.h:82 in dense_compressed                             |
| function_instantiate | variable=weights,biases                                               | firmware/nnet_utils/nnet_dense_latency.h:21 in dense_latency, weights,biases                   |
| pipeline             | II=CONFIG_T::reuse_factor                                             | firmware/nnet_utils/nnet_dense_latency.h:26 in dense_latency                                   |
| array_partition      | variable=biases complete                                              | firmware/nnet_utils/nnet_dense_latency.h:29 in dense_latency, biases                           |
| array_partition      | variable=mult complete                                                | firmware/nnet_utils/nnet_dense_latency.h:30 in dense_latency, mult                             |
| array_partition      | variable=acc complete                                                 | firmware/nnet_utils/nnet_dense_latency.h:31 in dense_latency, acc                              |
| allocation           | operation instances=mul limit=CONFIG_T::multiplier_limit              | firmware/nnet_utils/nnet_dense_latency.h:33 in dense_latency                                   |
| function_instantiate | variable=weights,biases                                               | firmware/nnet_utils/nnet_dense_resource.h:28 in dense_resource_rf_leq_nin, weights,biases      |
| array_reshape        | variable=weights block factor=block_factor                            | firmware/nnet_utils/nnet_dense_resource.h:29 in dense_resource_rf_leq_nin, weights             |
| array_partition      | variable=biases complete                                              | firmware/nnet_utils/nnet_dense_resource.h:30 in dense_resource_rf_leq_nin, biases              |
| array_partition      | variable=acc complete                                                 | firmware/nnet_utils/nnet_dense_resource.h:37 in dense_resource_rf_leq_nin, acc                 |
| unroll               |                                                                       | firmware/nnet_utils/nnet_dense_resource.h:41 in dense_resource_rf_leq_nin                      |
| pipeline             | II=1 rewind                                                           | firmware/nnet_utils/nnet_dense_resource.h:47 in dense_resource_rf_leq_nin                      |
| unroll               |                                                                       | firmware/nnet_utils/nnet_dense_resource.h:56 in dense_resource_rf_leq_nin                      |
| unroll               |                                                                       | firmware/nnet_utils/nnet_dense_resource.h:81 in dense_resource_rf_leq_nin                      |
| function_instantiate | variable=weights,biases                                               | firmware/nnet_utils/nnet_dense_resource.h:102 in dense_resource_rf_gt_nin_rem0, weights,biases |
| array_reshape        | variable=weights block factor=block_factor                            | firmware/nnet_utils/nnet_dense_resource.h:103 in dense_resource_rf_gt_nin_rem0, weights        |
| array_partition      | variable=biases complete                                              | firmware/nnet_utils/nnet_dense_resource.h:104 in dense_resource_rf_gt_nin_rem0, biases         |
| array_partition      | variable=acc complete                                                 | firmware/nnet_utils/nnet_dense_resource.h:111 in dense_resource_rf_gt_nin_rem0, acc            |
| unroll               |                                                                       | firmware/nnet_utils/nnet_dense_resource.h:115 in dense_resource_rf_gt_nin_rem0                 |
| pipeline             | II=1 rewind                                                           | firmware/nnet_utils/nnet_dense_resource.h:136 in dense_resource_rf_gt_nin_rem0                 |
| unroll               |                                                                       | firmware/nnet_utils/nnet_dense_resource.h:143 in dense_resource_rf_gt_nin_rem0                 |
| unroll               |                                                                       | firmware/nnet_utils/nnet_dense_resource.h:163 in dense_resource_rf_gt_nin_rem0                 |
| function_instantiate | variable=weights,biases                                               | firmware/nnet_utils/nnet_dense_resource.h:184 in dense_resource_rf_gt_nin, weights,biases      |
| array_reshape        | variable=weights block factor=block_factor                            | firmware/nnet_utils/nnet_dense_resource.h:185 in dense_resource_rf_gt_nin, weights             |
| array_partition      | variable=biases complete                                              | firmware/nnet_utils/nnet_dense_resource.h:186 in dense_resource_rf_gt_nin, biases              |
| array_partition      | variable=acc complete                                                 | firmware/nnet_utils/nnet_dense_resource.h:193 in dense_resource_rf_gt_nin, acc                 |
| unroll               |                                                                       | firmware/nnet_utils/nnet_dense_resource.h:197 in dense_resource_rf_gt_nin                      |
| pipeline             | II=1 rewind                                                           | firmware/nnet_utils/nnet_dense_resource.h:203 in dense_resource_rf_gt_nin                      |
| array_partition      | variable=tmpmult complete                                             | firmware/nnet_utils/nnet_dense_resource.h:205 in dense_resource_rf_gt_nin, tmpmult             |
| unroll               |                                                                       | firmware/nnet_utils/nnet_dense_resource.h:209 in dense_resource_rf_gt_nin                      |
| array_partition      | variable=mult complete                                                | firmware/nnet_utils/nnet_dense_resource.h:219 in dense_resource_rf_gt_nin, mult                |
| unroll               |                                                                       | firmware/nnet_utils/nnet_dense_resource.h:223 in dense_resource_rf_gt_nin                      |
| unroll               |                                                                       | firmware/nnet_utils/nnet_dense_resource.h:229 in dense_resource_rf_gt_nin                      |
| unroll               |                                                                       | firmware/nnet_utils/nnet_dense_resource.h:239 in dense_resource_rf_gt_nin                      |
| unroll               |                                                                       | firmware/nnet_utils/nnet_dense_resource.h:249 in dense_resource_rf_gt_nin                      |
| inline               | recursive                                                             | firmware/nnet_utils/nnet_dense_resource.h:259 in dense_resource                                |
| pipeline             | II=CONFIG_T::reuse_factor                                             | firmware/nnet_utils/nnet_dense_stream.h:16 in dense_latency_wrapper                            |
| inline               |                                                                       | firmware/nnet_utils/nnet_dense_stream.h:29 in data_prepare                                     |
| pipeline             |                                                                       | firmware/nnet_utils/nnet_dense_stream.h:34 in data_prepare                                     |
| unroll               |                                                                       | firmware/nnet_utils/nnet_dense_stream.h:38 in data_prepare                                     |
| unroll               |                                                                       | firmware/nnet_utils/nnet_dense_stream.h:46 in data_prepare                                     |
| inline               |                                                                       | firmware/nnet_utils/nnet_dense_stream.h:54 in res_write                                        |
| pipeline             |                                                                       | firmware/nnet_utils/nnet_dense_stream.h:59 in res_write                                        |
| unroll               |                                                                       | firmware/nnet_utils/nnet_dense_stream.h:64 in res_write                                        |
| unroll               |                                                                       | firmware/nnet_utils/nnet_dense_stream.h:74 in res_write                                        |
| inline               | recursive                                                             | firmware/nnet_utils/nnet_dense_stream.h:85 in dense                                            |
| array_partition      | variable=data complete                                                | firmware/nnet_utils/nnet_dense_stream.h:88 in dense, data                                      |
| array_partition      | variable=res complete                                                 | firmware/nnet_utils/nnet_dense_stream.h:91 in dense, res                                       |
| inline               |                                                                       | firmware/nnet_utils/nnet_mult.h:25 in product                                                  |
| inline               |                                                                       | firmware/nnet_utils/nnet_mult.h:34 in product                                                  |
| inline               |                                                                       | firmware/nnet_utils/nnet_mult.h:46 in product                                                  |
| inline               |                                                                       | firmware/nnet_utils/nnet_mult.h:58 in product                                                  |
| inline               |                                                                       | firmware/nnet_utils/nnet_mult.h:72 in product                                                  |
| inline               |                                                                       | firmware/nnet_utils/nnet_mult.h:82 in product                                                  |
| pipeline             |                                                                       | firmware/nnet_utils/nnet_stream.h:23 in clone_stream                                           |
| unroll               |                                                                       | firmware/nnet_utils/nnet_stream.h:33 in clone_stream                                           |
| pipeline             |                                                                       | firmware/nnet_utils/nnet_stream.h:47 in clone_stream                                           |
| unroll               |                                                                       | firmware/nnet_utils/nnet_stream.h:59 in clone_stream                                           |
| pipeline             |                                                                       | firmware/nnet_utils/nnet_stream.h:74 in repack_stream                                          |
| unroll               |                                                                       | firmware/nnet_utils/nnet_stream.h:81 in repack_stream                                          |
| pipeline             |                                                                       | firmware/nnet_utils/nnet_stream.h:91 in repack_stream                                          |
| pipeline             |                                                                       | firmware/nnet_utils/nnet_stream.h:99 in repack_stream                                          |
| unroll               |                                                                       | firmware/nnet_utils/nnet_stream.h:103 in repack_stream                                         |
| pipeline             |                                                                       | firmware/nnet_utils/nnet_stream.h:114 in repack_stream                                         |
| unroll               |                                                                       | firmware/nnet_utils/nnet_stream.h:118 in repack_stream                                         |
| pipeline             |                                                                       | firmware/nnet_utils/nnet_stream.h:139 in broadcast_stream_1x1xc                                |
| pipeline             |                                                                       | firmware/nnet_utils/nnet_stream.h:142 in broadcast_stream_1x1xc                                |
| unroll               |                                                                       | firmware/nnet_utils/nnet_stream.h:146 in broadcast_stream_1x1xc                                |
| pipeline             |                                                                       | firmware/nnet_utils/nnet_stream.h:160 in broadcast_stream_hxwx1                                |
| unroll               |                                                                       | firmware/nnet_utils/nnet_stream.h:165 in broadcast_stream_hxwx1                                |
| unroll               |                                                                       | firmware/nnet_utils/nnet_types.h:28 in operator=                                               |
+----------------------+-----------------------------------------------------------------------+------------------------------------------------------------------------------------------------+


