

================================================================
== Vitis HLS Report for 'dense_latency_ap_fixed_8_4_5_3_0_ap_fixed_8_4_5_3_0_config14_s'
================================================================
* Date:           Mon Mar  9 23:08:45 2026

* Version:        2022.2 (Build 3670227 on Oct 13 2022)
* Project:        myproject_prj
* Solution:       solution1 (Vivado IP Flow Target)
* Product family: zynq
* Target device:  xc7z020-clg484-1


================================================================
== Performance Estimates
================================================================
+ Timing: 
    * Summary: 
    +--------+---------+----------+------------+
    |  Clock |  Target | Estimated| Uncertainty|
    +--------+---------+----------+------------+
    |ap_clk  |  5.00 ns|  2.936 ns|     1.35 ns|
    +--------+---------+----------+------------+

+ Latency: 
    * Summary: 
    +---------+---------+-----------+-----------+-----+-----+---------+
    |  Latency (cycles) |   Latency (absolute)  |  Interval | Pipeline|
    |   min   |   max   |    min    |    max    | min | max |   Type  |
    +---------+---------+-----------+-----------+-----+-----+---------+
    |        3|        3|  15.000 ns|  15.000 ns|    1|    1|      yes|
    +---------+---------+-----------+-----------+-----+-----+---------+

    + Detail: 
        * Instance: 
        N/A

        * Loop: 
        N/A



================================================================
== Utilization Estimates
================================================================
* Summary: 
+-----------------+---------+-----+--------+-------+-----+
|       Name      | BRAM_18K| DSP |   FF   |  LUT  | URAM|
+-----------------+---------+-----+--------+-------+-----+
|DSP              |        -|    -|       -|      -|    -|
|Expression       |        -|    -|       0|     42|    -|
|FIFO             |        -|    -|       -|      -|    -|
|Instance         |        -|    2|       0|      0|    -|
|Memory           |        -|    -|       -|      -|    -|
|Multiplexer      |        -|    -|       -|     42|    -|
|Register         |        -|    -|     208|     64|    -|
+-----------------+---------+-----+--------+-------+-----+
|Total            |        0|    2|     208|    148|    0|
+-----------------+---------+-----+--------+-------+-----+
|Available        |      280|  220|  106400|  53200|    0|
+-----------------+---------+-----+--------+-------+-----+
|Utilization (%)  |        0|   ~0|      ~0|     ~0|    0|
+-----------------+---------+-----+--------+-------+-----+

+ Detail: 
    * Instance: 
    +-----------------------+-------------------+---------+----+---+----+-----+
    |        Instance       |       Module      | BRAM_18K| DSP| FF| LUT| URAM|
    +-----------------------+-------------------+---------+----+---+----+-----+
    |mul_8s_5ns_11_3_0_U87  |mul_8s_5ns_11_3_0  |        0|   1|  0|   0|    0|
    |mul_8s_6ns_11_3_0_U88  |mul_8s_6ns_11_3_0  |        0|   1|  0|   0|    0|
    +-----------------------+-------------------+---------+----+---+----+-----+
    |Total                  |                   |        0|   2|  0|   0|    0|
    +-----------------------+-------------------+---------+----+---+----+-----+

    * DSP: 
    N/A

    * Memory: 
    N/A

    * FIFO: 
    N/A

    * Expression: 
    +------------------------+----------+----+---+----+------------+------------+
    |      Variable Name     | Operation| DSP| FF| LUT| Bitwidth P0| Bitwidth P1|
    +------------------------+----------+----+---+----+------------+------------+
    |add_ln813_14_fu_217_p2  |         +|   0|  0|  15|           8|           8|
    |add_ln813_fu_212_p2     |         +|   0|  0|  15|           8|           8|
    |r_V_fu_173_p2           |         -|   0|  0|  12|          11|          11|
    +------------------------+----------+----+---+----+------------+------------+
    |Total                   |          |   0|  0|  42|          27|          27|
    +------------------------+----------+----+---+----+------------+------------+

    * Multiplexer: 
    +-------------+----+-----------+-----+-----------+
    |     Name    | LUT| Input Size| Bits| Total Bits|
    +-------------+----+-----------+-----+-----------+
    |ap_return_0  |  14|          3|    8|         24|
    |ap_return_1  |  14|          3|    8|         24|
    |ap_return_2  |  14|          3|    8|         24|
    +-------------+----+-----------+-----+-----------+
    |Total        |  42|          9|   24|         72|
    +-------------+----+-----------+-----+-----------+

    * Register: 
    +------------------------+----+----+-----+-----------+
    |          Name          | FF | LUT| Bits| Const Bits|
    +------------------------+----+----+-----+-----------+
    |ap_ce_reg               |   1|   0|    1|          0|
    |ap_return_0_int_reg     |   8|   0|    8|          0|
    |ap_return_1_int_reg     |   8|   0|    8|          0|
    |ap_return_2_int_reg     |   8|   0|    8|          0|
    |p_read1_int_reg         |   8|   0|    8|          0|
    |p_read2_int_reg         |   8|   0|    8|          0|
    |p_read3_int_reg         |   8|   0|    8|          0|
    |trunc_ln818_12_reg_248  |   7|   0|    7|          0|
    |trunc_ln818_13_reg_253  |   8|   0|    8|          0|
    |trunc_ln818_s_reg_263   |   8|   0|    8|          0|
    |trunc_ln_reg_258        |   8|   0|    8|          0|
    |trunc_ln818_12_reg_248  |  64|  32|    7|          0|
    |trunc_ln818_13_reg_253  |  64|  32|    8|          0|
    +------------------------+----+----+-----+-----------+
    |Total                   | 208|  64|   95|          0|
    +------------------------+----+----+-----+-----------+



================================================================
== Interface
================================================================
* Summary: 
+-------------+-----+-----+------------+---------------------------------------------------------------------------+--------------+
|  RTL Ports  | Dir | Bits|  Protocol  |                               Source Object                               |    C Type    |
+-------------+-----+-----+------------+---------------------------------------------------------------------------+--------------+
|ap_clk       |   in|    1|  ap_ctrl_hs|  dense_latency<ap_fixed<8, 4, 5, 3, 0>, ap_fixed<8, 4, 5, 3, 0>, config14>|  return value|
|ap_rst       |   in|    1|  ap_ctrl_hs|  dense_latency<ap_fixed<8, 4, 5, 3, 0>, ap_fixed<8, 4, 5, 3, 0>, config14>|  return value|
|ap_return_0  |  out|    8|  ap_ctrl_hs|  dense_latency<ap_fixed<8, 4, 5, 3, 0>, ap_fixed<8, 4, 5, 3, 0>, config14>|  return value|
|ap_return_1  |  out|    8|  ap_ctrl_hs|  dense_latency<ap_fixed<8, 4, 5, 3, 0>, ap_fixed<8, 4, 5, 3, 0>, config14>|  return value|
|ap_return_2  |  out|    8|  ap_ctrl_hs|  dense_latency<ap_fixed<8, 4, 5, 3, 0>, ap_fixed<8, 4, 5, 3, 0>, config14>|  return value|
|ap_ce        |   in|    1|  ap_ctrl_hs|  dense_latency<ap_fixed<8, 4, 5, 3, 0>, ap_fixed<8, 4, 5, 3, 0>, config14>|  return value|
|p_read1      |   in|    8|     ap_none|                                                                    p_read1|        scalar|
|p_read2      |   in|    8|     ap_none|                                                                    p_read2|        scalar|
|p_read3      |   in|    8|     ap_none|                                                                    p_read3|        scalar|
+-------------+-----+-----+------------+---------------------------------------------------------------------------+--------------+

