

================================================================
== Vitis HLS Report for 'dense_latency_ap_fixed_8_4_5_3_0_ap_fixed_8_4_5_3_0_config17_s'
================================================================
* Date:           Mon Mar  9 23:08:45 2026

* Version:        2022.2 (Build 3670227 on Oct 13 2022)
* Project:        myproject_prj
* Solution:       solution1 (Vivado IP Flow Target)
* Product family: zynq
* Target device:  xc7z020-clg484-1


================================================================
== Performance Estimates
================================================================
+ Timing: 
    * Summary: 
    +--------+---------+----------+------------+
    |  Clock |  Target | Estimated| Uncertainty|
    +--------+---------+----------+------------+
    |ap_clk  |  5.00 ns|  3.349 ns|     1.35 ns|
    +--------+---------+----------+------------+

+ Latency: 
    * Summary: 
    +---------+---------+-----------+-----------+-----+-----+---------+
    |  Latency (cycles) |   Latency (absolute)  |  Interval | Pipeline|
    |   min   |   max   |    min    |    max    | min | max |   Type  |
    +---------+---------+-----------+-----------+-----+-----+---------+
    |        3|        3|  15.000 ns|  15.000 ns|    1|    1|      yes|
    +---------+---------+-----------+-----------+-----+-----+---------+

    + Detail: 
        * Instance: 
        N/A

        * Loop: 
        N/A



================================================================
== Utilization Estimates
================================================================
* Summary: 
+-----------------+---------+-----+--------+-------+-----+
|       Name      | BRAM_18K| DSP |   FF   |  LUT  | URAM|
+-----------------+---------+-----+--------+-------+-----+
|DSP              |        -|    -|       -|      -|    -|
|Expression       |        -|    -|       0|     45|    -|
|FIFO             |        -|    -|       -|      -|    -|
|Instance         |        -|    3|     145|      6|    -|
|Memory           |        -|    -|       -|      -|    -|
|Multiplexer      |        -|    -|       -|     14|    -|
|Register         |        -|    -|      73|      -|    -|
+-----------------+---------+-----+--------+-------+-----+
|Total            |        0|    3|     218|     65|    0|
+-----------------+---------+-----+--------+-------+-----+
|Available        |      280|  220|  106400|  53200|    0|
+-----------------+---------+-----+--------+-------+-----+
|Utilization (%)  |        0|    1|      ~0|     ~0|    0|
+-----------------+---------+-----+--------+-------+-----+

+ Detail: 
    * Instance: 
    +-----------------------+-------------------+---------+----+----+----+-----+
    |        Instance       |       Module      | BRAM_18K| DSP| FF | LUT| URAM|
    +-----------------------+-------------------+---------+----+----+----+-----+
    |mul_8s_11s_17_2_0_U94  |mul_8s_11s_17_2_0  |        0|   1|  47|   2|    0|
    |mul_8s_11s_17_2_0_U95  |mul_8s_11s_17_2_0  |        0|   1|  47|   2|    0|
    |mul_8s_12s_17_2_0_U93  |mul_8s_12s_17_2_0  |        0|   1|  51|   2|    0|
    +-----------------------+-------------------+---------+----+----+----+-----+
    |Total                  |                   |        0|   3| 145|   6|    0|
    +-----------------------+-------------------+---------+----+----+----+-----+

    * DSP: 
    N/A

    * Memory: 
    N/A

    * FIFO: 
    N/A

    * Expression: 
    +------------------------+----------+----+---+----+------------+------------+
    |      Variable Name     | Operation| DSP| FF| LUT| Bitwidth P0| Bitwidth P1|
    +------------------------+----------+----+---+----+------------+------------+
    |add_ln813_12_fu_164_p2  |         +|   0|  0|  15|           8|           2|
    |add_ln813_13_fu_169_p2  |         +|   0|  0|  15|           8|           8|
    |add_ln813_fu_160_p2     |         +|   0|  0|  15|           8|           8|
    +------------------------+----------+----+---+----+------------+------------+
    |Total                   |          |   0|  0|  45|          24|          18|
    +------------------------+----------+----+---+----+------------+------------+

    * Multiplexer: 
    +-----------+----+-----------+-----+-----------+
    |    Name   | LUT| Input Size| Bits| Total Bits|
    +-----------+----+-----------+-----+-----------+
    |ap_return  |  14|          3|    8|         24|
    +-----------+----+-----------+-----+-----------+
    |Total      |  14|          3|    8|         24|
    +-----------+----+-----------+-----+-----------+

    * Register: 
    +------------------------+---+----+-----+-----------+
    |          Name          | FF| LUT| Bits| Const Bits|
    +------------------------+---+----+-----+-----------+
    |add_ln813_12_reg_208    |  8|   0|    8|          0|
    |add_ln813_reg_203       |  8|   0|    8|          0|
    |ap_ce_reg               |  1|   0|    1|          0|
    |ap_return_int_reg       |  8|   0|    8|          0|
    |p_read1_int_reg         |  8|   0|    8|          0|
    |p_read2_int_reg         |  8|   0|    8|          0|
    |p_read_int_reg          |  8|   0|    8|          0|
    |trunc_ln818_11_reg_198  |  8|   0|    8|          0|
    |trunc_ln818_s_reg_193   |  8|   0|    8|          0|
    |trunc_ln_reg_188        |  8|   0|    8|          0|
    +------------------------+---+----+-----+-----------+
    |Total                   | 73|   0|   73|          0|
    +------------------------+---+----+-----+-----------+



================================================================
== Interface
================================================================
* Summary: 
+-----------+-----+-----+------------+---------------------------------------------------------------------------+--------------+
| RTL Ports | Dir | Bits|  Protocol  |                               Source Object                               |    C Type    |
+-----------+-----+-----+------------+---------------------------------------------------------------------------+--------------+
|ap_clk     |   in|    1|  ap_ctrl_hs|  dense_latency<ap_fixed<8, 4, 5, 3, 0>, ap_fixed<8, 4, 5, 3, 0>, config17>|  return value|
|ap_rst     |   in|    1|  ap_ctrl_hs|  dense_latency<ap_fixed<8, 4, 5, 3, 0>, ap_fixed<8, 4, 5, 3, 0>, config17>|  return value|
|ap_return  |  out|    8|  ap_ctrl_hs|  dense_latency<ap_fixed<8, 4, 5, 3, 0>, ap_fixed<8, 4, 5, 3, 0>, config17>|  return value|
|ap_ce      |   in|    1|  ap_ctrl_hs|  dense_latency<ap_fixed<8, 4, 5, 3, 0>, ap_fixed<8, 4, 5, 3, 0>, config17>|  return value|
|p_read     |   in|    8|     ap_none|                                                                     p_read|        scalar|
|p_read1    |   in|    8|     ap_none|                                                                    p_read1|        scalar|
|p_read2    |   in|    8|     ap_none|                                                                    p_read2|        scalar|
+-----------+-----+-----+------------+---------------------------------------------------------------------------+--------------+

