

================================================================
== Vitis HLS Report for 'dense_latency_ap_fixed_8_4_5_3_0_ap_fixed_8_4_5_3_0_config5_s'
================================================================
* Date:           Mon Mar  9 23:08:43 2026

* Version:        2022.2 (Build 3670227 on Oct 13 2022)
* Project:        myproject_prj
* Solution:       solution1 (Vivado IP Flow Target)
* Product family: zynq
* Target device:  xc7z020-clg484-1


================================================================
== Performance Estimates
================================================================
+ Timing: 
    * Summary: 
    +--------+---------+----------+------------+
    |  Clock |  Target | Estimated| Uncertainty|
    +--------+---------+----------+------------+
    |ap_clk  |  5.00 ns|  3.554 ns|     1.35 ns|
    +--------+---------+----------+------------+

+ Latency: 
    * Summary: 
    +---------+---------+-----------+-----------+-----+-----+---------+
    |  Latency (cycles) |   Latency (absolute)  |  Interval | Pipeline|
    |   min   |   max   |    min    |    max    | min | max |   Type  |
    +---------+---------+-----------+-----------+-----+-----+---------+
    |        5|        5|  25.000 ns|  25.000 ns|    1|    1|      yes|
    +---------+---------+-----------+-----------+-----+-----+---------+

    + Detail: 
        * Instance: 
        N/A

        * Loop: 
        N/A



================================================================
== Utilization Estimates
================================================================
* Summary: 
+-----------------+---------+-----+--------+-------+-----+
|       Name      | BRAM_18K| DSP |   FF   |  LUT  | URAM|
+-----------------+---------+-----+--------+-------+-----+
|DSP              |        -|    -|       -|      -|    -|
|Expression       |        -|    -|       0|    228|    -|
|FIFO             |        -|    -|       -|      -|    -|
|Instance         |        -|    8|       0|      0|    -|
|Memory           |        -|    -|       -|      -|    -|
|Multiplexer      |        -|    -|       -|     42|    -|
|Register         |        -|    -|     477|     96|    -|
+-----------------+---------+-----+--------+-------+-----+
|Total            |        0|    8|     477|    366|    0|
+-----------------+---------+-----+--------+-------+-----+
|Available        |      280|  220|  106400|  53200|    0|
+-----------------+---------+-----+--------+-------+-----+
|Utilization (%)  |        0|    3|      ~0|     ~0|    0|
+-----------------+---------+-----+--------+-------+-----+

+ Detail: 
    * Instance: 
    +-----------------------+-------------------+---------+----+---+----+-----+
    |        Instance       |       Module      | BRAM_18K| DSP| FF| LUT| URAM|
    +-----------------------+-------------------+---------+----+---+----+-----+
    |mul_8s_6ns_11_3_0_U64  |mul_8s_6ns_11_3_0  |        0|   1|  0|   0|    0|
    |mul_8s_6ns_11_3_0_U69  |mul_8s_6ns_11_3_0  |        0|   1|  0|   0|    0|
    |mul_8s_6s_11_3_0_U66   |mul_8s_6s_11_3_0   |        0|   1|  0|   0|    0|
    |mul_8s_6s_11_3_0_U67   |mul_8s_6s_11_3_0   |        0|   1|  0|   0|    0|
    |mul_8s_7ns_11_3_0_U62  |mul_8s_7ns_11_3_0  |        0|   1|  0|   0|    0|
    |mul_8s_7ns_11_3_0_U63  |mul_8s_7ns_11_3_0  |        0|   1|  0|   0|    0|
    |mul_8s_7s_11_3_0_U65   |mul_8s_7s_11_3_0   |        0|   1|  0|   0|    0|
    |mul_8s_7s_11_3_0_U68   |mul_8s_7s_11_3_0   |        0|   1|  0|   0|    0|
    +-----------------------+-------------------+---------+----+---+----+-----+
    |Total                  |                   |        0|   8|  0|   0|    0|
    +-----------------------+-------------------+---------+----+---+----+-----+

    * DSP: 
    N/A

    * Memory: 
    N/A

    * FIFO: 
    N/A

    * Expression: 
    +------------------------+----------+----+---+----+------------+------------+
    |      Variable Name     | Operation| DSP| FF| LUT| Bitwidth P0| Bitwidth P1|
    +------------------------+----------+----+---+----+------------+------------+
    |add_ln813_10_fu_758_p2  |         +|   0|  0|  15|           8|           8|
    |add_ln813_11_fu_766_p2  |         +|   0|  0|  15|           8|           8|
    |add_ln813_1_fu_721_p2   |         +|   0|  0|  15|           8|           5|
    |add_ln813_2_fu_746_p2   |         +|   0|  0|  15|           8|           8|
    |add_ln813_3_fu_726_p2   |         +|   0|  0|  15|           8|           8|
    |add_ln813_4_fu_731_p2   |         +|   0|  0|  15|           8|           4|
    |add_ln813_5_fu_750_p2   |         +|   0|  0|  15|           8|           8|
    |add_ln813_6_fu_762_p2   |         +|   0|  0|  15|           8|           8|
    |add_ln813_7_fu_736_p2   |         +|   0|  0|  15|           8|           8|
    |add_ln813_8_fu_754_p2   |         +|   0|  0|  15|           8|           8|
    |add_ln813_9_fu_741_p2   |         +|   0|  0|  15|           8|           5|
    |add_ln813_fu_717_p2     |         +|   0|  0|  15|           8|           8|
    |r_V_3_fu_540_p2         |         +|   0|  0|  12|          11|          11|
    |r_V_fu_665_p2           |         +|   0|  0|  12|          11|          11|
    |r_V_1_fu_681_p2         |         -|   0|  0|  12|          11|          11|
    |r_V_2_fu_572_p2         |         -|   0|  0|  12|          11|          11|
    +------------------------+----------+----+---+----+------------+------------+
    |Total                   |          |   0|  0| 228|         140|         130|
    +------------------------+----------+----+---+----+------------+------------+

    * Multiplexer: 
    +-------------+----+-----------+-----+-----------+
    |     Name    | LUT| Input Size| Bits| Total Bits|
    +-------------+----+-----------+-----+-----------+
    |ap_return_0  |  14|          3|    8|         24|
    |ap_return_1  |  14|          3|    8|         24|
    |ap_return_2  |  14|          3|    8|         24|
    +-------------+----+-----------+-----+-----------+
    |Total        |  42|          9|   24|         72|
    +-------------+----+-----------+-----+-----------+

    * Register: 
    +-------------------------------------+----+----+-----+-----------+
    |                 Name                | FF | LUT| Bits| Const Bits|
    +-------------------------------------+----+----+-----+-----------+
    |add_ln813_10_reg_936                 |   8|   0|    8|          0|
    |add_ln813_1_reg_896                  |   8|   0|    8|          0|
    |add_ln813_2_reg_921                  |   8|   0|    8|          0|
    |add_ln813_3_reg_901                  |   8|   0|    8|          0|
    |add_ln813_3_reg_901_pp0_iter4_reg    |   8|   0|    8|          0|
    |add_ln813_4_reg_906                  |   8|   0|    8|          0|
    |add_ln813_5_reg_926                  |   8|   0|    8|          0|
    |add_ln813_7_reg_911                  |   8|   0|    8|          0|
    |add_ln813_8_reg_931                  |   8|   0|    8|          0|
    |add_ln813_9_reg_916                  |   8|   0|    8|          0|
    |add_ln813_reg_891                    |   8|   0|    8|          0|
    |ap_ce_reg                            |   1|   0|    1|          0|
    |ap_return_0_int_reg                  |   8|   0|    8|          0|
    |ap_return_1_int_reg                  |   8|   0|    8|          0|
    |ap_return_2_int_reg                  |   8|   0|    8|          0|
    |p_read1_int_reg                      |   8|   0|    8|          0|
    |p_read2_int_reg                      |   8|   0|    8|          0|
    |p_read3_int_reg                      |   8|   0|    8|          0|
    |p_read4_int_reg                      |   8|   0|    8|          0|
    |p_read5_int_reg                      |   8|   0|    8|          0|
    |p_read_5_reg_787                     |   8|   0|    8|          0|
    |p_read_7_reg_792                     |   8|   0|    8|          0|
    |p_read_8_reg_798                     |   8|   0|    8|          0|
    |p_read_int_reg                       |   8|   0|    8|          0|
    |trunc_ln1273_1_reg_820               |   6|   0|    6|          0|
    |trunc_ln1273_reg_808                 |   6|   0|    6|          0|
    |trunc_ln818_10_reg_830               |   8|   0|    8|          0|
    |trunc_ln818_1_reg_846                |   8|   0|    8|          0|
    |trunc_ln818_1_reg_846_pp0_iter2_reg  |   8|   0|    8|          0|
    |trunc_ln818_2_reg_871                |   8|   0|    8|          0|
    |trunc_ln818_3_reg_851                |   8|   0|    8|          0|
    |trunc_ln818_6_reg_856                |   8|   0|    8|          0|
    |trunc_ln818_7_reg_861                |   8|   0|    8|          0|
    |trunc_ln818_8_reg_866                |   8|   0|    8|          0|
    |trunc_ln818_9_reg_881                |   8|   0|    8|          0|
    |trunc_ln818_s_reg_886                |   8|   0|    8|          0|
    |trunc_ln_reg_876                     |   8|   0|    8|          0|
    |p_read_7_reg_792                     |  64|  32|    8|          0|
    |trunc_ln1273_reg_808                 |  64|  32|    6|          0|
    |trunc_ln818_10_reg_830               |  64|  32|    8|          0|
    +-------------------------------------+----+----+-----+-----------+
    |Total                                | 477|  96|  307|          0|
    +-------------------------------------+----+----+-----+-----------+



================================================================
== Interface
================================================================
* Summary: 
+-------------+-----+-----+------------+--------------------------------------------------------------------------+--------------+
|  RTL Ports  | Dir | Bits|  Protocol  |                               Source Object                              |    C Type    |
+-------------+-----+-----+------------+--------------------------------------------------------------------------+--------------+
|ap_clk       |   in|    1|  ap_ctrl_hs|  dense_latency<ap_fixed<8, 4, 5, 3, 0>, ap_fixed<8, 4, 5, 3, 0>, config5>|  return value|
|ap_rst       |   in|    1|  ap_ctrl_hs|  dense_latency<ap_fixed<8, 4, 5, 3, 0>, ap_fixed<8, 4, 5, 3, 0>, config5>|  return value|
|ap_return_0  |  out|    8|  ap_ctrl_hs|  dense_latency<ap_fixed<8, 4, 5, 3, 0>, ap_fixed<8, 4, 5, 3, 0>, config5>|  return value|
|ap_return_1  |  out|    8|  ap_ctrl_hs|  dense_latency<ap_fixed<8, 4, 5, 3, 0>, ap_fixed<8, 4, 5, 3, 0>, config5>|  return value|
|ap_return_2  |  out|    8|  ap_ctrl_hs|  dense_latency<ap_fixed<8, 4, 5, 3, 0>, ap_fixed<8, 4, 5, 3, 0>, config5>|  return value|
|ap_ce        |   in|    1|  ap_ctrl_hs|  dense_latency<ap_fixed<8, 4, 5, 3, 0>, ap_fixed<8, 4, 5, 3, 0>, config5>|  return value|
|p_read       |   in|    8|     ap_none|                                                                    p_read|        scalar|
|p_read1      |   in|    8|     ap_none|                                                                   p_read1|        scalar|
|p_read2      |   in|    8|     ap_none|                                                                   p_read2|        scalar|
|p_read3      |   in|    8|     ap_none|                                                                   p_read3|        scalar|
|p_read4      |   in|    8|     ap_none|                                                                   p_read4|        scalar|
|p_read5      |   in|    8|     ap_none|                                                                   p_read5|        scalar|
+-------------+-----+-----+------------+--------------------------------------------------------------------------+--------------+

