

================================================================
== Vitis HLS Report for 'dense_latency_ap_fixed_8_4_5_3_0_ap_fixed_8_4_5_3_0_config17_s'
================================================================
* Date:           Sun Mar 15 17:09:46 2026

* Version:        2022.2.2 (Build 3779808 on Feb 17 2023)
* Project:        myproject_prj
* Solution:       solution1 (Vivado IP Flow Target)
* Product family: zynq
* Target device:  xc7z020-clg484-1


================================================================
== Performance Estimates
================================================================
+ Timing: 
    * Summary: 
    +--------+---------+----------+------------+
    |  Clock |  Target | Estimated| Uncertainty|
    +--------+---------+----------+------------+
    |ap_clk  |  5.00 ns|  2.978 ns|     1.35 ns|
    +--------+---------+----------+------------+

+ Latency: 
    * Summary: 
    +---------+---------+-----------+-----------+-----+-----+---------+
    |  Latency (cycles) |   Latency (absolute)  |  Interval | Pipeline|
    |   min   |   max   |    min    |    max    | min | max |   Type  |
    +---------+---------+-----------+-----------+-----+-----+---------+
    |        4|        4|  20.000 ns|  20.000 ns|    1|    1|      yes|
    +---------+---------+-----------+-----------+-----+-----+---------+

    + Detail: 
        * Instance: 
        N/A

        * Loop: 
        N/A



================================================================
== Utilization Estimates
================================================================
* Summary: 
+-----------------+---------+-----+--------+-------+-----+
|       Name      | BRAM_18K| DSP |   FF   |  LUT  | URAM|
+-----------------+---------+-----+--------+-------+-----+
|DSP              |        -|    -|       -|      -|    -|
|Expression       |        -|    -|       0|    116|    -|
|FIFO             |        -|    -|       -|      -|    -|
|Instance         |        -|    4|       0|      0|    -|
|Memory           |        -|    -|       -|      -|    -|
|Multiplexer      |        -|    -|       -|     28|    -|
|Register         |        -|    -|     190|     32|    -|
+-----------------+---------+-----+--------+-------+-----+
|Total            |        0|    4|     190|    176|    0|
+-----------------+---------+-----+--------+-------+-----+
|Available        |      280|  220|  106400|  53200|    0|
+-----------------+---------+-----+--------+-------+-----+
|Utilization (%)  |        0|    1|      ~0|     ~0|    0|
+-----------------+---------+-----+--------+-------+-----+

+ Detail: 
    * Instance: 
    +------------------------+--------------------+---------+----+---+----+-----+
    |        Instance        |       Module       | BRAM_18K| DSP| FF| LUT| URAM|
    +------------------------+--------------------+---------+----+---+----+-----+
    |mul_8s_10ns_17_3_0_U21  |mul_8s_10ns_17_3_0  |        0|   1|  0|   0|    0|
    |mul_8s_10ns_17_3_0_U23  |mul_8s_10ns_17_3_0  |        0|   1|  0|   0|    0|
    |mul_8s_9ns_17_3_0_U20   |mul_8s_9ns_17_3_0   |        0|   1|  0|   0|    0|
    |mul_8s_9s_17_3_0_U22    |mul_8s_9s_17_3_0    |        0|   1|  0|   0|    0|
    +------------------------+--------------------+---------+----+---+----+-----+
    |Total                   |                    |        0|   4|  0|   0|    0|
    +------------------------+--------------------+---------+----+---+----+-----+

    * DSP: 
    N/A

    * Memory: 
    N/A

    * FIFO: 
    N/A

    * Expression: 
    +------------------------+----------+----+---+----+------------+------------+
    |      Variable Name     | Operation| DSP| FF| LUT| Bitwidth P0| Bitwidth P1|
    +------------------------+----------+----+---+----+------------+------------+
    |add_ln813_23_fu_343_p2  |         +|   0|  0|  15|           8|           2|
    |add_ln813_24_fu_355_p2  |         +|   0|  0|  15|           8|           8|
    |add_ln813_25_fu_348_p2  |         +|   0|  0|  15|           8|           8|
    |add_ln813_26_fu_359_p2  |         +|   0|  0|  15|           8|           8|
    |add_ln813_fu_339_p2     |         +|   0|  0|  15|           8|           8|
    |r_V_20_fu_244_p2        |         -|   0|  0|  17|          14|          14|
    |r_V_21_fu_313_p2        |         -|   0|  0|  24|          17|          17|
    +------------------------+----------+----+---+----+------------+------------+
    |Total                   |          |   0|  0| 116|          71|          65|
    +------------------------+----------+----+---+----+------------+------------+

    * Multiplexer: 
    +-------------+----+-----------+-----+-----------+
    |     Name    | LUT| Input Size| Bits| Total Bits|
    +-------------+----+-----------+-----+-----------+
    |ap_return_0  |  14|          3|    8|         24|
    |ap_return_1  |  14|          3|    8|         24|
    +-------------+----+-----------+-----+-----------+
    |Total        |  28|          6|   16|         48|
    +-------------+----+-----------+-----+-----------+

    * Register: 
    +--------------------------------+----+----+-----+-----------+
    |              Name              | FF | LUT| Bits| Const Bits|
    +--------------------------------+----+----+-----+-----------+
    |add_ln813_23_reg_433            |   8|   0|    8|          0|
    |add_ln813_25_reg_438            |   8|   0|    8|          0|
    |add_ln813_reg_428               |   8|   0|    8|          0|
    |ap_ce_reg                       |   1|   0|    1|          0|
    |ap_return_0_int_reg             |   8|   0|    8|          0|
    |ap_return_1_int_reg             |   8|   0|    8|          0|
    |p_read1_int_reg                 |   8|   0|    8|          0|
    |p_read25_reg_376                |   8|   0|    8|          0|
    |p_read25_reg_376_pp0_iter1_reg  |   8|   0|    8|          0|
    |p_read2_int_reg                 |   8|   0|    8|          0|
    |p_read_int_reg                  |   8|   0|    8|          0|
    |trunc_ln818_21_reg_413          |   8|   0|    8|          0|
    |trunc_ln818_22_reg_393          |   5|   0|    5|          0|
    |trunc_ln818_23_reg_418          |   8|   0|    8|          0|
    |trunc_ln818_24_reg_423          |   8|   0|    8|          0|
    |trunc_ln818_s_reg_408           |   8|   0|    8|          0|
    |trunc_ln_reg_403                |   8|   0|    8|          0|
    |trunc_ln818_22_reg_393          |  64|  32|    5|          0|
    +--------------------------------+----+----+-----+-----------+
    |Total                           | 190|  32|  131|          0|
    +--------------------------------+----+----+-----+-----------+



================================================================
== Interface
================================================================
* Summary: 
+-------------+-----+-----+------------+---------------------------------------------------------------------------+--------------+
|  RTL Ports  | Dir | Bits|  Protocol  |                               Source Object                               |    C Type    |
+-------------+-----+-----+------------+---------------------------------------------------------------------------+--------------+
|ap_clk       |   in|    1|  ap_ctrl_hs|  dense_latency<ap_fixed<8, 4, 5, 3, 0>, ap_fixed<8, 4, 5, 3, 0>, config17>|  return value|
|ap_rst       |   in|    1|  ap_ctrl_hs|  dense_latency<ap_fixed<8, 4, 5, 3, 0>, ap_fixed<8, 4, 5, 3, 0>, config17>|  return value|
|ap_return_0  |  out|    8|  ap_ctrl_hs|  dense_latency<ap_fixed<8, 4, 5, 3, 0>, ap_fixed<8, 4, 5, 3, 0>, config17>|  return value|
|ap_return_1  |  out|    8|  ap_ctrl_hs|  dense_latency<ap_fixed<8, 4, 5, 3, 0>, ap_fixed<8, 4, 5, 3, 0>, config17>|  return value|
|ap_ce        |   in|    1|  ap_ctrl_hs|  dense_latency<ap_fixed<8, 4, 5, 3, 0>, ap_fixed<8, 4, 5, 3, 0>, config17>|  return value|
|p_read       |   in|    8|     ap_none|                                                                     p_read|        scalar|
|p_read1      |   in|    8|     ap_none|                                                                    p_read1|        scalar|
|p_read2      |   in|    8|     ap_none|                                                                    p_read2|        scalar|
+-------------+-----+-----+------------+---------------------------------------------------------------------------+--------------+

