

================================================================
== Vitis HLS Report for 'dense_latency_ap_fixed_8_4_5_3_0_ap_fixed_8_4_5_3_0_config8_s'
================================================================
* Date:           Tue Mar 10 18:17:32 2026

* Version:        2022.2 (Build 3670227 on Oct 13 2022)
* Project:        myproject_prj
* Solution:       solution1 (Vivado IP Flow Target)
* Product family: zynq
* Target device:  xc7z020-clg484-1


================================================================
== Performance Estimates
================================================================
+ Timing: 
    * Summary: 
    +--------+---------+----------+------------+
    |  Clock |  Target | Estimated| Uncertainty|
    +--------+---------+----------+------------+
    |ap_clk  |  5.00 ns|  3.646 ns|     1.35 ns|
    +--------+---------+----------+------------+

+ Latency: 
    * Summary: 
    +---------+---------+-----------+-----------+-----+-----+---------+
    |  Latency (cycles) |   Latency (absolute)  |  Interval | Pipeline|
    |   min   |   max   |    min    |    max    | min | max |   Type  |
    +---------+---------+-----------+-----------+-----+-----+---------+
    |        2|        2|  10.000 ns|  10.000 ns|    1|    1|      yes|
    +---------+---------+-----------+-----------+-----+-----+---------+

    + Detail: 
        * Instance: 
        N/A

        * Loop: 
        N/A



================================================================
== Utilization Estimates
================================================================
* Summary: 
+-----------------+---------+-----+--------+-------+-----+
|       Name      | BRAM_18K| DSP |   FF   |  LUT  | URAM|
+-----------------+---------+-----+--------+-------+-----+
|DSP              |        -|    -|       -|      -|    -|
|Expression       |        -|    -|       0|    150|    -|
|FIFO             |        -|    -|       -|      -|    -|
|Instance         |        -|    -|       -|      -|    -|
|Memory           |        -|    -|       -|      -|    -|
|Multiplexer      |        -|    -|       -|     28|    -|
|Register         |        -|    -|     108|      -|    -|
+-----------------+---------+-----+--------+-------+-----+
|Total            |        0|    0|     108|    178|    0|
+-----------------+---------+-----+--------+-------+-----+
|Available        |      280|  220|  106400|  53200|    0|
+-----------------+---------+-----+--------+-------+-----+
|Utilization (%)  |        0|    0|      ~0|     ~0|    0|
+-----------------+---------+-----+--------+-------+-----+

+ Detail: 
    * Instance: 
    N/A

    * DSP: 
    N/A

    * Memory: 
    N/A

    * FIFO: 
    N/A

    * Expression: 
    +-----------------------+----------+----+---+----+------------+------------+
    |     Variable Name     | Operation| DSP| FF| LUT| Bitwidth P0| Bitwidth P1|
    +-----------------------+----------+----+---+----+------------+------------+
    |add_ln813_1_fu_273_p2  |         +|   0|  0|  15|           8|           8|
    |add_ln813_2_fu_242_p2  |         +|   0|  0|  15|           8|           8|
    |add_ln813_3_fu_248_p2  |         +|   0|  0|  15|           8|           8|
    |add_ln813_4_fu_266_p2  |         +|   0|  0|  15|           8|           8|
    |add_ln813_fu_260_p2    |         +|   0|  0|  14|           7|           7|
    |r_V_2_fu_108_p2        |         -|   0|  0|  12|          11|          11|
    |r_V_3_fu_150_p2        |         -|   0|  0|  12|          11|          11|
    |r_V_4_fu_178_p2        |         -|   0|  0|  12|          11|          11|
    |r_V_5_fu_198_p2        |         -|   0|  0|  14|           1|           9|
    |r_V_6_fu_226_p2        |         -|   0|  0|  12|           1|          11|
    |r_V_fu_84_p2           |         -|   0|  0|  14|           1|           9|
    +-----------------------+----------+----+---+----+------------+------------+
    |Total                  |          |   0|  0| 150|          75|         101|
    +-----------------------+----------+----+---+----+------------+------------+

    * Multiplexer: 
    +-------------+----+-----------+-----+-----------+
    |     Name    | LUT| Input Size| Bits| Total Bits|
    +-------------+----+-----------+-----+-----------+
    |ap_return_0  |  14|          3|    8|         24|
    |ap_return_1  |  14|          3|    8|         24|
    +-------------+----+-----------+-----+-----------+
    |Total        |  28|          6|   16|         48|
    +-------------+----+-----------+-----+-----------+

    * Register: 
    +-------------------------------------+---+----+-----+-----------+
    |                 Name                | FF| LUT| Bits| Const Bits|
    +-------------------------------------+---+----+-----+-----------+
    |add_ln813_2_reg_304                  |  8|   0|    8|          0|
    |add_ln813_3_reg_309                  |  8|   0|    8|          0|
    |add_ln813_4_reg_319                  |  8|   0|    8|          0|
    |add_ln813_reg_314                    |  7|   0|    7|          0|
    |ap_ce_reg                            |  1|   0|    1|          0|
    |ap_return_0_int_reg                  |  8|   0|    8|          0|
    |ap_return_1_int_reg                  |  8|   0|    8|          0|
    |p_read1_int_reg                      |  8|   0|    8|          0|
    |p_read2_int_reg                      |  8|   0|    8|          0|
    |p_read3_int_reg                      |  8|   0|    8|          0|
    |p_read_int_reg                       |  8|   0|    8|          0|
    |trunc_ln818_4_reg_294                |  8|   0|    8|          0|
    |trunc_ln818_4_reg_294_pp0_iter1_reg  |  8|   0|    8|          0|
    |trunc_ln818_6_reg_299                |  6|   0|    6|          0|
    |trunc_ln_reg_289                     |  6|   0|    6|          0|
    +-------------------------------------+---+----+-----+-----------+
    |Total                                |108|   0|  108|          0|
    +-------------------------------------+---+----+-----+-----------+



================================================================
== Interface
================================================================
* Summary: 
+-------------+-----+-----+------------+--------------------------------------------------------------------------+--------------+
|  RTL Ports  | Dir | Bits|  Protocol  |                               Source Object                              |    C Type    |
+-------------+-----+-----+------------+--------------------------------------------------------------------------+--------------+
|ap_clk       |   in|    1|  ap_ctrl_hs|  dense_latency<ap_fixed<8, 4, 5, 3, 0>, ap_fixed<8, 4, 5, 3, 0>, config8>|  return value|
|ap_rst       |   in|    1|  ap_ctrl_hs|  dense_latency<ap_fixed<8, 4, 5, 3, 0>, ap_fixed<8, 4, 5, 3, 0>, config8>|  return value|
|ap_return_0  |  out|    8|  ap_ctrl_hs|  dense_latency<ap_fixed<8, 4, 5, 3, 0>, ap_fixed<8, 4, 5, 3, 0>, config8>|  return value|
|ap_return_1  |  out|    8|  ap_ctrl_hs|  dense_latency<ap_fixed<8, 4, 5, 3, 0>, ap_fixed<8, 4, 5, 3, 0>, config8>|  return value|
|ap_ce        |   in|    1|  ap_ctrl_hs|  dense_latency<ap_fixed<8, 4, 5, 3, 0>, ap_fixed<8, 4, 5, 3, 0>, config8>|  return value|
|p_read       |   in|    8|     ap_none|                                                                    p_read|        scalar|
|p_read1      |   in|    8|     ap_none|                                                                   p_read1|        scalar|
|p_read2      |   in|    8|     ap_none|                                                                   p_read2|        scalar|
|p_read3      |   in|    8|     ap_none|                                                                   p_read3|        scalar|
+-------------+-----+-----+------------+--------------------------------------------------------------------------+--------------+

