

================================================================
== Vitis HLS Report for 'dense_latency_ap_fixed_8_4_5_3_0_ap_fixed_8_4_5_3_0_config11_s'
================================================================
* Date:           Tue Mar 10 18:17:32 2026

* Version:        2022.2 (Build 3670227 on Oct 13 2022)
* Project:        myproject_prj
* Solution:       solution1 (Vivado IP Flow Target)
* Product family: zynq
* Target device:  xc7z020-clg484-1


================================================================
== Performance Estimates
================================================================
+ Timing: 
    * Summary: 
    +--------+---------+----------+------------+
    |  Clock |  Target | Estimated| Uncertainty|
    +--------+---------+----------+------------+
    |ap_clk  |  5.00 ns|  3.554 ns|     1.35 ns|
    +--------+---------+----------+------------+

+ Latency: 
    * Summary: 
    +---------+---------+----------+----------+-----+-----+---------+
    |  Latency (cycles) |  Latency (absolute) |  Interval | Pipeline|
    |   min   |   max   |    min   |    max   | min | max |   Type  |
    +---------+---------+----------+----------+-----+-----+---------+
    |        1|        1|  5.000 ns|  5.000 ns|    1|    1|      yes|
    +---------+---------+----------+----------+-----+-----+---------+

    + Detail: 
        * Instance: 
        N/A

        * Loop: 
        N/A



================================================================
== Utilization Estimates
================================================================
* Summary: 
+-----------------+---------+-----+--------+-------+-----+
|       Name      | BRAM_18K| DSP |   FF   |  LUT  | URAM|
+-----------------+---------+-----+--------+-------+-----+
|DSP              |        -|    -|       -|      -|    -|
|Expression       |        -|    -|       0|    117|    -|
|FIFO             |        -|    -|       -|      -|    -|
|Instance         |        -|    -|       -|      -|    -|
|Memory           |        -|    -|       -|      -|    -|
|Multiplexer      |        -|    -|       -|     56|    -|
|Register         |        -|    -|      73|      -|    -|
+-----------------+---------+-----+--------+-------+-----+
|Total            |        0|    0|      73|    173|    0|
+-----------------+---------+-----+--------+-------+-----+
|Available        |      280|  220|  106400|  53200|    0|
+-----------------+---------+-----+--------+-------+-----+
|Utilization (%)  |        0|    0|      ~0|     ~0|    0|
+-----------------+---------+-----+--------+-------+-----+

+ Detail: 
    * Instance: 
    N/A

    * DSP: 
    N/A

    * Memory: 
    N/A

    * FIFO: 
    N/A

    * Expression: 
    +------------------------+----------+----+---+----+------------+------------+
    |      Variable Name     | Operation| DSP| FF| LUT| Bitwidth P0| Bitwidth P1|
    +------------------------+----------+----+---+----+------------+------------+
    |add_ln813_30_fu_164_p2  |         +|   0|  0|  15|           8|           8|
    |add_ln813_31_fu_228_p2  |         +|   0|  0|  15|           8|           8|
    |add_ln813_fu_223_p2     |         +|   0|  0|  15|           8|           8|
    |r_V_30_fu_148_p2        |         +|   0|  0|  12|          11|          11|
    |r_V_27_fu_207_p2        |         -|   0|  0|  12|          11|          11|
    |r_V_28_fu_94_p2         |         -|   0|  0|  12|          11|          11|
    |r_V_29_fu_124_p2        |         -|   0|  0|  12|          11|          11|
    |r_V_fu_191_p2           |         -|   0|  0|  12|          11|          11|
    |sub_ln1273_fu_88_p2     |         -|   0|  0|  12|           1|          11|
    +------------------------+----------+----+---+----+------------+------------+
    |Total                   |          |   0|  0| 117|          80|          90|
    +------------------------+----------+----+---+----+------------+------------+

    * Multiplexer: 
    +-------------+----+-----------+-----+-----------+
    |     Name    | LUT| Input Size| Bits| Total Bits|
    +-------------+----+-----------+-----+-----------+
    |ap_return_0  |  14|          3|    8|         24|
    |ap_return_1  |  14|          3|    8|         24|
    |ap_return_2  |  14|          3|    8|         24|
    |ap_return_3  |  14|          3|    8|         24|
    +-------------+----+-----------+-----+-----------+
    |Total        |  56|         12|   32|         96|
    +-------------+----+-----------+-----+-----------+

    * Register: 
    +------------------------+---+----+-----+-----------+
    |          Name          | FF| LUT| Bits| Const Bits|
    +------------------------+---+----+-----+-----------+
    |add_ln813_30_reg_277    |  8|   0|    8|          0|
    |ap_ce_reg               |  1|   0|    1|          0|
    |ap_return_0_int_reg     |  8|   0|    8|          0|
    |ap_return_1_int_reg     |  8|   0|    8|          0|
    |ap_return_2_int_reg     |  8|   0|    8|          0|
    |ap_return_3_int_reg     |  8|   0|    8|          0|
    |p_read_18_reg_255       |  8|   0|    8|          0|
    |trunc_ln818_30_reg_262  |  8|   0|    8|          0|
    |trunc_ln818_32_reg_267  |  8|   0|    8|          0|
    |trunc_ln818_33_reg_272  |  8|   0|    8|          0|
    +------------------------+---+----+-----+-----------+
    |Total                   | 73|   0|   73|          0|
    +------------------------+---+----+-----+-----------+



================================================================
== Interface
================================================================
* Summary: 
+-------------+-----+-----+------------+---------------------------------------------------------------------------+--------------+
|  RTL Ports  | Dir | Bits|  Protocol  |                               Source Object                               |    C Type    |
+-------------+-----+-----+------------+---------------------------------------------------------------------------+--------------+
|ap_clk       |   in|    1|  ap_ctrl_hs|  dense_latency<ap_fixed<8, 4, 5, 3, 0>, ap_fixed<8, 4, 5, 3, 0>, config11>|  return value|
|ap_rst       |   in|    1|  ap_ctrl_hs|  dense_latency<ap_fixed<8, 4, 5, 3, 0>, ap_fixed<8, 4, 5, 3, 0>, config11>|  return value|
|ap_return_0  |  out|    8|  ap_ctrl_hs|  dense_latency<ap_fixed<8, 4, 5, 3, 0>, ap_fixed<8, 4, 5, 3, 0>, config11>|  return value|
|ap_return_1  |  out|    8|  ap_ctrl_hs|  dense_latency<ap_fixed<8, 4, 5, 3, 0>, ap_fixed<8, 4, 5, 3, 0>, config11>|  return value|
|ap_return_2  |  out|    8|  ap_ctrl_hs|  dense_latency<ap_fixed<8, 4, 5, 3, 0>, ap_fixed<8, 4, 5, 3, 0>, config11>|  return value|
|ap_return_3  |  out|    8|  ap_ctrl_hs|  dense_latency<ap_fixed<8, 4, 5, 3, 0>, ap_fixed<8, 4, 5, 3, 0>, config11>|  return value|
|ap_ce        |   in|    1|  ap_ctrl_hs|  dense_latency<ap_fixed<8, 4, 5, 3, 0>, ap_fixed<8, 4, 5, 3, 0>, config11>|  return value|
|p_read       |   in|    8|     ap_none|                                                                     p_read|        scalar|
|p_read1      |   in|    8|     ap_none|                                                                    p_read1|        scalar|
+-------------+-----+-----+------------+---------------------------------------------------------------------------+--------------+

