

================================================================
== Vitis HLS Report for 'dense_latency_ap_fixed_16_6_5_3_0_ap_fixed_8_4_5_3_0_config2_s'
================================================================
* Date:           Tue Mar 10 20:23:35 2026

* Version:        2022.2 (Build 3670227 on Oct 13 2022)
* Project:        myproject_prj
* Solution:       solution1 (Vivado IP Flow Target)
* Product family: zynq
* Target device:  xc7z020-clg484-1


================================================================
== Performance Estimates
================================================================
+ Timing: 
    * Summary: 
    +--------+----------+----------+------------+
    |  Clock |  Target  | Estimated| Uncertainty|
    +--------+----------+----------+------------+
    |ap_clk  |  10.00 ns|  7.661 ns|     1.25 ns|
    +--------+----------+----------+------------+

+ Latency: 
    * Summary: 
    +---------+---------+-----------+-----------+-----+-----+---------+
    |  Latency (cycles) |   Latency (absolute)  |  Interval | Pipeline|
    |   min   |   max   |    min    |    max    | min | max |   Type  |
    +---------+---------+-----------+-----------+-----+-----+---------+
    |        3|        3|  30.000 ns|  30.000 ns|    1|    1|      yes|
    +---------+---------+-----------+-----------+-----+-----+---------+

    + Detail: 
        * Instance: 
        N/A

        * Loop: 
        N/A



================================================================
== Utilization Estimates
================================================================
* Summary: 
+-----------------+---------+-----+--------+-------+-----+
|       Name      | BRAM_18K| DSP |   FF   |  LUT  | URAM|
+-----------------+---------+-----+--------+-------+-----+
|DSP              |        -|    -|       -|      -|    -|
|Expression       |        -|    -|       0|   8423|    -|
|FIFO             |        -|    -|       -|      -|    -|
|Instance         |        -|    -|       -|      -|    -|
|Memory           |        -|    -|       -|      -|    -|
|Multiplexer      |        -|    -|       -|     84|    -|
|Register         |        -|    -|    4751|      -|    -|
+-----------------+---------+-----+--------+-------+-----+
|Total            |        0|    0|    4751|   8507|    0|
+-----------------+---------+-----+--------+-------+-----+
|Available        |      280|  220|  106400|  53200|    0|
+-----------------+---------+-----+--------+-------+-----+
|Utilization (%)  |        0|    0|       4|     15|    0|
+-----------------+---------+-----+--------+-------+-----+

+ Detail: 
    * Instance: 
    N/A

    * DSP: 
    N/A

    * Memory: 
    N/A

    * FIFO: 
    N/A

    * Expression: 
    +---------------------------+----------+----+---+----+------------+------------+
    |       Variable Name       | Operation| DSP| FF| LUT| Bitwidth P0| Bitwidth P1|
    +---------------------------+----------+----+---+----+------------+------------+
    |add_ln813_100_fu_7778_p2   |         +|   0|  0|   8|           8|           8|
    |add_ln813_101_fu_7784_p2   |         +|   0|  0|   8|           8|           8|
    |add_ln813_102_fu_7790_p2   |         +|   0|  0|   8|           8|           8|
    |add_ln813_103_fu_7796_p2   |         +|   0|  0|  15|           8|           8|
    |add_ln813_104_fu_7802_p2   |         +|   0|  0|   8|           8|           8|
    |add_ln813_105_fu_7808_p2   |         +|   0|  0|   8|           8|           8|
    |add_ln813_106_fu_7814_p2   |         +|   0|  0|   8|           8|           8|
    |add_ln813_107_fu_7820_p2   |         +|   0|  0|   8|           8|           8|
    |add_ln813_108_fu_9608_p2   |         +|   0|  0|   8|           8|           8|
    |add_ln813_109_fu_7826_p2   |         +|   0|  0|  15|           8|           8|
    |add_ln813_110_fu_7832_p2   |         +|   0|  0|   8|           8|           8|
    |add_ln813_111_fu_7838_p2   |         +|   0|  0|   8|           8|           8|
    |add_ln813_112_fu_9612_p2   |         +|   0|  0|   8|           8|           8|
    |add_ln813_113_fu_7844_p2   |         +|   0|  0|  15|           8|           8|
    |add_ln813_114_fu_7850_p2   |         +|   0|  0|   8|           8|           8|
    |add_ln813_115_fu_7856_p2   |         +|   0|  0|   8|           8|           8|
    |add_ln813_116_fu_7862_p2   |         +|   0|  0|   8|           8|           8|
    |add_ln813_117_fu_7868_p2   |         +|   0|  0|   8|           8|           8|
    |add_ln813_118_fu_9616_p2   |         +|   0|  0|   8|           8|           8|
    |add_ln813_119_fu_9621_p2   |         +|   0|  0|   8|           8|           8|
    |add_ln813_120_fu_10283_p2  |         +|   0|  0|   8|           8|           8|
    |add_ln813_121_fu_10288_p2  |         +|   0|  0|   8|           8|           8|
    |add_ln813_122_fu_9627_p2   |         +|   0|  0|  15|           8|           8|
    |add_ln813_123_fu_9631_p2   |         +|   0|  0|   8|           8|           8|
    |add_ln813_124_fu_7874_p2   |         +|   0|  0|   8|           8|           8|
    |add_ln813_125_fu_7880_p2   |         +|   0|  0|   8|           8|           8|
    |add_ln813_126_fu_9636_p2   |         +|   0|  0|   8|           8|           8|
    |add_ln813_127_fu_9641_p2   |         +|   0|  0|  15|           8|           8|
    |add_ln813_128_fu_9645_p2   |         +|   0|  0|   8|           8|           8|
    |add_ln813_129_fu_7886_p2   |         +|   0|  0|   8|           8|           8|
    |add_ln813_130_fu_7892_p2   |         +|   0|  0|   8|           8|           8|
    |add_ln813_131_fu_9650_p2   |         +|   0|  0|   8|           8|           8|
    |add_ln813_132_fu_10294_p2  |         +|   0|  0|   8|           8|           8|
    |add_ln813_133_fu_7898_p2   |         +|   0|  0|   8|           8|           8|
    |add_ln813_134_fu_7904_p2   |         +|   0|  0|   8|           8|           8|
    |add_ln813_135_fu_7910_p2   |         +|   0|  0|   8|           8|           8|
    |add_ln813_136_fu_7916_p2   |         +|   0|  0|   8|           8|           8|
    |add_ln813_137_fu_9655_p2   |         +|   0|  0|   8|           8|           8|
    |add_ln813_138_fu_7922_p2   |         +|   0|  0|  15|           8|           8|
    |add_ln813_139_fu_9659_p2   |         +|   0|  0|   8|           8|           8|
    |add_ln813_140_fu_7928_p2   |         +|   0|  0|   8|           8|           8|
    |add_ln813_141_fu_7934_p2   |         +|   0|  0|   8|           8|           8|
    |add_ln813_142_fu_9663_p2   |         +|   0|  0|   8|           8|           8|
    |add_ln813_143_fu_9668_p2   |         +|   0|  0|   8|           8|           8|
    |add_ln813_144_fu_10298_p2  |         +|   0|  0|   8|           8|           8|
    |add_ln813_145_fu_7940_p2   |         +|   0|  0|  15|           8|           8|
    |add_ln813_146_fu_9674_p2   |         +|   0|  0|   8|           8|           8|
    |add_ln813_147_fu_7946_p2   |         +|   0|  0|   8|           8|           8|
    |add_ln813_148_fu_7952_p2   |         +|   0|  0|   8|           8|           8|
    |add_ln813_149_fu_9678_p2   |         +|   0|  0|   8|           8|           8|
    |add_ln813_150_fu_9683_p2   |         +|   0|  0|  15|           8|           8|
    |add_ln813_151_fu_9687_p2   |         +|   0|  0|   8|           8|           8|
    |add_ln813_152_fu_9692_p2   |         +|   0|  0|   8|           8|           8|
    |add_ln813_153_fu_9696_p2   |         +|   0|  0|   8|           8|           8|
    |add_ln813_154_fu_9701_p2   |         +|   0|  0|   8|           8|           8|
    |add_ln813_155_fu_10303_p2  |         +|   0|  0|   8|           8|           8|
    |add_ln813_156_fu_7958_p2   |         +|   0|  0|   8|           8|           8|
    |add_ln813_157_fu_7964_p2   |         +|   0|  0|   8|           8|           8|
    |add_ln813_158_fu_7970_p2   |         +|   0|  0|  15|           8|           8|
    |add_ln813_159_fu_7976_p2   |         +|   0|  0|  15|           8|           8|
    |add_ln813_160_fu_9707_p2   |         +|   0|  0|   8|           8|           8|
    |add_ln813_161_fu_7982_p2   |         +|   0|  0|  15|           8|           8|
    |add_ln813_162_fu_9711_p2   |         +|   0|  0|   8|           8|           8|
    |add_ln813_163_fu_7988_p2   |         +|   0|  0|   8|           8|           8|
    |add_ln813_164_fu_7994_p2   |         +|   0|  0|  15|           8|           8|
    |add_ln813_165_fu_8000_p2   |         +|   0|  0|   8|           8|           8|
    |add_ln813_166_fu_9715_p2   |         +|   0|  0|   8|           8|           8|
    |add_ln813_167_fu_9720_p2   |         +|   0|  0|   8|           8|           8|
    |add_ln813_168_fu_10307_p2  |         +|   0|  0|   8|           8|           8|
    |add_ln813_169_fu_10485_p2  |         +|   0|  0|   8|           8|           8|
    |add_ln813_170_fu_8006_p2   |         +|   0|  0|   8|           8|           8|
    |add_ln813_171_fu_8012_p2   |         +|   0|  0|   8|           8|           8|
    |add_ln813_172_fu_8018_p2   |         +|   0|  0|   8|           8|           8|
    |add_ln813_173_fu_8024_p2   |         +|   0|  0|   8|           8|           8|
    |add_ln813_174_fu_9726_p2   |         +|   0|  0|   8|           8|           8|
    |add_ln813_175_fu_8030_p2   |         +|   0|  0|   8|           8|           8|
    |add_ln813_176_fu_8036_p2   |         +|   0|  0|   8|           8|           8|
    |add_ln813_177_fu_8042_p2   |         +|   0|  0|   8|           8|           8|
    |add_ln813_178_fu_8048_p2   |         +|   0|  0|   8|           8|           8|
    |add_ln813_179_fu_9730_p2   |         +|   0|  0|   8|           8|           8|
    |add_ln813_180_fu_8054_p2   |         +|   0|  0|   8|           8|           8|
    |add_ln813_181_fu_8060_p2   |         +|   0|  0|   8|           8|           8|
    |add_ln813_182_fu_8066_p2   |         +|   0|  0|   8|           8|           8|
    |add_ln813_183_fu_8072_p2   |         +|   0|  0|   8|           8|           8|
    |add_ln813_184_fu_9735_p2   |         +|   0|  0|   8|           8|           8|
    |add_ln813_185_fu_8078_p2   |         +|   0|  0|  15|           8|           8|
    |add_ln813_186_fu_8084_p2   |         +|   0|  0|   8|           8|           8|
    |add_ln813_187_fu_8090_p2   |         +|   0|  0|   8|           8|           8|
    |add_ln813_188_fu_8096_p2   |         +|   0|  0|   8|           8|           8|
    |add_ln813_189_fu_8102_p2   |         +|   0|  0|   8|           8|           8|
    |add_ln813_190_fu_9739_p2   |         +|   0|  0|   8|           8|           8|
    |add_ln813_191_fu_10312_p2  |         +|   0|  0|   8|           8|           8|
    |add_ln813_192_fu_8108_p2   |         +|   0|  0|  15|           8|           8|
    |add_ln813_193_fu_8114_p2   |         +|   0|  0|   8|           8|           8|
    |add_ln813_194_fu_8120_p2   |         +|   0|  0|   8|           8|           8|
    |add_ln813_195_fu_8126_p2   |         +|   0|  0|   8|           8|           8|
    |add_ln813_196_fu_8132_p2   |         +|   0|  0|   8|           8|           8|
    |add_ln813_197_fu_8138_p2   |         +|   0|  0|  15|           8|           8|
    |add_ln813_198_fu_8144_p2   |         +|   0|  0|   8|           8|           8|
    |add_ln813_199_fu_8150_p2   |         +|   0|  0|   8|           8|           8|
    |add_ln813_200_fu_8156_p2   |         +|   0|  0|   8|           8|           8|
    |add_ln813_201_fu_8162_p2   |         +|   0|  0|   8|           8|           8|
    |add_ln813_202_fu_10316_p2  |         +|   0|  0|   8|           8|           8|
    |add_ln813_203_fu_8168_p2   |         +|   0|  0|   8|           8|           8|
    |add_ln813_204_fu_8174_p2   |         +|   0|  0|   8|           8|           8|
    |add_ln813_205_fu_8180_p2   |         +|   0|  0|   8|           8|           8|
    |add_ln813_206_fu_8186_p2   |         +|   0|  0|   8|           8|           8|
    |add_ln813_207_fu_9744_p2   |         +|   0|  0|   8|           8|           8|
    |add_ln813_208_fu_8192_p2   |         +|   0|  0|  15|           8|           8|
    |add_ln813_209_fu_9748_p2   |         +|   0|  0|   8|           8|           8|
    |add_ln813_210_fu_8198_p2   |         +|   0|  0|   8|           8|           8|
    |add_ln813_211_fu_8204_p2   |         +|   0|  0|  15|           8|           8|
    |add_ln813_212_fu_8210_p2   |         +|   0|  0|   8|           8|           8|
    |add_ln813_213_fu_9752_p2   |         +|   0|  0|   8|           8|           8|
    |add_ln813_214_fu_9757_p2   |         +|   0|  0|   8|           8|           8|
    |add_ln813_215_fu_10320_p2  |         +|   0|  0|   8|           8|           8|
    |add_ln813_216_fu_10325_p2  |         +|   0|  0|   8|           8|           8|
    |add_ln813_217_fu_10489_p2  |         +|   0|  0|   8|           8|           8|
    |add_ln813_218_fu_9763_p2   |         +|   0|  0|   8|           8|           8|
    |add_ln813_219_fu_8216_p2   |         +|   0|  0|   8|           8|           8|
    |add_ln813_220_fu_8222_p2   |         +|   0|  0|   8|           8|           8|
    |add_ln813_221_fu_9767_p2   |         +|   0|  0|   8|           8|           8|
    |add_ln813_222_fu_9772_p2   |         +|   0|  0|  15|           8|           8|
    |add_ln813_223_fu_9776_p2   |         +|   0|  0|   8|           8|           8|
    |add_ln813_224_fu_8228_p2   |         +|   0|  0|   8|           8|           8|
    |add_ln813_225_fu_8234_p2   |         +|   0|  0|   8|           8|           8|
    |add_ln813_226_fu_9781_p2   |         +|   0|  0|   8|           8|           8|
    |add_ln813_227_fu_10331_p2  |         +|   0|  0|   8|           8|           8|
    |add_ln813_228_fu_8240_p2   |         +|   0|  0|   8|           8|           8|
    |add_ln813_229_fu_8246_p2   |         +|   0|  0|   8|           8|           8|
    |add_ln813_230_fu_8252_p2   |         +|   0|  0|   8|           8|           8|
    |add_ln813_231_fu_8258_p2   |         +|   0|  0|   8|           8|           8|
    |add_ln813_232_fu_9786_p2   |         +|   0|  0|   8|           8|           8|
    |add_ln813_233_fu_8264_p2   |         +|   0|  0|  15|           8|           8|
    |add_ln813_234_fu_9790_p2   |         +|   0|  0|   8|           8|           8|
    |add_ln813_235_fu_8270_p2   |         +|   0|  0|   8|           8|           8|
    |add_ln813_236_fu_8276_p2   |         +|   0|  0|   8|           8|           8|
    |add_ln813_237_fu_9794_p2   |         +|   0|  0|   8|           8|           8|
    |add_ln813_238_fu_9799_p2   |         +|   0|  0|   8|           8|           8|
    |add_ln813_239_fu_10335_p2  |         +|   0|  0|   8|           8|           8|
    |add_ln813_240_fu_9805_p2   |         +|   0|  0|   8|           8|           8|
    |add_ln813_241_fu_8282_p2   |         +|   0|  0|   8|           8|           8|
    |add_ln813_242_fu_8288_p2   |         +|   0|  0|   8|           8|           8|
    |add_ln813_243_fu_9809_p2   |         +|   0|  0|   8|           8|           8|
    |add_ln813_244_fu_9814_p2   |         +|   0|  0|  15|           8|           8|
    |add_ln813_245_fu_9818_p2   |         +|   0|  0|   8|           8|           8|
    |add_ln813_246_fu_8294_p2   |         +|   0|  0|   8|           8|           8|
    |add_ln813_247_fu_8300_p2   |         +|   0|  0|   8|           8|           8|
    |add_ln813_248_fu_9823_p2   |         +|   0|  0|   8|           8|           8|
    |add_ln813_249_fu_10340_p2  |         +|   0|  0|   8|           8|           8|
    |add_ln813_250_fu_8306_p2   |         +|   0|  0|   8|           8|           8|
    |add_ln813_251_fu_8312_p2   |         +|   0|  0|   8|           8|           8|
    |add_ln813_252_fu_8318_p2   |         +|   0|  0|  15|           8|           8|
    |add_ln813_253_fu_9828_p2   |         +|   0|  0|   8|           8|           8|
    |add_ln813_254_fu_8324_p2   |         +|   0|  0|  15|           8|           8|
    |add_ln813_255_fu_9832_p2   |         +|   0|  0|   8|           8|           8|
    |add_ln813_256_fu_8330_p2   |         +|   0|  0|   8|           8|           8|
    |add_ln813_257_fu_8336_p2   |         +|   0|  0|   8|           8|           8|
    |add_ln813_258_fu_9836_p2   |         +|   0|  0|   8|           8|           8|
    |add_ln813_259_fu_9841_p2   |         +|   0|  0|   8|           8|           8|
    |add_ln813_260_fu_10344_p2  |         +|   0|  0|   8|           8|           8|
    |add_ln813_261_fu_10349_p2  |         +|   0|  0|   8|           8|           8|
    |add_ln813_262_fu_8342_p2   |         +|   0|  0|  15|           8|           8|
    |add_ln813_263_fu_8348_p2   |         +|   0|  0|   8|           8|           8|
    |add_ln813_264_fu_8354_p2   |         +|   0|  0|   8|           8|           8|
    |add_ln813_265_fu_9847_p2   |         +|   0|  0|   8|           8|           8|
    |add_ln813_266_fu_8360_p2   |         +|   0|  0|  15|           8|           8|
    |add_ln813_267_fu_8366_p2   |         +|   0|  0|   8|           8|           8|
    |add_ln813_268_fu_8372_p2   |         +|   0|  0|   8|           8|           8|
    |add_ln813_269_fu_8378_p2   |         +|   0|  0|   8|           8|           8|
    |add_ln813_270_fu_8384_p2   |         +|   0|  0|   8|           8|           8|
    |add_ln813_271_fu_9851_p2   |         +|   0|  0|   8|           8|           8|
    |add_ln813_272_fu_8390_p2   |         +|   0|  0|   8|           8|           8|
    |add_ln813_273_fu_8396_p2   |         +|   0|  0|   8|           8|           8|
    |add_ln813_274_fu_8402_p2   |         +|   0|  0|   8|           8|           8|
    |add_ln813_275_fu_8408_p2   |         +|   0|  0|   8|           8|           8|
    |add_ln813_276_fu_9856_p2   |         +|   0|  0|   8|           8|           8|
    |add_ln813_277_fu_8414_p2   |         +|   0|  0|  15|           8|           8|
    |add_ln813_278_fu_8420_p2   |         +|   0|  0|   8|           8|           8|
    |add_ln813_279_fu_8426_p2   |         +|   0|  0|   8|           8|           8|
    |add_ln813_280_fu_8432_p2   |         +|   0|  0|   8|           8|           8|
    |add_ln813_281_fu_8438_p2   |         +|   0|  0|   8|           8|           8|
    |add_ln813_282_fu_9860_p2   |         +|   0|  0|   8|           8|           8|
    |add_ln813_283_fu_10355_p2  |         +|   0|  0|   8|           8|           8|
    |add_ln813_284_fu_8444_p2   |         +|   0|  0|   8|           8|           8|
    |add_ln813_285_fu_8450_p2   |         +|   0|  0|   8|           8|           8|
    |add_ln813_286_fu_8456_p2   |         +|   0|  0|   8|           8|           8|
    |add_ln813_287_fu_8462_p2   |         +|   0|  0|   8|           8|           8|
    |add_ln813_288_fu_8468_p2   |         +|   0|  0|  15|           8|           8|
    |add_ln813_289_fu_8474_p2   |         +|   0|  0|   8|           8|           8|
    |add_ln813_290_fu_8480_p2   |         +|   0|  0|   8|           8|           8|
    |add_ln813_291_fu_8486_p2   |         +|   0|  0|   8|           8|           8|
    |add_ln813_292_fu_8492_p2   |         +|   0|  0|   8|           8|           8|
    |add_ln813_293_fu_9865_p2   |         +|   0|  0|   8|           8|           8|
    |add_ln813_294_fu_8498_p2   |         +|   0|  0|   8|           8|           8|
    |add_ln813_295_fu_8504_p2   |         +|   0|  0|   8|           8|           8|
    |add_ln813_296_fu_8510_p2   |         +|   0|  0|   8|           8|           8|
    |add_ln813_297_fu_8516_p2   |         +|   0|  0|   8|           8|           8|
    |add_ln813_298_fu_9869_p2   |         +|   0|  0|   8|           8|           8|
    |add_ln813_299_fu_8522_p2   |         +|   0|  0|  15|           8|           8|
    |add_ln813_300_fu_8528_p2   |         +|   0|  0|   8|           8|           8|
    |add_ln813_301_fu_8534_p2   |         +|   0|  0|   8|           8|           8|
    |add_ln813_302_fu_8540_p2   |         +|   0|  0|   8|           8|           8|
    |add_ln813_303_fu_8546_p2   |         +|   0|  0|   8|           8|           8|
    |add_ln813_304_fu_9873_p2   |         +|   0|  0|   8|           8|           8|
    |add_ln813_305_fu_9878_p2   |         +|   0|  0|   8|           8|           8|
    |add_ln813_306_fu_10359_p2  |         +|   0|  0|   8|           8|           8|
    |add_ln813_307_fu_10364_p2  |         +|   0|  0|   8|           8|           8|
    |add_ln813_308_fu_8552_p2   |         +|   0|  0|  15|           8|           8|
    |add_ln813_309_fu_8558_p2   |         +|   0|  0|   8|           8|           8|
    |add_ln813_310_fu_8564_p2   |         +|   0|  0|   8|           8|           8|
    |add_ln813_311_fu_8570_p2   |         +|   0|  0|   8|           8|           8|
    |add_ln813_312_fu_8576_p2   |         +|   0|  0|   8|           8|           8|
    |add_ln813_313_fu_8582_p2   |         +|   0|  0|  15|           8|           8|
    |add_ln813_314_fu_9884_p2   |         +|   0|  0|   8|           8|           8|
    |add_ln813_315_fu_8588_p2   |         +|   0|  0|   8|           8|           8|
    |add_ln813_316_fu_8594_p2   |         +|   0|  0|   8|           8|           8|
    |add_ln813_317_fu_9888_p2   |         +|   0|  0|   8|           8|           8|
    |add_ln813_318_fu_10370_p2  |         +|   0|  0|   8|           8|           8|
    |add_ln813_319_fu_8600_p2   |         +|   0|  0|   8|           8|           8|
    |add_ln813_320_fu_8606_p2   |         +|   0|  0|   8|           8|           8|
    |add_ln813_321_fu_8612_p2   |         +|   0|  0|   8|           8|           8|
    |add_ln813_322_fu_8618_p2   |         +|   0|  0|   8|           8|           8|
    |add_ln813_323_fu_9893_p2   |         +|   0|  0|   8|           8|           8|
    |add_ln813_324_fu_8624_p2   |         +|   0|  0|  15|           8|           8|
    |add_ln813_325_fu_9897_p2   |         +|   0|  0|   8|           8|           8|
    |add_ln813_326_fu_8630_p2   |         +|   0|  0|   8|           8|           8|
    |add_ln813_327_fu_8636_p2   |         +|   0|  0|  15|           8|           8|
    |add_ln813_328_fu_8642_p2   |         +|   0|  0|   8|           8|           8|
    |add_ln813_329_fu_9901_p2   |         +|   0|  0|   8|           8|           8|
    |add_ln813_330_fu_9906_p2   |         +|   0|  0|   8|           8|           8|
    |add_ln813_331_fu_10374_p2  |         +|   0|  0|   8|           8|           8|
    |add_ln813_332_fu_8648_p2   |         +|   0|  0|  15|           8|           8|
    |add_ln813_333_fu_9912_p2   |         +|   0|  0|   8|           8|           8|
    |add_ln813_334_fu_8654_p2   |         +|   0|  0|  15|           8|           8|
    |add_ln813_335_fu_8660_p2   |         +|   0|  0|  15|           8|           8|
    |add_ln813_336_fu_9916_p2   |         +|   0|  0|   8|           8|           8|
    |add_ln813_337_fu_8666_p2   |         +|   0|  0|  15|           8|           8|
    |add_ln813_338_fu_9921_p2   |         +|   0|  0|   8|           8|           8|
    |add_ln813_339_fu_8672_p2   |         +|   0|  0|   8|           8|           8|
    |add_ln813_340_fu_8678_p2   |         +|   0|  0|  15|           8|           8|
    |add_ln813_341_fu_8684_p2   |         +|   0|  0|   8|           8|           8|
    |add_ln813_342_fu_9925_p2   |         +|   0|  0|   8|           8|           8|
    |add_ln813_343_fu_10379_p2  |         +|   0|  0|   8|           8|           8|
    |add_ln813_344_fu_9930_p2   |         +|   0|  0|  15|           8|           8|
    |add_ln813_345_fu_8690_p2   |         +|   0|  0|   8|           8|           8|
    |add_ln813_346_fu_8696_p2   |         +|   0|  0|   8|           8|           8|
    |add_ln813_347_fu_9934_p2   |         +|   0|  0|   8|           8|           8|
    |add_ln813_348_fu_8702_p2   |         +|   0|  0|  15|           8|           8|
    |add_ln813_349_fu_9939_p2   |         +|   0|  0|   8|           8|           8|
    |add_ln813_350_fu_8708_p2   |         +|   0|  0|   8|           8|           8|
    |add_ln813_351_fu_8714_p2   |         +|   0|  0|  15|           8|           8|
    |add_ln813_352_fu_8720_p2   |         +|   0|  0|   8|           8|           8|
    |add_ln813_353_fu_9943_p2   |         +|   0|  0|   8|           8|           8|
    |add_ln813_354_fu_9948_p2   |         +|   0|  0|   8|           8|           8|
    |add_ln813_355_fu_10383_p2  |         +|   0|  0|   8|           8|           8|
    |add_ln813_356_fu_10494_p2  |         +|   0|  0|   8|           8|           8|
    |add_ln813_357_fu_8726_p2   |         +|   0|  0|   8|           8|           8|
    |add_ln813_358_fu_8732_p2   |         +|   0|  0|   8|           8|           8|
    |add_ln813_359_fu_8738_p2   |         +|   0|  0|  15|           8|           8|
    |add_ln813_360_fu_9954_p2   |         +|   0|  0|   8|           8|           8|
    |add_ln813_361_fu_9958_p2   |         +|   0|  0|   8|           8|           8|
    |add_ln813_362_fu_8744_p2   |         +|   0|  0|   8|           8|           8|
    |add_ln813_363_fu_8750_p2   |         +|   0|  0|  15|           8|           8|
    |add_ln813_364_fu_8756_p2   |         +|   0|  0|   8|           8|           8|
    |add_ln813_365_fu_9963_p2   |         +|   0|  0|   8|           8|           8|
    |add_ln813_366_fu_9968_p2   |         +|   0|  0|   8|           8|           8|
    |add_ln813_367_fu_8762_p2   |         +|   0|  0|   8|           8|           8|
    |add_ln813_368_fu_8768_p2   |         +|   0|  0|   8|           8|           8|
    |add_ln813_369_fu_8774_p2   |         +|   0|  0|   8|           8|           8|
    |add_ln813_370_fu_8780_p2   |         +|   0|  0|   8|           8|           8|
    |add_ln813_371_fu_9974_p2   |         +|   0|  0|   8|           8|           8|
    |add_ln813_372_fu_8786_p2   |         +|   0|  0|  15|           8|           8|
    |add_ln813_373_fu_9978_p2   |         +|   0|  0|   8|           8|           8|
    |add_ln813_374_fu_8792_p2   |         +|   0|  0|   8|           8|           8|
    |add_ln813_375_fu_8798_p2   |         +|   0|  0|  15|           8|           8|
    |add_ln813_376_fu_8804_p2   |         +|   0|  0|   8|           8|           8|
    |add_ln813_377_fu_9982_p2   |         +|   0|  0|   8|           8|           8|
    |add_ln813_378_fu_9987_p2   |         +|   0|  0|   8|           8|           8|
    |add_ln813_379_fu_10388_p2  |         +|   0|  0|   8|           8|           8|
    |add_ln813_37_fu_9506_p2    |         +|   0|  0|   8|           8|           8|
    |add_ln813_380_fu_8810_p2   |         +|   0|  0|  15|           8|           8|
    |add_ln813_381_fu_8816_p2   |         +|   0|  0|   8|           8|           8|
    |add_ln813_382_fu_8822_p2   |         +|   0|  0|   8|           8|           8|
    |add_ln813_383_fu_8828_p2   |         +|   0|  0|   8|           8|           8|
    |add_ln813_384_fu_8834_p2   |         +|   0|  0|   8|           8|           8|
    |add_ln813_385_fu_8840_p2   |         +|   0|  0|  15|           8|           8|
    |add_ln813_386_fu_9993_p2   |         +|   0|  0|   8|           8|           8|
    |add_ln813_387_fu_8846_p2   |         +|   0|  0|   8|           8|           8|
    |add_ln813_388_fu_8852_p2   |         +|   0|  0|  15|           8|           8|
    |add_ln813_389_fu_8858_p2   |         +|   0|  0|   8|           8|           8|
    |add_ln813_38_fu_7568_p2    |         +|   0|  0|   8|           8|           8|
    |add_ln813_390_fu_9997_p2   |         +|   0|  0|   8|           8|           8|
    |add_ln813_391_fu_10392_p2  |         +|   0|  0|   8|           8|           8|
    |add_ln813_392_fu_8864_p2   |         +|   0|  0|   8|           8|           8|
    |add_ln813_393_fu_8870_p2   |         +|   0|  0|   8|           8|           8|
    |add_ln813_394_fu_8876_p2   |         +|   0|  0|   8|           8|           8|
    |add_ln813_395_fu_8882_p2   |         +|   0|  0|   8|           8|           8|
    |add_ln813_396_fu_10002_p2  |         +|   0|  0|   8|           8|           8|
    |add_ln813_397_fu_8888_p2   |         +|   0|  0|  15|           8|           8|
    |add_ln813_398_fu_10006_p2  |         +|   0|  0|   8|           8|           8|
    |add_ln813_399_fu_8894_p2   |         +|   0|  0|   8|           8|           8|
    |add_ln813_39_fu_7574_p2    |         +|   0|  0|   8|           8|           8|
    |add_ln813_400_fu_8900_p2   |         +|   0|  0|   8|           8|           8|
    |add_ln813_401_fu_10011_p2  |         +|   0|  0|   8|           8|           8|
    |add_ln813_402_fu_10016_p2  |         +|   0|  0|   8|           8|           8|
    |add_ln813_403_fu_10396_p2  |         +|   0|  0|   8|           8|           8|
    |add_ln813_404_fu_10401_p2  |         +|   0|  0|   8|           8|           8|
    |add_ln813_405_fu_10498_p2  |         +|   0|  0|   8|           8|           8|
    |add_ln813_406_fu_10022_p2  |         +|   0|  0|   8|           8|           8|
    |add_ln813_407_fu_8906_p2   |         +|   0|  0|   8|           8|           8|
    |add_ln813_408_fu_8912_p2   |         +|   0|  0|   8|           8|           8|
    |add_ln813_409_fu_10026_p2  |         +|   0|  0|   8|           8|           8|
    |add_ln813_40_fu_9510_p2    |         +|   0|  0|   8|           8|           8|
    |add_ln813_410_fu_10031_p2  |         +|   0|  0|  15|           8|           8|
    |add_ln813_411_fu_10035_p2  |         +|   0|  0|   8|           8|           8|
    |add_ln813_412_fu_8918_p2   |         +|   0|  0|   8|           8|           8|
    |add_ln813_413_fu_8924_p2   |         +|   0|  0|   8|           8|           8|
    |add_ln813_414_fu_10040_p2  |         +|   0|  0|   8|           8|           8|
    |add_ln813_415_fu_10407_p2  |         +|   0|  0|   8|           8|           8|
    |add_ln813_416_fu_8930_p2   |         +|   0|  0|  15|           8|           8|
    |add_ln813_417_fu_8936_p2   |         +|   0|  0|   8|           8|           8|
    |add_ln813_418_fu_8942_p2   |         +|   0|  0|   8|           8|           8|
    |add_ln813_419_fu_10045_p2  |         +|   0|  0|   8|           8|           8|
    |add_ln813_41_fu_9515_p2    |         +|   0|  0|   8|           8|           8|
    |add_ln813_420_fu_8948_p2   |         +|   0|  0|  15|           8|           8|
    |add_ln813_421_fu_10049_p2  |         +|   0|  0|   8|           8|           8|
    |add_ln813_422_fu_8954_p2   |         +|   0|  0|   8|           8|           8|
    |add_ln813_423_fu_8960_p2   |         +|   0|  0|   8|           8|           8|
    |add_ln813_424_fu_10053_p2  |         +|   0|  0|   8|           8|           8|
    |add_ln813_425_fu_10058_p2  |         +|   0|  0|   8|           8|           8|
    |add_ln813_426_fu_10411_p2  |         +|   0|  0|   8|           8|           8|
    |add_ln813_427_fu_10064_p2  |         +|   0|  0|   8|           8|           8|
    |add_ln813_428_fu_10068_p2  |         +|   0|  0|   8|           8|           8|
    |add_ln813_429_fu_10072_p2  |         +|   0|  0|   8|           8|           8|
    |add_ln813_42_fu_7580_p2    |         +|   0|  0|   8|           8|           8|
    |add_ln813_430_fu_10077_p2  |         +|   0|  0|   8|           8|           8|
    |add_ln813_431_fu_10083_p2  |         +|   0|  0|   8|           8|           8|
    |add_ln813_432_fu_8966_p2   |         +|   0|  0|  15|           8|           8|
    |add_ln813_433_fu_10087_p2  |         +|   0|  0|   8|           8|           8|
    |add_ln813_434_fu_10416_p2  |         +|   0|  0|   8|           8|           8|
    |add_ln813_435_fu_8972_p2   |         +|   0|  0|   8|           8|           8|
    |add_ln813_436_fu_8978_p2   |         +|   0|  0|   8|           8|           8|
    |add_ln813_437_fu_8984_p2   |         +|   0|  0|   8|           8|           8|
    |add_ln813_438_fu_8990_p2   |         +|   0|  0|   8|           8|           8|
    |add_ln813_439_fu_10092_p2  |         +|   0|  0|   8|           8|           8|
    |add_ln813_43_fu_7586_p2    |         +|   0|  0|   8|           8|           8|
    |add_ln813_440_fu_8996_p2   |         +|   0|  0|  15|           8|           8|
    |add_ln813_441_fu_10096_p2  |         +|   0|  0|   8|           8|           8|
    |add_ln813_442_fu_9002_p2   |         +|   0|  0|   8|           8|           8|
    |add_ln813_443_fu_9008_p2   |         +|   0|  0|   8|           8|           8|
    |add_ln813_444_fu_10100_p2  |         +|   0|  0|   8|           8|           8|
    |add_ln813_445_fu_10105_p2  |         +|   0|  0|   8|           8|           8|
    |add_ln813_446_fu_10420_p2  |         +|   0|  0|   8|           8|           8|
    |add_ln813_447_fu_10425_p2  |         +|   0|  0|   8|           8|           8|
    |add_ln813_448_fu_9014_p2   |         +|   0|  0|  15|           8|           8|
    |add_ln813_449_fu_9020_p2   |         +|   0|  0|   8|           8|           8|
    |add_ln813_44_fu_9519_p2    |         +|   0|  0|   8|           8|           8|
    |add_ln813_450_fu_9026_p2   |         +|   0|  0|   8|           8|           8|
    |add_ln813_451_fu_10111_p2  |         +|   0|  0|   8|           8|           8|
    |add_ln813_452_fu_9032_p2   |         +|   0|  0|  15|           8|           8|
    |add_ln813_453_fu_9038_p2   |         +|   0|  0|   8|           8|           8|
    |add_ln813_454_fu_9044_p2   |         +|   0|  0|   8|           8|           8|
    |add_ln813_455_fu_9050_p2   |         +|   0|  0|   8|           8|           8|
    |add_ln813_456_fu_9056_p2   |         +|   0|  0|   8|           8|           8|
    |add_ln813_457_fu_10115_p2  |         +|   0|  0|   8|           8|           8|
    |add_ln813_458_fu_9062_p2   |         +|   0|  0|  15|           8|           8|
    |add_ln813_459_fu_9068_p2   |         +|   0|  0|   8|           8|           8|
    |add_ln813_45_fu_10255_p2   |         +|   0|  0|   8|           8|           8|
    |add_ln813_460_fu_9074_p2   |         +|   0|  0|   8|           8|           8|
    |add_ln813_461_fu_10120_p2  |         +|   0|  0|   8|           8|           8|
    |add_ln813_462_fu_9080_p2   |         +|   0|  0|  15|           8|           8|
    |add_ln813_463_fu_9086_p2   |         +|   0|  0|   8|           8|           8|
    |add_ln813_464_fu_9092_p2   |         +|   0|  0|   8|           8|           8|
    |add_ln813_465_fu_9098_p2   |         +|   0|  0|   8|           8|           8|
    |add_ln813_466_fu_9104_p2   |         +|   0|  0|   8|           8|           8|
    |add_ln813_467_fu_10124_p2  |         +|   0|  0|   8|           8|           8|
    |add_ln813_468_fu_10431_p2  |         +|   0|  0|   8|           8|           8|
    |add_ln813_469_fu_9110_p2   |         +|   0|  0|   8|           8|           8|
    |add_ln813_46_fu_9524_p2    |         +|   0|  0|  15|           8|           8|
    |add_ln813_470_fu_9116_p2   |         +|   0|  0|   8|           8|           8|
    |add_ln813_471_fu_9122_p2   |         +|   0|  0|   8|           8|           8|
    |add_ln813_472_fu_9128_p2   |         +|   0|  0|   8|           8|           8|
    |add_ln813_473_fu_9134_p2   |         +|   0|  0|  15|           8|           8|
    |add_ln813_474_fu_9140_p2   |         +|   0|  0|   8|           8|           8|
    |add_ln813_475_fu_9146_p2   |         +|   0|  0|   8|           8|           8|
    |add_ln813_476_fu_9152_p2   |         +|   0|  0|   8|           8|           8|
    |add_ln813_477_fu_9158_p2   |         +|   0|  0|   8|           8|           8|
    |add_ln813_478_fu_10129_p2  |         +|   0|  0|   8|           8|           8|
    |add_ln813_479_fu_9164_p2   |         +|   0|  0|   8|           8|           8|
    |add_ln813_47_fu_7592_p2    |         +|   0|  0|  15|           8|           8|
    |add_ln813_480_fu_9170_p2   |         +|   0|  0|   8|           8|           8|
    |add_ln813_481_fu_9176_p2   |         +|   0|  0|   8|           8|           8|
    |add_ln813_482_fu_9182_p2   |         +|   0|  0|   8|           8|           8|
    |add_ln813_483_fu_10133_p2  |         +|   0|  0|   8|           8|           8|
    |add_ln813_484_fu_9188_p2   |         +|   0|  0|  15|           8|           8|
    |add_ln813_485_fu_9194_p2   |         +|   0|  0|   8|           8|           8|
    |add_ln813_486_fu_9200_p2   |         +|   0|  0|   8|           8|           8|
    |add_ln813_487_fu_9206_p2   |         +|   0|  0|   8|           8|           8|
    |add_ln813_488_fu_9212_p2   |         +|   0|  0|   8|           8|           8|
    |add_ln813_489_fu_10137_p2  |         +|   0|  0|   8|           8|           8|
    |add_ln813_48_fu_9528_p2    |         +|   0|  0|  15|           8|           8|
    |add_ln813_490_fu_10142_p2  |         +|   0|  0|   8|           8|           8|
    |add_ln813_491_fu_10435_p2  |         +|   0|  0|   8|           8|           8|
    |add_ln813_492_fu_10440_p2  |         +|   0|  0|   8|           8|           8|
    |add_ln813_493_fu_10148_p2  |         +|   0|  0|   8|           8|           8|
    |add_ln813_494_fu_9218_p2   |         +|   0|  0|   8|           8|           8|
    |add_ln813_495_fu_9224_p2   |         +|   0|  0|   8|           8|           8|
    |add_ln813_496_fu_10152_p2  |         +|   0|  0|   8|           8|           8|
    |add_ln813_497_fu_10157_p2  |         +|   0|  0|   8|           8|           8|
    |add_ln813_498_fu_9230_p2   |         +|   0|  0|   8|           8|           8|
    |add_ln813_499_fu_9236_p2   |         +|   0|  0|   8|           8|           8|
    |add_ln813_49_fu_9532_p2    |         +|   0|  0|   8|           8|           8|
    |add_ln813_500_fu_10161_p2  |         +|   0|  0|   8|           8|           8|
    |add_ln813_501_fu_10446_p2  |         +|   0|  0|   8|           8|           8|
    |add_ln813_502_fu_10166_p2  |         +|   0|  0|  15|           8|           8|
    |add_ln813_503_fu_9242_p2   |         +|   0|  0|   8|           8|           8|
    |add_ln813_504_fu_9248_p2   |         +|   0|  0|   8|           8|           8|
    |add_ln813_505_fu_10170_p2  |         +|   0|  0|   8|           8|           8|
    |add_ln813_506_fu_10175_p2  |         +|   0|  0|   8|           8|           8|
    |add_ln813_507_fu_9254_p2   |         +|   0|  0|   8|           8|           8|
    |add_ln813_508_fu_9260_p2   |         +|   0|  0|   8|           8|           8|
    |add_ln813_509_fu_10179_p2  |         +|   0|  0|   8|           8|           8|
    |add_ln813_50_fu_7598_p2    |         +|   0|  0|  15|           8|           8|
    |add_ln813_510_fu_10184_p2  |         +|   0|  0|   8|           8|           8|
    |add_ln813_511_fu_10450_p2  |         +|   0|  0|   8|           8|           8|
    |add_ln813_512_fu_9266_p2   |         +|   0|  0|  15|           8|           8|
    |add_ln813_513_fu_9272_p2   |         +|   0|  0|   8|           8|           8|
    |add_ln813_514_fu_9278_p2   |         +|   0|  0|   8|           8|           8|
    |add_ln813_515_fu_10190_p2  |         +|   0|  0|   8|           8|           8|
    |add_ln813_516_fu_9284_p2   |         +|   0|  0|   8|           8|           8|
    |add_ln813_517_fu_9290_p2   |         +|   0|  0|   8|           8|           8|
    |add_ln813_518_fu_10194_p2  |         +|   0|  0|   8|           8|           8|
    |add_ln813_519_fu_10455_p2  |         +|   0|  0|   8|           8|           8|
    |add_ln813_51_fu_9538_p2    |         +|   0|  0|   8|           8|           8|
    |add_ln813_520_fu_9296_p2   |         +|   0|  0|  15|           8|           8|
    |add_ln813_521_fu_9302_p2   |         +|   0|  0|   8|           8|           8|
    |add_ln813_522_fu_9308_p2   |         +|   0|  0|   8|           8|           8|
    |add_ln813_523_fu_10199_p2  |         +|   0|  0|   8|           8|           8|
    |add_ln813_524_fu_10203_p2  |         +|   0|  0|   8|           8|           8|
    |add_ln813_525_fu_9314_p2   |         +|   0|  0|   8|           8|           8|
    |add_ln813_526_fu_9320_p2   |         +|   0|  0|   8|           8|           8|
    |add_ln813_527_fu_10207_p2  |         +|   0|  0|   8|           8|           8|
    |add_ln813_528_fu_10212_p2  |         +|   0|  0|   8|           8|           8|
    |add_ln813_529_fu_10459_p2  |         +|   0|  0|   8|           8|           8|
    |add_ln813_52_fu_7604_p2    |         +|   0|  0|   8|           8|           8|
    |add_ln813_530_fu_10464_p2  |         +|   0|  0|   8|           8|           8|
    |add_ln813_531_fu_9326_p2   |         +|   0|  0|  15|           8|           8|
    |add_ln813_532_fu_9332_p2   |         +|   0|  0|   8|           8|           8|
    |add_ln813_533_fu_9338_p2   |         +|   0|  0|   8|           8|           8|
    |add_ln813_534_fu_10218_p2  |         +|   0|  0|   8|           8|           8|
    |add_ln813_535_fu_9344_p2   |         +|   0|  0|   8|           8|           8|
    |add_ln813_536_fu_9350_p2   |         +|   0|  0|   8|           8|           8|
    |add_ln813_537_fu_9356_p2   |         +|   0|  0|   8|           8|           8|
    |add_ln813_538_fu_9362_p2   |         +|   0|  0|   8|           8|           8|
    |add_ln813_539_fu_10222_p2  |         +|   0|  0|   8|           8|           8|
    |add_ln813_53_fu_7610_p2    |         +|   0|  0|   8|           8|           8|
    |add_ln813_540_fu_9368_p2   |         +|   0|  0|  15|           8|           8|
    |add_ln813_541_fu_9374_p2   |         +|   0|  0|   8|           8|           8|
    |add_ln813_542_fu_9380_p2   |         +|   0|  0|   8|           8|           8|
    |add_ln813_543_fu_10227_p2  |         +|   0|  0|   8|           8|           8|
    |add_ln813_544_fu_9386_p2   |         +|   0|  0|   8|           8|           8|
    |add_ln813_545_fu_9392_p2   |         +|   0|  0|   8|           8|           8|
    |add_ln813_546_fu_9398_p2   |         +|   0|  0|   8|           8|           8|
    |add_ln813_547_fu_9404_p2   |         +|   0|  0|   8|           8|           8|
    |add_ln813_548_fu_10231_p2  |         +|   0|  0|   8|           8|           8|
    |add_ln813_549_fu_10470_p2  |         +|   0|  0|   8|           8|           8|
    |add_ln813_54_fu_9542_p2    |         +|   0|  0|   8|           8|           8|
    |add_ln813_550_fu_9410_p2   |         +|   0|  0|   8|           8|           8|
    |add_ln813_551_fu_9416_p2   |         +|   0|  0|   8|           8|           8|
    |add_ln813_552_fu_9422_p2   |         +|   0|  0|   8|           8|           8|
    |add_ln813_553_fu_9428_p2   |         +|   0|  0|   8|           8|           8|
    |add_ln813_554_fu_9434_p2   |         +|   0|  0|   8|           8|           8|
    |add_ln813_555_fu_9440_p2   |         +|   0|  0|   8|           8|           8|
    |add_ln813_556_fu_9446_p2   |         +|   0|  0|   8|           8|           8|
    |add_ln813_557_fu_9452_p2   |         +|   0|  0|   8|           8|           8|
    |add_ln813_558_fu_10236_p2  |         +|   0|  0|   8|           8|           8|
    |add_ln813_559_fu_9458_p2   |         +|   0|  0|  15|           8|           8|
    |add_ln813_55_fu_9547_p2    |         +|   0|  0|   8|           8|           8|
    |add_ln813_560_fu_9464_p2   |         +|   0|  0|   8|           8|           8|
    |add_ln813_561_fu_9470_p2   |         +|   0|  0|   8|           8|           8|
    |add_ln813_562_fu_10240_p2  |         +|   0|  0|   8|           8|           8|
    |add_ln813_563_fu_9476_p2   |         +|   0|  0|   8|           8|           8|
    |add_ln813_564_fu_9482_p2   |         +|   0|  0|   8|           8|           8|
    |add_ln813_565_fu_9488_p2   |         +|   0|  0|   8|           8|           8|
    |add_ln813_566_fu_9494_p2   |         +|   0|  0|   8|           8|           8|
    |add_ln813_567_fu_10244_p2  |         +|   0|  0|   8|           8|           8|
    |add_ln813_568_fu_10249_p2  |         +|   0|  0|   8|           8|           8|
    |add_ln813_569_fu_10474_p2  |         +|   0|  0|   8|           8|           8|
    |add_ln813_56_fu_10259_p2   |         +|   0|  0|   8|           8|           8|
    |add_ln813_570_fu_10479_p2  |         +|   0|  0|   8|           8|           8|
    |add_ln813_57_fu_9553_p2    |         +|   0|  0|   8|           8|           8|
    |add_ln813_58_fu_7616_p2    |         +|   0|  0|  15|           8|           8|
    |add_ln813_59_fu_7622_p2    |         +|   0|  0|  15|           8|           8|
    |add_ln813_60_fu_9557_p2    |         +|   0|  0|   8|           8|           8|
    |add_ln813_61_fu_7628_p2    |         +|   0|  0|  15|           8|           8|
    |add_ln813_62_fu_9562_p2    |         +|   0|  0|   8|           8|           8|
    |add_ln813_63_fu_7634_p2    |         +|   0|  0|   8|           8|           8|
    |add_ln813_64_fu_7640_p2    |         +|   0|  0|   8|           8|           8|
    |add_ln813_65_fu_9566_p2    |         +|   0|  0|   8|           8|           8|
    |add_ln813_66_fu_10264_p2   |         +|   0|  0|   8|           8|           8|
    |add_ln813_67_fu_7646_p2    |         +|   0|  0|  15|           8|           8|
    |add_ln813_68_fu_7652_p2    |         +|   0|  0|   8|           8|           8|
    |add_ln813_69_fu_7658_p2    |         +|   0|  0|   8|           8|           8|
    |add_ln813_70_fu_9571_p2    |         +|   0|  0|   8|           8|           8|
    |add_ln813_71_fu_7664_p2    |         +|   0|  0|  15|           8|           8|
    |add_ln813_72_fu_9575_p2    |         +|   0|  0|   8|           8|           8|
    |add_ln813_73_fu_7670_p2    |         +|   0|  0|   8|           8|           8|
    |add_ln813_74_fu_7676_p2    |         +|   0|  0|   8|           8|           8|
    |add_ln813_75_fu_9579_p2    |         +|   0|  0|   8|           8|           8|
    |add_ln813_76_fu_9584_p2    |         +|   0|  0|   8|           8|           8|
    |add_ln813_77_fu_10268_p2   |         +|   0|  0|   8|           8|           8|
    |add_ln813_78_fu_10273_p2   |         +|   0|  0|   8|           8|           8|
    |add_ln813_79_fu_7682_p2    |         +|   0|  0|  15|           8|           8|
    |add_ln813_80_fu_7688_p2    |         +|   0|  0|  15|           8|           8|
    |add_ln813_81_fu_7694_p2    |         +|   0|  0|  15|           8|           8|
    |add_ln813_82_fu_9590_p2    |         +|   0|  0|   8|           8|           8|
    |add_ln813_83_fu_7700_p2    |         +|   0|  0|  15|           8|           8|
    |add_ln813_84_fu_7706_p2    |         +|   0|  0|  15|           8|           8|
    |add_ln813_85_fu_7712_p2    |         +|   0|  0|   8|           8|           8|
    |add_ln813_86_fu_7718_p2    |         +|   0|  0|   8|           8|           8|
    |add_ln813_87_fu_9594_p2    |         +|   0|  0|   8|           8|           8|
    |add_ln813_88_fu_7724_p2    |         +|   0|  0|  15|           8|           8|
    |add_ln813_89_fu_7730_p2    |         +|   0|  0|   8|           8|           8|
    |add_ln813_90_fu_7736_p2    |         +|   0|  0|   8|           8|           8|
    |add_ln813_91_fu_9599_p2    |         +|   0|  0|   8|           8|           8|
    |add_ln813_92_fu_7742_p2    |         +|   0|  0|  15|           8|           8|
    |add_ln813_93_fu_7748_p2    |         +|   0|  0|   8|           8|           8|
    |add_ln813_94_fu_7754_p2    |         +|   0|  0|   8|           8|           8|
    |add_ln813_95_fu_7760_p2    |         +|   0|  0|   8|           8|           8|
    |add_ln813_96_fu_7766_p2    |         +|   0|  0|   8|           8|           8|
    |add_ln813_97_fu_9603_p2    |         +|   0|  0|   8|           8|           8|
    |add_ln813_98_fu_10279_p2   |         +|   0|  0|   8|           8|           8|
    |add_ln813_99_fu_7772_p2    |         +|   0|  0|   8|           8|           8|
    |add_ln813_fu_7562_p2       |         +|   0|  0|  15|           8|           8|
    |r_V_100_fu_4072_p2         |         -|   0|  0|  24|           1|          17|
    |r_V_101_fu_4102_p2         |         -|   0|  0|  24|           1|          17|
    |r_V_102_fu_4146_p2         |         -|   0|  0|  24|           1|          17|
    |r_V_103_fu_4204_p2         |         -|   0|  0|  24|           1|          17|
    |r_V_104_fu_4248_p2         |         -|   0|  0|  24|           1|          17|
    |r_V_105_fu_4292_p2         |         -|   0|  0|  24|           1|          17|
    |r_V_106_fu_4322_p2         |         -|   0|  0|  24|           1|          17|
    |r_V_107_fu_4366_p2         |         -|   0|  0|  24|           1|          17|
    |r_V_108_fu_4410_p2         |         -|   0|  0|  24|           1|          17|
    |r_V_109_fu_4468_p2         |         -|   0|  0|  24|           1|          17|
    |r_V_110_fu_4498_p2         |         -|   0|  0|  24|           1|          17|
    |r_V_112_fu_4542_p2         |         -|   0|  0|  24|           1|          17|
    |r_V_113_fu_4572_p2         |         -|   0|  0|  24|           1|          17|
    |r_V_114_fu_4630_p2         |         -|   0|  0|  24|           1|          17|
    |r_V_115_fu_4660_p2         |         -|   0|  0|  24|           1|          17|
    |r_V_116_fu_4718_p2         |         -|   0|  0|  24|           1|          17|
    |r_V_117_fu_4762_p2         |         -|   0|  0|  24|           1|          17|
    |r_V_118_fu_4792_p2         |         -|   0|  0|  24|           1|          17|
    |r_V_119_fu_4836_p2         |         -|   0|  0|  24|           1|          17|
    |r_V_120_fu_4894_p2         |         -|   0|  0|  24|           1|          17|
    |r_V_121_fu_4924_p2         |         -|   0|  0|  24|           1|          17|
    |r_V_122_fu_4982_p2         |         -|   0|  0|  24|           1|          17|
    |r_V_123_fu_5026_p2         |         -|   0|  0|  24|           1|          17|
    |r_V_125_fu_5056_p2         |         -|   0|  0|  24|           1|          17|
    |r_V_127_fu_5086_p2         |         -|   0|  0|  24|           1|          17|
    |r_V_128_fu_5130_p2         |         -|   0|  0|  24|           1|          17|
    |r_V_129_fu_5174_p2         |         -|   0|  0|  24|           1|          17|
    |r_V_130_fu_5204_p2         |         -|   0|  0|  24|           1|          17|
    |r_V_131_fu_5276_p2         |         -|   0|  0|  24|           1|          17|
    |r_V_132_fu_5320_p2         |         -|   0|  0|  24|           1|          17|
    |r_V_133_fu_5350_p2         |         -|   0|  0|  24|           1|          17|
    |r_V_134_fu_5408_p2         |         -|   0|  0|  24|           1|          17|
    |r_V_136_fu_5438_p2         |         -|   0|  0|  24|           1|          17|
    |r_V_137_fu_5468_p2         |         -|   0|  0|  24|           1|          17|
    |r_V_138_fu_5526_p2         |         -|   0|  0|  24|           1|          17|
    |r_V_139_fu_5556_p2         |         -|   0|  0|  24|           1|          17|
    |r_V_141_fu_5600_p2         |         -|   0|  0|  24|           1|          17|
    |r_V_142_fu_5630_p2         |         -|   0|  0|  24|           1|          17|
    |r_V_143_fu_5688_p2         |         -|   0|  0|  24|           1|          17|
    |r_V_144_fu_5732_p2         |         -|   0|  0|  24|           1|          17|
    |r_V_145_fu_5776_p2         |         -|   0|  0|  24|           1|          17|
    |r_V_146_fu_5820_p2         |         -|   0|  0|  24|           1|          17|
    |r_V_147_fu_5864_p2         |         -|   0|  0|  24|           1|          17|
    |r_V_148_fu_5908_p2         |         -|   0|  0|  24|           1|          17|
    |r_V_149_fu_5952_p2         |         -|   0|  0|  24|           1|          17|
    |r_V_150_fu_5996_p2         |         -|   0|  0|  24|           1|          17|
    |r_V_151_fu_6040_p2         |         -|   0|  0|  24|           1|          17|
    |r_V_153_fu_6070_p2         |         -|   0|  0|  24|           1|          17|
    |r_V_154_fu_6114_p2         |         -|   0|  0|  24|           1|          17|
    |r_V_155_fu_6144_p2         |         -|   0|  0|  24|           1|          17|
    |r_V_156_fu_6188_p2         |         -|   0|  0|  24|           1|          17|
    |r_V_157_fu_6260_p2         |         -|   0|  0|  24|           1|          17|
    |r_V_158_fu_6304_p2         |         -|   0|  0|  24|           1|          17|
    |r_V_159_fu_6334_p2         |         -|   0|  0|  24|           1|          17|
    |r_V_160_fu_6378_p2         |         -|   0|  0|  24|           1|          17|
    |r_V_162_fu_6422_p2         |         -|   0|  0|  24|           1|          17|
    |r_V_164_fu_6452_p2         |         -|   0|  0|  24|           1|          17|
    |r_V_165_fu_6496_p2         |         -|   0|  0|  24|           1|          17|
    |r_V_166_fu_6540_p2         |         -|   0|  0|  24|           1|          17|
    |r_V_167_fu_6584_p2         |         -|   0|  0|  24|           1|          17|
    |r_V_168_fu_6628_p2         |         -|   0|  0|  24|           1|          17|
    |r_V_169_fu_6672_p2         |         -|   0|  0|  24|           1|          17|
    |r_V_170_fu_6716_p2         |         -|   0|  0|  24|           1|          17|
    |r_V_171_fu_6756_p2         |         -|   0|  0|  24|           1|          17|
    |r_V_172_fu_6814_p2         |         -|   0|  0|  24|           1|          17|
    |r_V_173_fu_6858_p2         |         -|   0|  0|  24|           1|          17|
    |r_V_174_fu_6916_p2         |         -|   0|  0|  24|           1|          17|
    |r_V_175_fu_6960_p2         |         -|   0|  0|  24|           1|          17|
    |r_V_176_fu_6990_p2         |         -|   0|  0|  24|           1|          17|
    |r_V_177_fu_7048_p2         |         -|   0|  0|  24|           1|          17|
    |r_V_178_fu_7092_p2         |         -|   0|  0|  24|           1|          17|
    |r_V_179_fu_7136_p2         |         -|   0|  0|  24|           1|          17|
    |r_V_180_fu_7194_p2         |         -|   0|  0|  24|           1|          17|
    |r_V_181_fu_7238_p2         |         -|   0|  0|  24|           1|          17|
    |r_V_183_fu_7268_p2         |         -|   0|  0|  24|           1|          17|
    |r_V_185_fu_7298_p2         |         -|   0|  0|  24|           1|          17|
    |r_V_186_fu_7328_p2         |         -|   0|  0|  24|           1|          17|
    |r_V_187_fu_7386_p2         |         -|   0|  0|  24|           1|          17|
    |r_V_188_fu_7430_p2         |         -|   0|  0|  24|           1|          17|
    |r_V_189_fu_7488_p2         |         -|   0|  0|  24|           1|          17|
    |r_V_190_fu_7546_p2         |         -|   0|  0|  24|           1|          17|
    |r_V_29_fu_1006_p2          |         -|   0|  0|  24|           1|          17|
    |r_V_30_fu_1064_p2          |         -|   0|  0|  24|           1|          17|
    |r_V_31_fu_1108_p2          |         -|   0|  0|  24|           1|          17|
    |r_V_32_fu_1138_p2          |         -|   0|  0|  24|           1|          17|
    |r_V_33_fu_1182_p2          |         -|   0|  0|  24|           1|          17|
    |r_V_34_fu_1226_p2          |         -|   0|  0|  24|           1|          17|
    |r_V_35_fu_1288_p2          |         -|   0|  0|  24|           1|          17|
    |r_V_36_fu_1304_p2          |         -|   0|  0|  24|           1|          17|
    |r_V_37_fu_1344_p2          |         -|   0|  0|  24|           1|          17|
    |r_V_38_fu_1412_p2          |         -|   0|  0|  24|           1|          17|
    |r_V_39_fu_1466_p2          |         -|   0|  0|  24|           1|          17|
    |r_V_40_fu_1510_p2          |         -|   0|  0|  24|           1|          17|
    |r_V_41_fu_1558_p2          |         -|   0|  0|  24|           1|          17|
    |r_V_42_fu_1620_p2          |         -|   0|  0|  24|           1|          17|
    |r_V_43_fu_1636_p2          |         -|   0|  0|  24|           1|          17|
    |r_V_44_fu_1680_p2          |         -|   0|  0|  24|           1|          17|
    |r_V_45_fu_1734_p2          |         -|   0|  0|  24|           1|          17|
    |r_V_46_fu_1778_p2          |         -|   0|  0|  24|           1|          17|
    |r_V_47_fu_1850_p2          |         -|   0|  0|  24|           1|          17|
    |r_V_48_fu_1876_p2          |         -|   0|  0|  24|           1|          17|
    |r_V_49_fu_1920_p2          |         -|   0|  0|  24|           1|          17|
    |r_V_50_fu_1982_p2          |         -|   0|  0|  24|           1|          17|
    |r_V_51_fu_1998_p2          |         -|   0|  0|  24|           1|          17|
    |r_V_52_fu_2066_p2          |         -|   0|  0|  24|           1|          17|
    |r_V_53_fu_2096_p2          |         -|   0|  0|  24|           1|          17|
    |r_V_54_fu_2140_p2          |         -|   0|  0|  24|           1|          17|
    |r_V_55_fu_2184_p2          |         -|   0|  0|  24|           1|          17|
    |r_V_56_fu_2238_p2          |         -|   0|  0|  24|           1|          17|
    |r_V_57_fu_2296_p2          |         -|   0|  0|  24|           1|          17|
    |r_V_58_fu_2330_p2          |         -|   0|  0|  24|           1|          17|
    |r_V_59_fu_2374_p2          |         -|   0|  0|  24|           1|          17|
    |r_V_60_fu_2408_p2          |         -|   0|  0|  24|           1|          17|
    |r_V_61_fu_2452_p2          |         -|   0|  0|  24|           1|          17|
    |r_V_62_fu_2496_p2          |         -|   0|  0|  24|           1|          17|
    |r_V_63_fu_2554_p2          |         -|   0|  0|  24|           1|          17|
    |r_V_64_fu_2622_p2          |         -|   0|  0|  24|           1|          17|
    |r_V_65_fu_2666_p2          |         -|   0|  0|  24|           1|          17|
    |r_V_66_fu_2710_p2          |         -|   0|  0|  24|           1|          17|
    |r_V_67_fu_2754_p2          |         -|   0|  0|  24|           1|          17|
    |r_V_68_fu_2798_p2          |         -|   0|  0|  24|           1|          17|
    |r_V_69_fu_2842_p2          |         -|   0|  0|  24|           1|          17|
    |r_V_70_fu_2886_p2          |         -|   0|  0|  24|           1|          17|
    |r_V_71_fu_2930_p2          |         -|   0|  0|  24|           1|          17|
    |r_V_72_fu_2974_p2          |         -|   0|  0|  24|           1|          17|
    |r_V_73_fu_3032_p2          |         -|   0|  0|  24|           1|          17|
    |r_V_74_fu_3076_p2          |         -|   0|  0|  24|           1|          17|
    |r_V_76_fu_3120_p2          |         -|   0|  0|  24|           1|          17|
    |r_V_77_fu_3164_p2          |         -|   0|  0|  24|           1|          17|
    |r_V_79_fu_3194_p2          |         -|   0|  0|  24|           1|          17|
    |r_V_80_fu_3252_p2          |         -|   0|  0|  24|           1|          17|
    |r_V_81_fu_3282_p2          |         -|   0|  0|  24|           1|          17|
    |r_V_82_fu_3340_p2          |         -|   0|  0|  24|           1|          17|
    |r_V_84_fu_3384_p2          |         -|   0|  0|  24|           1|          17|
    |r_V_85_fu_3414_p2          |         -|   0|  0|  24|           1|          17|
    |r_V_86_fu_3458_p2          |         -|   0|  0|  24|           1|          17|
    |r_V_87_fu_3516_p2          |         -|   0|  0|  24|           1|          17|
    |r_V_88_fu_3546_p2          |         -|   0|  0|  24|           1|          17|
    |r_V_89_fu_3604_p2          |         -|   0|  0|  24|           1|          17|
    |r_V_90_fu_3634_p2          |         -|   0|  0|  24|           1|          17|
    |r_V_91_fu_3692_p2          |         -|   0|  0|  24|           1|          17|
    |r_V_92_fu_3722_p2          |         -|   0|  0|  24|           1|          17|
    |r_V_93_fu_3794_p2          |         -|   0|  0|  24|           1|          17|
    |r_V_94_fu_3838_p2          |         -|   0|  0|  24|           1|          17|
    |r_V_96_fu_3882_p2          |         -|   0|  0|  24|           1|          17|
    |r_V_97_fu_3912_p2          |         -|   0|  0|  24|           1|          17|
    |r_V_98_fu_3956_p2          |         -|   0|  0|  24|           1|          17|
    |r_V_99_fu_4000_p2          |         -|   0|  0|  24|           1|          17|
    |r_V_fu_976_p2              |         -|   0|  0|  24|           1|          17|
    +---------------------------+----------+----+---+----+------------+------------+
    |Total                      |          |   0|  0|8423|        4429|        6813|
    +---------------------------+----------+----+---+----+------------+------------+

    * Multiplexer: 
    +-------------+----+-----------+-----+-----------+
    |     Name    | LUT| Input Size| Bits| Total Bits|
    +-------------+----+-----------+-----+-----------+
    |ap_return_0  |  14|          3|    8|         24|
    |ap_return_1  |  14|          3|    8|         24|
    |ap_return_2  |  14|          3|    8|         24|
    |ap_return_3  |  14|          3|    8|         24|
    |ap_return_4  |  14|          3|    8|         24|
    |ap_return_5  |  14|          3|    8|         24|
    +-------------+----+-----------+-----+-----------+
    |Total        |  84|         18|   48|        144|
    +-------------+----+-----------+-----+-----------+

    * Register: 
    +---------------------------------------+------+----+------+-----------+
    |                  Name                 |  FF  | LUT| Bits | Const Bits|
    +---------------------------------------+------+----+------+-----------+
    |add_ln813_102_reg_10935                |     8|   0|     8|          0|
    |add_ln813_107_reg_10940                |     8|   0|     8|          0|
    |add_ln813_109_reg_10945                |     8|   0|     8|          0|
    |add_ln813_111_reg_10950                |     8|   0|     8|          0|
    |add_ln813_117_reg_10955                |     8|   0|     8|          0|
    |add_ln813_119_reg_11585                |     8|   0|     8|          0|
    |add_ln813_121_reg_11810                |     8|   0|     8|          0|
    |add_ln813_125_reg_10960                |     8|   0|     8|          0|
    |add_ln813_126_reg_11590                |     8|   0|     8|          0|
    |add_ln813_130_reg_10965                |     8|   0|     8|          0|
    |add_ln813_131_reg_11595                |     8|   0|     8|          0|
    |add_ln813_134_reg_10970                |     8|   0|     8|          0|
    |add_ln813_136_reg_10975                |     8|   0|     8|          0|
    |add_ln813_138_reg_10980                |     8|   0|     8|          0|
    |add_ln813_141_reg_10985                |     8|   0|     8|          0|
    |add_ln813_143_reg_11600                |     8|   0|     8|          0|
    |add_ln813_144_reg_11815                |     8|   0|     8|          0|
    |add_ln813_145_reg_10990                |     8|   0|     8|          0|
    |add_ln813_148_reg_10995                |     8|   0|     8|          0|
    |add_ln813_149_reg_11605                |     8|   0|     8|          0|
    |add_ln813_154_reg_11610                |     8|   0|     8|          0|
    |add_ln813_157_reg_11000                |     8|   0|     8|          0|
    |add_ln813_159_reg_11005                |     8|   0|     8|          0|
    |add_ln813_161_reg_11010                |     8|   0|     8|          0|
    |add_ln813_165_reg_11015                |     8|   0|     8|          0|
    |add_ln813_167_reg_11615                |     8|   0|     8|          0|
    |add_ln813_168_reg_11820                |     8|   0|     8|          0|
    |add_ln813_171_reg_11020                |     8|   0|     8|          0|
    |add_ln813_173_reg_11025                |     8|   0|     8|          0|
    |add_ln813_178_reg_11030                |     8|   0|     8|          0|
    |add_ln813_179_reg_11620                |     8|   0|     8|          0|
    |add_ln813_181_reg_11035                |     8|   0|     8|          0|
    |add_ln813_183_reg_11040                |     8|   0|     8|          0|
    |add_ln813_189_reg_11045                |     8|   0|     8|          0|
    |add_ln813_190_reg_11625                |     8|   0|     8|          0|
    |add_ln813_196_reg_11050                |     8|   0|     8|          0|
    |add_ln813_196_reg_11050_pp0_iter1_reg  |     8|   0|     8|          0|
    |add_ln813_201_reg_11055                |     8|   0|     8|          0|
    |add_ln813_201_reg_11055_pp0_iter1_reg  |     8|   0|     8|          0|
    |add_ln813_204_reg_11060                |     8|   0|     8|          0|
    |add_ln813_206_reg_11065                |     8|   0|     8|          0|
    |add_ln813_208_reg_11070                |     8|   0|     8|          0|
    |add_ln813_212_reg_11075                |     8|   0|     8|          0|
    |add_ln813_214_reg_11630                |     8|   0|     8|          0|
    |add_ln813_216_reg_11825                |     8|   0|     8|          0|
    |add_ln813_220_reg_11080                |     8|   0|     8|          0|
    |add_ln813_221_reg_11635                |     8|   0|     8|          0|
    |add_ln813_225_reg_11085                |     8|   0|     8|          0|
    |add_ln813_226_reg_11640                |     8|   0|     8|          0|
    |add_ln813_229_reg_11090                |     8|   0|     8|          0|
    |add_ln813_231_reg_11095                |     8|   0|     8|          0|
    |add_ln813_233_reg_11100                |     8|   0|     8|          0|
    |add_ln813_236_reg_11105                |     8|   0|     8|          0|
    |add_ln813_238_reg_11645                |     8|   0|     8|          0|
    |add_ln813_242_reg_11110                |     8|   0|     8|          0|
    |add_ln813_243_reg_11650                |     8|   0|     8|          0|
    |add_ln813_247_reg_11115                |     8|   0|     8|          0|
    |add_ln813_248_reg_11655                |     8|   0|     8|          0|
    |add_ln813_251_reg_11120                |     8|   0|     8|          0|
    |add_ln813_252_reg_11125                |     8|   0|     8|          0|
    |add_ln813_254_reg_11130                |     8|   0|     8|          0|
    |add_ln813_257_reg_11135                |     8|   0|     8|          0|
    |add_ln813_259_reg_11660                |     8|   0|     8|          0|
    |add_ln813_262_reg_11140                |     8|   0|     8|          0|
    |add_ln813_264_reg_11145                |     8|   0|     8|          0|
    |add_ln813_270_reg_11150                |     8|   0|     8|          0|
    |add_ln813_271_reg_11665                |     8|   0|     8|          0|
    |add_ln813_273_reg_11155                |     8|   0|     8|          0|
    |add_ln813_275_reg_11160                |     8|   0|     8|          0|
    |add_ln813_281_reg_11165                |     8|   0|     8|          0|
    |add_ln813_282_reg_11670                |     8|   0|     8|          0|
    |add_ln813_287_reg_11170                |     8|   0|     8|          0|
    |add_ln813_292_reg_11175                |     8|   0|     8|          0|
    |add_ln813_295_reg_11180                |     8|   0|     8|          0|
    |add_ln813_297_reg_11185                |     8|   0|     8|          0|
    |add_ln813_303_reg_11190                |     8|   0|     8|          0|
    |add_ln813_305_reg_11675                |     8|   0|     8|          0|
    |add_ln813_307_reg_11830                |     8|   0|     8|          0|
    |add_ln813_312_reg_11195                |     8|   0|     8|          0|
    |add_ln813_312_reg_11195_pp0_iter1_reg  |     8|   0|     8|          0|
    |add_ln813_313_reg_11200                |     8|   0|     8|          0|
    |add_ln813_316_reg_11205                |     8|   0|     8|          0|
    |add_ln813_317_reg_11680                |     8|   0|     8|          0|
    |add_ln813_320_reg_11210                |     8|   0|     8|          0|
    |add_ln813_322_reg_11215                |     8|   0|     8|          0|
    |add_ln813_324_reg_11220                |     8|   0|     8|          0|
    |add_ln813_328_reg_11225                |     8|   0|     8|          0|
    |add_ln813_330_reg_11685                |     8|   0|     8|          0|
    |add_ln813_331_reg_11835                |     8|   0|     8|          0|
    |add_ln813_332_reg_11230                |     8|   0|     8|          0|
    |add_ln813_335_reg_11235                |     8|   0|     8|          0|
    |add_ln813_336_reg_11690                |     8|   0|     8|          0|
    |add_ln813_337_reg_11240                |     8|   0|     8|          0|
    |add_ln813_341_reg_11245                |     8|   0|     8|          0|
    |add_ln813_342_reg_11695                |     8|   0|     8|          0|
    |add_ln813_346_reg_11250                |     8|   0|     8|          0|
    |add_ln813_348_reg_11255                |     8|   0|     8|          0|
    |add_ln813_352_reg_11260                |     8|   0|     8|          0|
    |add_ln813_354_reg_11700                |     8|   0|     8|          0|
    |add_ln813_355_reg_11840                |     8|   0|     8|          0|
    |add_ln813_358_reg_11265                |     8|   0|     8|          0|
    |add_ln813_359_reg_11270                |     8|   0|     8|          0|
    |add_ln813_364_reg_11275                |     8|   0|     8|          0|
    |add_ln813_366_reg_11705                |     8|   0|     8|          0|
    |add_ln813_368_reg_11280                |     8|   0|     8|          0|
    |add_ln813_370_reg_11285                |     8|   0|     8|          0|
    |add_ln813_372_reg_11290                |     8|   0|     8|          0|
    |add_ln813_376_reg_11295                |     8|   0|     8|          0|
    |add_ln813_378_reg_11710                |     8|   0|     8|          0|
    |add_ln813_384_reg_11300                |     8|   0|     8|          0|
    |add_ln813_384_reg_11300_pp0_iter1_reg  |     8|   0|     8|          0|
    |add_ln813_385_reg_11305                |     8|   0|     8|          0|
    |add_ln813_389_reg_11310                |     8|   0|     8|          0|
    |add_ln813_390_reg_11715                |     8|   0|     8|          0|
    |add_ln813_393_reg_11315                |     8|   0|     8|          0|
    |add_ln813_395_reg_11320                |     8|   0|     8|          0|
    |add_ln813_397_reg_11325                |     8|   0|     8|          0|
    |add_ln813_39_reg_10838                 |     8|   0|     8|          0|
    |add_ln813_400_reg_11330                |     8|   0|     8|          0|
    |add_ln813_402_reg_11720                |     8|   0|     8|          0|
    |add_ln813_404_reg_11845                |     8|   0|     8|          0|
    |add_ln813_408_reg_11335                |     8|   0|     8|          0|
    |add_ln813_409_reg_11725                |     8|   0|     8|          0|
    |add_ln813_40_reg_11545                 |     8|   0|     8|          0|
    |add_ln813_413_reg_11340                |     8|   0|     8|          0|
    |add_ln813_414_reg_11730                |     8|   0|     8|          0|
    |add_ln813_416_reg_11345                |     8|   0|     8|          0|
    |add_ln813_418_reg_11350                |     8|   0|     8|          0|
    |add_ln813_420_reg_11355                |     8|   0|     8|          0|
    |add_ln813_423_reg_11360                |     8|   0|     8|          0|
    |add_ln813_425_reg_11735                |     8|   0|     8|          0|
    |add_ln813_430_reg_11740                |     8|   0|     8|          0|
    |add_ln813_432_reg_11365                |     8|   0|     8|          0|
    |add_ln813_433_reg_11745                |     8|   0|     8|          0|
    |add_ln813_436_reg_11370                |     8|   0|     8|          0|
    |add_ln813_438_reg_11375                |     8|   0|     8|          0|
    |add_ln813_43_reg_10843                 |     8|   0|     8|          0|
    |add_ln813_440_reg_11380                |     8|   0|     8|          0|
    |add_ln813_443_reg_11385                |     8|   0|     8|          0|
    |add_ln813_445_reg_11750                |     8|   0|     8|          0|
    |add_ln813_448_reg_11390                |     8|   0|     8|          0|
    |add_ln813_44_reg_11550                 |     8|   0|     8|          0|
    |add_ln813_450_reg_11395                |     8|   0|     8|          0|
    |add_ln813_456_reg_11400                |     8|   0|     8|          0|
    |add_ln813_457_reg_11755                |     8|   0|     8|          0|
    |add_ln813_458_reg_11405                |     8|   0|     8|          0|
    |add_ln813_460_reg_11410                |     8|   0|     8|          0|
    |add_ln813_466_reg_11415                |     8|   0|     8|          0|
    |add_ln813_467_reg_11760                |     8|   0|     8|          0|
    |add_ln813_472_reg_11420                |     8|   0|     8|          0|
    |add_ln813_477_reg_11425                |     8|   0|     8|          0|
    |add_ln813_47_reg_10848                 |     8|   0|     8|          0|
    |add_ln813_480_reg_11430                |     8|   0|     8|          0|
    |add_ln813_482_reg_11435                |     8|   0|     8|          0|
    |add_ln813_488_reg_11440                |     8|   0|     8|          0|
    |add_ln813_490_reg_11765                |     8|   0|     8|          0|
    |add_ln813_492_reg_11850                |     8|   0|     8|          0|
    |add_ln813_495_reg_11445                |     8|   0|     8|          0|
    |add_ln813_496_reg_11770                |     8|   0|     8|          0|
    |add_ln813_499_reg_11450                |     8|   0|     8|          0|
    |add_ln813_500_reg_11775                |     8|   0|     8|          0|
    |add_ln813_504_reg_11455                |     8|   0|     8|          0|
    |add_ln813_508_reg_11460                |     8|   0|     8|          0|
    |add_ln813_50_reg_10854                 |     8|   0|     8|          0|
    |add_ln813_510_reg_11780                |     8|   0|     8|          0|
    |add_ln813_514_reg_11465                |     8|   0|     8|          0|
    |add_ln813_514_reg_11465_pp0_iter1_reg  |     8|   0|     8|          0|
    |add_ln813_517_reg_11470                |     8|   0|     8|          0|
    |add_ln813_518_reg_11785                |     8|   0|     8|          0|
    |add_ln813_520_reg_11475                |     8|   0|     8|          0|
    |add_ln813_522_reg_11480                |     8|   0|     8|          0|
    |add_ln813_526_reg_11485                |     8|   0|     8|          0|
    |add_ln813_528_reg_11790                |     8|   0|     8|          0|
    |add_ln813_531_reg_11490                |     8|   0|     8|          0|
    |add_ln813_533_reg_11495                |     8|   0|     8|          0|
    |add_ln813_538_reg_11500                |     8|   0|     8|          0|
    |add_ln813_539_reg_11795                |     8|   0|     8|          0|
    |add_ln813_53_reg_10859                 |     8|   0|     8|          0|
    |add_ln813_540_reg_11505                |     8|   0|     8|          0|
    |add_ln813_542_reg_11510                |     8|   0|     8|          0|
    |add_ln813_547_reg_11515                |     8|   0|     8|          0|
    |add_ln813_548_reg_11800                |     8|   0|     8|          0|
    |add_ln813_553_reg_11520                |     8|   0|     8|          0|
    |add_ln813_557_reg_11525                |     8|   0|     8|          0|
    |add_ln813_559_reg_11530                |     8|   0|     8|          0|
    |add_ln813_55_reg_11555                 |     8|   0|     8|          0|
    |add_ln813_561_reg_11535                |     8|   0|     8|          0|
    |add_ln813_566_reg_11540                |     8|   0|     8|          0|
    |add_ln813_568_reg_11805                |     8|   0|     8|          0|
    |add_ln813_570_reg_11855                |     8|   0|     8|          0|
    |add_ln813_59_reg_10864                 |     8|   0|     8|          0|
    |add_ln813_60_reg_11560                 |     8|   0|     8|          0|
    |add_ln813_61_reg_10869                 |     8|   0|     8|          0|
    |add_ln813_64_reg_10874                 |     8|   0|     8|          0|
    |add_ln813_65_reg_11565                 |     8|   0|     8|          0|
    |add_ln813_67_reg_10879                 |     8|   0|     8|          0|
    |add_ln813_69_reg_10885                 |     8|   0|     8|          0|
    |add_ln813_71_reg_10890                 |     8|   0|     8|          0|
    |add_ln813_74_reg_10895                 |     8|   0|     8|          0|
    |add_ln813_76_reg_11570                 |     8|   0|     8|          0|
    |add_ln813_79_reg_10900                 |     8|   0|     8|          0|
    |add_ln813_81_reg_10905                 |     8|   0|     8|          0|
    |add_ln813_83_reg_10910                 |     8|   0|     8|          0|
    |add_ln813_86_reg_10915                 |     8|   0|     8|          0|
    |add_ln813_87_reg_11575                 |     8|   0|     8|          0|
    |add_ln813_88_reg_10920                 |     8|   0|     8|          0|
    |add_ln813_90_reg_10925                 |     8|   0|     8|          0|
    |add_ln813_96_reg_10930                 |     8|   0|     8|          0|
    |add_ln813_97_reg_11580                 |     8|   0|     8|          0|
    |add_ln813_reg_10832                    |     8|   0|     8|          0|
    |ap_ce_reg                              |     1|   0|     1|          0|
    |ap_return_0_int_reg                    |     8|   0|     8|          0|
    |ap_return_1_int_reg                    |     8|   0|     8|          0|
    |ap_return_2_int_reg                    |     8|   0|     8|          0|
    |ap_return_3_int_reg                    |     8|   0|     8|          0|
    |ap_return_4_int_reg                    |     8|   0|     8|          0|
    |ap_return_5_int_reg                    |     8|   0|     8|          0|
    |mult_V_107_reg_10644                   |     8|   0|     8|          0|
    |mult_V_108_reg_10649                   |     8|   0|     8|          0|
    |mult_V_10_reg_10555                    |     8|   0|     8|          0|
    |mult_V_111_reg_10655                   |     8|   0|     8|          0|
    |mult_V_116_reg_10660                   |     8|   0|     8|          0|
    |mult_V_120_reg_10665                   |     8|   0|     8|          0|
    |mult_V_12_reg_10561                    |     8|   0|     8|          0|
    |mult_V_137_reg_10675                   |     8|   0|     8|          0|
    |mult_V_139_reg_10681                   |     8|   0|     8|          0|
    |mult_V_141_reg_10687                   |     8|   0|     8|          0|
    |mult_V_146_reg_10693                   |     8|   0|     8|          0|
    |mult_V_148_reg_10698                   |     8|   0|     8|          0|
    |mult_V_151_reg_10704                   |     8|   0|     8|          0|
    |mult_V_153_reg_10709                   |     8|   0|     8|          0|
    |mult_V_155_reg_10716                   |     8|   0|     8|          0|
    |mult_V_156_reg_10723                   |     8|   0|     8|          0|
    |mult_V_158_reg_10729                   |     8|   0|     8|          0|
    |mult_V_15_reg_10566                    |     8|   0|     8|          0|
    |mult_V_163_reg_10735                   |     8|   0|     8|          0|
    |mult_V_16_reg_10571                    |     7|   0|     7|          0|
    |mult_V_174_reg_10740                   |     8|   0|     8|          0|
    |mult_V_189_reg_10745                   |     8|   0|     8|          0|
    |mult_V_192_reg_10750                   |     8|   0|     8|          0|
    |mult_V_194_reg_10755                   |     8|   0|     8|          0|
    |mult_V_1_reg_10535                     |     8|   0|     8|          0|
    |mult_V_201_reg_10761                   |     8|   0|     8|          0|
    |mult_V_202_reg_10766                   |     8|   0|     8|          0|
    |mult_V_211_reg_10771                   |     8|   0|     8|          0|
    |mult_V_223_reg_10776                   |     8|   0|     8|          0|
    |mult_V_229_reg_10781                   |     8|   0|     8|          0|
    |mult_V_231_reg_10787                   |     8|   0|     8|          0|
    |mult_V_234_reg_10792                   |     8|   0|     8|          0|
    |mult_V_237_reg_10797                   |     8|   0|     8|          0|
    |mult_V_257_reg_10802                   |     8|   0|     8|          0|
    |mult_V_259_reg_10807                   |     8|   0|     8|          0|
    |mult_V_264_reg_10812                   |     7|   0|     7|          0|
    |mult_V_281_reg_10822                   |     8|   0|     8|          0|
    |mult_V_28_reg_10576                    |     8|   0|     8|          0|
    |mult_V_296_reg_10827                   |     8|   0|     8|          0|
    |mult_V_30_reg_10581                    |     8|   0|     8|          0|
    |mult_V_31_reg_10586                    |     8|   0|     8|          0|
    |mult_V_33_reg_10591                    |     8|   0|     8|          0|
    |mult_V_36_reg_10597                    |     8|   0|     8|          0|
    |mult_V_38_reg_10604                    |     8|   0|     8|          0|
    |mult_V_40_reg_10609                    |     8|   0|     8|          0|
    |mult_V_49_reg_10614                    |     8|   0|     8|          0|
    |mult_V_58_reg_10619                    |     8|   0|     8|          0|
    |mult_V_5_reg_10540                     |     8|   0|     8|          0|
    |mult_V_63_reg_10624                    |     8|   0|     8|          0|
    |mult_V_71_reg_10629                    |     8|   0|     8|          0|
    |mult_V_7_reg_10545                     |     8|   0|     8|          0|
    |mult_V_8_reg_10550                     |     8|   0|     8|          0|
    |mult_V_97_reg_10639                    |     8|   0|     8|          0|
    |p_read_int_reg                         |  2576|   0|  2576|          0|
    |sext_ln818_137_reg_10817               |     8|   0|     8|          0|
    |sext_ln818_41_reg_10634                |     8|   0|     8|          0|
    |sext_ln818_67_reg_10670                |     8|   0|     8|          0|
    +---------------------------------------+------+----+------+-----------+
    |Total                                  |  4751|   0|  4751|          0|
    +---------------------------------------+------+----+------+-----------+



================================================================
== Interface
================================================================
* Summary: 
+-------------+-----+------+------------+---------------------------------------------------------------------------+--------------+
|  RTL Ports  | Dir | Bits |  Protocol  |                               Source Object                               |    C Type    |
+-------------+-----+------+------------+---------------------------------------------------------------------------+--------------+
|ap_clk       |   in|     1|  ap_ctrl_hs|  dense_latency<ap_fixed<16, 6, 5, 3, 0>, ap_fixed<8, 4, 5, 3, 0>, config2>|  return value|
|ap_rst       |   in|     1|  ap_ctrl_hs|  dense_latency<ap_fixed<16, 6, 5, 3, 0>, ap_fixed<8, 4, 5, 3, 0>, config2>|  return value|
|ap_return_0  |  out|     8|  ap_ctrl_hs|  dense_latency<ap_fixed<16, 6, 5, 3, 0>, ap_fixed<8, 4, 5, 3, 0>, config2>|  return value|
|ap_return_1  |  out|     8|  ap_ctrl_hs|  dense_latency<ap_fixed<16, 6, 5, 3, 0>, ap_fixed<8, 4, 5, 3, 0>, config2>|  return value|
|ap_return_2  |  out|     8|  ap_ctrl_hs|  dense_latency<ap_fixed<16, 6, 5, 3, 0>, ap_fixed<8, 4, 5, 3, 0>, config2>|  return value|
|ap_return_3  |  out|     8|  ap_ctrl_hs|  dense_latency<ap_fixed<16, 6, 5, 3, 0>, ap_fixed<8, 4, 5, 3, 0>, config2>|  return value|
|ap_return_4  |  out|     8|  ap_ctrl_hs|  dense_latency<ap_fixed<16, 6, 5, 3, 0>, ap_fixed<8, 4, 5, 3, 0>, config2>|  return value|
|ap_return_5  |  out|     8|  ap_ctrl_hs|  dense_latency<ap_fixed<16, 6, 5, 3, 0>, ap_fixed<8, 4, 5, 3, 0>, config2>|  return value|
|ap_ce        |   in|     1|  ap_ctrl_hs|  dense_latency<ap_fixed<16, 6, 5, 3, 0>, ap_fixed<8, 4, 5, 3, 0>, config2>|  return value|
|p_read       |   in|  2576|     ap_none|                                                                     p_read|        scalar|
+-------------+-----+------+------------+---------------------------------------------------------------------------+--------------+

