

================================================================
== Vitis HLS Report for 'dense_latency_ap_fixed_8_4_5_3_0_ap_fixed_8_4_5_3_0_config17_s'
================================================================
* Date:           Tue Mar 10 19:40:07 2026

* Version:        2022.2 (Build 3670227 on Oct 13 2022)
* Project:        myproject_prj
* Solution:       solution1 (Vivado IP Flow Target)
* Product family: zynq
* Target device:  xc7z020-clg484-1


================================================================
== Performance Estimates
================================================================
+ Timing: 
    * Summary: 
    +--------+---------+----------+------------+
    |  Clock |  Target | Estimated| Uncertainty|
    +--------+---------+----------+------------+
    |ap_clk  |  5.00 ns|  3.491 ns|     1.35 ns|
    +--------+---------+----------+------------+

+ Latency: 
    * Summary: 
    +---------+---------+-----------+-----------+-----+-----+---------+
    |  Latency (cycles) |   Latency (absolute)  |  Interval | Pipeline|
    |   min   |   max   |    min    |    max    | min | max |   Type  |
    +---------+---------+-----------+-----------+-----+-----+---------+
    |        4|        4|  20.000 ns|  20.000 ns|    1|    1|      yes|
    +---------+---------+-----------+-----------+-----+-----+---------+

    + Detail: 
        * Instance: 
        N/A

        * Loop: 
        N/A



================================================================
== Utilization Estimates
================================================================
* Summary: 
+-----------------+---------+-----+--------+-------+-----+
|       Name      | BRAM_18K| DSP |   FF   |  LUT  | URAM|
+-----------------+---------+-----+--------+-------+-----+
|DSP              |        -|    -|       -|      -|    -|
|Expression       |        -|    -|       0|    109|    -|
|FIFO             |        -|    -|       -|      -|    -|
|Instance         |        -|    5|      47|      2|    -|
|Memory           |        -|    -|       -|      -|    -|
|Multiplexer      |        -|    -|       -|     28|    -|
|Register         |        -|    -|     131|      -|    -|
+-----------------+---------+-----+--------+-------+-----+
|Total            |        0|    5|     178|    139|    0|
+-----------------+---------+-----+--------+-------+-----+
|Available        |      280|  220|  106400|  53200|    0|
+-----------------+---------+-----+--------+-------+-----+
|Utilization (%)  |        0|    2|      ~0|     ~0|    0|
+-----------------+---------+-----+--------+-------+-----+

+ Detail: 
    * Instance: 
    +------------------------+--------------------+---------+----+----+----+-----+
    |        Instance        |       Module       | BRAM_18K| DSP| FF | LUT| URAM|
    +------------------------+--------------------+---------+----+----+----+-----+
    |mul_8s_10ns_17_3_0_U18  |mul_8s_10ns_17_3_0  |        0|   1|   0|   0|    0|
    |mul_8s_10ns_17_3_0_U21  |mul_8s_10ns_17_3_0  |        0|   1|   0|   0|    0|
    |mul_8s_10s_17_3_0_U20   |mul_8s_10s_17_3_0   |        0|   1|   0|   0|    0|
    |mul_8s_11s_17_2_0_U22   |mul_8s_11s_17_2_0   |        0|   1|  47|   2|    0|
    |mul_8s_9s_17_3_0_U19    |mul_8s_9s_17_3_0    |        0|   1|   0|   0|    0|
    +------------------------+--------------------+---------+----+----+----+-----+
    |Total                   |                    |        0|   5|  47|   2|    0|
    +------------------------+--------------------+---------+----+----+----+-----+

    * DSP: 
    N/A

    * Memory: 
    N/A

    * FIFO: 
    N/A

    * Expression: 
    +------------------------+----------+----+---+----+------------+------------+
    |      Variable Name     | Operation| DSP| FF| LUT| Bitwidth P0| Bitwidth P1|
    +------------------------+----------+----+---+----+------------+------------+
    |add_ln813_23_fu_338_p2  |         +|   0|  0|  15|           8|           2|
    |add_ln813_24_fu_347_p2  |         +|   0|  0|  15|           8|           8|
    |add_ln813_25_fu_343_p2  |         +|   0|  0|  15|           8|           8|
    |add_ln813_26_fu_351_p2  |         +|   0|  0|  15|           8|           8|
    |add_ln813_fu_333_p2     |         +|   0|  0|  15|           8|           8|
    |r_V_19_fu_274_p2        |         -|   0|  0|  17|          14|          14|
    |sub_ln1273_fu_257_p2    |         -|   0|  0|  17|           1|          14|
    +------------------------+----------+----+---+----+------------+------------+
    |Total                   |          |   0|  0| 109|          55|          62|
    +------------------------+----------+----+---+----+------------+------------+

    * Multiplexer: 
    +-------------+----+-----------+-----+-----------+
    |     Name    | LUT| Input Size| Bits| Total Bits|
    +-------------+----+-----------+-----+-----------+
    |ap_return_0  |  14|          3|    8|         24|
    |ap_return_1  |  14|          3|    8|         24|
    +-------------+----+-----------+-----+-----------+
    |Total        |  28|          6|   16|         48|
    +-------------+----+-----------+-----+-----------+

    * Register: 
    +--------------------------------------+---+----+-----+-----------+
    |                 Name                 | FF| LUT| Bits| Const Bits|
    +--------------------------------------+---+----+-----+-----------+
    |add_ln813_23_reg_426                  |  8|   0|    8|          0|
    |add_ln813_25_reg_431                  |  8|   0|    8|          0|
    |add_ln813_reg_421                     |  8|   0|    8|          0|
    |ap_ce_reg                             |  1|   0|    1|          0|
    |ap_return_0_int_reg                   |  8|   0|    8|          0|
    |ap_return_1_int_reg                   |  8|   0|    8|          0|
    |p_read14_reg_367                      |  8|   0|    8|          0|
    |p_read1_int_reg                       |  8|   0|    8|          0|
    |p_read2_int_reg                       |  8|   0|    8|          0|
    |p_read_int_reg                        |  8|   0|    8|          0|
    |trunc_ln818_22_reg_396                |  5|   0|    5|          0|
    |trunc_ln818_22_reg_396_pp0_iter2_reg  |  5|   0|    5|          0|
    |trunc_ln818_23_reg_416                |  8|   0|    8|          0|
    |trunc_ln818_24_reg_406                |  8|   0|    8|          0|
    |trunc_ln818_25_reg_411                |  8|   0|    8|          0|
    |trunc_ln818_s_reg_386                 |  8|   0|    8|          0|
    |trunc_ln818_s_reg_386_pp0_iter2_reg   |  8|   0|    8|          0|
    |trunc_ln_reg_401                      |  8|   0|    8|          0|
    +--------------------------------------+---+----+-----+-----------+
    |Total                                 |131|   0|  131|          0|
    +--------------------------------------+---+----+-----+-----------+



================================================================
== Interface
================================================================
* Summary: 
+-------------+-----+-----+------------+---------------------------------------------------------------------------+--------------+
|  RTL Ports  | Dir | Bits|  Protocol  |                               Source Object                               |    C Type    |
+-------------+-----+-----+------------+---------------------------------------------------------------------------+--------------+
|ap_clk       |   in|    1|  ap_ctrl_hs|  dense_latency<ap_fixed<8, 4, 5, 3, 0>, ap_fixed<8, 4, 5, 3, 0>, config17>|  return value|
|ap_rst       |   in|    1|  ap_ctrl_hs|  dense_latency<ap_fixed<8, 4, 5, 3, 0>, ap_fixed<8, 4, 5, 3, 0>, config17>|  return value|
|ap_return_0  |  out|    8|  ap_ctrl_hs|  dense_latency<ap_fixed<8, 4, 5, 3, 0>, ap_fixed<8, 4, 5, 3, 0>, config17>|  return value|
|ap_return_1  |  out|    8|  ap_ctrl_hs|  dense_latency<ap_fixed<8, 4, 5, 3, 0>, ap_fixed<8, 4, 5, 3, 0>, config17>|  return value|
|ap_ce        |   in|    1|  ap_ctrl_hs|  dense_latency<ap_fixed<8, 4, 5, 3, 0>, ap_fixed<8, 4, 5, 3, 0>, config17>|  return value|
|p_read       |   in|    8|     ap_none|                                                                     p_read|        scalar|
|p_read1      |   in|    8|     ap_none|                                                                    p_read1|        scalar|
|p_read2      |   in|    8|     ap_none|                                                                    p_read2|        scalar|
+-------------+-----+-----+------------+---------------------------------------------------------------------------+--------------+

