

================================================================
== Vitis HLS Report for 'GN_inference'
================================================================
* Date:           Mon Mar  9 15:25:09 2026

* Version:        2022.2 (Build 3670227 on Oct 13 2022)
* Project:        myproject_prj
* Solution:       solution1 (Vivado IP Flow Target)
* Product family: zynq
* Target device:  xc7z020-clg484-1


================================================================
== Performance Estimates
================================================================
+ Timing: 
    * Summary: 
    +--------+----------+----------+------------+
    |  Clock |  Target  | Estimated| Uncertainty|
    +--------+----------+----------+------------+
    |ap_clk  |  10.00 ns|  8.358 ns|     1.25 ns|
    +--------+----------+----------+------------+

+ Latency: 
    * Summary: 
    +---------+---------+----------+----------+-----+-----+---------+
    |  Latency (cycles) |  Latency (absolute) |  Interval | Pipeline|
    |   min   |   max   |    min   |    max   | min | max |   Type  |
    +---------+---------+----------+----------+-----+-----+---------+
    |      177|      177|  1.770 us|  1.770 us|  161|  161|      yes|
    +---------+---------+----------+----------+-----+-----+---------+

    + Detail: 
        * Instance: 
        +-------------------------------------------------------------------------------------+------------------------------------------------------------------+---------+---------+-----------+-----------+-----+-----+---------+
        |                                                                                     |                                                                  |  Latency (cycles) |   Latency (absolute)  |  Interval | Pipeline|
        |                                       Instance                                      |                              Module                              |   min   |   max   |    min    |    max    | min | max |   Type  |
        +-------------------------------------------------------------------------------------+------------------------------------------------------------------+---------+---------+-----------+-----------+-----+-----+---------+
        |grp_dense_latency_ap_fixed_16_6_5_3_0_ap_fixed_8_4_5_3_0_config2_s_fu_167            |dense_latency_ap_fixed_16_6_5_3_0_ap_fixed_8_4_5_3_0_config2_s    |        3|        3|  30.000 ns|  30.000 ns|    1|    1|      yes|
        |grp_dense_latency_ap_fixed_8_4_5_3_0_ap_fixed_8_4_5_3_0_config5_s_fu_172             |dense_latency_ap_fixed_8_4_5_3_0_ap_fixed_8_4_5_3_0_config5_s     |        1|        1|  10.000 ns|  10.000 ns|    1|    1|      yes|
        |grp_dense_latency_ap_fixed_8_4_5_3_0_ap_fixed_8_4_5_3_0_config8_s_fu_182             |dense_latency_ap_fixed_8_4_5_3_0_ap_fixed_8_4_5_3_0_config8_s     |        1|        1|  10.000 ns|  10.000 ns|    1|    1|      yes|
        |call_ret4_dense_latency_ap_fixed_8_4_5_3_0_ap_fixed_8_4_5_3_0_config11_s_fu_189      |dense_latency_ap_fixed_8_4_5_3_0_ap_fixed_8_4_5_3_0_config11_s    |        0|        0|       0 ns|       0 ns|    1|    1|      yes|
        |call_ret5_dense_latency_ap_fixed_8_4_5_3_0_ap_fixed_8_4_5_3_0_config14_s_fu_195      |dense_latency_ap_fixed_8_4_5_3_0_ap_fixed_8_4_5_3_0_config14_s    |        0|        0|       0 ns|       0 ns|    1|    1|      yes|
        |layer17_out_V_dense_latency_ap_fixed_8_4_5_3_0_ap_fixed_8_4_5_3_0_config17_s_fu_201  |dense_latency_ap_fixed_8_4_5_3_0_ap_fixed_8_4_5_3_0_config17_s    |        0|        0|       0 ns|       0 ns|    1|    1|      yes|
        |grp_sigmoid_ap_fixed_8_4_5_3_0_ap_fixed_8_4_5_3_0_sigmoid_config19_s_fu_207          |sigmoid_ap_fixed_8_4_5_3_0_ap_fixed_8_4_5_3_0_sigmoid_config19_s  |        1|        1|  10.000 ns|  10.000 ns|    1|    1|      yes|
        +-------------------------------------------------------------------------------------+------------------------------------------------------------------+---------+---------+-----------+-----------+-----+-----+---------+

        * Loop: 
        N/A



================================================================
== Utilization Estimates
================================================================
* Summary: 
+-----------------+---------+-----+--------+-------+-----+
|       Name      | BRAM_18K| DSP |   FF   |  LUT  | URAM|
+-----------------+---------+-----+--------+-------+-----+
|DSP              |        -|    -|       -|      -|    -|
|Expression       |        -|    -|       0|    849|    -|
|FIFO             |        -|    -|       -|      -|    -|
|Instance         |        1|   49|    5369|  11203|    -|
|Memory           |        -|    -|       -|      -|    -|
|Multiplexer      |        -|    -|       -|    891|    -|
|Register         |        -|    -|    1560|      -|    -|
+-----------------+---------+-----+--------+-------+-----+
|Total            |        1|   49|    6929|  12943|    0|
+-----------------+---------+-----+--------+-------+-----+
|Available        |      280|  220|  106400|  53200|    0|
+-----------------+---------+-----+--------+-------+-----+
|Utilization (%)  |       ~0|   22|       6|     24|    0|
+-----------------+---------+-----+--------+-------+-----+

+ Detail: 
    * Instance: 
    +-------------------------------------------------------------------------------------+------------------------------------------------------------------+---------+----+------+-------+-----+
    |                                       Instance                                      |                              Module                              | BRAM_18K| DSP|  FF  |  LUT  | URAM|
    +-------------------------------------------------------------------------------------+------------------------------------------------------------------+---------+----+------+-------+-----+
    |dcmp_64ns_64ns_1_2_no_dsp_1_U83                                                      |dcmp_64ns_64ns_1_2_no_dsp_1                                       |        0|   0|     0|      0|    0|
    |grp_dense_latency_ap_fixed_16_6_5_3_0_ap_fixed_8_4_5_3_0_config2_s_fu_167            |dense_latency_ap_fixed_16_6_5_3_0_ap_fixed_8_4_5_3_0_config2_s    |        0|  47|  5241|  10571|    0|
    |call_ret4_dense_latency_ap_fixed_8_4_5_3_0_ap_fixed_8_4_5_3_0_config11_s_fu_189      |dense_latency_ap_fixed_8_4_5_3_0_ap_fixed_8_4_5_3_0_config11_s    |        0|   0|     0|     97|    0|
    |call_ret5_dense_latency_ap_fixed_8_4_5_3_0_ap_fixed_8_4_5_3_0_config14_s_fu_195      |dense_latency_ap_fixed_8_4_5_3_0_ap_fixed_8_4_5_3_0_config14_s    |        0|   0|     0|     39|    0|
    |layer17_out_V_dense_latency_ap_fixed_8_4_5_3_0_ap_fixed_8_4_5_3_0_config17_s_fu_201  |dense_latency_ap_fixed_8_4_5_3_0_ap_fixed_8_4_5_3_0_config17_s    |        0|   2|     0|     27|    0|
    |grp_dense_latency_ap_fixed_8_4_5_3_0_ap_fixed_8_4_5_3_0_config5_s_fu_172             |dense_latency_ap_fixed_8_4_5_3_0_ap_fixed_8_4_5_3_0_config5_s     |        0|   0|    79|    320|    0|
    |grp_dense_latency_ap_fixed_8_4_5_3_0_ap_fixed_8_4_5_3_0_config8_s_fu_182             |dense_latency_ap_fixed_8_4_5_3_0_ap_fixed_8_4_5_3_0_config8_s     |        0|   0|    47|    136|    0|
    |grp_sigmoid_ap_fixed_8_4_5_3_0_ap_fixed_8_4_5_3_0_sigmoid_config19_s_fu_207          |sigmoid_ap_fixed_8_4_5_3_0_ap_fixed_8_4_5_3_0_sigmoid_config19_s  |        1|   0|     2|     13|    0|
    +-------------------------------------------------------------------------------------+------------------------------------------------------------------+---------+----+------+-------+-----+
    |Total                                                                                |                                                                  |        1|  49|  5369|  11203|    0|
    +-------------------------------------------------------------------------------------+------------------------------------------------------------------+---------+----+------+-------+-----+

    * DSP: 
    N/A

    * Memory: 
    N/A

    * FIFO: 
    N/A

    * Expression: 
    +---------------------------+----------+----+---+-----+------------+------------+
    |       Variable Name       | Operation| DSP| FF| LUT | Bitwidth P0| Bitwidth P1|
    +---------------------------+----------+----+---+-----+------------+------------+
    |add_ln1054_fu_1534_p2      |         +|   0|  0|   15|           8|           7|
    |add_ln1063_fu_1574_p2      |         +|   0|  0|   39|          32|           7|
    |add_ln1076_fu_1670_p2      |         +|   0|  0|   11|          11|          11|
    |lsb_index_fu_1460_p2       |         +|   0|  0|   39|          32|           7|
    |m_3_fu_1616_p2             |         +|   0|  0|   71|          64|          64|
    |sub_ln1049_fu_1450_p2      |         -|   0|  0|   39|           4|          32|
    |sub_ln1052_fu_1480_p2      |         -|   0|  0|   11|           3|           3|
    |sub_ln1064_fu_1589_p2      |         -|   0|  0|   39|           6|          32|
    |sub_ln1070_fu_1665_p2      |         -|   0|  0|   11|           3|          11|
    |a_fu_1515_p2               |       and|   0|  0|    2|           1|           1|
    |and_ln1054_fu_1546_p2      |       and|   0|  0|    2|           1|           1|
    |ap_block_pp0_stage0_11001  |       and|   0|  0|    2|           1|           1|
    |empty_1538_fu_1715_p2      |       and|   0|  0|    2|           1|           1|
    |p_Result_2_fu_1504_p2      |       and|   0|  0|    8|           8|           8|
    |sel_tmp1_fu_1721_p2        |       and|   0|  0|    2|           1|           1|
    |icmp_ln1040_fu_1650_p2     |      icmp|   0|  0|    9|           4|           1|
    |icmp_ln1051_fu_1490_p2     |      icmp|   0|  0|   17|          31|           1|
    |icmp_ln1052_fu_1509_p2     |      icmp|   0|  0|   11|           8|           1|
    |icmp_ln1063_fu_1569_p2     |      icmp|   0|  0|   18|          32|           1|
    |notlhs_fu_1696_p2          |      icmp|   0|  0|   11|          11|           2|
    |notrhs_fu_1702_p2          |      icmp|   0|  0|   24|          52|           1|
    |lshr_ln1052_fu_1498_p2     |      lshr|   0|  0|   17|           2|           8|
    |lshr_ln1063_fu_1583_p2     |      lshr|   0|  0|  182|          64|          64|
    |empty_1537_fu_1711_p2      |        or|   0|  0|    2|           1|           1|
    |or_ln1054_fu_1552_p2       |        or|   0|  0|    2|           1|           1|
    |m_2_fu_1604_p3             |    select|   0|  0|   64|           1|          64|
    |result                     |    select|   0|  0|    3|           1|           3|
    |select_ln1048_fu_1658_p3   |    select|   0|  0|   10|           1|          10|
    |shl_ln1064_fu_1598_p2      |       shl|   0|  0|  182|          64|          64|
    |ap_enable_pp0              |       xor|   0|  0|    2|           1|           2|
    |xor_ln1054_fu_1528_p2      |       xor|   0|  0|    2|           1|           2|
    +---------------------------+----------+----+---+-----+------------+------------+
    |Total                      |          |   0|  0|  849|         451|         413|
    +---------------------------+----------+----+---+-----+------------+------------+

    * Multiplexer: 
    +-------------------------+-----+-----------+-----+-----------+
    |           Name          | LUT | Input Size| Bits| Total Bits|
    +-------------------------+-----+-----------+-----+-----------+
    |ap_NS_fsm                |  864|        162|    1|        162|
    |ap_enable_reg_pp0_iter0  |    9|          2|    1|          2|
    |ap_enable_reg_pp0_iter1  |    9|          2|    1|          2|
    |input_r_TDATA_blk_n      |    9|          2|    1|          2|
    +-------------------------+-----+-----------+-----+-----------+
    |Total                    |  891|        168|    4|        168|
    +-------------------------+-----+-----------+-----+-----------+

    * Register: 
    +------------------------------------------------------------------------------------------+-----+----+-----+-----------+
    |                                           Name                                           |  FF | LUT| Bits| Const Bits|
    +------------------------------------------------------------------------------------------+-----+----+-----+-----------+
    |ap_CS_fsm                                                                                 |  161|   0|  161|          0|
    |ap_enable_reg_pp0_iter0_reg                                                               |    1|   0|    1|          0|
    |ap_enable_reg_pp0_iter1                                                                   |    1|   0|    1|          0|
    |grp_sigmoid_ap_fixed_8_4_5_3_0_ap_fixed_8_4_5_3_0_sigmoid_config19_s_fu_207_ap_start_reg  |    1|   0|    1|          0|
    |icmp_ln1040_reg_2679                                                                      |    1|   0|    1|          0|
    |layer11_out_V_1_reg_2600                                                                  |    8|   0|    8|          0|
    |layer11_out_V_reg_2595                                                                    |    8|   0|    8|          0|
    |layer14_out_V_1_reg_2610                                                                  |    8|   0|    8|          0|
    |layer14_out_V_reg_2605                                                                    |    8|   0|    8|          0|
    |layer17_out_V_reg_2615                                                                    |    8|   0|    8|          0|
    |layer19_out_V_reg_2620                                                                    |    4|   0|    4|          0|
    |layer2_out_V_1_reg_2545                                                                   |    8|   0|    8|          0|
    |layer2_out_V_2_reg_2550                                                                   |    8|   0|    8|          0|
    |layer2_out_V_3_reg_2555                                                                   |    8|   0|    8|          0|
    |layer2_out_V_4_reg_2560                                                                   |    8|   0|    8|          0|
    |layer2_out_V_5_reg_2565                                                                   |    8|   0|    8|          0|
    |layer2_out_V_reg_2540                                                                     |    8|   0|    8|          0|
    |layer5_out_V_1_reg_2575                                                                   |    8|   0|    8|          0|
    |layer5_out_V_2_reg_2580                                                                   |    8|   0|    8|          0|
    |layer5_out_V_reg_2570                                                                     |    8|   0|    8|          0|
    |layer8_out_V_1_reg_2590                                                                   |    8|   0|    8|          0|
    |layer8_out_V_reg_2585                                                                     |    8|   0|    8|          0|
    |lsb_index_reg_2643                                                                        |   32|   0|   32|          0|
    |m_reg_2664                                                                                |   63|   0|   63|          0|
    |notlhs_reg_2689                                                                           |    1|   0|    1|          0|
    |notrhs_reg_2694                                                                           |    1|   0|    1|          0|
    |p_Result_4_reg_2669                                                                       |    1|   0|    1|          0|
    |p_Result_7_reg_2684                                                                       |   64|   0|   64|          0|
    |sub_ln1049_reg_2632                                                                       |   32|   0|   32|          0|
    |sub_ln1052_reg_2654                                                                       |    3|   0|    3|          0|
    |tmp_162_reg_2649                                                                          |   31|   0|   31|          0|
    |tmp_224_reg_2674                                                                          |   52|   0|   52|          0|
    |trunc_ln1048_reg_2659                                                                     |   11|   0|   11|          0|
    |trunc_ln1049_reg_2638                                                                     |    8|   0|    8|          0|
    |trunc_ln841_100_reg_2235                                                                  |    6|   0|    6|          0|
    |trunc_ln841_101_reg_2240                                                                  |    6|   0|    6|          0|
    |trunc_ln841_102_reg_2245                                                                  |    6|   0|    6|          0|
    |trunc_ln841_103_reg_2250                                                                  |    6|   0|    6|          0|
    |trunc_ln841_104_reg_2255                                                                  |    6|   0|    6|          0|
    |trunc_ln841_105_reg_2260                                                                  |    6|   0|    6|          0|
    |trunc_ln841_106_reg_2265                                                                  |    6|   0|    6|          0|
    |trunc_ln841_107_reg_2270                                                                  |    6|   0|    6|          0|
    |trunc_ln841_108_reg_2275                                                                  |    6|   0|    6|          0|
    |trunc_ln841_109_reg_2280                                                                  |    6|   0|    6|          0|
    |trunc_ln841_10_reg_1785                                                                   |    6|   0|    6|          0|
    |trunc_ln841_110_reg_2285                                                                  |    6|   0|    6|          0|
    |trunc_ln841_111_reg_2290                                                                  |    6|   0|    6|          0|
    |trunc_ln841_112_reg_2295                                                                  |    6|   0|    6|          0|
    |trunc_ln841_113_reg_2300                                                                  |    6|   0|    6|          0|
    |trunc_ln841_114_reg_2305                                                                  |    6|   0|    6|          0|
    |trunc_ln841_115_reg_2310                                                                  |    6|   0|    6|          0|
    |trunc_ln841_116_reg_2315                                                                  |    6|   0|    6|          0|
    |trunc_ln841_117_reg_2320                                                                  |    6|   0|    6|          0|
    |trunc_ln841_118_reg_2325                                                                  |    6|   0|    6|          0|
    |trunc_ln841_119_reg_2330                                                                  |    6|   0|    6|          0|
    |trunc_ln841_11_reg_1790                                                                   |    6|   0|    6|          0|
    |trunc_ln841_120_reg_2335                                                                  |    6|   0|    6|          0|
    |trunc_ln841_121_reg_2340                                                                  |    6|   0|    6|          0|
    |trunc_ln841_122_reg_2345                                                                  |    6|   0|    6|          0|
    |trunc_ln841_123_reg_2350                                                                  |    6|   0|    6|          0|
    |trunc_ln841_124_reg_2355                                                                  |    6|   0|    6|          0|
    |trunc_ln841_125_reg_2360                                                                  |    6|   0|    6|          0|
    |trunc_ln841_126_reg_2365                                                                  |    6|   0|    6|          0|
    |trunc_ln841_127_reg_2370                                                                  |    6|   0|    6|          0|
    |trunc_ln841_128_reg_2375                                                                  |    6|   0|    6|          0|
    |trunc_ln841_129_reg_2380                                                                  |    6|   0|    6|          0|
    |trunc_ln841_12_reg_1795                                                                   |    6|   0|    6|          0|
    |trunc_ln841_130_reg_2385                                                                  |    6|   0|    6|          0|
    |trunc_ln841_131_reg_2390                                                                  |    6|   0|    6|          0|
    |trunc_ln841_132_reg_2395                                                                  |    6|   0|    6|          0|
    |trunc_ln841_133_reg_2400                                                                  |    6|   0|    6|          0|
    |trunc_ln841_134_reg_2405                                                                  |    6|   0|    6|          0|
    |trunc_ln841_135_reg_2410                                                                  |    6|   0|    6|          0|
    |trunc_ln841_136_reg_2415                                                                  |    6|   0|    6|          0|
    |trunc_ln841_137_reg_2420                                                                  |    6|   0|    6|          0|
    |trunc_ln841_138_reg_2425                                                                  |    6|   0|    6|          0|
    |trunc_ln841_139_reg_2430                                                                  |    6|   0|    6|          0|
    |trunc_ln841_13_reg_1800                                                                   |    6|   0|    6|          0|
    |trunc_ln841_140_reg_2435                                                                  |    6|   0|    6|          0|
    |trunc_ln841_141_reg_2440                                                                  |    6|   0|    6|          0|
    |trunc_ln841_142_reg_2445                                                                  |    6|   0|    6|          0|
    |trunc_ln841_143_reg_2450                                                                  |    6|   0|    6|          0|
    |trunc_ln841_144_reg_2455                                                                  |    6|   0|    6|          0|
    |trunc_ln841_145_reg_2460                                                                  |    6|   0|    6|          0|
    |trunc_ln841_146_reg_2465                                                                  |    6|   0|    6|          0|
    |trunc_ln841_147_reg_2470                                                                  |    6|   0|    6|          0|
    |trunc_ln841_148_reg_2475                                                                  |    6|   0|    6|          0|
    |trunc_ln841_149_reg_2480                                                                  |    6|   0|    6|          0|
    |trunc_ln841_14_reg_1805                                                                   |    6|   0|    6|          0|
    |trunc_ln841_150_reg_2485                                                                  |    6|   0|    6|          0|
    |trunc_ln841_151_reg_2490                                                                  |    6|   0|    6|          0|
    |trunc_ln841_152_reg_2495                                                                  |    6|   0|    6|          0|
    |trunc_ln841_153_reg_2500                                                                  |    6|   0|    6|          0|
    |trunc_ln841_154_reg_2505                                                                  |    6|   0|    6|          0|
    |trunc_ln841_155_reg_2510                                                                  |    6|   0|    6|          0|
    |trunc_ln841_156_reg_2515                                                                  |    6|   0|    6|          0|
    |trunc_ln841_157_reg_2520                                                                  |    6|   0|    6|          0|
    |trunc_ln841_158_reg_2525                                                                  |    6|   0|    6|          0|
    |trunc_ln841_159_reg_2530                                                                  |    6|   0|    6|          0|
    |trunc_ln841_15_reg_1810                                                                   |    6|   0|    6|          0|
    |trunc_ln841_16_reg_1815                                                                   |    6|   0|    6|          0|
    |trunc_ln841_17_reg_1820                                                                   |    6|   0|    6|          0|
    |trunc_ln841_18_reg_1825                                                                   |    6|   0|    6|          0|
    |trunc_ln841_19_reg_1830                                                                   |    6|   0|    6|          0|
    |trunc_ln841_1_reg_1740                                                                    |    6|   0|    6|          0|
    |trunc_ln841_20_reg_1835                                                                   |    6|   0|    6|          0|
    |trunc_ln841_21_reg_1840                                                                   |    6|   0|    6|          0|
    |trunc_ln841_22_reg_1845                                                                   |    6|   0|    6|          0|
    |trunc_ln841_23_reg_1850                                                                   |    6|   0|    6|          0|
    |trunc_ln841_24_reg_1855                                                                   |    6|   0|    6|          0|
    |trunc_ln841_25_reg_1860                                                                   |    6|   0|    6|          0|
    |trunc_ln841_26_reg_1865                                                                   |    6|   0|    6|          0|
    |trunc_ln841_27_reg_1870                                                                   |    6|   0|    6|          0|
    |trunc_ln841_28_reg_1875                                                                   |    6|   0|    6|          0|
    |trunc_ln841_29_reg_1880                                                                   |    6|   0|    6|          0|
    |trunc_ln841_2_reg_1745                                                                    |    6|   0|    6|          0|
    |trunc_ln841_30_reg_1885                                                                   |    6|   0|    6|          0|
    |trunc_ln841_31_reg_1890                                                                   |    6|   0|    6|          0|
    |trunc_ln841_32_reg_1895                                                                   |    6|   0|    6|          0|
    |trunc_ln841_33_reg_1900                                                                   |    6|   0|    6|          0|
    |trunc_ln841_34_reg_1905                                                                   |    6|   0|    6|          0|
    |trunc_ln841_35_reg_1910                                                                   |    6|   0|    6|          0|
    |trunc_ln841_36_reg_1915                                                                   |    6|   0|    6|          0|
    |trunc_ln841_37_reg_1920                                                                   |    6|   0|    6|          0|
    |trunc_ln841_38_reg_1925                                                                   |    6|   0|    6|          0|
    |trunc_ln841_39_reg_1930                                                                   |    6|   0|    6|          0|
    |trunc_ln841_3_reg_1750                                                                    |    6|   0|    6|          0|
    |trunc_ln841_40_reg_1935                                                                   |    6|   0|    6|          0|
    |trunc_ln841_41_reg_1940                                                                   |    6|   0|    6|          0|
    |trunc_ln841_42_reg_1945                                                                   |    6|   0|    6|          0|
    |trunc_ln841_43_reg_1950                                                                   |    6|   0|    6|          0|
    |trunc_ln841_44_reg_1955                                                                   |    6|   0|    6|          0|
    |trunc_ln841_45_reg_1960                                                                   |    6|   0|    6|          0|
    |trunc_ln841_46_reg_1965                                                                   |    6|   0|    6|          0|
    |trunc_ln841_47_reg_1970                                                                   |    6|   0|    6|          0|
    |trunc_ln841_48_reg_1975                                                                   |    6|   0|    6|          0|
    |trunc_ln841_49_reg_1980                                                                   |    6|   0|    6|          0|
    |trunc_ln841_4_reg_1755                                                                    |    6|   0|    6|          0|
    |trunc_ln841_50_reg_1985                                                                   |    6|   0|    6|          0|
    |trunc_ln841_51_reg_1990                                                                   |    6|   0|    6|          0|
    |trunc_ln841_52_reg_1995                                                                   |    6|   0|    6|          0|
    |trunc_ln841_53_reg_2000                                                                   |    6|   0|    6|          0|
    |trunc_ln841_54_reg_2005                                                                   |    6|   0|    6|          0|
    |trunc_ln841_55_reg_2010                                                                   |    6|   0|    6|          0|
    |trunc_ln841_56_reg_2015                                                                   |    6|   0|    6|          0|
    |trunc_ln841_57_reg_2020                                                                   |    6|   0|    6|          0|
    |trunc_ln841_58_reg_2025                                                                   |    6|   0|    6|          0|
    |trunc_ln841_59_reg_2030                                                                   |    6|   0|    6|          0|
    |trunc_ln841_5_reg_1760                                                                    |    6|   0|    6|          0|
    |trunc_ln841_60_reg_2035                                                                   |    6|   0|    6|          0|
    |trunc_ln841_61_reg_2040                                                                   |    6|   0|    6|          0|
    |trunc_ln841_62_reg_2045                                                                   |    6|   0|    6|          0|
    |trunc_ln841_63_reg_2050                                                                   |    6|   0|    6|          0|
    |trunc_ln841_64_reg_2055                                                                   |    6|   0|    6|          0|
    |trunc_ln841_65_reg_2060                                                                   |    6|   0|    6|          0|
    |trunc_ln841_66_reg_2065                                                                   |    6|   0|    6|          0|
    |trunc_ln841_67_reg_2070                                                                   |    6|   0|    6|          0|
    |trunc_ln841_68_reg_2075                                                                   |    6|   0|    6|          0|
    |trunc_ln841_69_reg_2080                                                                   |    6|   0|    6|          0|
    |trunc_ln841_6_reg_1765                                                                    |    6|   0|    6|          0|
    |trunc_ln841_70_reg_2085                                                                   |    6|   0|    6|          0|
    |trunc_ln841_71_reg_2090                                                                   |    6|   0|    6|          0|
    |trunc_ln841_72_reg_2095                                                                   |    6|   0|    6|          0|
    |trunc_ln841_73_reg_2100                                                                   |    6|   0|    6|          0|
    |trunc_ln841_74_reg_2105                                                                   |    6|   0|    6|          0|
    |trunc_ln841_75_reg_2110                                                                   |    6|   0|    6|          0|
    |trunc_ln841_76_reg_2115                                                                   |    6|   0|    6|          0|
    |trunc_ln841_77_reg_2120                                                                   |    6|   0|    6|          0|
    |trunc_ln841_78_reg_2125                                                                   |    6|   0|    6|          0|
    |trunc_ln841_79_reg_2130                                                                   |    6|   0|    6|          0|
    |trunc_ln841_7_reg_1770                                                                    |    6|   0|    6|          0|
    |trunc_ln841_80_reg_2135                                                                   |    6|   0|    6|          0|
    |trunc_ln841_81_reg_2140                                                                   |    6|   0|    6|          0|
    |trunc_ln841_82_reg_2145                                                                   |    6|   0|    6|          0|
    |trunc_ln841_83_reg_2150                                                                   |    6|   0|    6|          0|
    |trunc_ln841_84_reg_2155                                                                   |    6|   0|    6|          0|
    |trunc_ln841_85_reg_2160                                                                   |    6|   0|    6|          0|
    |trunc_ln841_86_reg_2165                                                                   |    6|   0|    6|          0|
    |trunc_ln841_87_reg_2170                                                                   |    6|   0|    6|          0|
    |trunc_ln841_88_reg_2175                                                                   |    6|   0|    6|          0|
    |trunc_ln841_89_reg_2180                                                                   |    6|   0|    6|          0|
    |trunc_ln841_8_reg_1775                                                                    |    6|   0|    6|          0|
    |trunc_ln841_90_reg_2185                                                                   |    6|   0|    6|          0|
    |trunc_ln841_91_reg_2190                                                                   |    6|   0|    6|          0|
    |trunc_ln841_92_reg_2195                                                                   |    6|   0|    6|          0|
    |trunc_ln841_93_reg_2200                                                                   |    6|   0|    6|          0|
    |trunc_ln841_94_reg_2205                                                                   |    6|   0|    6|          0|
    |trunc_ln841_95_reg_2210                                                                   |    6|   0|    6|          0|
    |trunc_ln841_96_reg_2215                                                                   |    6|   0|    6|          0|
    |trunc_ln841_97_reg_2220                                                                   |    6|   0|    6|          0|
    |trunc_ln841_98_reg_2225                                                                   |    6|   0|    6|          0|
    |trunc_ln841_99_reg_2230                                                                   |    6|   0|    6|          0|
    |trunc_ln841_9_reg_1780                                                                    |    6|   0|    6|          0|
    |trunc_ln841_reg_1735                                                                      |    6|   0|    6|          0|
    |zext_ln1042_reg_2626                                                                      |    4|   0|    8|          4|
    +------------------------------------------------------------------------------------------+-----+----+-----+-----------+
    |Total                                                                                     | 1560|   0| 1564|          4|
    +------------------------------------------------------------------------------------------+-----+----+-----+-----------+



================================================================
== Interface
================================================================
* Summary: 
+----------------+-----+-----+------------+------------------+--------------+
|    RTL Ports   | Dir | Bits|  Protocol  |   Source Object  |    C Type    |
+----------------+-----+-----+------------+------------------+--------------+
|ap_clk          |   in|    1|  ap_ctrl_hs|      GN_inference|  return value|
|ap_rst_n        |   in|    1|  ap_ctrl_hs|      GN_inference|  return value|
|ap_start        |   in|    1|  ap_ctrl_hs|      GN_inference|  return value|
|ap_done         |  out|    1|  ap_ctrl_hs|      GN_inference|  return value|
|ap_idle         |  out|    1|  ap_ctrl_hs|      GN_inference|  return value|
|ap_ready        |  out|    1|  ap_ctrl_hs|      GN_inference|  return value|
|input_r_TVALID  |   in|    1|        axis|  input_r_V_dest_V|       pointer|
|input_r_TREADY  |  out|    1|        axis|  input_r_V_dest_V|       pointer|
|input_r_TDEST   |   in|    6|        axis|  input_r_V_dest_V|       pointer|
|input_r_TDATA   |   in|   32|        axis|  input_r_V_data_V|       pointer|
|input_r_TKEEP   |   in|    4|        axis|  input_r_V_keep_V|       pointer|
|input_r_TSTRB   |   in|    4|        axis|  input_r_V_strb_V|       pointer|
|input_r_TUSER   |   in|    2|        axis|  input_r_V_user_V|       pointer|
|input_r_TLAST   |   in|    1|        axis|  input_r_V_last_V|       pointer|
|input_r_TID     |   in|    5|        axis|    input_r_V_id_V|       pointer|
|result          |  out|   32|      ap_vld|            result|       pointer|
|result_ap_vld   |  out|    1|      ap_vld|            result|       pointer|
+----------------+-----+-----+------------+------------------+--------------+

