

================================================================
== Vitis HLS Report for 'myproject'
================================================================
* Date:           Mon Mar  9 23:08:46 2026

* Version:        2022.2 (Build 3670227 on Oct 13 2022)
* Project:        myproject_prj
* Solution:       solution1 (Vivado IP Flow Target)
* Product family: zynq
* Target device:  xc7z020-clg484-1


================================================================
== Performance Estimates
================================================================
+ Timing: 
    * Summary: 
    +--------+---------+----------+------------+
    |  Clock |  Target | Estimated| Uncertainty|
    +--------+---------+----------+------------+
    |ap_clk  |  5.00 ns|  3.554 ns|     1.35 ns|
    +--------+---------+----------+------------+

+ Latency: 
    * Summary: 
    +---------+---------+----------+----------+-----+-----+---------+
    |  Latency (cycles) |  Latency (absolute) |  Interval | Pipeline|
    |   min   |   max   |    min   |    max   | min | max |   Type  |
    +---------+---------+----------+----------+-----+-----+---------+
    |       35|       35|  0.175 us|  0.175 us|    1|    1|      yes|
    +---------+---------+----------+----------+-----+-----+---------+

    + Detail: 
        * Instance: 
        +-----------------------------------------------------------------------------+------------------------------------------------------------------+---------+---------+-----------+-----------+-----+-----+---------+
        |                                                                             |                                                                  |  Latency (cycles) |   Latency (absolute)  |  Interval | Pipeline|
        |                                   Instance                                  |                              Module                              |   min   |   max   |    min    |    max    | min | max |   Type  |
        +-----------------------------------------------------------------------------+------------------------------------------------------------------+---------+---------+-----------+-----------+-----+-----+---------+
        |grp_dense_latency_ap_fixed_16_6_5_3_0_ap_fixed_8_4_5_3_0_config2_s_fu_67     |dense_latency_ap_fixed_16_6_5_3_0_ap_fixed_8_4_5_3_0_config2_s    |        8|        8|  40.000 ns|  40.000 ns|    1|    1|      yes|
        |grp_dense_latency_ap_fixed_8_4_5_3_0_ap_fixed_8_4_5_3_0_config5_s_fu_73      |dense_latency_ap_fixed_8_4_5_3_0_ap_fixed_8_4_5_3_0_config5_s     |        5|        5|  25.000 ns|  25.000 ns|    1|    1|      yes|
        |grp_dense_latency_ap_fixed_8_4_5_3_0_ap_fixed_8_4_5_3_0_config8_s_fu_83      |dense_latency_ap_fixed_8_4_5_3_0_ap_fixed_8_4_5_3_0_config8_s     |        3|        3|  15.000 ns|  15.000 ns|    1|    1|      yes|
        |grp_dense_latency_ap_fixed_8_4_5_3_0_ap_fixed_8_4_5_3_0_config11_s_fu_90     |dense_latency_ap_fixed_8_4_5_3_0_ap_fixed_8_4_5_3_0_config11_s    |        1|        1|   5.000 ns|   5.000 ns|    1|    1|      yes|
        |grp_dense_latency_ap_fixed_8_4_5_3_0_ap_fixed_8_4_5_3_0_config14_s_fu_96     |dense_latency_ap_fixed_8_4_5_3_0_ap_fixed_8_4_5_3_0_config14_s    |        3|        3|  15.000 ns|  15.000 ns|    1|    1|      yes|
        |grp_dense_latency_ap_fixed_8_4_5_3_0_ap_fixed_8_4_5_3_0_config17_s_fu_103    |dense_latency_ap_fixed_8_4_5_3_0_ap_fixed_8_4_5_3_0_config17_s    |        3|        3|  15.000 ns|  15.000 ns|    1|    1|      yes|
        |grp_sigmoid_ap_fixed_8_4_5_3_0_ap_fixed_8_4_5_3_0_sigmoid_config19_s_fu_110  |sigmoid_ap_fixed_8_4_5_3_0_ap_fixed_8_4_5_3_0_sigmoid_config19_s  |        2|        2|  10.000 ns|  10.000 ns|    1|    1|      yes|
        +-----------------------------------------------------------------------------+------------------------------------------------------------------+---------+---------+-----------+-----------+-----+-----+---------+

        * Loop: 
        N/A



================================================================
== Utilization Estimates
================================================================
* Summary: 
+-----------------+---------+-----+--------+-------+-----+
|       Name      | BRAM_18K| DSP |   FF   |  LUT  | URAM|
+-----------------+---------+-----+--------+-------+-----+
|DSP              |        -|    -|       -|      -|    -|
|Expression       |        -|    -|       0|      4|    -|
|FIFO             |        -|    -|       -|      -|    -|
|Instance         |        1|   71|   18052|  16358|    -|
|Memory           |        -|    -|       -|      -|    -|
|Multiplexer      |        -|    -|       -|     36|    -|
|Register         |        -|    -|    2750|      -|    -|
+-----------------+---------+-----+--------+-------+-----+
|Total            |        1|   71|   20802|  16398|    0|
+-----------------+---------+-----+--------+-------+-----+
|Available        |      280|  220|  106400|  53200|    0|
+-----------------+---------+-----+--------+-------+-----+
|Utilization (%)  |       ~0|   32|      19|     30|    0|
+-----------------+---------+-----+--------+-------+-----+

+ Detail: 
    * Instance: 
    +-----------------------------------------------------------------------------+------------------------------------------------------------------+---------+----+-------+-------+-----+
    |                                   Instance                                  |                              Module                              | BRAM_18K| DSP|   FF  |  LUT  | URAM|
    +-----------------------------------------------------------------------------+------------------------------------------------------------------+---------+----+-------+-------+-----+
    |grp_dense_latency_ap_fixed_16_6_5_3_0_ap_fixed_8_4_5_3_0_config2_s_fu_67     |dense_latency_ap_fixed_16_6_5_3_0_ap_fixed_8_4_5_3_0_config2_s    |        0|  56|  16950|  15550|    0|
    |grp_dense_latency_ap_fixed_8_4_5_3_0_ap_fixed_8_4_5_3_0_config11_s_fu_90     |dense_latency_ap_fixed_8_4_5_3_0_ap_fixed_8_4_5_3_0_config11_s    |        0|   0|     57|    129|    0|
    |grp_dense_latency_ap_fixed_8_4_5_3_0_ap_fixed_8_4_5_3_0_config14_s_fu_96     |dense_latency_ap_fixed_8_4_5_3_0_ap_fixed_8_4_5_3_0_config14_s    |        0|   2|    208|    148|    0|
    |grp_dense_latency_ap_fixed_8_4_5_3_0_ap_fixed_8_4_5_3_0_config17_s_fu_103    |dense_latency_ap_fixed_8_4_5_3_0_ap_fixed_8_4_5_3_0_config17_s    |        0|   3|    218|     65|    0|
    |grp_dense_latency_ap_fixed_8_4_5_3_0_ap_fixed_8_4_5_3_0_config5_s_fu_73      |dense_latency_ap_fixed_8_4_5_3_0_ap_fixed_8_4_5_3_0_config5_s     |        0|   8|    477|    366|    0|
    |grp_dense_latency_ap_fixed_8_4_5_3_0_ap_fixed_8_4_5_3_0_config8_s_fu_83      |dense_latency_ap_fixed_8_4_5_3_0_ap_fixed_8_4_5_3_0_config8_s     |        0|   2|    129|     87|    0|
    |grp_sigmoid_ap_fixed_8_4_5_3_0_ap_fixed_8_4_5_3_0_sigmoid_config19_s_fu_110  |sigmoid_ap_fixed_8_4_5_3_0_ap_fixed_8_4_5_3_0_sigmoid_config19_s  |        1|   0|     13|     13|    0|
    +-----------------------------------------------------------------------------+------------------------------------------------------------------+---------+----+-------+-------+-----+
    |Total                                                                        |                                                                  |        1|  71|  18052|  16358|    0|
    +-----------------------------------------------------------------------------+------------------------------------------------------------------+---------+----+-------+-------+-----+

    * DSP: 
    N/A

    * Memory: 
    N/A

    * FIFO: 
    N/A

    * Expression: 
    +---------------------------+----------+----+---+----+------------+------------+
    |       Variable Name       | Operation| DSP| FF| LUT| Bitwidth P0| Bitwidth P1|
    +---------------------------+----------+----+---+----+------------+------------+
    |ap_block_pp0_stage0_01001  |       and|   0|  0|   2|           1|           1|
    |ap_enable_pp0              |       xor|   0|  0|   2|           1|           2|
    +---------------------------+----------+----+---+----+------------+------------+
    |Total                      |          |   0|  0|   4|           2|           3|
    +---------------------------+----------+----+---+----+------------+------------+

    * Multiplexer: 
    +--------------------------+----+-----------+------+-----------+
    |           Name           | LUT| Input Size| Bits | Total Bits|
    +--------------------------+----+-----------+------+-----------+
    |inputLayer_ap_vld_in_sig  |   9|          2|     1|          2|
    |inputLayer_ap_vld_preg    |   9|          2|     1|          2|
    |inputLayer_blk_n          |   9|          2|     1|          2|
    |inputLayer_in_sig         |   9|          2|  2576|       5152|
    +--------------------------+----+-----------+------+-----------+
    |Total                     |  36|          8|  2579|       5158|
    +--------------------------+----+-----------+------+-----------+

    * Register: 
    +------------------------------------------------------------------------------------------+------+----+------+-----------+
    |                                           Name                                           |  FF  | LUT| Bits | Const Bits|
    +------------------------------------------------------------------------------------------+------+----+------+-----------+
    |ap_CS_fsm                                                                                 |     1|   0|     1|          0|
    |ap_enable_reg_pp0_iter1                                                                   |     1|   0|     1|          0|
    |ap_enable_reg_pp0_iter10                                                                  |     1|   0|     1|          0|
    |ap_enable_reg_pp0_iter11                                                                  |     1|   0|     1|          0|
    |ap_enable_reg_pp0_iter12                                                                  |     1|   0|     1|          0|
    |ap_enable_reg_pp0_iter13                                                                  |     1|   0|     1|          0|
    |ap_enable_reg_pp0_iter14                                                                  |     1|   0|     1|          0|
    |ap_enable_reg_pp0_iter15                                                                  |     1|   0|     1|          0|
    |ap_enable_reg_pp0_iter16                                                                  |     1|   0|     1|          0|
    |ap_enable_reg_pp0_iter17                                                                  |     1|   0|     1|          0|
    |ap_enable_reg_pp0_iter18                                                                  |     1|   0|     1|          0|
    |ap_enable_reg_pp0_iter19                                                                  |     1|   0|     1|          0|
    |ap_enable_reg_pp0_iter2                                                                   |     1|   0|     1|          0|
    |ap_enable_reg_pp0_iter20                                                                  |     1|   0|     1|          0|
    |ap_enable_reg_pp0_iter21                                                                  |     1|   0|     1|          0|
    |ap_enable_reg_pp0_iter22                                                                  |     1|   0|     1|          0|
    |ap_enable_reg_pp0_iter23                                                                  |     1|   0|     1|          0|
    |ap_enable_reg_pp0_iter24                                                                  |     1|   0|     1|          0|
    |ap_enable_reg_pp0_iter25                                                                  |     1|   0|     1|          0|
    |ap_enable_reg_pp0_iter26                                                                  |     1|   0|     1|          0|
    |ap_enable_reg_pp0_iter27                                                                  |     1|   0|     1|          0|
    |ap_enable_reg_pp0_iter28                                                                  |     1|   0|     1|          0|
    |ap_enable_reg_pp0_iter29                                                                  |     1|   0|     1|          0|
    |ap_enable_reg_pp0_iter3                                                                   |     1|   0|     1|          0|
    |ap_enable_reg_pp0_iter30                                                                  |     1|   0|     1|          0|
    |ap_enable_reg_pp0_iter31                                                                  |     1|   0|     1|          0|
    |ap_enable_reg_pp0_iter32                                                                  |     1|   0|     1|          0|
    |ap_enable_reg_pp0_iter33                                                                  |     1|   0|     1|          0|
    |ap_enable_reg_pp0_iter34                                                                  |     1|   0|     1|          0|
    |ap_enable_reg_pp0_iter35                                                                  |     1|   0|     1|          0|
    |ap_enable_reg_pp0_iter4                                                                   |     1|   0|     1|          0|
    |ap_enable_reg_pp0_iter5                                                                   |     1|   0|     1|          0|
    |ap_enable_reg_pp0_iter6                                                                   |     1|   0|     1|          0|
    |ap_enable_reg_pp0_iter7                                                                   |     1|   0|     1|          0|
    |ap_enable_reg_pp0_iter8                                                                   |     1|   0|     1|          0|
    |ap_enable_reg_pp0_iter9                                                                   |     1|   0|     1|          0|
    |grp_sigmoid_ap_fixed_8_4_5_3_0_ap_fixed_8_4_5_3_0_sigmoid_config19_s_fu_110_ap_start_reg  |     1|   0|     1|          0|
    |inputLayer_ap_vld_preg                                                                    |     1|   0|     1|          0|
    |inputLayer_preg                                                                           |  2576|   0|  2576|          0|
    |layer11_out_V_1_reg_256                                                                   |     8|   0|     8|          0|
    |layer11_out_V_2_reg_261                                                                   |     8|   0|     8|          0|
    |layer11_out_V_reg_251                                                                     |     8|   0|     8|          0|
    |layer14_out_V_1_reg_271                                                                   |     8|   0|     8|          0|
    |layer14_out_V_2_reg_276                                                                   |     8|   0|     8|          0|
    |layer14_out_V_reg_266                                                                     |     8|   0|     8|          0|
    |layer2_out_V_1_reg_201                                                                    |     8|   0|     8|          0|
    |layer2_out_V_2_reg_206                                                                    |     8|   0|     8|          0|
    |layer2_out_V_3_reg_211                                                                    |     8|   0|     8|          0|
    |layer2_out_V_4_reg_216                                                                    |     8|   0|     8|          0|
    |layer2_out_V_5_reg_221                                                                    |     8|   0|     8|          0|
    |layer2_out_V_reg_196                                                                      |     8|   0|     8|          0|
    |layer5_out_V_1_reg_231                                                                    |     8|   0|     8|          0|
    |layer5_out_V_2_reg_236                                                                    |     8|   0|     8|          0|
    |layer5_out_V_reg_226                                                                      |     8|   0|     8|          0|
    |layer8_out_V_1_reg_246                                                                    |     8|   0|     8|          0|
    |layer8_out_V_reg_241                                                                      |     8|   0|     8|          0|
    +------------------------------------------------------------------------------------------+------+----+------+-----------+
    |Total                                                                                     |  2750|   0|  2750|          0|
    +------------------------------------------------------------------------------------------+------+----+------+-----------+



================================================================
== Interface
================================================================
* Summary: 
+----------------------+-----+------+------------+---------------+--------------+
|       RTL Ports      | Dir | Bits |  Protocol  | Source Object |    C Type    |
+----------------------+-----+------+------------+---------------+--------------+
|ap_clk                |   in|     1|  ap_ctrl_hs|      myproject|  return value|
|ap_rst                |   in|     1|  ap_ctrl_hs|      myproject|  return value|
|ap_start              |   in|     1|  ap_ctrl_hs|      myproject|  return value|
|ap_done               |  out|     1|  ap_ctrl_hs|      myproject|  return value|
|ap_idle               |  out|     1|  ap_ctrl_hs|      myproject|  return value|
|ap_ready              |  out|     1|  ap_ctrl_hs|      myproject|  return value|
|inputLayer_ap_vld     |   in|     1|      ap_vld|     inputLayer|       pointer|
|inputLayer            |   in|  2576|      ap_vld|     inputLayer|       pointer|
|layer19_out_0         |  out|     8|      ap_vld|  layer19_out_0|       pointer|
|layer19_out_0_ap_vld  |  out|     1|      ap_vld|  layer19_out_0|       pointer|
|layer19_out_1         |  out|     8|      ap_vld|  layer19_out_1|       pointer|
|layer19_out_1_ap_vld  |  out|     1|      ap_vld|  layer19_out_1|       pointer|
+----------------------+-----+------+------------+---------------+--------------+

