

================================================================
== Vitis HLS Report for 'softmax_stable_ap_fixed_ap_fixed_8_4_5_3_0_softmax_config19_s'
================================================================
* Date:           Tue Mar 10 18:17:35 2026

* Version:        2022.2 (Build 3670227 on Oct 13 2022)
* Project:        myproject_prj
* Solution:       solution1 (Vivado IP Flow Target)
* Product family: zynq
* Target device:  xc7z020-clg484-1


================================================================
== Performance Estimates
================================================================
+ Timing: 
    * Summary: 
    +--------+---------+----------+------------+
    |  Clock |  Target | Estimated| Uncertainty|
    +--------+---------+----------+------------+
    |ap_clk  |  5.00 ns|  3.890 ns|     1.35 ns|
    +--------+---------+----------+------------+

+ Latency: 
    * Summary: 
    +---------+---------+-----------+-----------+-----+-----+---------+
    |  Latency (cycles) |   Latency (absolute)  |  Interval | Pipeline|
    |   min   |   max   |    min    |    max    | min | max |   Type  |
    +---------+---------+-----------+-----------+-----+-----+---------+
    |       10|       10|  50.000 ns|  50.000 ns|    1|    1|      yes|
    +---------+---------+-----------+-----------+-----+-----+---------+

    + Detail: 
        * Instance: 
        N/A

        * Loop: 
        N/A



================================================================
== Utilization Estimates
================================================================
* Summary: 
+-----------------+---------+-----+--------+-------+-----+
|       Name      | BRAM_18K| DSP |   FF   |  LUT  | URAM|
+-----------------+---------+-----+--------+-------+-----+
|DSP              |        -|    2|       -|      -|    -|
|Expression       |        -|    -|       0|    130|    -|
|FIFO             |        -|    -|       -|      -|    -|
|Instance         |        -|    -|       -|      -|    -|
|Memory           |        2|    -|       0|      0|    -|
|Multiplexer      |        -|    -|       -|      -|    -|
|Register         |        -|    -|     287|     64|    -|
+-----------------+---------+-----+--------+-------+-----+
|Total            |        2|    2|     287|    194|    0|
+-----------------+---------+-----+--------+-------+-----+
|Available        |      280|  220|  106400|  53200|    0|
+-----------------+---------+-----+--------+-------+-----+
|Utilization (%)  |       ~0|   ~0|      ~0|     ~0|    0|
+-----------------+---------+-----+--------+-------+-----+

+ Detail: 
    * Instance: 
    N/A

    * DSP: 
    +-----------------------------+-------------------------+-----------+
    |           Instance          |          Module         | Expression|
    +-----------------------------+-------------------------+-----------+
    |mul_mul_18s_17ns_24_3_1_U50  |mul_mul_18s_17ns_24_3_1  |    i0 * i1|
    |mul_mul_18s_17ns_24_3_1_U51  |mul_mul_18s_17ns_24_3_1  |    i0 * i1|
    +-----------------------------+-------------------------+-----------+

    * Memory: 
    +----------------+----------------------------------------------------------------------------------+---------+---+----+-----+------+-----+------+-------------+
    |     Memory     |                                      Module                                      | BRAM_18K| FF| LUT| URAM| Words| Bits| Banks| W*Bits*Banks|
    +----------------+----------------------------------------------------------------------------------+---------+---+----+-----+------+-----+------+-------------+
    |exp_table_U     |softmax_stable_ap_fixed_ap_fixed_8_4_5_3_0_softmax_config19_s_exp_table_ROM_Abkb  |        1|  0|   0|    0|   256|   17|     1|         4352|
    |invert_table_U  |softmax_stable_ap_fixed_ap_fixed_8_4_5_3_0_softmax_config19_s_invert_table_ROcud  |        1|  0|   0|    0|   256|   18|     1|         4608|
    +----------------+----------------------------------------------------------------------------------+---------+---+----+-----+------+-----+------+-------------+
    |Total           |                                                                                  |        2|  0|   0|    0|   512|   35|     2|         8960|
    +----------------+----------------------------------------------------------------------------------+---------+---+----+-----+------+-----+------+-------------+

    * FIFO: 
    N/A

    * Expression: 
    +--------------------------+----------+----+---+----+------------+------------+
    |       Variable Name      | Operation| DSP| FF| LUT| Bitwidth P0| Bitwidth P1|
    +--------------------------+----------+----+---+----+------------+------------+
    |p_Val2_4_fu_261_p2        |         +|   0|  0|  25|          18|          18|
    |ret_V_1_fu_179_p2         |         -|   0|  0|  14|           9|           9|
    |ret_V_fu_124_p2           |         -|   0|  0|  14|           9|           9|
    |overflow_1_fu_211_p2      |       and|   0|  0|   2|           1|           1|
    |overflow_fu_156_p2        |       and|   0|  0|   2|           1|           1|
    |icmp_ln1651_fu_98_p2      |      icmp|   0|  0|  11|           8|           8|
    |p_Result_5_fu_239_p3      |    select|   0|  0|   8|           1|           8|
    |p_Result_7_fu_285_p3      |    select|   0|  0|   8|           1|           7|
    |p_Result_s_fu_231_p3      |    select|   0|  0|   8|           1|           8|
    |select_ln346_1_fu_223_p3  |    select|   0|  0|   9|           1|           7|
    |select_ln346_fu_168_p3    |    select|   0|  0|   9|           1|           7|
    |x_max_V_fu_110_p3         |    select|   0|  0|   8|           1|           8|
    |ap_enable_pp0             |       xor|   0|  0|   2|           1|           2|
    |xor_ln1651_fu_104_p2      |       xor|   0|  0|   2|           1|           2|
    |xor_ln302_1_fu_217_p2     |       xor|   0|  0|   2|           1|           1|
    |xor_ln302_fu_162_p2       |       xor|   0|  0|   2|           1|           1|
    |xor_ln895_1_fu_205_p2     |       xor|   0|  0|   2|           1|           2|
    |xor_ln895_fu_150_p2       |       xor|   0|  0|   2|           1|           2|
    +--------------------------+----------+----+---+----+------------+------------+
    |Total                     |          |   0|  0| 130|          58|         101|
    +--------------------------+----------+----+---+----+------------+------------+

    * Multiplexer: 
    N/A

    * Register: 
    +--------------------------+----+----+-----+-----------+
    |           Name           | FF | LUT| Bits| Const Bits|
    +--------------------------+----+----+-----+-----------+
    |ap_CS_fsm                 |   1|   0|    1|          0|
    |ap_enable_reg_pp0_iter1   |   1|   0|    1|          0|
    |ap_enable_reg_pp0_iter10  |   1|   0|    1|          0|
    |ap_enable_reg_pp0_iter2   |   1|   0|    1|          0|
    |ap_enable_reg_pp0_iter3   |   1|   0|    1|          0|
    |ap_enable_reg_pp0_iter4   |   1|   0|    1|          0|
    |ap_enable_reg_pp0_iter5   |   1|   0|    1|          0|
    |ap_enable_reg_pp0_iter6   |   1|   0|    1|          0|
    |ap_enable_reg_pp0_iter7   |   1|   0|    1|          0|
    |ap_enable_reg_pp0_iter8   |   1|   0|    1|          0|
    |ap_enable_reg_pp0_iter9   |   1|   0|    1|          0|
    |inv_exp_sum_V_reg_405     |  18|   0|   18|          0|
    |mul_ln1270_1_reg_431      |  24|   0|   24|          0|
    |mul_ln1270_reg_426        |  24|   0|   24|          0|
    |p_Result_5_reg_368        |   8|   0|    8|          0|
    |p_Result_7_reg_395        |   8|   0|    8|          0|
    |p_Result_s_reg_363        |   8|   0|    8|          0|
    |p_read_1_reg_348          |   8|   0|    8|          0|
    |p_read_2_reg_353          |   8|   0|    8|          0|
    |r_V_1_reg_389             |  17|   0|   17|          0|
    |r_V_reg_383               |  17|   0|   17|          0|
    |x_max_V_reg_358           |   8|   0|    8|          0|
    |r_V_1_reg_389             |  64|  32|   17|          0|
    |r_V_reg_383               |  64|  32|   17|          0|
    +--------------------------+----+----+-----+-----------+
    |Total                     | 287|  64|  193|          0|
    +--------------------------+----+----+-----+-----------+



================================================================
== Interface
================================================================
* Summary: 
+-------------+-----+-----+------------+---------------------------------------------------------------+--------------+
|  RTL Ports  | Dir | Bits|  Protocol  |                         Source Object                         |    C Type    |
+-------------+-----+-----+------------+---------------------------------------------------------------+--------------+
|ap_clk       |   in|    1|  ap_ctrl_hs|  softmax_stable<ap_fixed,ap_fixed<8,4,5,3,0>,softmax_config19>|  return value|
|ap_rst       |   in|    1|  ap_ctrl_hs|  softmax_stable<ap_fixed,ap_fixed<8,4,5,3,0>,softmax_config19>|  return value|
|ap_start     |   in|    1|  ap_ctrl_hs|  softmax_stable<ap_fixed,ap_fixed<8,4,5,3,0>,softmax_config19>|  return value|
|ap_done      |  out|    1|  ap_ctrl_hs|  softmax_stable<ap_fixed,ap_fixed<8,4,5,3,0>,softmax_config19>|  return value|
|ap_idle      |  out|    1|  ap_ctrl_hs|  softmax_stable<ap_fixed,ap_fixed<8,4,5,3,0>,softmax_config19>|  return value|
|ap_ready     |  out|    1|  ap_ctrl_hs|  softmax_stable<ap_fixed,ap_fixed<8,4,5,3,0>,softmax_config19>|  return value|
|ap_ce        |   in|    1|  ap_ctrl_hs|  softmax_stable<ap_fixed,ap_fixed<8,4,5,3,0>,softmax_config19>|  return value|
|ap_return_0  |  out|    8|  ap_ctrl_hs|  softmax_stable<ap_fixed,ap_fixed<8,4,5,3,0>,softmax_config19>|  return value|
|ap_return_1  |  out|    8|  ap_ctrl_hs|  softmax_stable<ap_fixed,ap_fixed<8,4,5,3,0>,softmax_config19>|  return value|
|p_read       |   in|    8|     ap_none|                                                         p_read|        scalar|
|p_read1      |   in|    8|     ap_none|                                                        p_read1|        scalar|
+-------------+-----+-----+------------+---------------------------------------------------------------+--------------+

