

================================================================
== Vitis HLS Report for 'dense_latency_ap_fixed_8_4_5_3_0_ap_fixed_8_4_5_3_0_config8_s'
================================================================
* Date:           Tue Mar 10 18:17:32 2026

* Version:        2022.2 (Build 3670227 on Oct 13 2022)
* Project:        myproject_prj
* Solution:       solution1 (Vivado IP Flow Target)
* Product family: zynq
* Target device:  xc7z020-clg484-1


================================================================
== Performance Estimates
================================================================
+ Timing: 
    * Summary: 
    +--------+---------+----------+------------+
    |  Clock |  Target | Estimated| Uncertainty|
    +--------+---------+----------+------------+
    |ap_clk  |  5.00 ns|  3.646 ns|     1.35 ns|
    +--------+---------+----------+------------+

+ Latency: 
    * Summary: 
    +---------+---------+-----------+-----------+-----+-----+---------+
    |  Latency (cycles) |   Latency (absolute)  |  Interval | Pipeline|
    |   min   |   max   |    min    |    max    | min | max |   Type  |
    +---------+---------+-----------+-----------+-----+-----+---------+
    |        2|        2|  10.000 ns|  10.000 ns|    1|    1|      yes|
    +---------+---------+-----------+-----------+-----+-----+---------+

    + Detail: 
        * Instance: 
        N/A

        * Loop: 
        N/A



================================================================
== Utilization Estimates
================================================================
* Summary: 
+-----------------+---------+-----+--------+-------+-----+
|       Name      | BRAM_18K| DSP |   FF   |  LUT  | URAM|
+-----------------+---------+-----+--------+-------+-----+
|DSP              |        -|    -|       -|      -|    -|
|Expression       |        -|    -|       0|    150|    -|
|FIFO             |        -|    -|       -|      -|    -|
|Instance         |        -|    -|       -|      -|    -|
|Memory           |        -|    -|       -|      -|    -|
|Multiplexer      |        -|    -|       -|     28|    -|
|Register         |        -|    -|     108|      -|    -|
+-----------------+---------+-----+--------+-------+-----+
|Total            |        0|    0|     108|    178|    0|
+-----------------+---------+-----+--------+-------+-----+
|Available        |      280|  220|  106400|  53200|    0|
+-----------------+---------+-----+--------+-------+-----+
|Utilization (%)  |        0|    0|      ~0|     ~0|    0|
+-----------------+---------+-----+--------+-------+-----+

+ Detail: 
    * Instance: 
    N/A

    * DSP: 
    N/A

    * Memory: 
    N/A

    * FIFO: 
    N/A

    * Expression: 
    +-----------------------+----------+----+---+----+------------+------------+
    |     Variable Name     | Operation| DSP| FF| LUT| Bitwidth P0| Bitwidth P1|
    +-----------------------+----------+----+---+----+------------+------------+
    |add_ln813_1_fu_273_p2  |         +|   0|  0|  15|           8|           8|
    |add_ln813_2_fu_242_p2  |         +|   0|  0|  15|           8|           8|
    |add_ln813_3_fu_248_p2  |         +|   0|  0|  15|           8|           8|
    |add_ln813_4_fu_266_p2  |         +|   0|  0|  15|           8|           8|
    |add_ln813_fu_260_p2    |         +|   0|  0|  14|           7|           7|
    |r_V_2_fu_108_p2        |         -|   0|  0|  12|          11|          11|
    |r_V_3_fu_150_p2        |         -|   0|  0|  12|          11|          11|
    |r_V_4_fu_178_p2        |         -|   0|  0|  12|          11|          11|
    |r_V_5_fu_198_p2        |         -|   0|  0|  14|           1|           9|
    |r_V_6_fu_226_p2        |         -|   0|  0|  12|           1|          11|
    |r_V_fu_84_p2           |         -|   0|  0|  14|           1|           9|
    +-----------------------+----------+----+---+----+------------+------------+
    |Total                  |          |   0|  0| 150|          75|         101|
    +-----------------------+----------+----+---+----+------------+------------+

    * Multiplexer: 
    +-------------+----+-----------+-----+-----------+
    |     Name    | LUT| Input Size| Bits| Total Bits|
    +-------------+----+-----------+-----+-----------+
    |ap_return_0  |  14|          3|    8|         24|
    |ap_return_1  |  14|          3|    8|         24|
    +-------------+----+-----------+-----+-----------+
    |Total        |  28|          6|   16|         48|
    +-------------+----+-----------+-----+-----------+

    * Register: 
    +-------------------------------------+---+----+-----+-----------+
    |                 Name                | FF| LUT| Bits| Const Bits|
    +-------------------------------------+---+----+-----+-----------+
    |add_ln813_2_reg_304                  |  8|   0|    8|          0|
    |add_ln813_3_reg_309                  |  8|   0|    8|          0|
    |add_ln813_4_reg_319                  |  8|   0|    8|          0|
    |add_ln813_reg_314                    |  7|   0|    7|          0|
    |ap_ce_reg                            |  1|   0|    1|          0|
    |ap_return_0_int_reg                  |  8|   0|    8|          0|
    |ap_return_1_int_reg                  |  8|   0|    8|          0|
    |p_read1_int_reg                      |  8|   0|    8|          0|
    |p_read2_int_reg                      |  8|   0|    8|          0|
    |p_read3_int_reg                      |  8|   0|    8|          0|
    |p_read_int_reg                       |  8|   0|    8|          0|
    |trunc_ln818_4_reg_294                |  8|   0|    8|          0|
    |trunc_ln818_4_reg_294_pp0_iter1_reg  |  8|   0|    8|          0|
    |trunc_ln818_6_reg_299                |  6|   0|    6|          0|
    |trunc_ln_reg_289                     |  6|   0|    6|          0|
    +-------------------------------------+---+----+-----+-----------+
    |Total                                |108|   0|  108|          0|
    +-------------------------------------+---+----+-----+-----------+



================================================================
== Interface
================================================================
* Summary: 
+-------------+-----+-----+------------+--------------------------------------------------------------------------+--------------+
|  RTL Ports  | Dir | Bits|  Protocol  |                               Source Object                              |    C Type    |
+-------------+-----+-----+------------+--------------------------------------------------------------------------+--------------+
|ap_clk       |   in|    1|  ap_ctrl_hs|  dense_latency<ap_fixed<8, 4, 5, 3, 0>, ap_fixed<8, 4, 5, 3, 0>, config8>|  return value|
|ap_rst       |   in|    1|  ap_ctrl_hs|  dense_latency<ap_fixed<8, 4, 5, 3, 0>, ap_fixed<8, 4, 5, 3, 0>, config8>|  return value|
|ap_return_0  |  out|    8|  ap_ctrl_hs|  dense_latency<ap_fixed<8, 4, 5, 3, 0>, ap_fixed<8, 4, 5, 3, 0>, config8>|  return value|
|ap_return_1  |  out|    8|  ap_ctrl_hs|  dense_latency<ap_fixed<8, 4, 5, 3, 0>, ap_fixed<8, 4, 5, 3, 0>, config8>|  return value|
|ap_ce        |   in|    1|  ap_ctrl_hs|  dense_latency<ap_fixed<8, 4, 5, 3, 0>, ap_fixed<8, 4, 5, 3, 0>, config8>|  return value|
|p_read       |   in|    8|     ap_none|                                                                    p_read|        scalar|
|p_read1      |   in|    8|     ap_none|                                                                   p_read1|        scalar|
|p_read2      |   in|    8|     ap_none|                                                                   p_read2|        scalar|
|p_read3      |   in|    8|     ap_none|                                                                   p_read3|        scalar|
+-------------+-----+-----+------------+--------------------------------------------------------------------------+--------------+

============================================================
+ Verbose Summary: Synthesis Manager
============================================================
InlineROM: 1
ExposeGlobal: 0
============================================================
+ Verbose Summary: CDFG Model
============================================================
IsTopModel: 0
ResetActiveHigh: 1
IsCombinational: 2
IsDatapathOnly: 1
HasWiredReturn: 1
HasMFsm: 2
HasVarLatency: 0
IsPipeline: 1
IsRtlPipelined: 1
IsInstanceOverlapped: 0
IsDontTouch: 0
HasImplIP: 0
IsGatedGlobalClock: 0

+ Individual pipeline summary: 
  * Pipeline-0: initiation interval (II) = 1, depth = 3


============================================================
+ Verbose Summary: Schedule
============================================================
* Number of FSM states : 3
* Pipeline : 1
  Pipeline-0 : II = 1, D = 3, States = { 1 2 3 }
* Dataflow Pipeline: 0

* FSM state transitions: 
1 --> 2 
2 --> 3 
3 --> 

* FSM state operations: 

State 1 <SV = 0> <Delay = 3.64>
ST_1 : Operation 4 [1/1] (0.00ns)   --->   "%p_read37 = read i8 @_ssdm_op_Read.ap_auto.i8, i8 %p_read3" [firmware/nnet_utils/nnet_mult.h:70]   --->   Operation 4 'read' 'p_read37' <Predicate = true> <Delay = 0.00>
ST_1 : Operation 5 [1/1] (0.00ns)   --->   "%p_read26 = read i8 @_ssdm_op_Read.ap_auto.i8, i8 %p_read2" [firmware/nnet_utils/nnet_mult.h:70]   --->   Operation 5 'read' 'p_read26' <Predicate = true> <Delay = 0.00>
ST_1 : Operation 6 [1/1] (0.00ns)   --->   "%p_read15 = read i8 @_ssdm_op_Read.ap_auto.i8, i8 %p_read1" [firmware/nnet_utils/nnet_mult.h:70]   --->   Operation 6 'read' 'p_read15' <Predicate = true> <Delay = 0.00>
ST_1 : Operation 7 [1/1] (0.00ns)   --->   "%p_read_14 = read i8 @_ssdm_op_Read.ap_auto.i8, i8 %p_read" [firmware/nnet_utils/nnet_mult.h:70]   --->   Operation 7 'read' 'p_read_14' <Predicate = true> <Delay = 0.00>
ST_1 : Operation 8 [1/1] (0.00ns)   --->   "%sext_ln1273 = sext i8 %p_read_14"   --->   Operation 8 'sext' 'sext_ln1273' <Predicate = true> <Delay = 0.00>
ST_1 : Operation 9 [1/1] (0.00ns)   --->   "%sext_ln1273_1 = sext i8 %p_read_14"   --->   Operation 9 'sext' 'sext_ln1273_1' <Predicate = true> <Delay = 0.00>
ST_1 : Operation 10 [1/1] (1.91ns)   --->   "%r_V = sub i9 0, i9 %sext_ln1273_1"   --->   Operation 10 'sub' 'r_V' <Predicate = true> <Delay = 1.91> <CoreInst = "Adder">   --->   Core 1 'Adder' <Latency = 0> <II = 1> <Delay = 1.82> <FuncUnit> <Opcode : 'add' 'sub'> <InPorts = 2> <OutPorts = 1>
ST_1 : Operation 11 [1/1] (0.00ns)   --->   "%trunc_ln = partselect i6 @_ssdm_op_PartSelect.i6.i9.i32.i32, i9 %r_V, i32 3, i32 8"   --->   Operation 11 'partselect' 'trunc_ln' <Predicate = true> <Delay = 0.00>
ST_1 : Operation 12 [1/1] (0.00ns)   --->   "%shl_ln = bitconcatenate i11 @_ssdm_op_BitConcatenate.i11.i8.i3, i8 %p_read_14, i3 0"   --->   Operation 12 'bitconcatenate' 'shl_ln' <Predicate = true> <Delay = 0.00>
ST_1 : Operation 13 [1/1] (1.63ns)   --->   "%r_V_2 = sub i11 %shl_ln, i11 %sext_ln1273"   --->   Operation 13 'sub' 'r_V_2' <Predicate = true> <Delay = 1.63> <CoreInst = "Adder">   --->   Core 1 'Adder' <Latency = 0> <II = 1> <Delay = 1.63> <FuncUnit> <Opcode : 'add' 'sub'> <InPorts = 2> <OutPorts = 1>
ST_1 : Operation 14 [1/1] (0.00ns)   --->   "%trunc_ln818_2 = partselect i8 @_ssdm_op_PartSelect.i8.i11.i32.i32, i11 %r_V_2, i32 3, i32 10"   --->   Operation 14 'partselect' 'trunc_ln818_2' <Predicate = true> <Delay = 0.00>
ST_1 : Operation 15 [1/1] (0.00ns)   --->   "%trunc_ln818_3 = partselect i7 @_ssdm_op_PartSelect.i7.i8.i32.i32, i8 %p_read15, i32 1, i32 7"   --->   Operation 15 'partselect' 'trunc_ln818_3' <Predicate = true> <Delay = 0.00>
ST_1 : Operation 16 [1/1] (0.00ns)   --->   "%sext_ln818 = sext i7 %trunc_ln818_3"   --->   Operation 16 'sext' 'sext_ln818' <Predicate = true> <Delay = 0.00>
ST_1 : Operation 17 [1/1] (0.00ns)   --->   "%sext_ln1273_2 = sext i8 %p_read26"   --->   Operation 17 'sext' 'sext_ln1273_2' <Predicate = true> <Delay = 0.00>
ST_1 : Operation 18 [1/1] (0.00ns)   --->   "%shl_ln1273_1 = bitconcatenate i11 @_ssdm_op_BitConcatenate.i11.i8.i3, i8 %p_read26, i3 0"   --->   Operation 18 'bitconcatenate' 'shl_ln1273_1' <Predicate = true> <Delay = 0.00>
ST_1 : Operation 19 [1/1] (1.63ns)   --->   "%r_V_3 = sub i11 %shl_ln1273_1, i11 %sext_ln1273_2"   --->   Operation 19 'sub' 'r_V_3' <Predicate = true> <Delay = 1.63> <CoreInst = "Adder">   --->   Core 1 'Adder' <Latency = 0> <II = 1> <Delay = 1.63> <FuncUnit> <Opcode : 'add' 'sub'> <InPorts = 2> <OutPorts = 1>
ST_1 : Operation 20 [1/1] (0.00ns)   --->   "%trunc_ln818_4 = partselect i8 @_ssdm_op_PartSelect.i8.i11.i32.i32, i11 %r_V_3, i32 3, i32 10"   --->   Operation 20 'partselect' 'trunc_ln818_4' <Predicate = true> <Delay = 0.00>
ST_1 : Operation 21 [1/1] (0.00ns)   --->   "%shl_ln1273_2 = bitconcatenate i10 @_ssdm_op_BitConcatenate.i10.i8.i2, i8 %p_read26, i2 0"   --->   Operation 21 'bitconcatenate' 'shl_ln1273_2' <Predicate = true> <Delay = 0.00>
ST_1 : Operation 22 [1/1] (0.00ns)   --->   "%sext_ln1273_3 = sext i10 %shl_ln1273_2"   --->   Operation 22 'sext' 'sext_ln1273_3' <Predicate = true> <Delay = 0.00>
ST_1 : Operation 23 [1/1] (1.73ns)   --->   "%r_V_4 = sub i11 %sext_ln1273_3, i11 %sext_ln1273_2"   --->   Operation 23 'sub' 'r_V_4' <Predicate = true> <Delay = 1.73> <CoreInst = "Adder">   --->   Core 1 'Adder' <Latency = 0> <II = 1> <Delay = 1.63> <FuncUnit> <Opcode : 'add' 'sub'> <InPorts = 2> <OutPorts = 1>
ST_1 : Operation 24 [1/1] (0.00ns)   --->   "%trunc_ln818_5 = partselect i8 @_ssdm_op_PartSelect.i8.i11.i32.i32, i11 %r_V_4, i32 3, i32 10"   --->   Operation 24 'partselect' 'trunc_ln818_5' <Predicate = true> <Delay = 0.00>
ST_1 : Operation 25 [1/1] (0.00ns)   --->   "%sext_ln1273_4 = sext i8 %p_read37"   --->   Operation 25 'sext' 'sext_ln1273_4' <Predicate = true> <Delay = 0.00>
ST_1 : Operation 26 [1/1] (1.91ns)   --->   "%r_V_5 = sub i9 0, i9 %sext_ln1273_4"   --->   Operation 26 'sub' 'r_V_5' <Predicate = true> <Delay = 1.91> <CoreInst = "Adder">   --->   Core 1 'Adder' <Latency = 0> <II = 1> <Delay = 1.82> <FuncUnit> <Opcode : 'add' 'sub'> <InPorts = 2> <OutPorts = 1>
ST_1 : Operation 27 [1/1] (0.00ns)   --->   "%trunc_ln818_6 = partselect i6 @_ssdm_op_PartSelect.i6.i9.i32.i32, i9 %r_V_5, i32 3, i32 8"   --->   Operation 27 'partselect' 'trunc_ln818_6' <Predicate = true> <Delay = 0.00>
ST_1 : Operation 28 [1/1] (0.00ns)   --->   "%shl_ln1273_3 = bitconcatenate i10 @_ssdm_op_BitConcatenate.i10.i8.i2, i8 %p_read37, i2 0"   --->   Operation 28 'bitconcatenate' 'shl_ln1273_3' <Predicate = true> <Delay = 0.00>
ST_1 : Operation 29 [1/1] (0.00ns)   --->   "%sext_ln1273_5 = sext i10 %shl_ln1273_3"   --->   Operation 29 'sext' 'sext_ln1273_5' <Predicate = true> <Delay = 0.00>
ST_1 : Operation 30 [1/1] (1.73ns)   --->   "%r_V_6 = sub i11 0, i11 %sext_ln1273_5"   --->   Operation 30 'sub' 'r_V_6' <Predicate = true> <Delay = 1.73> <CoreInst = "Adder">   --->   Core 1 'Adder' <Latency = 0> <II = 1> <Delay = 1.63> <FuncUnit> <Opcode : 'add' 'sub'> <InPorts = 2> <OutPorts = 1>
ST_1 : Operation 31 [1/1] (0.00ns)   --->   "%trunc_ln818_7 = partselect i8 @_ssdm_op_PartSelect.i8.i11.i32.i32, i11 %r_V_6, i32 3, i32 10"   --->   Operation 31 'partselect' 'trunc_ln818_7' <Predicate = true> <Delay = 0.00>
ST_1 : Operation 32 [1/1] (1.91ns)   --->   "%add_ln813_2 = add i8 %trunc_ln818_2, i8 %trunc_ln818_5"   --->   Operation 32 'add' 'add_ln813_2' <Predicate = true> <Delay = 1.91> <CoreInst = "Adder">   --->   Core 1 'Adder' <Latency = 0> <II = 1> <Delay = 1.91> <FuncUnit> <Opcode : 'add' 'sub'> <InPorts = 2> <OutPorts = 1>
ST_1 : Operation 33 [1/1] (1.91ns)   --->   "%add_ln813_3 = add i8 %trunc_ln818_7, i8 %sext_ln818"   --->   Operation 33 'add' 'add_ln813_3' <Predicate = true> <Delay = 1.91> <CoreInst = "Adder">   --->   Core 1 'Adder' <Latency = 0> <II = 1> <Delay = 1.91> <FuncUnit> <Opcode : 'add' 'sub'> <InPorts = 2> <OutPorts = 1>

State 2 <SV = 1> <Delay = 1.91>
ST_2 : Operation 34 [1/1] (0.00ns)   --->   "%sext_ln1273_6 = sext i6 %trunc_ln"   --->   Operation 34 'sext' 'sext_ln1273_6' <Predicate = true> <Delay = 0.00>
ST_2 : Operation 35 [1/1] (0.00ns)   --->   "%sext_ln1273_7 = sext i6 %trunc_ln818_6"   --->   Operation 35 'sext' 'sext_ln1273_7' <Predicate = true> <Delay = 0.00>
ST_2 : Operation 36 [1/1] (1.82ns)   --->   "%add_ln813 = add i7 %sext_ln1273_6, i7 %sext_ln1273_7"   --->   Operation 36 'add' 'add_ln813' <Predicate = true> <Delay = 1.82> <CoreInst = "Adder">   --->   Core 1 'Adder' <Latency = 0> <II = 1> <Delay = 1.87> <FuncUnit> <Opcode : 'add' 'sub'> <InPorts = 2> <OutPorts = 1>
ST_2 : Operation 37 [1/1] (1.91ns)   --->   "%add_ln813_4 = add i8 %add_ln813_3, i8 %add_ln813_2"   --->   Operation 37 'add' 'add_ln813_4' <Predicate = true> <Delay = 1.91> <CoreInst = "Adder">   --->   Core 1 'Adder' <Latency = 0> <II = 1> <Delay = 1.91> <FuncUnit> <Opcode : 'add' 'sub'> <InPorts = 2> <OutPorts = 1>

State 3 <SV = 2> <Delay = 1.91>
ST_3 : Operation 38 [1/1] (0.00ns)   --->   "%specpipeline_ln33 = specpipeline void @_ssdm_op_SpecPipeline, i32 1, i32 0, i32 0, i32 0, void @empty_0" [firmware/nnet_utils/nnet_dense_latency.h:33]   --->   Operation 38 'specpipeline' 'specpipeline_ln33' <Predicate = true> <Delay = 0.00>
ST_3 : Operation 39 [1/1] (0.00ns)   --->   "%specresourcelimit_ln33 = specresourcelimit void @_ssdm_op_SpecResourceLimit, i64 7, void @empty_1, void @empty_0, void @empty_0, void @empty_0" [firmware/nnet_utils/nnet_dense_latency.h:33]   --->   Operation 39 'specresourcelimit' 'specresourcelimit_ln33' <Predicate = true> <Delay = 0.00>
ST_3 : Operation 40 [1/1] (0.00ns)   --->   "%sext_ln813 = sext i7 %add_ln813"   --->   Operation 40 'sext' 'sext_ln813' <Predicate = true> <Delay = 0.00>
ST_3 : Operation 41 [1/1] (1.91ns)   --->   "%add_ln813_1 = add i8 %sext_ln813, i8 %trunc_ln818_4"   --->   Operation 41 'add' 'add_ln813_1' <Predicate = true> <Delay = 1.91> <CoreInst = "Adder">   --->   Core 1 'Adder' <Latency = 0> <II = 1> <Delay = 1.91> <FuncUnit> <Opcode : 'add' 'sub'> <InPorts = 2> <OutPorts = 1>
ST_3 : Operation 42 [1/1] (0.00ns)   --->   "%mrv = insertvalue i16 <undef>, i8 %add_ln813_1" [firmware/nnet_utils/nnet_dense_latency.h:68]   --->   Operation 42 'insertvalue' 'mrv' <Predicate = true> <Delay = 0.00>
ST_3 : Operation 43 [1/1] (0.00ns)   --->   "%mrv_1 = insertvalue i16 %mrv, i8 %add_ln813_4" [firmware/nnet_utils/nnet_dense_latency.h:68]   --->   Operation 43 'insertvalue' 'mrv_1' <Predicate = true> <Delay = 0.00>
ST_3 : Operation 44 [1/1] (0.00ns)   --->   "%ret_ln68 = ret i16 %mrv_1" [firmware/nnet_utils/nnet_dense_latency.h:68]   --->   Operation 44 'ret' 'ret_ln68' <Predicate = true> <Delay = 0.00>


============================================================
+ Verbose Summary: Binding
============================================================
STG Binding: 
---------------- STG Properties BEGIN ----------------
- Is combinational: 0
- Is one-state seq: 0
- Is datapath-only: 1
- Is pipelined: 1
- Is top level: 0
Port [ Return ] is wired: 1; IO mode=ap_ctrl_hs:ce=0
Port [ p_read]:  wired=1; compound=0; hidden=0; nouse=0; global=0; static=0; extern=0; dir=0; type=0; pingpong=0; private_global=0; IO mode=ap_none:ce=0
Port [ p_read1]:  wired=1; compound=0; hidden=0; nouse=0; global=0; static=0; extern=0; dir=0; type=0; pingpong=0; private_global=0; IO mode=ap_none:ce=0
Port [ p_read2]:  wired=1; compound=0; hidden=0; nouse=0; global=0; static=0; extern=0; dir=0; type=0; pingpong=0; private_global=0; IO mode=ap_none:ce=0
Port [ p_read3]:  wired=1; compound=0; hidden=0; nouse=0; global=0; static=0; extern=0; dir=0; type=0; pingpong=0; private_global=0; IO mode=ap_none:ce=0
---------------- STG Properties END ------------------

---------------- Datapath Model BEGIN ----------------

<LifeTime>
<method=bitvector/>
p_read37               (read             ) [ 0000]
p_read26               (read             ) [ 0000]
p_read15               (read             ) [ 0000]
p_read_14              (read             ) [ 0000]
sext_ln1273            (sext             ) [ 0000]
sext_ln1273_1          (sext             ) [ 0000]
r_V                    (sub              ) [ 0000]
trunc_ln               (partselect       ) [ 0110]
shl_ln                 (bitconcatenate   ) [ 0000]
r_V_2                  (sub              ) [ 0000]
trunc_ln818_2          (partselect       ) [ 0000]
trunc_ln818_3          (partselect       ) [ 0000]
sext_ln818             (sext             ) [ 0000]
sext_ln1273_2          (sext             ) [ 0000]
shl_ln1273_1           (bitconcatenate   ) [ 0000]
r_V_3                  (sub              ) [ 0000]
trunc_ln818_4          (partselect       ) [ 0111]
shl_ln1273_2           (bitconcatenate   ) [ 0000]
sext_ln1273_3          (sext             ) [ 0000]
r_V_4                  (sub              ) [ 0000]
trunc_ln818_5          (partselect       ) [ 0000]
sext_ln1273_4          (sext             ) [ 0000]
r_V_5                  (sub              ) [ 0000]
trunc_ln818_6          (partselect       ) [ 0110]
shl_ln1273_3           (bitconcatenate   ) [ 0000]
sext_ln1273_5          (sext             ) [ 0000]
r_V_6                  (sub              ) [ 0000]
trunc_ln818_7          (partselect       ) [ 0000]
add_ln813_2            (add              ) [ 0110]
add_ln813_3            (add              ) [ 0110]
sext_ln1273_6          (sext             ) [ 0000]
sext_ln1273_7          (sext             ) [ 0000]
add_ln813              (add              ) [ 0101]
add_ln813_4            (add              ) [ 0101]
specpipeline_ln33      (specpipeline     ) [ 0000]
specresourcelimit_ln33 (specresourcelimit) [ 0000]
sext_ln813             (sext             ) [ 0000]
add_ln813_1            (add              ) [ 0000]
mrv                    (insertvalue      ) [ 0000]
mrv_1                  (insertvalue      ) [ 0000]
ret_ln68               (ret              ) [ 0000]
</LifeTime>

<model>

<comp_list>
<comp id="0" class="1000" name="p_read">
<pin_list>
<pin id="1" dir="1" index="0" bw="1" slack="0"/>
</pin_list>
<bind>
<StgValue><ssdm name="p_read"/></StgValue>
</bind>
</comp>

<comp id="2" class="1000" name="p_read1">
<pin_list>
<pin id="3" dir="1" index="0" bw="1" slack="0"/>
</pin_list>
<bind>
<StgValue><ssdm name="p_read1"/></StgValue>
</bind>
</comp>

<comp id="4" class="1000" name="p_read2">
<pin_list>
<pin id="5" dir="1" index="0" bw="1" slack="0"/>
</pin_list>
<bind>
<StgValue><ssdm name="p_read2"/></StgValue>
</bind>
</comp>

<comp id="6" class="1000" name="p_read3">
<pin_list>
<pin id="7" dir="1" index="0" bw="1" slack="0"/>
</pin_list>
<bind>
<StgValue><ssdm name="p_read3"/></StgValue>
</bind>
</comp>

<comp id="8" class="1001" name="const_8">
<pin_list>
<pin id="9" dir="1" index="0" bw="1" slack="0"/>
</pin_list>
<bind>
<StgValue><ssdm name="_ssdm_op_Read.ap_auto.i8"/></StgValue>
</bind>
</comp>

<comp id="10" class="1001" name="const_10">
<pin_list>
<pin id="11" dir="1" index="0" bw="1" slack="0"/>
</pin_list>
<bind>
<StgValue><ssdm name=""/></StgValue>
</bind>
</comp>

<comp id="12" class="1001" name="const_12">
<pin_list>
<pin id="13" dir="1" index="0" bw="1" slack="0"/>
</pin_list>
<bind>
<StgValue><ssdm name="_ssdm_op_PartSelect.i6.i9.i32.i32"/></StgValue>
</bind>
</comp>

<comp id="14" class="1001" name="const_14">
<pin_list>
<pin id="15" dir="1" index="0" bw="1" slack="0"/>
</pin_list>
<bind>
<StgValue><ssdm name=""/></StgValue>
</bind>
</comp>

<comp id="16" class="1001" name="const_16">
<pin_list>
<pin id="17" dir="1" index="0" bw="1" slack="0"/>
</pin_list>
<bind>
<StgValue><ssdm name=""/></StgValue>
</bind>
</comp>

<comp id="18" class="1001" name="const_18">
<pin_list>
<pin id="19" dir="1" index="0" bw="1" slack="0"/>
</pin_list>
<bind>
<StgValue><ssdm name="_ssdm_op_BitConcatenate.i11.i8.i3"/></StgValue>
</bind>
</comp>

<comp id="20" class="1001" name="const_20">
<pin_list>
<pin id="21" dir="1" index="0" bw="1" slack="0"/>
</pin_list>
<bind>
<StgValue><ssdm name=""/></StgValue>
</bind>
</comp>

<comp id="22" class="1001" name="const_22">
<pin_list>
<pin id="23" dir="1" index="0" bw="1" slack="0"/>
</pin_list>
<bind>
<StgValue><ssdm name="_ssdm_op_PartSelect.i8.i11.i32.i32"/></StgValue>
</bind>
</comp>

<comp id="24" class="1001" name="const_24">
<pin_list>
<pin id="25" dir="1" index="0" bw="1" slack="0"/>
</pin_list>
<bind>
<StgValue><ssdm name=""/></StgValue>
</bind>
</comp>

<comp id="26" class="1001" name="const_26">
<pin_list>
<pin id="27" dir="1" index="0" bw="1" slack="0"/>
</pin_list>
<bind>
<StgValue><ssdm name="_ssdm_op_PartSelect.i7.i8.i32.i32"/></StgValue>
</bind>
</comp>

<comp id="28" class="1001" name="const_28">
<pin_list>
<pin id="29" dir="1" index="0" bw="1" slack="0"/>
</pin_list>
<bind>
<StgValue><ssdm name=""/></StgValue>
</bind>
</comp>

<comp id="30" class="1001" name="const_30">
<pin_list>
<pin id="31" dir="1" index="0" bw="1" slack="0"/>
</pin_list>
<bind>
<StgValue><ssdm name=""/></StgValue>
</bind>
</comp>

<comp id="32" class="1001" name="const_32">
<pin_list>
<pin id="33" dir="1" index="0" bw="1" slack="0"/>
</pin_list>
<bind>
<StgValue><ssdm name="_ssdm_op_BitConcatenate.i10.i8.i2"/></StgValue>
</bind>
</comp>

<comp id="34" class="1001" name="const_34">
<pin_list>
<pin id="35" dir="1" index="0" bw="1" slack="0"/>
</pin_list>
<bind>
<StgValue><ssdm name=""/></StgValue>
</bind>
</comp>

<comp id="36" class="1001" name="const_36">
<pin_list>
<pin id="37" dir="1" index="0" bw="1" slack="0"/>
</pin_list>
<bind>
<StgValue><ssdm name=""/></StgValue>
</bind>
</comp>

<comp id="38" class="1001" name="const_38">
<pin_list>
<pin id="39" dir="1" index="0" bw="1" slack="2147483647"/>
</pin_list>
<bind>
<StgValue><ssdm name="_ssdm_op_SpecPipeline"/></StgValue>
</bind>
</comp>

<comp id="40" class="1001" name="const_40">
<pin_list>
<pin id="41" dir="1" index="0" bw="1" slack="2147483647"/>
</pin_list>
<bind>
<StgValue><ssdm name=""/></StgValue>
</bind>
</comp>

<comp id="42" class="1001" name="const_42">
<pin_list>
<pin id="43" dir="1" index="0" bw="1" slack="2147483647"/>
</pin_list>
<bind>
<StgValue><ssdm name="empty_0"/></StgValue>
</bind>
</comp>

<comp id="44" class="1001" name="const_44">
<pin_list>
<pin id="45" dir="1" index="0" bw="1" slack="2147483647"/>
</pin_list>
<bind>
<StgValue><ssdm name="_ssdm_op_SpecResourceLimit"/></StgValue>
</bind>
</comp>

<comp id="46" class="1001" name="const_46">
<pin_list>
<pin id="47" dir="1" index="0" bw="1" slack="2147483647"/>
</pin_list>
<bind>
<StgValue><ssdm name=""/></StgValue>
</bind>
</comp>

<comp id="48" class="1001" name="const_48">
<pin_list>
<pin id="49" dir="1" index="0" bw="1" slack="2147483647"/>
</pin_list>
<bind>
<StgValue><ssdm name="empty_1"/></StgValue>
</bind>
</comp>

<comp id="50" class="1001" name="const_50">
<pin_list>
<pin id="51" dir="1" index="0" bw="1" slack="0"/>
</pin_list>
<bind>
<StgValue><ssdm name=""/></StgValue>
</bind>
</comp>

<comp id="52" class="1004" name="p_read37_read_fu_52">
<pin_list>
<pin id="53" dir="0" index="0" bw="8" slack="0"/>
<pin id="54" dir="0" index="1" bw="8" slack="0"/>
<pin id="55" dir="1" index="2" bw="8" slack="0"/>
</pin_list>
<bind>
<opcode="read(1150) " fcode="read"/>
<opset="p_read37/1 "/>
</bind>
</comp>

<comp id="58" class="1004" name="p_read26_read_fu_58">
<pin_list>
<pin id="59" dir="0" index="0" bw="8" slack="0"/>
<pin id="60" dir="0" index="1" bw="8" slack="0"/>
<pin id="61" dir="1" index="2" bw="8" slack="0"/>
</pin_list>
<bind>
<opcode="read(1150) " fcode="read"/>
<opset="p_read26/1 "/>
</bind>
</comp>

<comp id="64" class="1004" name="p_read15_read_fu_64">
<pin_list>
<pin id="65" dir="0" index="0" bw="8" slack="0"/>
<pin id="66" dir="0" index="1" bw="8" slack="0"/>
<pin id="67" dir="1" index="2" bw="8" slack="0"/>
</pin_list>
<bind>
<opcode="read(1150) " fcode="read"/>
<opset="p_read15/1 "/>
</bind>
</comp>

<comp id="70" class="1004" name="p_read_14_read_fu_70">
<pin_list>
<pin id="71" dir="0" index="0" bw="8" slack="0"/>
<pin id="72" dir="0" index="1" bw="8" slack="0"/>
<pin id="73" dir="1" index="2" bw="8" slack="0"/>
</pin_list>
<bind>
<opcode="read(1150) " fcode="read"/>
<opset="p_read_14/1 "/>
</bind>
</comp>

<comp id="76" class="1004" name="sext_ln1273_fu_76">
<pin_list>
<pin id="77" dir="0" index="0" bw="8" slack="0"/>
<pin id="78" dir="1" index="1" bw="11" slack="0"/>
</pin_list>
<bind>
<opcode="sext(35) " fcode="sext"/>
<opset="sext_ln1273/1 "/>
</bind>
</comp>

<comp id="80" class="1004" name="sext_ln1273_1_fu_80">
<pin_list>
<pin id="81" dir="0" index="0" bw="8" slack="0"/>
<pin id="82" dir="1" index="1" bw="9" slack="0"/>
</pin_list>
<bind>
<opcode="sext(35) " fcode="sext"/>
<opset="sext_ln1273_1/1 "/>
</bind>
</comp>

<comp id="84" class="1004" name="r_V_fu_84">
<pin_list>
<pin id="85" dir="0" index="0" bw="1" slack="0"/>
<pin id="86" dir="0" index="1" bw="8" slack="0"/>
<pin id="87" dir="1" index="2" bw="9" slack="0"/>
</pin_list>
<bind>
<opcode="sub(10) " fcode="sub"/>
<opset="r_V/1 "/>
</bind>
</comp>

<comp id="90" class="1004" name="trunc_ln_fu_90">
<pin_list>
<pin id="91" dir="0" index="0" bw="6" slack="0"/>
<pin id="92" dir="0" index="1" bw="9" slack="0"/>
<pin id="93" dir="0" index="2" bw="3" slack="0"/>
<pin id="94" dir="0" index="3" bw="5" slack="0"/>
<pin id="95" dir="1" index="4" bw="6" slack="1"/>
</pin_list>
<bind>
<opcode="partselect(1002) " fcode="partselect"/>
<opset="trunc_ln/1 "/>
</bind>
</comp>

<comp id="100" class="1004" name="shl_ln_fu_100">
<pin_list>
<pin id="101" dir="0" index="0" bw="11" slack="0"/>
<pin id="102" dir="0" index="1" bw="8" slack="0"/>
<pin id="103" dir="0" index="2" bw="1" slack="0"/>
<pin id="104" dir="1" index="3" bw="11" slack="0"/>
</pin_list>
<bind>
<opcode="bitconcatenate(1004) " fcode="bitconcatenate"/>
<opset="shl_ln/1 "/>
</bind>
</comp>

<comp id="108" class="1004" name="r_V_2_fu_108">
<pin_list>
<pin id="109" dir="0" index="0" bw="11" slack="0"/>
<pin id="110" dir="0" index="1" bw="8" slack="0"/>
<pin id="111" dir="1" index="2" bw="11" slack="0"/>
</pin_list>
<bind>
<opcode="sub(10) " fcode="sub"/>
<opset="r_V_2/1 "/>
</bind>
</comp>

<comp id="114" class="1004" name="trunc_ln818_2_fu_114">
<pin_list>
<pin id="115" dir="0" index="0" bw="8" slack="0"/>
<pin id="116" dir="0" index="1" bw="11" slack="0"/>
<pin id="117" dir="0" index="2" bw="3" slack="0"/>
<pin id="118" dir="0" index="3" bw="5" slack="0"/>
<pin id="119" dir="1" index="4" bw="8" slack="0"/>
</pin_list>
<bind>
<opcode="partselect(1002) " fcode="partselect"/>
<opset="trunc_ln818_2/1 "/>
</bind>
</comp>

<comp id="124" class="1004" name="trunc_ln818_3_fu_124">
<pin_list>
<pin id="125" dir="0" index="0" bw="7" slack="0"/>
<pin id="126" dir="0" index="1" bw="8" slack="0"/>
<pin id="127" dir="0" index="2" bw="1" slack="0"/>
<pin id="128" dir="0" index="3" bw="4" slack="0"/>
<pin id="129" dir="1" index="4" bw="7" slack="0"/>
</pin_list>
<bind>
<opcode="partselect(1002) " fcode="partselect"/>
<opset="trunc_ln818_3/1 "/>
</bind>
</comp>

<comp id="134" class="1004" name="sext_ln818_fu_134">
<pin_list>
<pin id="135" dir="0" index="0" bw="7" slack="0"/>
<pin id="136" dir="1" index="1" bw="8" slack="0"/>
</pin_list>
<bind>
<opcode="sext(35) " fcode="sext"/>
<opset="sext_ln818/1 "/>
</bind>
</comp>

<comp id="138" class="1004" name="sext_ln1273_2_fu_138">
<pin_list>
<pin id="139" dir="0" index="0" bw="8" slack="0"/>
<pin id="140" dir="1" index="1" bw="11" slack="0"/>
</pin_list>
<bind>
<opcode="sext(35) " fcode="sext"/>
<opset="sext_ln1273_2/1 "/>
</bind>
</comp>

<comp id="142" class="1004" name="shl_ln1273_1_fu_142">
<pin_list>
<pin id="143" dir="0" index="0" bw="11" slack="0"/>
<pin id="144" dir="0" index="1" bw="8" slack="0"/>
<pin id="145" dir="0" index="2" bw="1" slack="0"/>
<pin id="146" dir="1" index="3" bw="11" slack="0"/>
</pin_list>
<bind>
<opcode="bitconcatenate(1004) " fcode="bitconcatenate"/>
<opset="shl_ln1273_1/1 "/>
</bind>
</comp>

<comp id="150" class="1004" name="r_V_3_fu_150">
<pin_list>
<pin id="151" dir="0" index="0" bw="11" slack="0"/>
<pin id="152" dir="0" index="1" bw="8" slack="0"/>
<pin id="153" dir="1" index="2" bw="11" slack="0"/>
</pin_list>
<bind>
<opcode="sub(10) " fcode="sub"/>
<opset="r_V_3/1 "/>
</bind>
</comp>

<comp id="156" class="1004" name="trunc_ln818_4_fu_156">
<pin_list>
<pin id="157" dir="0" index="0" bw="8" slack="0"/>
<pin id="158" dir="0" index="1" bw="11" slack="0"/>
<pin id="159" dir="0" index="2" bw="3" slack="0"/>
<pin id="160" dir="0" index="3" bw="5" slack="0"/>
<pin id="161" dir="1" index="4" bw="8" slack="2"/>
</pin_list>
<bind>
<opcode="partselect(1002) " fcode="partselect"/>
<opset="trunc_ln818_4/1 "/>
</bind>
</comp>

<comp id="166" class="1004" name="shl_ln1273_2_fu_166">
<pin_list>
<pin id="167" dir="0" index="0" bw="10" slack="0"/>
<pin id="168" dir="0" index="1" bw="8" slack="0"/>
<pin id="169" dir="0" index="2" bw="1" slack="0"/>
<pin id="170" dir="1" index="3" bw="10" slack="0"/>
</pin_list>
<bind>
<opcode="bitconcatenate(1004) " fcode="bitconcatenate"/>
<opset="shl_ln1273_2/1 "/>
</bind>
</comp>

<comp id="174" class="1004" name="sext_ln1273_3_fu_174">
<pin_list>
<pin id="175" dir="0" index="0" bw="10" slack="0"/>
<pin id="176" dir="1" index="1" bw="11" slack="0"/>
</pin_list>
<bind>
<opcode="sext(35) " fcode="sext"/>
<opset="sext_ln1273_3/1 "/>
</bind>
</comp>

<comp id="178" class="1004" name="r_V_4_fu_178">
<pin_list>
<pin id="179" dir="0" index="0" bw="10" slack="0"/>
<pin id="180" dir="0" index="1" bw="8" slack="0"/>
<pin id="181" dir="1" index="2" bw="11" slack="0"/>
</pin_list>
<bind>
<opcode="sub(10) " fcode="sub"/>
<opset="r_V_4/1 "/>
</bind>
</comp>

<comp id="184" class="1004" name="trunc_ln818_5_fu_184">
<pin_list>
<pin id="185" dir="0" index="0" bw="8" slack="0"/>
<pin id="186" dir="0" index="1" bw="11" slack="0"/>
<pin id="187" dir="0" index="2" bw="3" slack="0"/>
<pin id="188" dir="0" index="3" bw="5" slack="0"/>
<pin id="189" dir="1" index="4" bw="8" slack="0"/>
</pin_list>
<bind>
<opcode="partselect(1002) " fcode="partselect"/>
<opset="trunc_ln818_5/1 "/>
</bind>
</comp>

<comp id="194" class="1004" name="sext_ln1273_4_fu_194">
<pin_list>
<pin id="195" dir="0" index="0" bw="8" slack="0"/>
<pin id="196" dir="1" index="1" bw="9" slack="0"/>
</pin_list>
<bind>
<opcode="sext(35) " fcode="sext"/>
<opset="sext_ln1273_4/1 "/>
</bind>
</comp>

<comp id="198" class="1004" name="r_V_5_fu_198">
<pin_list>
<pin id="199" dir="0" index="0" bw="1" slack="0"/>
<pin id="200" dir="0" index="1" bw="8" slack="0"/>
<pin id="201" dir="1" index="2" bw="9" slack="0"/>
</pin_list>
<bind>
<opcode="sub(10) " fcode="sub"/>
<opset="r_V_5/1 "/>
</bind>
</comp>

<comp id="204" class="1004" name="trunc_ln818_6_fu_204">
<pin_list>
<pin id="205" dir="0" index="0" bw="6" slack="0"/>
<pin id="206" dir="0" index="1" bw="9" slack="0"/>
<pin id="207" dir="0" index="2" bw="3" slack="0"/>
<pin id="208" dir="0" index="3" bw="5" slack="0"/>
<pin id="209" dir="1" index="4" bw="6" slack="1"/>
</pin_list>
<bind>
<opcode="partselect(1002) " fcode="partselect"/>
<opset="trunc_ln818_6/1 "/>
</bind>
</comp>

<comp id="214" class="1004" name="shl_ln1273_3_fu_214">
<pin_list>
<pin id="215" dir="0" index="0" bw="10" slack="0"/>
<pin id="216" dir="0" index="1" bw="8" slack="0"/>
<pin id="217" dir="0" index="2" bw="1" slack="0"/>
<pin id="218" dir="1" index="3" bw="10" slack="0"/>
</pin_list>
<bind>
<opcode="bitconcatenate(1004) " fcode="bitconcatenate"/>
<opset="shl_ln1273_3/1 "/>
</bind>
</comp>

<comp id="222" class="1004" name="sext_ln1273_5_fu_222">
<pin_list>
<pin id="223" dir="0" index="0" bw="10" slack="0"/>
<pin id="224" dir="1" index="1" bw="11" slack="0"/>
</pin_list>
<bind>
<opcode="sext(35) " fcode="sext"/>
<opset="sext_ln1273_5/1 "/>
</bind>
</comp>

<comp id="226" class="1004" name="r_V_6_fu_226">
<pin_list>
<pin id="227" dir="0" index="0" bw="1" slack="0"/>
<pin id="228" dir="0" index="1" bw="10" slack="0"/>
<pin id="229" dir="1" index="2" bw="11" slack="0"/>
</pin_list>
<bind>
<opcode="sub(10) " fcode="sub"/>
<opset="r_V_6/1 "/>
</bind>
</comp>

<comp id="232" class="1004" name="trunc_ln818_7_fu_232">
<pin_list>
<pin id="233" dir="0" index="0" bw="8" slack="0"/>
<pin id="234" dir="0" index="1" bw="11" slack="0"/>
<pin id="235" dir="0" index="2" bw="3" slack="0"/>
<pin id="236" dir="0" index="3" bw="5" slack="0"/>
<pin id="237" dir="1" index="4" bw="8" slack="0"/>
</pin_list>
<bind>
<opcode="partselect(1002) " fcode="partselect"/>
<opset="trunc_ln818_7/1 "/>
</bind>
</comp>

<comp id="242" class="1004" name="add_ln813_2_fu_242">
<pin_list>
<pin id="243" dir="0" index="0" bw="8" slack="0"/>
<pin id="244" dir="0" index="1" bw="8" slack="0"/>
<pin id="245" dir="1" index="2" bw="8" slack="1"/>
</pin_list>
<bind>
<opcode="add(8) " fcode="add"/>
<opset="add_ln813_2/1 "/>
</bind>
</comp>

<comp id="248" class="1004" name="add_ln813_3_fu_248">
<pin_list>
<pin id="249" dir="0" index="0" bw="8" slack="0"/>
<pin id="250" dir="0" index="1" bw="7" slack="0"/>
<pin id="251" dir="1" index="2" bw="8" slack="1"/>
</pin_list>
<bind>
<opcode="add(8) " fcode="add"/>
<opset="add_ln813_3/1 "/>
</bind>
</comp>

<comp id="254" class="1004" name="sext_ln1273_6_fu_254">
<pin_list>
<pin id="255" dir="0" index="0" bw="6" slack="1"/>
<pin id="256" dir="1" index="1" bw="7" slack="0"/>
</pin_list>
<bind>
<opcode="sext(35) " fcode="sext"/>
<opset="sext_ln1273_6/2 "/>
</bind>
</comp>

<comp id="257" class="1004" name="sext_ln1273_7_fu_257">
<pin_list>
<pin id="258" dir="0" index="0" bw="6" slack="1"/>
<pin id="259" dir="1" index="1" bw="7" slack="0"/>
</pin_list>
<bind>
<opcode="sext(35) " fcode="sext"/>
<opset="sext_ln1273_7/2 "/>
</bind>
</comp>

<comp id="260" class="1004" name="add_ln813_fu_260">
<pin_list>
<pin id="261" dir="0" index="0" bw="6" slack="0"/>
<pin id="262" dir="0" index="1" bw="6" slack="0"/>
<pin id="263" dir="1" index="2" bw="7" slack="1"/>
</pin_list>
<bind>
<opcode="add(8) " fcode="add"/>
<opset="add_ln813/2 "/>
</bind>
</comp>

<comp id="266" class="1004" name="add_ln813_4_fu_266">
<pin_list>
<pin id="267" dir="0" index="0" bw="8" slack="1"/>
<pin id="268" dir="0" index="1" bw="8" slack="1"/>
<pin id="269" dir="1" index="2" bw="8" slack="1"/>
</pin_list>
<bind>
<opcode="add(8) " fcode="add"/>
<opset="add_ln813_4/2 "/>
</bind>
</comp>

<comp id="270" class="1004" name="sext_ln813_fu_270">
<pin_list>
<pin id="271" dir="0" index="0" bw="7" slack="1"/>
<pin id="272" dir="1" index="1" bw="8" slack="0"/>
</pin_list>
<bind>
<opcode="sext(35) " fcode="sext"/>
<opset="sext_ln813/3 "/>
</bind>
</comp>

<comp id="273" class="1004" name="add_ln813_1_fu_273">
<pin_list>
<pin id="274" dir="0" index="0" bw="7" slack="0"/>
<pin id="275" dir="0" index="1" bw="8" slack="2"/>
<pin id="276" dir="1" index="2" bw="8" slack="0"/>
</pin_list>
<bind>
<opcode="add(8) " fcode="add"/>
<opset="add_ln813_1/3 "/>
</bind>
</comp>

<comp id="278" class="1004" name="mrv_fu_278">
<pin_list>
<pin id="279" dir="0" index="0" bw="16" slack="0"/>
<pin id="280" dir="0" index="1" bw="8" slack="0"/>
<pin id="281" dir="1" index="2" bw="16" slack="0"/>
</pin_list>
<bind>
<opcode="insertvalue(57) " fcode="insertvalue"/>
<opset="mrv/3 "/>
</bind>
</comp>

<comp id="284" class="1004" name="mrv_1_fu_284">
<pin_list>
<pin id="285" dir="0" index="0" bw="16" slack="0"/>
<pin id="286" dir="0" index="1" bw="8" slack="1"/>
<pin id="287" dir="1" index="2" bw="16" slack="2147483647"/>
</pin_list>
<bind>
<opcode="insertvalue(57) " fcode="insertvalue"/>
<opset="mrv_1/3 "/>
</bind>
</comp>

<comp id="289" class="1005" name="trunc_ln_reg_289">
<pin_list>
<pin id="290" dir="0" index="0" bw="6" slack="1"/>
<pin id="291" dir="1" index="1" bw="6" slack="1"/>
</pin_list>
<bind>
<opset="trunc_ln "/>
</bind>
</comp>

<comp id="294" class="1005" name="trunc_ln818_4_reg_294">
<pin_list>
<pin id="295" dir="0" index="0" bw="8" slack="2"/>
<pin id="296" dir="1" index="1" bw="8" slack="2"/>
</pin_list>
<bind>
<opset="trunc_ln818_4 "/>
</bind>
</comp>

<comp id="299" class="1005" name="trunc_ln818_6_reg_299">
<pin_list>
<pin id="300" dir="0" index="0" bw="6" slack="1"/>
<pin id="301" dir="1" index="1" bw="6" slack="1"/>
</pin_list>
<bind>
<opset="trunc_ln818_6 "/>
</bind>
</comp>

<comp id="304" class="1005" name="add_ln813_2_reg_304">
<pin_list>
<pin id="305" dir="0" index="0" bw="8" slack="1"/>
<pin id="306" dir="1" index="1" bw="8" slack="1"/>
</pin_list>
<bind>
<opset="add_ln813_2 "/>
</bind>
</comp>

<comp id="309" class="1005" name="add_ln813_3_reg_309">
<pin_list>
<pin id="310" dir="0" index="0" bw="8" slack="1"/>
<pin id="311" dir="1" index="1" bw="8" slack="1"/>
</pin_list>
<bind>
<opset="add_ln813_3 "/>
</bind>
</comp>

<comp id="314" class="1005" name="add_ln813_reg_314">
<pin_list>
<pin id="315" dir="0" index="0" bw="7" slack="1"/>
<pin id="316" dir="1" index="1" bw="7" slack="1"/>
</pin_list>
<bind>
<opset="add_ln813 "/>
</bind>
</comp>

<comp id="319" class="1005" name="add_ln813_4_reg_319">
<pin_list>
<pin id="320" dir="0" index="0" bw="8" slack="1"/>
<pin id="321" dir="1" index="1" bw="8" slack="1"/>
</pin_list>
<bind>
<opset="add_ln813_4 "/>
</bind>
</comp>

</comp_list>

<net_list>
<net id="56"><net_src comp="8" pin="0"/><net_sink comp="52" pin=0"/></net>

<net id="57"><net_src comp="6" pin="0"/><net_sink comp="52" pin=1"/></net>

<net id="62"><net_src comp="8" pin="0"/><net_sink comp="58" pin=0"/></net>

<net id="63"><net_src comp="4" pin="0"/><net_sink comp="58" pin=1"/></net>

<net id="68"><net_src comp="8" pin="0"/><net_sink comp="64" pin=0"/></net>

<net id="69"><net_src comp="2" pin="0"/><net_sink comp="64" pin=1"/></net>

<net id="74"><net_src comp="8" pin="0"/><net_sink comp="70" pin=0"/></net>

<net id="75"><net_src comp="0" pin="0"/><net_sink comp="70" pin=1"/></net>

<net id="79"><net_src comp="70" pin="2"/><net_sink comp="76" pin=0"/></net>

<net id="83"><net_src comp="70" pin="2"/><net_sink comp="80" pin=0"/></net>

<net id="88"><net_src comp="10" pin="0"/><net_sink comp="84" pin=0"/></net>

<net id="89"><net_src comp="80" pin="1"/><net_sink comp="84" pin=1"/></net>

<net id="96"><net_src comp="12" pin="0"/><net_sink comp="90" pin=0"/></net>

<net id="97"><net_src comp="84" pin="2"/><net_sink comp="90" pin=1"/></net>

<net id="98"><net_src comp="14" pin="0"/><net_sink comp="90" pin=2"/></net>

<net id="99"><net_src comp="16" pin="0"/><net_sink comp="90" pin=3"/></net>

<net id="105"><net_src comp="18" pin="0"/><net_sink comp="100" pin=0"/></net>

<net id="106"><net_src comp="70" pin="2"/><net_sink comp="100" pin=1"/></net>

<net id="107"><net_src comp="20" pin="0"/><net_sink comp="100" pin=2"/></net>

<net id="112"><net_src comp="100" pin="3"/><net_sink comp="108" pin=0"/></net>

<net id="113"><net_src comp="76" pin="1"/><net_sink comp="108" pin=1"/></net>

<net id="120"><net_src comp="22" pin="0"/><net_sink comp="114" pin=0"/></net>

<net id="121"><net_src comp="108" pin="2"/><net_sink comp="114" pin=1"/></net>

<net id="122"><net_src comp="14" pin="0"/><net_sink comp="114" pin=2"/></net>

<net id="123"><net_src comp="24" pin="0"/><net_sink comp="114" pin=3"/></net>

<net id="130"><net_src comp="26" pin="0"/><net_sink comp="124" pin=0"/></net>

<net id="131"><net_src comp="64" pin="2"/><net_sink comp="124" pin=1"/></net>

<net id="132"><net_src comp="28" pin="0"/><net_sink comp="124" pin=2"/></net>

<net id="133"><net_src comp="30" pin="0"/><net_sink comp="124" pin=3"/></net>

<net id="137"><net_src comp="124" pin="4"/><net_sink comp="134" pin=0"/></net>

<net id="141"><net_src comp="58" pin="2"/><net_sink comp="138" pin=0"/></net>

<net id="147"><net_src comp="18" pin="0"/><net_sink comp="142" pin=0"/></net>

<net id="148"><net_src comp="58" pin="2"/><net_sink comp="142" pin=1"/></net>

<net id="149"><net_src comp="20" pin="0"/><net_sink comp="142" pin=2"/></net>

<net id="154"><net_src comp="142" pin="3"/><net_sink comp="150" pin=0"/></net>

<net id="155"><net_src comp="138" pin="1"/><net_sink comp="150" pin=1"/></net>

<net id="162"><net_src comp="22" pin="0"/><net_sink comp="156" pin=0"/></net>

<net id="163"><net_src comp="150" pin="2"/><net_sink comp="156" pin=1"/></net>

<net id="164"><net_src comp="14" pin="0"/><net_sink comp="156" pin=2"/></net>

<net id="165"><net_src comp="24" pin="0"/><net_sink comp="156" pin=3"/></net>

<net id="171"><net_src comp="32" pin="0"/><net_sink comp="166" pin=0"/></net>

<net id="172"><net_src comp="58" pin="2"/><net_sink comp="166" pin=1"/></net>

<net id="173"><net_src comp="34" pin="0"/><net_sink comp="166" pin=2"/></net>

<net id="177"><net_src comp="166" pin="3"/><net_sink comp="174" pin=0"/></net>

<net id="182"><net_src comp="174" pin="1"/><net_sink comp="178" pin=0"/></net>

<net id="183"><net_src comp="138" pin="1"/><net_sink comp="178" pin=1"/></net>

<net id="190"><net_src comp="22" pin="0"/><net_sink comp="184" pin=0"/></net>

<net id="191"><net_src comp="178" pin="2"/><net_sink comp="184" pin=1"/></net>

<net id="192"><net_src comp="14" pin="0"/><net_sink comp="184" pin=2"/></net>

<net id="193"><net_src comp="24" pin="0"/><net_sink comp="184" pin=3"/></net>

<net id="197"><net_src comp="52" pin="2"/><net_sink comp="194" pin=0"/></net>

<net id="202"><net_src comp="10" pin="0"/><net_sink comp="198" pin=0"/></net>

<net id="203"><net_src comp="194" pin="1"/><net_sink comp="198" pin=1"/></net>

<net id="210"><net_src comp="12" pin="0"/><net_sink comp="204" pin=0"/></net>

<net id="211"><net_src comp="198" pin="2"/><net_sink comp="204" pin=1"/></net>

<net id="212"><net_src comp="14" pin="0"/><net_sink comp="204" pin=2"/></net>

<net id="213"><net_src comp="16" pin="0"/><net_sink comp="204" pin=3"/></net>

<net id="219"><net_src comp="32" pin="0"/><net_sink comp="214" pin=0"/></net>

<net id="220"><net_src comp="52" pin="2"/><net_sink comp="214" pin=1"/></net>

<net id="221"><net_src comp="34" pin="0"/><net_sink comp="214" pin=2"/></net>

<net id="225"><net_src comp="214" pin="3"/><net_sink comp="222" pin=0"/></net>

<net id="230"><net_src comp="36" pin="0"/><net_sink comp="226" pin=0"/></net>

<net id="231"><net_src comp="222" pin="1"/><net_sink comp="226" pin=1"/></net>

<net id="238"><net_src comp="22" pin="0"/><net_sink comp="232" pin=0"/></net>

<net id="239"><net_src comp="226" pin="2"/><net_sink comp="232" pin=1"/></net>

<net id="240"><net_src comp="14" pin="0"/><net_sink comp="232" pin=2"/></net>

<net id="241"><net_src comp="24" pin="0"/><net_sink comp="232" pin=3"/></net>

<net id="246"><net_src comp="114" pin="4"/><net_sink comp="242" pin=0"/></net>

<net id="247"><net_src comp="184" pin="4"/><net_sink comp="242" pin=1"/></net>

<net id="252"><net_src comp="232" pin="4"/><net_sink comp="248" pin=0"/></net>

<net id="253"><net_src comp="134" pin="1"/><net_sink comp="248" pin=1"/></net>

<net id="264"><net_src comp="254" pin="1"/><net_sink comp="260" pin=0"/></net>

<net id="265"><net_src comp="257" pin="1"/><net_sink comp="260" pin=1"/></net>

<net id="277"><net_src comp="270" pin="1"/><net_sink comp="273" pin=0"/></net>

<net id="282"><net_src comp="50" pin="0"/><net_sink comp="278" pin=0"/></net>

<net id="283"><net_src comp="273" pin="2"/><net_sink comp="278" pin=1"/></net>

<net id="288"><net_src comp="278" pin="2"/><net_sink comp="284" pin=0"/></net>

<net id="292"><net_src comp="90" pin="4"/><net_sink comp="289" pin=0"/></net>

<net id="293"><net_src comp="289" pin="1"/><net_sink comp="254" pin=0"/></net>

<net id="297"><net_src comp="156" pin="4"/><net_sink comp="294" pin=0"/></net>

<net id="298"><net_src comp="294" pin="1"/><net_sink comp="273" pin=1"/></net>

<net id="302"><net_src comp="204" pin="4"/><net_sink comp="299" pin=0"/></net>

<net id="303"><net_src comp="299" pin="1"/><net_sink comp="257" pin=0"/></net>

<net id="307"><net_src comp="242" pin="2"/><net_sink comp="304" pin=0"/></net>

<net id="308"><net_src comp="304" pin="1"/><net_sink comp="266" pin=1"/></net>

<net id="312"><net_src comp="248" pin="2"/><net_sink comp="309" pin=0"/></net>

<net id="313"><net_src comp="309" pin="1"/><net_sink comp="266" pin=0"/></net>

<net id="317"><net_src comp="260" pin="2"/><net_sink comp="314" pin=0"/></net>

<net id="318"><net_src comp="314" pin="1"/><net_sink comp="270" pin=0"/></net>

<net id="322"><net_src comp="266" pin="2"/><net_sink comp="319" pin=0"/></net>

<net id="323"><net_src comp="319" pin="1"/><net_sink comp="284" pin=1"/></net>

</net_list>

</model> 
---------------- Datapath Model END ------------------

* FSMD analyzer results:
  - Output states:
	Port: p_read | {}
	Port: p_read1 | {}
	Port: p_read2 | {}
	Port: p_read3 | {}
 - Input state : 
	Port: dense_latency<ap_fixed<8, 4, 5, 3, 0>, ap_fixed<8, 4, 5, 3, 0>, config8> : p_read | {1 }
	Port: dense_latency<ap_fixed<8, 4, 5, 3, 0>, ap_fixed<8, 4, 5, 3, 0>, config8> : p_read1 | {1 }
	Port: dense_latency<ap_fixed<8, 4, 5, 3, 0>, ap_fixed<8, 4, 5, 3, 0>, config8> : p_read2 | {1 }
	Port: dense_latency<ap_fixed<8, 4, 5, 3, 0>, ap_fixed<8, 4, 5, 3, 0>, config8> : p_read3 | {1 }
  - Chain level:
	State 1
		r_V : 1
		trunc_ln : 2
		r_V_2 : 1
		trunc_ln818_2 : 2
		sext_ln818 : 1
		r_V_3 : 1
		trunc_ln818_4 : 2
		sext_ln1273_3 : 1
		r_V_4 : 2
		trunc_ln818_5 : 3
		r_V_5 : 1
		trunc_ln818_6 : 2
		sext_ln1273_5 : 1
		r_V_6 : 2
		trunc_ln818_7 : 3
		add_ln813_2 : 4
		add_ln813_3 : 4
	State 2
		add_ln813 : 1
	State 3
		add_ln813_1 : 1
		mrv : 2
		mrv_1 : 3
		ret_ln68 : 4


============================================================
+ Verbose Summary: Datapath Resource usage 
============================================================

* Functional unit list:
|----------|----------------------|---------|---------|
| Operation|    Functional Unit   |    FF   |   LUT   |
|----------|----------------------|---------|---------|
|          |       r_V_fu_84      |    0    |    15   |
|          |     r_V_2_fu_108     |    0    |    12   |
|    sub   |     r_V_3_fu_150     |    0    |    12   |
|          |     r_V_4_fu_178     |    0    |    13   |
|          |     r_V_5_fu_198     |    0    |    15   |
|          |     r_V_6_fu_226     |    0    |    13   |
|----------|----------------------|---------|---------|
|          |  add_ln813_2_fu_242  |    0    |    15   |
|          |  add_ln813_3_fu_248  |    0    |    15   |
|    add   |   add_ln813_fu_260   |    0    |    14   |
|          |  add_ln813_4_fu_266  |    0    |    15   |
|          |  add_ln813_1_fu_273  |    0    |    15   |
|----------|----------------------|---------|---------|
|          |  p_read37_read_fu_52 |    0    |    0    |
|   read   |  p_read26_read_fu_58 |    0    |    0    |
|          |  p_read15_read_fu_64 |    0    |    0    |
|          | p_read_14_read_fu_70 |    0    |    0    |
|----------|----------------------|---------|---------|
|          |   sext_ln1273_fu_76  |    0    |    0    |
|          |  sext_ln1273_1_fu_80 |    0    |    0    |
|          |   sext_ln818_fu_134  |    0    |    0    |
|          | sext_ln1273_2_fu_138 |    0    |    0    |
|   sext   | sext_ln1273_3_fu_174 |    0    |    0    |
|          | sext_ln1273_4_fu_194 |    0    |    0    |
|          | sext_ln1273_5_fu_222 |    0    |    0    |
|          | sext_ln1273_6_fu_254 |    0    |    0    |
|          | sext_ln1273_7_fu_257 |    0    |    0    |
|          |   sext_ln813_fu_270  |    0    |    0    |
|----------|----------------------|---------|---------|
|          |    trunc_ln_fu_90    |    0    |    0    |
|          | trunc_ln818_2_fu_114 |    0    |    0    |
|          | trunc_ln818_3_fu_124 |    0    |    0    |
|partselect| trunc_ln818_4_fu_156 |    0    |    0    |
|          | trunc_ln818_5_fu_184 |    0    |    0    |
|          | trunc_ln818_6_fu_204 |    0    |    0    |
|          | trunc_ln818_7_fu_232 |    0    |    0    |
|----------|----------------------|---------|---------|
|          |     shl_ln_fu_100    |    0    |    0    |
|bitconcatenate|  shl_ln1273_1_fu_142 |    0    |    0    |
|          |  shl_ln1273_2_fu_166 |    0    |    0    |
|          |  shl_ln1273_3_fu_214 |    0    |    0    |
|----------|----------------------|---------|---------|
|insertvalue|      mrv_fu_278      |    0    |    0    |
|          |     mrv_1_fu_284     |    0    |    0    |
|----------|----------------------|---------|---------|
|   Total  |                      |    0    |   154   |
|----------|----------------------|---------|---------|

Memories:
N/A

* Register list:
+---------------------+--------+
|                     |   FF   |
+---------------------+--------+
| add_ln813_2_reg_304 |    8   |
| add_ln813_3_reg_309 |    8   |
| add_ln813_4_reg_319 |    8   |
|  add_ln813_reg_314  |    7   |
|trunc_ln818_4_reg_294|    8   |
|trunc_ln818_6_reg_299|    6   |
|   trunc_ln_reg_289  |    6   |
+---------------------+--------+
|        Total        |   51   |
+---------------------+--------+

* Multiplexer (MUX) list: 
|--------|------|------|------|--------|
|  Comp  |  Pin | Size |  BW  | S x BW |
|--------|------|------|------|--------|
|  Total |      |      |      |    0   |
|--------|------|------|------|--------|



* Summary:
+-----------+--------+--------+
|           |   FF   |   LUT  |
+-----------+--------+--------+
|  Function |    0   |   154  |
|   Memory  |    -   |    -   |
|Multiplexer|    -   |    -   |
|  Register |   51   |    -   |
+-----------+--------+--------+
|   Total   |   51   |   154  |
+-----------+--------+--------+
