

================================================================
== Vitis HLS Report for 'dense_latency_ap_fixed_8_4_5_3_0_ap_fixed_8_4_5_3_0_config5_s'
================================================================
* Date:           Tue Mar 10 18:17:08 2026

* Version:        2022.2 (Build 3670227 on Oct 13 2022)
* Project:        myproject_prj
* Solution:       solution1 (Vivado IP Flow Target)
* Product family: zynq
* Target device:  xc7z020-clg484-1


================================================================
== Performance Estimates
================================================================
+ Timing: 
    * Summary: 
    +--------+---------+----------+------------+
    |  Clock |  Target | Estimated| Uncertainty|
    +--------+---------+----------+------------+
    |ap_clk  |  5.00 ns|  3.646 ns|     1.35 ns|
    +--------+---------+----------+------------+

+ Latency: 
    * Summary: 
    +---------+---------+-----------+-----------+-----+-----+---------+
    |  Latency (cycles) |   Latency (absolute)  |  Interval | Pipeline|
    |   min   |   max   |    min    |    max    | min | max |   Type  |
    +---------+---------+-----------+-----------+-----+-----+---------+
    |        3|        3|  15.000 ns|  15.000 ns|    1|    1|      yes|
    +---------+---------+-----------+-----------+-----+-----+---------+

    + Detail: 
        * Instance: 
        N/A

        * Loop: 
        N/A

============================================================
+ Verbose Summary: Synthesis Manager
============================================================
InlineROM: 1
ExposeGlobal: 0
============================================================
+ Verbose Summary: CDFG Model
============================================================
IsTopModel: 0
ResetActiveHigh: 1
IsCombinational: 0
IsDatapathOnly: 0
HasWiredReturn: 1
HasMFsm: 2
HasVarLatency: 0
IsPipeline: 1
IsRtlPipelined: 1
IsInstanceOverlapped: 0
IsDontTouch: 0
HasImplIP: 0
IsGatedGlobalClock: 0

+ Individual pipeline summary: 
  * Pipeline-0: initiation interval (II) = 1, depth = 4


============================================================
+ Verbose Summary: Schedule
============================================================
* Number of FSM states : 4
* Pipeline : 1
  Pipeline-0 : II = 1, D = 4, States = { 1 2 3 4 }
* Dataflow Pipeline: 0

* FSM state transitions: 
1 --> 2 
2 --> 3 
3 --> 4 
4 --> 

* FSM state operations: 

State 1 <SV = 0> <Delay = 3.37>
ST_1 : Operation 5 [1/1] (0.00ns)   --->   "%p_read511 = read i8 @_ssdm_op_Read.ap_auto.i8, i8 %p_read5" [firmware/nnet_utils/nnet_mult.h:70]   --->   Operation 5 'read' 'p_read511' <Predicate = true> <Delay = 0.00>
ST_1 : Operation 6 [1/1] (0.00ns)   --->   "%p_read410 = read i8 @_ssdm_op_Read.ap_auto.i8, i8 %p_read4" [firmware/nnet_utils/nnet_mult.h:70]   --->   Operation 6 'read' 'p_read410' <Predicate = true> <Delay = 0.00>
ST_1 : Operation 7 [1/1] (0.00ns)   --->   "%p_read39 = read i8 @_ssdm_op_Read.ap_auto.i8, i8 %p_read3" [firmware/nnet_utils/nnet_mult.h:70]   --->   Operation 7 'read' 'p_read39' <Predicate = true> <Delay = 0.00>
ST_1 : Operation 8 [1/1] (0.00ns)   --->   "%p_read28 = read i8 @_ssdm_op_Read.ap_auto.i8, i8 %p_read2" [firmware/nnet_utils/nnet_mult.h:70]   --->   Operation 8 'read' 'p_read28' <Predicate = true> <Delay = 0.00>
ST_1 : Operation 9 [1/1] (0.00ns)   --->   "%p_read17 = read i8 @_ssdm_op_Read.ap_auto.i8, i8 %p_read1" [firmware/nnet_utils/nnet_mult.h:70]   --->   Operation 9 'read' 'p_read17' <Predicate = true> <Delay = 0.00>
ST_1 : Operation 10 [1/1] (0.00ns)   --->   "%p_read_15 = read i8 @_ssdm_op_Read.ap_auto.i8, i8 %p_read" [firmware/nnet_utils/nnet_mult.h:70]   --->   Operation 10 'read' 'p_read_15' <Predicate = true> <Delay = 0.00>
ST_1 : Operation 11 [1/1] (0.00ns)   --->   "%sext_ln1273 = sext i8 %p_read_15"   --->   Operation 11 'sext' 'sext_ln1273' <Predicate = true> <Delay = 0.00>
ST_1 : Operation 12 [1/1] (0.00ns)   --->   "%shl_ln = bitconcatenate i10 @_ssdm_op_BitConcatenate.i10.i8.i2, i8 %p_read_15, i2 0"   --->   Operation 12 'bitconcatenate' 'shl_ln' <Predicate = true> <Delay = 0.00>
ST_1 : Operation 13 [1/1] (0.00ns)   --->   "%sext_ln1273_6 = sext i10 %shl_ln"   --->   Operation 13 'sext' 'sext_ln1273_6' <Predicate = true> <Delay = 0.00>
ST_1 : Operation 14 [1/1] (1.73ns)   --->   "%r_V = sub i11 0, i11 %sext_ln1273_6"   --->   Operation 14 'sub' 'r_V' <Predicate = true> <Delay = 1.73> <CoreInst = "Adder">   --->   Core 1 'Adder' <Latency = 0> <II = 1> <Delay = 1.73> <FuncUnit> <Opcode : 'add' 'sub'> <InPorts = 2> <OutPorts = 1>
ST_1 : Operation 15 [1/1] (0.00ns)   --->   "%trunc_ln = partselect i8 @_ssdm_op_PartSelect.i8.i11.i32.i32, i11 %r_V, i32 3, i32 10"   --->   Operation 15 'partselect' 'trunc_ln' <Predicate = true> <Delay = 0.00>
ST_1 : Operation 16 [1/1] (1.63ns)   --->   "%r_V_7 = sub i11 %r_V, i11 %sext_ln1273"   --->   Operation 16 'sub' 'r_V_7' <Predicate = true> <Delay = 1.63> <CoreInst = "Adder">   --->   Core 1 'Adder' <Latency = 0> <II = 1> <Delay = 1.63> <FuncUnit> <Opcode : 'add' 'sub'> <InPorts = 2> <OutPorts = 1>
ST_1 : Operation 17 [1/1] (0.00ns)   --->   "%trunc_ln818_8 = partselect i8 @_ssdm_op_PartSelect.i8.i11.i32.i32, i11 %r_V_7, i32 3, i32 10"   --->   Operation 17 'partselect' 'trunc_ln818_8' <Predicate = true> <Delay = 0.00>
ST_1 : Operation 18 [1/1] (1.73ns)   --->   "%r_V_8 = add i11 %sext_ln1273_6, i11 %sext_ln1273"   --->   Operation 18 'add' 'r_V_8' <Predicate = true> <Delay = 1.73> <CoreInst = "Adder">   --->   Core 1 'Adder' <Latency = 0> <II = 1> <Delay = 1.73> <FuncUnit> <Opcode : 'add' 'sub'> <InPorts = 2> <OutPorts = 1>
ST_1 : Operation 19 [1/1] (0.00ns)   --->   "%trunc_ln818_9 = partselect i8 @_ssdm_op_PartSelect.i8.i11.i32.i32, i11 %r_V_8, i32 3, i32 10"   --->   Operation 19 'partselect' 'trunc_ln818_9' <Predicate = true> <Delay = 0.00>
ST_1 : Operation 20 [1/1] (0.00ns)   --->   "%sext_ln818_2 = sext i8 %p_read17"   --->   Operation 20 'sext' 'sext_ln818_2' <Predicate = true> <Delay = 0.00>
ST_1 : Operation 21 [1/1] (0.00ns)   --->   "%trunc_ln818_s = partselect i7 @_ssdm_op_PartSelect.i7.i8.i32.i32, i8 %p_read17, i32 1, i32 7"   --->   Operation 21 'partselect' 'trunc_ln818_s' <Predicate = true> <Delay = 0.00>
ST_1 : Operation 22 [1/1] (1.91ns)   --->   "%r_V_11 = sub i9 0, i9 %sext_ln818_2"   --->   Operation 22 'sub' 'r_V_11' <Predicate = true> <Delay = 1.91> <CoreInst = "Adder">   --->   Core 1 'Adder' <Latency = 0> <II = 1> <Delay = 1.91> <FuncUnit> <Opcode : 'add' 'sub'> <InPorts = 2> <OutPorts = 1>
ST_1 : Operation 23 [1/1] (0.00ns)   --->   "%trunc_ln818_3 = partselect i6 @_ssdm_op_PartSelect.i6.i9.i32.i32, i9 %r_V_11, i32 3, i32 8"   --->   Operation 23 'partselect' 'trunc_ln818_3' <Predicate = true> <Delay = 0.00>
ST_1 : Operation 24 [1/1] (0.00ns)   --->   "%trunc_ln818_4 = partselect i7 @_ssdm_op_PartSelect.i7.i8.i32.i32, i8 %p_read28, i32 1, i32 7"   --->   Operation 24 'partselect' 'trunc_ln818_4' <Predicate = true> <Delay = 0.00>
ST_1 : Operation 25 [1/1] (0.00ns)   --->   "%trunc_ln818_5 = partselect i6 @_ssdm_op_PartSelect.i6.i8.i32.i32, i8 %p_read28, i32 2, i32 7"   --->   Operation 25 'partselect' 'trunc_ln818_5' <Predicate = true> <Delay = 0.00>
ST_1 : Operation 26 [1/1] (0.00ns)   --->   "%sext_ln1273_9 = sext i6 %trunc_ln818_5"   --->   Operation 26 'sext' 'sext_ln1273_9' <Predicate = true> <Delay = 0.00>
ST_1 : Operation 27 [1/1] (0.00ns)   --->   "%sext_ln1273_12 = sext i8 %p_read39"   --->   Operation 27 'sext' 'sext_ln1273_12' <Predicate = true> <Delay = 0.00>
ST_1 : Operation 28 [1/1] (1.91ns)   --->   "%r_V_13 = sub i9 0, i9 %sext_ln1273_12"   --->   Operation 28 'sub' 'r_V_13' <Predicate = true> <Delay = 1.91> <CoreInst = "Adder">   --->   Core 1 'Adder' <Latency = 0> <II = 1> <Delay = 1.91> <FuncUnit> <Opcode : 'add' 'sub'> <InPorts = 2> <OutPorts = 1>
ST_1 : Operation 29 [1/1] (0.00ns)   --->   "%trunc_ln818_7 = partselect i6 @_ssdm_op_PartSelect.i6.i9.i32.i32, i9 %r_V_13, i32 3, i32 8"   --->   Operation 29 'partselect' 'trunc_ln818_7' <Predicate = true> <Delay = 0.00>
ST_1 : Operation 30 [1/1] (0.00ns)   --->   "%trunc_ln818_11 = partselect i6 @_ssdm_op_PartSelect.i6.i8.i32.i32, i8 %p_read39, i32 2, i32 7"   --->   Operation 30 'partselect' 'trunc_ln818_11' <Predicate = true> <Delay = 0.00>
ST_1 : Operation 31 [1/1] (0.00ns)   --->   "%trunc_ln818_12 = partselect i6 @_ssdm_op_PartSelect.i6.i8.i32.i32, i8 %p_read410, i32 2, i32 7"   --->   Operation 31 'partselect' 'trunc_ln818_12' <Predicate = true> <Delay = 0.00>
ST_1 : Operation 32 [1/1] (0.00ns)   --->   "%sext_ln818_4 = sext i6 %trunc_ln818_12"   --->   Operation 32 'sext' 'sext_ln818_4' <Predicate = true> <Delay = 0.00>
ST_1 : Operation 33 [1/1] (0.00ns)   --->   "%trunc_ln818_13 = partselect i5 @_ssdm_op_PartSelect.i5.i8.i32.i32, i8 %p_read410, i32 3, i32 7"   --->   Operation 33 'partselect' 'trunc_ln818_13' <Predicate = true> <Delay = 0.00>
ST_1 : Operation 34 [1/1] (0.00ns)   --->   "%sext_ln70 = sext i5 %trunc_ln818_13" [firmware/nnet_utils/nnet_mult.h:70]   --->   Operation 34 'sext' 'sext_ln70' <Predicate = true> <Delay = 0.00>
ST_1 : Operation 35 [1/1] (0.00ns)   --->   "%trunc_ln818_14 = partselect i7 @_ssdm_op_PartSelect.i7.i8.i32.i32, i8 %p_read511, i32 1, i32 7"   --->   Operation 35 'partselect' 'trunc_ln818_14' <Predicate = true> <Delay = 0.00>
ST_1 : Operation 36 [1/1] (0.00ns)   --->   "%sext_ln818_6 = sext i7 %trunc_ln818_14"   --->   Operation 36 'sext' 'sext_ln818_6' <Predicate = true> <Delay = 0.00>
ST_1 : Operation 37 [1/1] (1.87ns)   --->   "%add_ln813_8 = add i8 %sext_ln818_6, i8 %sext_ln818_4"   --->   Operation 37 'add' 'add_ln813_8' <Predicate = true> <Delay = 1.87> <CoreInst = "Adder">   --->   Core 1 'Adder' <Latency = 0> <II = 1> <Delay = 1.87> <FuncUnit> <Opcode : 'add' 'sub'> <InPorts = 2> <OutPorts = 1>
ST_1 : Operation 38 [1/1] (1.82ns)   --->   "%add_ln813_13 = add i7 %sext_ln1273_9, i7 %sext_ln70"   --->   Operation 38 'add' 'add_ln813_13' <Predicate = true> <Delay = 1.82> <CoreInst = "Adder">   --->   Core 1 'Adder' <Latency = 0> <II = 1> <Delay = 1.82> <FuncUnit> <Opcode : 'add' 'sub'> <InPorts = 2> <OutPorts = 1>

State 2 <SV = 1> <Delay = 3.64>
ST_2 : Operation 39 [1/1] (0.00ns)   --->   "%sext_ln818_3 = sext i8 %p_read17"   --->   Operation 39 'sext' 'sext_ln818_3' <Predicate = true> <Delay = 0.00>
ST_2 : Operation 40 [1/1] (0.00ns)   --->   "%sext_ln818 = sext i7 %trunc_ln818_s"   --->   Operation 40 'sext' 'sext_ln818' <Predicate = true> <Delay = 0.00>
ST_2 : Operation 41 [1/1] (0.00ns)   --->   "%shl_ln1273_6 = bitconcatenate i10 @_ssdm_op_BitConcatenate.i10.i8.i2, i8 %p_read17, i2 0"   --->   Operation 41 'bitconcatenate' 'shl_ln1273_6' <Predicate = true> <Delay = 0.00>
ST_2 : Operation 42 [1/1] (0.00ns)   --->   "%sext_ln1273_8 = sext i10 %shl_ln1273_6"   --->   Operation 42 'sext' 'sext_ln1273_8' <Predicate = true> <Delay = 0.00>
ST_2 : Operation 43 [1/1] (1.73ns)   --->   "%r_V_10 = add i11 %sext_ln1273_8, i11 %sext_ln818_3"   --->   Operation 43 'add' 'r_V_10' <Predicate = true> <Delay = 1.73> <CoreInst = "Adder">   --->   Core 1 'Adder' <Latency = 0> <II = 1> <Delay = 1.73> <FuncUnit> <Opcode : 'add' 'sub'> <InPorts = 2> <OutPorts = 1>
ST_2 : Operation 44 [1/1] (0.00ns)   --->   "%trunc_ln818_2 = partselect i8 @_ssdm_op_PartSelect.i8.i11.i32.i32, i11 %r_V_10, i32 3, i32 10"   --->   Operation 44 'partselect' 'trunc_ln818_2' <Predicate = true> <Delay = 0.00>
ST_2 : Operation 45 [1/1] (0.00ns)   --->   "%sext_ln70_1 = sext i6 %trunc_ln818_3" [firmware/nnet_utils/nnet_mult.h:70]   --->   Operation 45 'sext' 'sext_ln70_1' <Predicate = true> <Delay = 0.00>
ST_2 : Operation 46 [1/1] (0.00ns)   --->   "%sext_ln818_1 = sext i7 %trunc_ln818_4"   --->   Operation 46 'sext' 'sext_ln818_1' <Predicate = true> <Delay = 0.00>
ST_2 : Operation 47 [1/1] (0.00ns)   --->   "%shl_ln1273_7 = bitconcatenate i11 @_ssdm_op_BitConcatenate.i11.i8.i3, i8 %p_read28, i3 0"   --->   Operation 47 'bitconcatenate' 'shl_ln1273_7' <Predicate = true> <Delay = 0.00>
ST_2 : Operation 48 [1/1] (0.00ns)   --->   "%shl_ln1273_8 = bitconcatenate i9 @_ssdm_op_BitConcatenate.i9.i8.i1, i8 %p_read28, i1 0"   --->   Operation 48 'bitconcatenate' 'shl_ln1273_8' <Predicate = true> <Delay = 0.00>
ST_2 : Operation 49 [1/1] (0.00ns)   --->   "%sext_ln1273_10 = sext i9 %shl_ln1273_8"   --->   Operation 49 'sext' 'sext_ln1273_10' <Predicate = true> <Delay = 0.00>
ST_2 : Operation 50 [1/1] (1.63ns)   --->   "%r_V_12 = sub i11 %shl_ln1273_7, i11 %sext_ln1273_10"   --->   Operation 50 'sub' 'r_V_12' <Predicate = true> <Delay = 1.63> <CoreInst = "Adder">   --->   Core 1 'Adder' <Latency = 0> <II = 1> <Delay = 1.63> <FuncUnit> <Opcode : 'add' 'sub'> <InPorts = 2> <OutPorts = 1>
ST_2 : Operation 51 [1/1] (0.00ns)   --->   "%trunc_ln818_6 = partselect i8 @_ssdm_op_PartSelect.i8.i11.i32.i32, i11 %r_V_12, i32 3, i32 10"   --->   Operation 51 'partselect' 'trunc_ln818_6' <Predicate = true> <Delay = 0.00>
ST_2 : Operation 52 [1/1] (0.00ns)   --->   "%sext_ln1273_11 = sext i8 %p_read39"   --->   Operation 52 'sext' 'sext_ln1273_11' <Predicate = true> <Delay = 0.00>
ST_2 : Operation 53 [1/1] (0.00ns)   --->   "%sext_ln818_5 = sext i6 %trunc_ln818_7"   --->   Operation 53 'sext' 'sext_ln818_5' <Predicate = true> <Delay = 0.00>
ST_2 : Operation 54 [1/1] (0.00ns)   --->   "%tmp = bitconcatenate i10 @_ssdm_op_BitConcatenate.i10.i8.i2, i8 %p_read39, i2 0"   --->   Operation 54 'bitconcatenate' 'tmp' <Predicate = true> <Delay = 0.00>
ST_2 : Operation 55 [1/1] (0.00ns)   --->   "%sext_ln1273_13 = sext i10 %tmp"   --->   Operation 55 'sext' 'sext_ln1273_13' <Predicate = true> <Delay = 0.00>
ST_2 : Operation 56 [1/1] (1.73ns)   --->   "%r_V_14 = sub i11 %sext_ln1273_11, i11 %sext_ln1273_13"   --->   Operation 56 'sub' 'r_V_14' <Predicate = true> <Delay = 1.73> <CoreInst = "Adder">   --->   Core 1 'Adder' <Latency = 0> <II = 1> <Delay = 1.73> <FuncUnit> <Opcode : 'add' 'sub'> <InPorts = 2> <OutPorts = 1>
ST_2 : Operation 57 [1/1] (0.00ns)   --->   "%trunc_ln818_10 = partselect i8 @_ssdm_op_PartSelect.i8.i11.i32.i32, i11 %r_V_14, i32 3, i32 10"   --->   Operation 57 'partselect' 'trunc_ln818_10' <Predicate = true> <Delay = 0.00>
ST_2 : Operation 58 [1/1] (0.00ns)   --->   "%sext_ln70_2 = sext i6 %trunc_ln818_11" [firmware/nnet_utils/nnet_mult.h:70]   --->   Operation 58 'sext' 'sext_ln70_2' <Predicate = true> <Delay = 0.00>
ST_2 : Operation 59 [1/1] (0.00ns)   --->   "%sext_ln818_7 = sext i8 %p_read511"   --->   Operation 59 'sext' 'sext_ln818_7' <Predicate = true> <Delay = 0.00>
ST_2 : Operation 60 [1/1] (0.00ns)   --->   "%tmp_1 = bitconcatenate i10 @_ssdm_op_BitConcatenate.i10.i8.i2, i8 %p_read511, i2 0"   --->   Operation 60 'bitconcatenate' 'tmp_1' <Predicate = true> <Delay = 0.00>
ST_2 : Operation 61 [1/1] (0.00ns)   --->   "%sext_ln1273_14 = sext i10 %tmp_1"   --->   Operation 61 'sext' 'sext_ln1273_14' <Predicate = true> <Delay = 0.00>
ST_2 : Operation 62 [1/1] (1.73ns)   --->   "%r_V_15 = sub i11 %sext_ln818_7, i11 %sext_ln1273_14"   --->   Operation 62 'sub' 'r_V_15' <Predicate = true> <Delay = 1.73> <CoreInst = "Adder">   --->   Core 1 'Adder' <Latency = 0> <II = 1> <Delay = 1.73> <FuncUnit> <Opcode : 'add' 'sub'> <InPorts = 2> <OutPorts = 1>
ST_2 : Operation 63 [1/1] (0.00ns)   --->   "%trunc_ln818_15 = partselect i8 @_ssdm_op_PartSelect.i8.i11.i32.i32, i11 %r_V_15, i32 3, i32 10"   --->   Operation 63 'partselect' 'trunc_ln818_15' <Predicate = true> <Delay = 0.00>
ST_2 : Operation 64 [1/1] (1.73ns)   --->   "%r_V_16 = add i11 %sext_ln1273_14, i11 %sext_ln818_7"   --->   Operation 64 'add' 'r_V_16' <Predicate = true> <Delay = 1.73> <CoreInst = "Adder">   --->   Core 1 'Adder' <Latency = 0> <II = 1> <Delay = 1.73> <FuncUnit> <Opcode : 'add' 'sub'> <InPorts = 2> <OutPorts = 1>
ST_2 : Operation 65 [1/1] (0.00ns)   --->   "%trunc_ln818_16 = partselect i8 @_ssdm_op_PartSelect.i8.i11.i32.i32, i11 %r_V_16, i32 3, i32 10"   --->   Operation 65 'partselect' 'trunc_ln818_16' <Predicate = true> <Delay = 0.00>
ST_2 : Operation 66 [1/1] (1.82ns)   --->   "%add_ln813 = add i7 %sext_ln70_1, i7 %sext_ln70_2"   --->   Operation 66 'add' 'add_ln813' <Predicate = true> <Delay = 1.82> <CoreInst = "Adder">   --->   Core 1 'Adder' <Latency = 0> <II = 1> <Delay = 1.82> <FuncUnit> <Opcode : 'add' 'sub'> <InPorts = 2> <OutPorts = 1>
ST_2 : Operation 67 [1/1] (1.87ns)   --->   "%add_ln813_6 = add i8 %sext_ln818_5, i8 %sext_ln818"   --->   Operation 67 'add' 'add_ln813_6' <Predicate = true> <Delay = 1.87> <CoreInst = "Adder">   --->   Core 1 'Adder' <Latency = 0> <II = 1> <Delay = 1.87> <FuncUnit> <Opcode : 'add' 'sub'> <InPorts = 2> <OutPorts = 1>
ST_2 : Operation 68 [1/1] (1.91ns)   --->   "%add_ln813_9 = add i8 %add_ln813_8, i8 %sext_ln818_1"   --->   Operation 68 'add' 'add_ln813_9' <Predicate = true> <Delay = 1.91> <CoreInst = "Adder">   --->   Core 1 'Adder' <Latency = 0> <II = 1> <Delay = 1.91> <FuncUnit> <Opcode : 'add' 'sub'> <InPorts = 2> <OutPorts = 1>
ST_2 : Operation 69 [1/1] (1.91ns)   --->   "%add_ln813_11 = add i8 %trunc_ln818_8, i8 %trunc_ln818_10"   --->   Operation 69 'add' 'add_ln813_11' <Predicate = true> <Delay = 1.91> <CoreInst = "Adder">   --->   Core 1 'Adder' <Latency = 0> <II = 1> <Delay = 1.91> <FuncUnit> <Opcode : 'add' 'sub'> <InPorts = 2> <OutPorts = 1>
ST_2 : Operation 70 [1/1] (0.00ns)   --->   "%sext_ln813 = sext i7 %add_ln813_13"   --->   Operation 70 'sext' 'sext_ln813' <Predicate = true> <Delay = 0.00>
ST_2 : Operation 71 [1/1] (1.91ns)   --->   "%add_ln813_14 = add i8 %sext_ln813, i8 %trunc_ln818_15"   --->   Operation 71 'add' 'add_ln813_14' <Predicate = true> <Delay = 1.91> <CoreInst = "Adder">   --->   Core 1 'Adder' <Latency = 0> <II = 1> <Delay = 1.91> <FuncUnit> <Opcode : 'add' 'sub'> <InPorts = 2> <OutPorts = 1>
ST_2 : Operation 72 [1/1] (1.91ns)   --->   "%add_ln813_16 = add i8 %trunc_ln818_6, i8 %trunc_ln818_2"   --->   Operation 72 'add' 'add_ln813_16' <Predicate = true> <Delay = 1.91> <CoreInst = "Adder">   --->   Core 1 'Adder' <Latency = 0> <II = 1> <Delay = 1.91> <FuncUnit> <Opcode : 'add' 'sub'> <InPorts = 2> <OutPorts = 1>
ST_2 : Operation 73 [1/1] (1.91ns)   --->   "%add_ln813_17 = add i8 %sext_ln818_5, i8 %trunc_ln818_16"   --->   Operation 73 'add' 'add_ln813_17' <Predicate = true> <Delay = 1.91> <CoreInst = "Adder">   --->   Core 1 'Adder' <Latency = 0> <II = 1> <Delay = 1.91> <FuncUnit> <Opcode : 'add' 'sub'> <InPorts = 2> <OutPorts = 1>

State 3 <SV = 2> <Delay = 3.55>
ST_3 : Operation 74 [1/1] (0.00ns)   --->   "%shl_ln1273_4 = bitconcatenate i11 @_ssdm_op_BitConcatenate.i11.i8.i3, i8 %p_read17, i3 0"   --->   Operation 74 'bitconcatenate' 'shl_ln1273_4' <Predicate = true> <Delay = 0.00>
ST_3 : Operation 75 [1/1] (0.00ns)   --->   "%shl_ln1273_5 = bitconcatenate i9 @_ssdm_op_BitConcatenate.i9.i8.i1, i8 %p_read17, i1 0"   --->   Operation 75 'bitconcatenate' 'shl_ln1273_5' <Predicate = true> <Delay = 0.00>
ST_3 : Operation 76 [1/1] (0.00ns)   --->   "%sext_ln1273_7 = sext i9 %shl_ln1273_5"   --->   Operation 76 'sext' 'sext_ln1273_7' <Predicate = true> <Delay = 0.00>
ST_3 : Operation 77 [1/1] (1.63ns)   --->   "%r_V_9 = sub i11 %shl_ln1273_4, i11 %sext_ln1273_7"   --->   Operation 77 'sub' 'r_V_9' <Predicate = true> <Delay = 1.63> <CoreInst = "Adder">   --->   Core 1 'Adder' <Latency = 0> <II = 1> <Delay = 1.63> <FuncUnit> <Opcode : 'add' 'sub'> <InPorts = 2> <OutPorts = 1>
ST_3 : Operation 78 [1/1] (0.00ns)   --->   "%trunc_ln818_1 = partselect i8 @_ssdm_op_PartSelect.i8.i11.i32.i32, i11 %r_V_9, i32 3, i32 10"   --->   Operation 78 'partselect' 'trunc_ln818_1' <Predicate = true> <Delay = 0.00>
ST_3 : Operation 79 [1/1] (0.00ns)   --->   "%sext_ln813_1 = sext i7 %add_ln813"   --->   Operation 79 'sext' 'sext_ln813_1' <Predicate = true> <Delay = 0.00>
ST_3 : Operation 80 [1/1] (1.91ns)   --->   "%add_ln813_5 = add i8 %sext_ln813_1, i8 %trunc_ln818_9"   --->   Operation 80 'add' 'add_ln813_5' <Predicate = true> <Delay = 1.91> <CoreInst = "Adder">   --->   Core 1 'Adder' <Latency = 0> <II = 1> <Delay = 1.91> <FuncUnit> <Opcode : 'add' 'sub'> <InPorts = 2> <OutPorts = 1>
ST_3 : Operation 81 [1/1] (1.91ns)   --->   "%add_ln813_7 = add i8 %add_ln813_6, i8 %trunc_ln"   --->   Operation 81 'add' 'add_ln813_7' <Predicate = true> <Delay = 1.91> <CoreInst = "Adder">   --->   Core 1 'Adder' <Latency = 0> <II = 1> <Delay = 1.91> <FuncUnit> <Opcode : 'add' 'sub'> <InPorts = 2> <OutPorts = 1>
ST_3 : Operation 82 [1/1] (1.91ns)   --->   "%add_ln813_12 = add i8 %add_ln813_11, i8 %trunc_ln818_1"   --->   Operation 82 'add' 'add_ln813_12' <Predicate = true> <Delay = 1.91> <CoreInst = "Adder">   --->   Core 1 'Adder' <Latency = 0> <II = 1> <Delay = 1.91> <FuncUnit> <Opcode : 'add' 'sub'> <InPorts = 2> <OutPorts = 1>
ST_3 : Operation 83 [1/1] (1.91ns)   --->   "%add_ln813_18 = add i8 %add_ln813_17, i8 %add_ln813_16"   --->   Operation 83 'add' 'add_ln813_18' <Predicate = true> <Delay = 1.91> <CoreInst = "Adder">   --->   Core 1 'Adder' <Latency = 0> <II = 1> <Delay = 1.91> <FuncUnit> <Opcode : 'add' 'sub'> <InPorts = 2> <OutPorts = 1>

State 4 <SV = 3> <Delay = 1.91>
ST_4 : Operation 84 [1/1] (0.00ns)   --->   "%specpipeline_ln33 = specpipeline void @_ssdm_op_SpecPipeline, i32 1, i32 0, i32 0, i32 0, void @empty_0" [firmware/nnet_utils/nnet_dense_latency.h:33]   --->   Operation 84 'specpipeline' 'specpipeline_ln33' <Predicate = true> <Delay = 0.00>
ST_4 : Operation 85 [1/1] (0.00ns)   --->   "%specresourcelimit_ln33 = specresourcelimit void @_ssdm_op_SpecResourceLimit, i64 19, void @empty_1, void @empty_0, void @empty_0, void @empty_0" [firmware/nnet_utils/nnet_dense_latency.h:33]   --->   Operation 85 'specresourcelimit' 'specresourcelimit_ln33' <Predicate = true> <Delay = 0.00>
ST_4 : Operation 86 [1/1] (1.91ns)   --->   "%add_ln813_10 = add i8 %add_ln813_9, i8 %add_ln813_7"   --->   Operation 86 'add' 'add_ln813_10' <Predicate = true> <Delay = 1.91> <CoreInst = "Adder">   --->   Core 1 'Adder' <Latency = 0> <II = 1> <Delay = 1.91> <FuncUnit> <Opcode : 'add' 'sub'> <InPorts = 2> <OutPorts = 1>
ST_4 : Operation 87 [1/1] (1.91ns)   --->   "%add_ln813_15 = add i8 %add_ln813_14, i8 %add_ln813_12"   --->   Operation 87 'add' 'add_ln813_15' <Predicate = true> <Delay = 1.91> <CoreInst = "Adder">   --->   Core 1 'Adder' <Latency = 0> <II = 1> <Delay = 1.91> <FuncUnit> <Opcode : 'add' 'sub'> <InPorts = 2> <OutPorts = 1>
ST_4 : Operation 88 [1/1] (0.00ns)   --->   "%mrv = insertvalue i32 <undef>, i8 %add_ln813_10" [firmware/nnet_utils/nnet_dense_latency.h:68]   --->   Operation 88 'insertvalue' 'mrv' <Predicate = true> <Delay = 0.00>
ST_4 : Operation 89 [1/1] (0.00ns)   --->   "%mrv_1 = insertvalue i32 %mrv, i8 %add_ln813_15" [firmware/nnet_utils/nnet_dense_latency.h:68]   --->   Operation 89 'insertvalue' 'mrv_1' <Predicate = true> <Delay = 0.00>
ST_4 : Operation 90 [1/1] (0.00ns)   --->   "%mrv_2 = insertvalue i32 %mrv_1, i8 %add_ln813_18" [firmware/nnet_utils/nnet_dense_latency.h:68]   --->   Operation 90 'insertvalue' 'mrv_2' <Predicate = true> <Delay = 0.00>
ST_4 : Operation 91 [1/1] (0.00ns)   --->   "%mrv_3 = insertvalue i32 %mrv_2, i8 %add_ln813_5" [firmware/nnet_utils/nnet_dense_latency.h:68]   --->   Operation 91 'insertvalue' 'mrv_3' <Predicate = true> <Delay = 0.00>
ST_4 : Operation 92 [1/1] (0.00ns)   --->   "%ret_ln68 = ret i32 %mrv_3" [firmware/nnet_utils/nnet_dense_latency.h:68]   --->   Operation 92 'ret' 'ret_ln68' <Predicate = true> <Delay = 0.00>


============================================================
+ Verbose Summary: Timing violations
============================================================
Target clock period: 5ns, clock uncertainty: 1.35ns.

 <State 1>: 3.37ns
The critical path consists of the following:
	wire read operation ('p_read_15', firmware/nnet_utils/nnet_mult.h:70) on port 'p_read' (firmware/nnet_utils/nnet_mult.h:70) [14]  (0 ns)
	'sub' operation ('r.V') [18]  (1.73 ns)
	'sub' operation ('r.V') [20]  (1.64 ns)

 <State 2>: 3.65ns
The critical path consists of the following:
	'sub' operation ('r.V') [56]  (1.73 ns)
	'add' operation ('add_ln813_11') [81]  (1.92 ns)

 <State 3>: 3.55ns
The critical path consists of the following:
	'sub' operation ('r.V') [31]  (1.64 ns)
	'add' operation ('add_ln813_12') [82]  (1.92 ns)

 <State 4>: 1.92ns
The critical path consists of the following:
	'add' operation ('add_ln813_10') [80]  (1.92 ns)


============================================================
+ Verbose Summary: Binding
============================================================
N/A
* FSMD analyzer results:
  - Output states:
 - Input state : 
  - Chain level:
	State 1
	State 2
	State 3
	State 4


============================================================
+ Verbose Summary: Datapath Resource usage 
============================================================
N/A
