

================================================================
== Vitis HLS Report for 'dense_latency_ap_fixed_8_4_5_3_0_ap_fixed_8_4_5_3_0_config8_s'
================================================================
* Date:           Mon Mar  9 23:08:20 2026

* Version:        2022.2 (Build 3670227 on Oct 13 2022)
* Project:        myproject_prj
* Solution:       solution1 (Vivado IP Flow Target)
* Product family: zynq
* Target device:  xc7z020-clg484-1


================================================================
== Performance Estimates
================================================================
+ Timing: 
    * Summary: 
    +--------+---------+----------+------------+
    |  Clock |  Target | Estimated| Uncertainty|
    +--------+---------+----------+------------+
    |ap_clk  |  5.00 ns|  2.936 ns|     1.35 ns|
    +--------+---------+----------+------------+

+ Latency: 
    * Summary: 
    +---------+---------+-----------+-----------+-----+-----+---------+
    |  Latency (cycles) |   Latency (absolute)  |  Interval | Pipeline|
    |   min   |   max   |    min    |    max    | min | max |   Type  |
    +---------+---------+-----------+-----------+-----+-----+---------+
    |        3|        3|  15.000 ns|  15.000 ns|    1|    1|      yes|
    +---------+---------+-----------+-----------+-----+-----+---------+

    + Detail: 
        * Instance: 
        N/A

        * Loop: 
        N/A

============================================================
+ Verbose Summary: Synthesis Manager
============================================================
InlineROM: 1
ExposeGlobal: 0
============================================================
+ Verbose Summary: CDFG Model
============================================================
IsTopModel: 0
ResetActiveHigh: 1
IsCombinational: 0
IsDatapathOnly: 0
HasWiredReturn: 1
HasMFsm: 2
HasVarLatency: 0
IsPipeline: 1
IsRtlPipelined: 1
IsInstanceOverlapped: 0
IsDontTouch: 0
HasImplIP: 0
IsGatedGlobalClock: 0

+ Individual pipeline summary: 
  * Pipeline-0: initiation interval (II) = 1, depth = 4


============================================================
+ Verbose Summary: Schedule
============================================================
* Number of FSM states : 4
* Pipeline : 1
  Pipeline-0 : II = 1, D = 4, States = { 1 2 3 4 }
* Dataflow Pipeline: 0

* FSM state transitions: 
1 --> 2 
2 --> 3 
3 --> 4 
4 --> 

* FSM state operations: 

State 1 <SV = 0> <Delay = 2.93>
ST_1 : Operation 5 [1/1] (0.00ns)   --->   "%p_read_1 = read i8 @_ssdm_op_Read.ap_auto.i8, i8 %p_read3"   --->   Operation 5 'read' 'p_read_1' <Predicate = true> <Delay = 0.00>
ST_1 : Operation 6 [1/1] (0.00ns)   --->   "%p_read_2 = read i8 @_ssdm_op_Read.ap_auto.i8, i8 %p_read2"   --->   Operation 6 'read' 'p_read_2' <Predicate = true> <Delay = 0.00>
ST_1 : Operation 7 [1/1] (0.00ns)   --->   "%p_read_3 = read i8 @_ssdm_op_Read.ap_auto.i8, i8 %p_read"   --->   Operation 7 'read' 'p_read_3' <Predicate = true> <Delay = 0.00>
ST_1 : Operation 8 [1/1] (0.00ns)   --->   "%trunc_ln1273 = trunc i8 %p_read_2"   --->   Operation 8 'trunc' 'trunc_ln1273' <Predicate = true> <Delay = 0.00>
ST_1 : Operation 9 [1/1] (0.00ns)   --->   "%shl_ln = bitconcatenate i11 @_ssdm_op_BitConcatenate.i11.i6.i5, i6 %trunc_ln1273, i5 0"   --->   Operation 9 'bitconcatenate' 'shl_ln' <Predicate = true> <Delay = 0.00>
ST_1 : Operation 10 [1/1] (0.00ns)   --->   "%shl_ln1273_1 = bitconcatenate i11 @_ssdm_op_BitConcatenate.i11.i8.i3, i8 %p_read_2, i3 0"   --->   Operation 10 'bitconcatenate' 'shl_ln1273_1' <Predicate = true> <Delay = 0.00>
ST_1 : Operation 11 [1/1] (1.63ns)   --->   "%r_V = sub i11 %shl_ln, i11 %shl_ln1273_1"   --->   Operation 11 'sub' 'r_V' <Predicate = true> <Delay = 1.63> <CoreInst = "Adder">   --->   Core 1 'Adder' <Latency = 0> <II = 1> <Delay = 1.63> <FuncUnit> <Opcode : 'add' 'sub'> <InPorts = 2> <OutPorts = 1>
ST_1 : Operation 12 [1/1] (0.00ns)   --->   "%trunc_ln818_1 = partselect i8 @_ssdm_op_PartSelect.i8.i11.i32.i32, i11 %r_V, i32 3, i32 10"   --->   Operation 12 'partselect' 'trunc_ln818_1' <Predicate = true> <Delay = 0.00>
ST_1 : Operation 13 [1/1] (0.00ns)   --->   "%sext_ln1270_1 = sext i8 %p_read_1"   --->   Operation 13 'sext' 'sext_ln1270_1' <Predicate = true> <Delay = 0.00>
ST_1 : Operation 14 [3/3] (2.93ns)   --->   "%mul_ln1270_1 = mul i11 %sext_ln1270_1, i11 2023"   --->   Operation 14 'mul' 'mul_ln1270_1' <Predicate = true> <Delay = 2.93> <CoreInst = "Mul_DSP">   --->   Core 5 'Mul_DSP' <Latency = 2> <II = 1> <Delay = 2.93> <FuncUnit> <Opcode : 'mul'> <InPorts = 2> <OutPorts = 1>

State 2 <SV = 1> <Delay = 2.93>
ST_2 : Operation 15 [1/1] (0.00ns)   --->   "%sext_ln1270 = sext i8 %p_read_3"   --->   Operation 15 'sext' 'sext_ln1270' <Predicate = true> <Delay = 0.00>
ST_2 : Operation 16 [3/3] (2.93ns)   --->   "%mul_ln1270 = mul i11 %sext_ln1270, i11 38"   --->   Operation 16 'mul' 'mul_ln1270' <Predicate = true> <Delay = 2.93> <CoreInst = "Mul_DSP">   --->   Core 5 'Mul_DSP' <Latency = 2> <II = 1> <Delay = 2.93> <FuncUnit> <Opcode : 'mul'> <InPorts = 2> <OutPorts = 1>
ST_2 : Operation 17 [2/3] (2.93ns)   --->   "%mul_ln1270_1 = mul i11 %sext_ln1270_1, i11 2023"   --->   Operation 17 'mul' 'mul_ln1270_1' <Predicate = true> <Delay = 2.93> <CoreInst = "Mul_DSP">   --->   Core 5 'Mul_DSP' <Latency = 2> <II = 1> <Delay = 2.93> <FuncUnit> <Opcode : 'mul'> <InPorts = 2> <OutPorts = 1>

State 3 <SV = 2> <Delay = 2.93>
ST_3 : Operation 18 [2/3] (2.93ns)   --->   "%mul_ln1270 = mul i11 %sext_ln1270, i11 38"   --->   Operation 18 'mul' 'mul_ln1270' <Predicate = true> <Delay = 2.93> <CoreInst = "Mul_DSP">   --->   Core 5 'Mul_DSP' <Latency = 2> <II = 1> <Delay = 2.93> <FuncUnit> <Opcode : 'mul'> <InPorts = 2> <OutPorts = 1>
ST_3 : Operation 19 [1/3] (2.93ns)   --->   "%mul_ln1270_1 = mul i11 %sext_ln1270_1, i11 2023"   --->   Operation 19 'mul' 'mul_ln1270_1' <Predicate = true> <Delay = 2.93> <CoreInst = "Mul_DSP">   --->   Core 5 'Mul_DSP' <Latency = 2> <II = 1> <Delay = 2.93> <FuncUnit> <Opcode : 'mul'> <InPorts = 2> <OutPorts = 1>
ST_3 : Operation 20 [1/1] (0.00ns)   --->   "%trunc_ln818_2 = partselect i8 @_ssdm_op_PartSelect.i8.i11.i32.i32, i11 %mul_ln1270_1, i32 3, i32 10"   --->   Operation 20 'partselect' 'trunc_ln818_2' <Predicate = true> <Delay = 0.00>

State 4 <SV = 3> <Delay = 2.93>
ST_4 : Operation 21 [1/1] (0.00ns)   --->   "%specpipeline_ln33 = specpipeline void @_ssdm_op_SpecPipeline, i32 1, i32 0, i32 0, i32 0, void @empty_0" [firmware/nnet_utils/nnet_dense_latency.h:33]   --->   Operation 21 'specpipeline' 'specpipeline_ln33' <Predicate = true> <Delay = 0.00>
ST_4 : Operation 22 [1/1] (0.00ns)   --->   "%specresourcelimit_ln33 = specresourcelimit void @_ssdm_op_SpecResourceLimit, i64 4, void @empty_1, void @empty_0, void @empty_0, void @empty_0" [firmware/nnet_utils/nnet_dense_latency.h:33]   --->   Operation 22 'specresourcelimit' 'specresourcelimit_ln33' <Predicate = true> <Delay = 0.00>
ST_4 : Operation 23 [1/3] (2.93ns)   --->   "%mul_ln1270 = mul i11 %sext_ln1270, i11 38"   --->   Operation 23 'mul' 'mul_ln1270' <Predicate = true> <Delay = 2.93> <CoreInst = "Mul_DSP">   --->   Core 5 'Mul_DSP' <Latency = 2> <II = 1> <Delay = 2.93> <FuncUnit> <Opcode : 'mul'> <InPorts = 2> <OutPorts = 1>
ST_4 : Operation 24 [1/1] (0.00ns)   --->   "%trunc_ln = partselect i8 @_ssdm_op_PartSelect.i8.i11.i32.i32, i11 %mul_ln1270, i32 3, i32 10"   --->   Operation 24 'partselect' 'trunc_ln' <Predicate = true> <Delay = 0.00>
ST_4 : Operation 25 [1/1] (1.91ns)   --->   "%add_ln813 = add i8 %trunc_ln818_1, i8 %trunc_ln818_2"   --->   Operation 25 'add' 'add_ln813' <Predicate = true> <Delay = 1.91> <CoreInst = "Adder">   --->   Core 1 'Adder' <Latency = 0> <II = 1> <Delay = 1.91> <FuncUnit> <Opcode : 'add' 'sub'> <InPorts = 2> <OutPorts = 1>
ST_4 : Operation 26 [1/1] (0.00ns)   --->   "%mrv = insertvalue i16 <undef>, i8 %add_ln813" [firmware/nnet_utils/nnet_dense_latency.h:68]   --->   Operation 26 'insertvalue' 'mrv' <Predicate = true> <Delay = 0.00>
ST_4 : Operation 27 [1/1] (0.00ns)   --->   "%mrv_1 = insertvalue i16 %mrv, i8 %trunc_ln" [firmware/nnet_utils/nnet_dense_latency.h:68]   --->   Operation 27 'insertvalue' 'mrv_1' <Predicate = true> <Delay = 0.00>
ST_4 : Operation 28 [1/1] (0.00ns)   --->   "%ret_ln68 = ret i16 %mrv_1" [firmware/nnet_utils/nnet_dense_latency.h:68]   --->   Operation 28 'ret' 'ret_ln68' <Predicate = true> <Delay = 0.00>


============================================================
+ Verbose Summary: Timing violations
============================================================
Target clock period: 5ns, clock uncertainty: 1.35ns.

 <State 1>: 2.94ns
The critical path consists of the following:
	wire read operation ('p_read_1') on port 'p_read3' [6]  (0 ns)
	'mul' operation ('mul_ln1270_1') [18]  (2.94 ns)

 <State 2>: 2.94ns
The critical path consists of the following:
	'mul' operation ('mul_ln1270') [10]  (2.94 ns)

 <State 3>: 2.94ns
The critical path consists of the following:
	'mul' operation ('mul_ln1270') [10]  (2.94 ns)

 <State 4>: 2.94ns
The critical path consists of the following:
	'mul' operation ('mul_ln1270') [10]  (2.94 ns)


============================================================
+ Verbose Summary: Binding
============================================================
N/A
* FSMD analyzer results:
  - Output states:
 - Input state : 
  - Chain level:
	State 1
	State 2
	State 3
	State 4


============================================================
+ Verbose Summary: Datapath Resource usage 
============================================================
N/A
