

================================================================
== Vitis HLS Report for 'dense_latency_ap_fixed_8_4_5_3_0_ap_fixed_8_4_5_3_0_config17_s'
================================================================
* Date:           Tue Mar 10 19:39:49 2026

* Version:        2022.2 (Build 3670227 on Oct 13 2022)
* Project:        myproject_prj
* Solution:       solution1 (Vivado IP Flow Target)
* Product family: zynq
* Target device:  xc7z020-clg484-1


================================================================
== Performance Estimates
================================================================
+ Timing: 
    * Summary: 
    +--------+---------+----------+------------+
    |  Clock |  Target | Estimated| Uncertainty|
    +--------+---------+----------+------------+
    |ap_clk  |  5.00 ns|  3.491 ns|     1.35 ns|
    +--------+---------+----------+------------+

+ Latency: 
    * Summary: 
    +---------+---------+-----------+-----------+-----+-----+---------+
    |  Latency (cycles) |   Latency (absolute)  |  Interval | Pipeline|
    |   min   |   max   |    min    |    max    | min | max |   Type  |
    +---------+---------+-----------+-----------+-----+-----+---------+
    |        4|        4|  20.000 ns|  20.000 ns|    1|    1|      yes|
    +---------+---------+-----------+-----------+-----+-----+---------+

    + Detail: 
        * Instance: 
        N/A

        * Loop: 
        N/A

============================================================
+ Verbose Summary: Synthesis Manager
============================================================
InlineROM: 1
ExposeGlobal: 0
============================================================
+ Verbose Summary: CDFG Model
============================================================
IsTopModel: 0
ResetActiveHigh: 1
IsCombinational: 0
IsDatapathOnly: 0
HasWiredReturn: 1
HasMFsm: 2
HasVarLatency: 0
IsPipeline: 1
IsRtlPipelined: 1
IsInstanceOverlapped: 0
IsDontTouch: 0
HasImplIP: 0
IsGatedGlobalClock: 0

+ Individual pipeline summary: 
  * Pipeline-0: initiation interval (II) = 1, depth = 5


============================================================
+ Verbose Summary: Schedule
============================================================
* Number of FSM states : 5
* Pipeline : 1
  Pipeline-0 : II = 1, D = 5, States = { 1 2 3 4 5 }
* Dataflow Pipeline: 0

* FSM state transitions: 
1 --> 2 
2 --> 3 
3 --> 4 
4 --> 5 
5 --> 

* FSM state operations: 

State 1 <SV = 0> <Delay = 3.34>
ST_1 : Operation 6 [1/1] (0.00ns)   --->   "%p_read25 = read i8 @_ssdm_op_Read.ap_auto.i8, i8 %p_read2" [firmware/nnet_utils/nnet_mult.h:70]   --->   Operation 6 'read' 'p_read25' <Predicate = true> <Delay = 0.00>
ST_1 : Operation 7 [1/1] (0.00ns)   --->   "%p_read14 = read i8 @_ssdm_op_Read.ap_auto.i8, i8 %p_read1" [firmware/nnet_utils/nnet_mult.h:70]   --->   Operation 7 'read' 'p_read14' <Predicate = true> <Delay = 0.00>
ST_1 : Operation 8 [1/1] (0.00ns)   --->   "%p_read_11 = read i8 @_ssdm_op_Read.ap_auto.i8, i8 %p_read" [firmware/nnet_utils/nnet_mult.h:70]   --->   Operation 8 'read' 'p_read_11' <Predicate = true> <Delay = 0.00>
ST_1 : Operation 9 [1/1] (0.00ns)   --->   "%sext_ln1270 = sext i8 %p_read_11"   --->   Operation 9 'sext' 'sext_ln1270' <Predicate = true> <Delay = 0.00>
ST_1 : Operation 10 [3/3] (2.95ns)   --->   "%r_V = mul i17 %sext_ln1270, i17 130876"   --->   Operation 10 'mul' 'r_V' <Predicate = true> <Delay = 2.95> <CoreInst = "Mul_DSP">   --->   Core 5 'Mul_DSP' <Latency = 2> <II = 1> <Delay = 2.95> <FuncUnit> <Opcode : 'mul'> <InPorts = 2> <OutPorts = 1>
ST_1 : Operation 11 [2/2] (3.34ns)   --->   "%mul_ln1270 = mul i17 %sext_ln1270, i17 130540"   --->   Operation 11 'mul' 'mul_ln1270' <Predicate = true> <Delay = 3.34> <CoreInst = "Multiplier">   --->   Core 3 'Multiplier' <Latency = 1> <II = 1> <Delay = 3.34> <FuncUnit> <Opcode : 'mul'> <InPorts = 2> <OutPorts = 1>
ST_1 : Operation 12 [1/1] (0.00ns)   --->   "%sext_ln1273_18 = sext i8 %p_read25"   --->   Operation 12 'sext' 'sext_ln1273_18' <Predicate = true> <Delay = 0.00>
ST_1 : Operation 13 [3/3] (2.97ns)   --->   "%mul_ln1270_2 = mul i17 %sext_ln1273_18, i17 326"   --->   Operation 13 'mul' 'mul_ln1270_2' <Predicate = true> <Delay = 2.97> <CoreInst = "Mul_DSP">   --->   Core 5 'Mul_DSP' <Latency = 2> <II = 1> <Delay = 2.97> <FuncUnit> <Opcode : 'mul'> <InPorts = 2> <OutPorts = 1>
ST_1 : Operation 14 [3/3] (2.97ns)   --->   "%mul_ln1270_3 = mul i17 %sext_ln1273_18, i17 130766"   --->   Operation 14 'mul' 'mul_ln1270_3' <Predicate = true> <Delay = 2.97> <CoreInst = "Mul_DSP">   --->   Core 5 'Mul_DSP' <Latency = 2> <II = 1> <Delay = 2.97> <FuncUnit> <Opcode : 'mul'> <InPorts = 2> <OutPorts = 1>

State 2 <SV = 1> <Delay = 3.49>
ST_2 : Operation 15 [2/3] (2.95ns)   --->   "%r_V = mul i17 %sext_ln1270, i17 130876"   --->   Operation 15 'mul' 'r_V' <Predicate = true> <Delay = 2.95> <CoreInst = "Mul_DSP">   --->   Core 5 'Mul_DSP' <Latency = 2> <II = 1> <Delay = 2.95> <FuncUnit> <Opcode : 'mul'> <InPorts = 2> <OutPorts = 1>
ST_2 : Operation 16 [1/2] (3.34ns)   --->   "%mul_ln1270 = mul i17 %sext_ln1270, i17 130540"   --->   Operation 16 'mul' 'mul_ln1270' <Predicate = true> <Delay = 3.34> <CoreInst = "Multiplier">   --->   Core 3 'Multiplier' <Latency = 1> <II = 1> <Delay = 3.34> <FuncUnit> <Opcode : 'mul'> <InPorts = 2> <OutPorts = 1>
ST_2 : Operation 17 [1/1] (0.00ns)   --->   "%trunc_ln818_s = partselect i8 @_ssdm_op_PartSelect.i8.i17.i32.i32, i17 %mul_ln1270, i32 9, i32 16"   --->   Operation 17 'partselect' 'trunc_ln818_s' <Predicate = true> <Delay = 0.00>
ST_2 : Operation 18 [1/1] (0.00ns)   --->   "%sext_ln1270_1 = sext i8 %p_read14"   --->   Operation 18 'sext' 'sext_ln1270_1' <Predicate = true> <Delay = 0.00>
ST_2 : Operation 19 [1/1] (0.00ns)   --->   "%shl_ln = bitconcatenate i13 @_ssdm_op_BitConcatenate.i13.i8.i5, i8 %p_read14, i5 0"   --->   Operation 19 'bitconcatenate' 'shl_ln' <Predicate = true> <Delay = 0.00>
ST_2 : Operation 20 [1/1] (0.00ns)   --->   "%sext_ln1273_17 = sext i13 %shl_ln"   --->   Operation 20 'sext' 'sext_ln1273_17' <Predicate = true> <Delay = 0.00>
ST_2 : Operation 21 [1/1] (1.67ns)   --->   "%sub_ln1273 = sub i14 0, i14 %sext_ln1273_17"   --->   Operation 21 'sub' 'sub_ln1273' <Predicate = true> <Delay = 1.67> <CoreInst = "Adder">   --->   Core 1 'Adder' <Latency = 0> <II = 1> <Delay = 1.67> <FuncUnit> <Opcode : 'add' 'sub'> <InPorts = 2> <OutPorts = 1>
ST_2 : Operation 22 [1/1] (0.00ns)   --->   "%shl_ln1273_s = bitconcatenate i11 @_ssdm_op_BitConcatenate.i11.i8.i3, i8 %p_read14, i3 0"   --->   Operation 22 'bitconcatenate' 'shl_ln1273_s' <Predicate = true> <Delay = 0.00>
ST_2 : Operation 23 [1/1] (0.00ns)   --->   "%sext_ln1273 = sext i11 %shl_ln1273_s"   --->   Operation 23 'sext' 'sext_ln1273' <Predicate = true> <Delay = 0.00>
ST_2 : Operation 24 [1/1] (1.81ns)   --->   "%r_V_19 = sub i14 %sub_ln1273, i14 %sext_ln1273"   --->   Operation 24 'sub' 'r_V_19' <Predicate = true> <Delay = 1.81> <CoreInst = "Adder">   --->   Core 1 'Adder' <Latency = 0> <II = 1> <Delay = 1.81> <FuncUnit> <Opcode : 'add' 'sub'> <InPorts = 2> <OutPorts = 1>
ST_2 : Operation 25 [1/1] (0.00ns)   --->   "%trunc_ln818_22 = partselect i5 @_ssdm_op_PartSelect.i5.i14.i32.i32, i14 %r_V_19, i32 9, i32 13"   --->   Operation 25 'partselect' 'trunc_ln818_22' <Predicate = true> <Delay = 0.00>
ST_2 : Operation 26 [3/3] (2.97ns)   --->   "%mul_ln1270_1 = mul i17 %sext_ln1270_1, i17 298"   --->   Operation 26 'mul' 'mul_ln1270_1' <Predicate = true> <Delay = 2.97> <CoreInst = "Mul_DSP">   --->   Core 5 'Mul_DSP' <Latency = 2> <II = 1> <Delay = 2.97> <FuncUnit> <Opcode : 'mul'> <InPorts = 2> <OutPorts = 1>
ST_2 : Operation 27 [2/3] (2.97ns)   --->   "%mul_ln1270_2 = mul i17 %sext_ln1273_18, i17 326"   --->   Operation 27 'mul' 'mul_ln1270_2' <Predicate = true> <Delay = 2.97> <CoreInst = "Mul_DSP">   --->   Core 5 'Mul_DSP' <Latency = 2> <II = 1> <Delay = 2.97> <FuncUnit> <Opcode : 'mul'> <InPorts = 2> <OutPorts = 1>
ST_2 : Operation 28 [2/3] (2.97ns)   --->   "%mul_ln1270_3 = mul i17 %sext_ln1273_18, i17 130766"   --->   Operation 28 'mul' 'mul_ln1270_3' <Predicate = true> <Delay = 2.97> <CoreInst = "Mul_DSP">   --->   Core 5 'Mul_DSP' <Latency = 2> <II = 1> <Delay = 2.97> <FuncUnit> <Opcode : 'mul'> <InPorts = 2> <OutPorts = 1>

State 3 <SV = 2> <Delay = 2.97>
ST_3 : Operation 29 [1/3] (2.95ns)   --->   "%r_V = mul i17 %sext_ln1270, i17 130876"   --->   Operation 29 'mul' 'r_V' <Predicate = true> <Delay = 2.95> <CoreInst = "Mul_DSP">   --->   Core 5 'Mul_DSP' <Latency = 2> <II = 1> <Delay = 2.95> <FuncUnit> <Opcode : 'mul'> <InPorts = 2> <OutPorts = 1>
ST_3 : Operation 30 [1/1] (0.00ns)   --->   "%trunc_ln = partselect i8 @_ssdm_op_PartSelect.i8.i17.i32.i32, i17 %r_V, i32 9, i32 16"   --->   Operation 30 'partselect' 'trunc_ln' <Predicate = true> <Delay = 0.00>
ST_3 : Operation 31 [2/3] (2.97ns)   --->   "%mul_ln1270_1 = mul i17 %sext_ln1270_1, i17 298"   --->   Operation 31 'mul' 'mul_ln1270_1' <Predicate = true> <Delay = 2.97> <CoreInst = "Mul_DSP">   --->   Core 5 'Mul_DSP' <Latency = 2> <II = 1> <Delay = 2.97> <FuncUnit> <Opcode : 'mul'> <InPorts = 2> <OutPorts = 1>
ST_3 : Operation 32 [1/3] (2.97ns)   --->   "%mul_ln1270_2 = mul i17 %sext_ln1273_18, i17 326"   --->   Operation 32 'mul' 'mul_ln1270_2' <Predicate = true> <Delay = 2.97> <CoreInst = "Mul_DSP">   --->   Core 5 'Mul_DSP' <Latency = 2> <II = 1> <Delay = 2.97> <FuncUnit> <Opcode : 'mul'> <InPorts = 2> <OutPorts = 1>
ST_3 : Operation 33 [1/1] (0.00ns)   --->   "%trunc_ln818_24 = partselect i8 @_ssdm_op_PartSelect.i8.i17.i32.i32, i17 %mul_ln1270_2, i32 9, i32 16"   --->   Operation 33 'partselect' 'trunc_ln818_24' <Predicate = true> <Delay = 0.00>
ST_3 : Operation 34 [1/3] (2.97ns)   --->   "%mul_ln1270_3 = mul i17 %sext_ln1273_18, i17 130766"   --->   Operation 34 'mul' 'mul_ln1270_3' <Predicate = true> <Delay = 2.97> <CoreInst = "Mul_DSP">   --->   Core 5 'Mul_DSP' <Latency = 2> <II = 1> <Delay = 2.97> <FuncUnit> <Opcode : 'mul'> <InPorts = 2> <OutPorts = 1>
ST_3 : Operation 35 [1/1] (0.00ns)   --->   "%trunc_ln818_25 = partselect i8 @_ssdm_op_PartSelect.i8.i17.i32.i32, i17 %mul_ln1270_3, i32 9, i32 16"   --->   Operation 35 'partselect' 'trunc_ln818_25' <Predicate = true> <Delay = 0.00>

State 4 <SV = 3> <Delay = 2.97>
ST_4 : Operation 36 [1/1] (0.00ns)   --->   "%sext_ln818 = sext i5 %trunc_ln818_22"   --->   Operation 36 'sext' 'sext_ln818' <Predicate = true> <Delay = 0.00>
ST_4 : Operation 37 [1/3] (2.97ns)   --->   "%mul_ln1270_1 = mul i17 %sext_ln1270_1, i17 298"   --->   Operation 37 'mul' 'mul_ln1270_1' <Predicate = true> <Delay = 2.97> <CoreInst = "Mul_DSP">   --->   Core 5 'Mul_DSP' <Latency = 2> <II = 1> <Delay = 2.97> <FuncUnit> <Opcode : 'mul'> <InPorts = 2> <OutPorts = 1>
ST_4 : Operation 38 [1/1] (0.00ns)   --->   "%trunc_ln818_23 = partselect i8 @_ssdm_op_PartSelect.i8.i17.i32.i32, i17 %mul_ln1270_1, i32 9, i32 16"   --->   Operation 38 'partselect' 'trunc_ln818_23' <Predicate = true> <Delay = 0.00>
ST_4 : Operation 39 [1/1] (1.91ns)   --->   "%add_ln813 = add i8 %trunc_ln, i8 %sext_ln818"   --->   Operation 39 'add' 'add_ln813' <Predicate = true> <Delay = 1.91> <CoreInst = "Adder">   --->   Core 1 'Adder' <Latency = 0> <II = 1> <Delay = 1.91> <FuncUnit> <Opcode : 'add' 'sub'> <InPorts = 2> <OutPorts = 1>
ST_4 : Operation 40 [1/1] (1.91ns)   --->   "%add_ln813_23 = add i8 %trunc_ln818_24, i8 255"   --->   Operation 40 'add' 'add_ln813_23' <Predicate = true> <Delay = 1.91> <CoreInst = "Adder">   --->   Core 1 'Adder' <Latency = 0> <II = 1> <Delay = 1.91> <FuncUnit> <Opcode : 'add' 'sub'> <InPorts = 2> <OutPorts = 1>
ST_4 : Operation 41 [1/1] (1.91ns)   --->   "%add_ln813_25 = add i8 %trunc_ln818_s, i8 %trunc_ln818_25"   --->   Operation 41 'add' 'add_ln813_25' <Predicate = true> <Delay = 1.91> <CoreInst = "Adder">   --->   Core 1 'Adder' <Latency = 0> <II = 1> <Delay = 1.91> <FuncUnit> <Opcode : 'add' 'sub'> <InPorts = 2> <OutPorts = 1>

State 5 <SV = 4> <Delay = 1.91>
ST_5 : Operation 42 [1/1] (0.00ns)   --->   "%specpipeline_ln33 = specpipeline void @_ssdm_op_SpecPipeline, i32 1, i32 0, i32 0, i32 0, void @empty_0" [firmware/nnet_utils/nnet_dense_latency.h:33]   --->   Operation 42 'specpipeline' 'specpipeline_ln33' <Predicate = true> <Delay = 0.00>
ST_5 : Operation 43 [1/1] (0.00ns)   --->   "%specresourcelimit_ln33 = specresourcelimit void @_ssdm_op_SpecResourceLimit, i64 6, void @empty_1, void @empty_0, void @empty_0, void @empty_0" [firmware/nnet_utils/nnet_dense_latency.h:33]   --->   Operation 43 'specresourcelimit' 'specresourcelimit_ln33' <Predicate = true> <Delay = 0.00>
ST_5 : Operation 44 [1/1] (1.91ns)   --->   "%add_ln813_24 = add i8 %add_ln813_23, i8 %add_ln813"   --->   Operation 44 'add' 'add_ln813_24' <Predicate = true> <Delay = 1.91> <CoreInst = "Adder">   --->   Core 1 'Adder' <Latency = 0> <II = 1> <Delay = 1.91> <FuncUnit> <Opcode : 'add' 'sub'> <InPorts = 2> <OutPorts = 1>
ST_5 : Operation 45 [1/1] (1.91ns)   --->   "%add_ln813_26 = add i8 %add_ln813_25, i8 %trunc_ln818_23"   --->   Operation 45 'add' 'add_ln813_26' <Predicate = true> <Delay = 1.91> <CoreInst = "Adder">   --->   Core 1 'Adder' <Latency = 0> <II = 1> <Delay = 1.91> <FuncUnit> <Opcode : 'add' 'sub'> <InPorts = 2> <OutPorts = 1>
ST_5 : Operation 46 [1/1] (0.00ns)   --->   "%mrv = insertvalue i16 <undef>, i8 %add_ln813_24" [firmware/nnet_utils/nnet_dense_latency.h:68]   --->   Operation 46 'insertvalue' 'mrv' <Predicate = true> <Delay = 0.00>
ST_5 : Operation 47 [1/1] (0.00ns)   --->   "%mrv_1 = insertvalue i16 %mrv, i8 %add_ln813_26" [firmware/nnet_utils/nnet_dense_latency.h:68]   --->   Operation 47 'insertvalue' 'mrv_1' <Predicate = true> <Delay = 0.00>
ST_5 : Operation 48 [1/1] (0.00ns)   --->   "%ret_ln68 = ret i16 %mrv_1" [firmware/nnet_utils/nnet_dense_latency.h:68]   --->   Operation 48 'ret' 'ret_ln68' <Predicate = true> <Delay = 0.00>


============================================================
+ Verbose Summary: Binding
============================================================
STG Binding: 
---------------- STG Properties BEGIN ----------------
- Is combinational: 0
- Is one-state seq: 0
- Is datapath-only: 1
- Is pipelined: 1
- Is top level: 0
Port [ Return ] is wired: 1; IO mode=ap_ctrl_hs:ce=0
Port [ p_read]:  wired=1; compound=0; hidden=0; nouse=0; global=0; static=0; extern=0; dir=0; type=0; pingpong=0; private_global=0; IO mode=ap_none:ce=0
Port [ p_read1]:  wired=1; compound=0; hidden=0; nouse=0; global=0; static=0; extern=0; dir=0; type=0; pingpong=0; private_global=0; IO mode=ap_none:ce=0
Port [ p_read2]:  wired=1; compound=0; hidden=0; nouse=0; global=0; static=0; extern=0; dir=0; type=0; pingpong=0; private_global=0; IO mode=ap_none:ce=0
---------------- STG Properties END ------------------

---------------- Datapath Model BEGIN ----------------

<LifeTime>
<method=bitvector/>
p_read25               (read             ) [ 000000]
p_read14               (read             ) [ 011000]
p_read_11              (read             ) [ 000000]
sext_ln1270            (sext             ) [ 011100]
sext_ln1273_18         (sext             ) [ 011100]
mul_ln1270             (mul              ) [ 000000]
trunc_ln818_s          (partselect       ) [ 010110]
sext_ln1270_1          (sext             ) [ 010110]
shl_ln                 (bitconcatenate   ) [ 000000]
sext_ln1273_17         (sext             ) [ 000000]
sub_ln1273             (sub              ) [ 000000]
shl_ln1273_s           (bitconcatenate   ) [ 000000]
sext_ln1273            (sext             ) [ 000000]
r_V_19                 (sub              ) [ 000000]
trunc_ln818_22         (partselect       ) [ 010110]
r_V                    (mul              ) [ 000000]
trunc_ln               (partselect       ) [ 010010]
mul_ln1270_2           (mul              ) [ 000000]
trunc_ln818_24         (partselect       ) [ 010010]
mul_ln1270_3           (mul              ) [ 000000]
trunc_ln818_25         (partselect       ) [ 010010]
sext_ln818             (sext             ) [ 000000]
mul_ln1270_1           (mul              ) [ 000000]
trunc_ln818_23         (partselect       ) [ 010001]
add_ln813              (add              ) [ 010001]
add_ln813_23           (add              ) [ 010001]
add_ln813_25           (add              ) [ 010001]
specpipeline_ln33      (specpipeline     ) [ 000000]
specresourcelimit_ln33 (specresourcelimit) [ 000000]
add_ln813_24           (add              ) [ 000000]
add_ln813_26           (add              ) [ 000000]
mrv                    (insertvalue      ) [ 000000]
mrv_1                  (insertvalue      ) [ 000000]
ret_ln68               (ret              ) [ 000000]
</LifeTime>

<model>

<comp_list>
<comp id="0" class="1000" name="p_read">
<pin_list>
<pin id="1" dir="1" index="0" bw="1" slack="0"/>
</pin_list>
<bind>
<StgValue><ssdm name="p_read"/></StgValue>
</bind>
</comp>

<comp id="2" class="1000" name="p_read1">
<pin_list>
<pin id="3" dir="1" index="0" bw="1" slack="0"/>
</pin_list>
<bind>
<StgValue><ssdm name="p_read1"/></StgValue>
</bind>
</comp>

<comp id="4" class="1000" name="p_read2">
<pin_list>
<pin id="5" dir="1" index="0" bw="1" slack="0"/>
</pin_list>
<bind>
<StgValue><ssdm name="p_read2"/></StgValue>
</bind>
</comp>

<comp id="6" class="1001" name="const_6">
<pin_list>
<pin id="7" dir="1" index="0" bw="1" slack="0"/>
</pin_list>
<bind>
<StgValue><ssdm name="_ssdm_op_Read.ap_auto.i8"/></StgValue>
</bind>
</comp>

<comp id="8" class="1001" name="const_8">
<pin_list>
<pin id="9" dir="1" index="0" bw="1" slack="0"/>
</pin_list>
<bind>
<StgValue><ssdm name=""/></StgValue>
</bind>
</comp>

<comp id="10" class="1001" name="const_10">
<pin_list>
<pin id="11" dir="1" index="0" bw="1" slack="0"/>
</pin_list>
<bind>
<StgValue><ssdm name=""/></StgValue>
</bind>
</comp>

<comp id="12" class="1001" name="const_12">
<pin_list>
<pin id="13" dir="1" index="0" bw="1" slack="0"/>
</pin_list>
<bind>
<StgValue><ssdm name=""/></StgValue>
</bind>
</comp>

<comp id="14" class="1001" name="const_14">
<pin_list>
<pin id="15" dir="1" index="0" bw="1" slack="0"/>
</pin_list>
<bind>
<StgValue><ssdm name=""/></StgValue>
</bind>
</comp>

<comp id="16" class="1001" name="const_16">
<pin_list>
<pin id="17" dir="1" index="0" bw="1" slack="0"/>
</pin_list>
<bind>
<StgValue><ssdm name="_ssdm_op_PartSelect.i8.i17.i32.i32"/></StgValue>
</bind>
</comp>

<comp id="18" class="1001" name="const_18">
<pin_list>
<pin id="19" dir="1" index="0" bw="1" slack="0"/>
</pin_list>
<bind>
<StgValue><ssdm name=""/></StgValue>
</bind>
</comp>

<comp id="20" class="1001" name="const_20">
<pin_list>
<pin id="21" dir="1" index="0" bw="1" slack="0"/>
</pin_list>
<bind>
<StgValue><ssdm name=""/></StgValue>
</bind>
</comp>

<comp id="22" class="1001" name="const_22">
<pin_list>
<pin id="23" dir="1" index="0" bw="1" slack="0"/>
</pin_list>
<bind>
<StgValue><ssdm name="_ssdm_op_BitConcatenate.i13.i8.i5"/></StgValue>
</bind>
</comp>

<comp id="24" class="1001" name="const_24">
<pin_list>
<pin id="25" dir="1" index="0" bw="1" slack="0"/>
</pin_list>
<bind>
<StgValue><ssdm name=""/></StgValue>
</bind>
</comp>

<comp id="26" class="1001" name="const_26">
<pin_list>
<pin id="27" dir="1" index="0" bw="1" slack="0"/>
</pin_list>
<bind>
<StgValue><ssdm name=""/></StgValue>
</bind>
</comp>

<comp id="28" class="1001" name="const_28">
<pin_list>
<pin id="29" dir="1" index="0" bw="1" slack="0"/>
</pin_list>
<bind>
<StgValue><ssdm name="_ssdm_op_BitConcatenate.i11.i8.i3"/></StgValue>
</bind>
</comp>

<comp id="30" class="1001" name="const_30">
<pin_list>
<pin id="31" dir="1" index="0" bw="1" slack="0"/>
</pin_list>
<bind>
<StgValue><ssdm name=""/></StgValue>
</bind>
</comp>

<comp id="32" class="1001" name="const_32">
<pin_list>
<pin id="33" dir="1" index="0" bw="1" slack="0"/>
</pin_list>
<bind>
<StgValue><ssdm name="_ssdm_op_PartSelect.i5.i14.i32.i32"/></StgValue>
</bind>
</comp>

<comp id="34" class="1001" name="const_34">
<pin_list>
<pin id="35" dir="1" index="0" bw="1" slack="0"/>
</pin_list>
<bind>
<StgValue><ssdm name=""/></StgValue>
</bind>
</comp>

<comp id="36" class="1001" name="const_36">
<pin_list>
<pin id="37" dir="1" index="0" bw="1" slack="0"/>
</pin_list>
<bind>
<StgValue><ssdm name=""/></StgValue>
</bind>
</comp>

<comp id="38" class="1001" name="const_38">
<pin_list>
<pin id="39" dir="1" index="0" bw="1" slack="0"/>
</pin_list>
<bind>
<StgValue><ssdm name=""/></StgValue>
</bind>
</comp>

<comp id="40" class="1001" name="const_40">
<pin_list>
<pin id="41" dir="1" index="0" bw="1" slack="2147483647"/>
</pin_list>
<bind>
<StgValue><ssdm name="_ssdm_op_SpecPipeline"/></StgValue>
</bind>
</comp>

<comp id="42" class="1001" name="const_42">
<pin_list>
<pin id="43" dir="1" index="0" bw="1" slack="2147483647"/>
</pin_list>
<bind>
<StgValue><ssdm name=""/></StgValue>
</bind>
</comp>

<comp id="44" class="1001" name="const_44">
<pin_list>
<pin id="45" dir="1" index="0" bw="1" slack="2147483647"/>
</pin_list>
<bind>
<StgValue><ssdm name=""/></StgValue>
</bind>
</comp>

<comp id="46" class="1001" name="const_46">
<pin_list>
<pin id="47" dir="1" index="0" bw="1" slack="2147483647"/>
</pin_list>
<bind>
<StgValue><ssdm name="empty_0"/></StgValue>
</bind>
</comp>

<comp id="48" class="1001" name="const_48">
<pin_list>
<pin id="49" dir="1" index="0" bw="1" slack="2147483647"/>
</pin_list>
<bind>
<StgValue><ssdm name="_ssdm_op_SpecResourceLimit"/></StgValue>
</bind>
</comp>

<comp id="50" class="1001" name="const_50">
<pin_list>
<pin id="51" dir="1" index="0" bw="1" slack="2147483647"/>
</pin_list>
<bind>
<StgValue><ssdm name=""/></StgValue>
</bind>
</comp>

<comp id="52" class="1001" name="const_52">
<pin_list>
<pin id="53" dir="1" index="0" bw="1" slack="2147483647"/>
</pin_list>
<bind>
<StgValue><ssdm name="empty_1"/></StgValue>
</bind>
</comp>

<comp id="54" class="1001" name="const_54">
<pin_list>
<pin id="55" dir="1" index="0" bw="1" slack="0"/>
</pin_list>
<bind>
<StgValue><ssdm name=""/></StgValue>
</bind>
</comp>

<comp id="56" class="1004" name="p_read25_read_fu_56">
<pin_list>
<pin id="57" dir="0" index="0" bw="8" slack="0"/>
<pin id="58" dir="0" index="1" bw="8" slack="0"/>
<pin id="59" dir="1" index="2" bw="8" slack="0"/>
</pin_list>
<bind>
<opcode="read(1150) " fcode="read"/>
<opset="p_read25/1 "/>
</bind>
</comp>

<comp id="62" class="1004" name="p_read14_read_fu_62">
<pin_list>
<pin id="63" dir="0" index="0" bw="8" slack="0"/>
<pin id="64" dir="0" index="1" bw="8" slack="0"/>
<pin id="65" dir="1" index="2" bw="8" slack="1"/>
</pin_list>
<bind>
<opcode="read(1150) " fcode="read"/>
<opset="p_read14/1 "/>
</bind>
</comp>

<comp id="68" class="1004" name="p_read_11_read_fu_68">
<pin_list>
<pin id="69" dir="0" index="0" bw="8" slack="0"/>
<pin id="70" dir="0" index="1" bw="8" slack="0"/>
<pin id="71" dir="1" index="2" bw="8" slack="0"/>
</pin_list>
<bind>
<opcode="read(1150) " fcode="read"/>
<opset="p_read_11/1 "/>
</bind>
</comp>

<comp id="74" class="1004" name="grp_fu_74">
<pin_list>
<pin id="184" dir="0" index="0" bw="8" slack="0"/>
<pin id="185" dir="0" index="1" bw="10" slack="0"/>
<pin id="186" dir="1" index="2" bw="17" slack="0"/>
</pin_list>
<bind>
<opcode="mul(12) " fcode="mul"/>
<opset="mul_ln1270_2/1 "/>
</bind>
</comp>

<comp id="75" class="1004" name="grp_fu_75">
<pin_list>
<pin id="176" dir="0" index="0" bw="8" slack="0"/>
<pin id="177" dir="0" index="1" bw="9" slack="0"/>
<pin id="178" dir="1" index="2" bw="17" slack="0"/>
</pin_list>
<bind>
<opcode="mul(12) " fcode="mul"/>
<opset="r_V/1 "/>
</bind>
</comp>

<comp id="76" class="1004" name="grp_fu_76">
<pin_list>
<pin id="188" dir="0" index="0" bw="8" slack="0"/>
<pin id="189" dir="0" index="1" bw="10" slack="0"/>
<pin id="190" dir="1" index="2" bw="17" slack="0"/>
</pin_list>
<bind>
<opcode="mul(12) " fcode="mul"/>
<opset="mul_ln1270_3/1 "/>
</bind>
</comp>

<comp id="77" class="1004" name="grp_fu_77">
<pin_list>
<pin id="212" dir="0" index="0" bw="8" slack="0"/>
<pin id="213" dir="0" index="1" bw="10" slack="0"/>
<pin id="214" dir="1" index="2" bw="17" slack="0"/>
</pin_list>
<bind>
<opcode="mul(12) " fcode="mul"/>
<opset="mul_ln1270_1/2 "/>
</bind>
</comp>

<comp id="78" class="1004" name="grp_fu_78">
<pin_list>
<pin id="180" dir="0" index="0" bw="8" slack="0"/>
<pin id="181" dir="0" index="1" bw="11" slack="0"/>
<pin id="182" dir="1" index="2" bw="17" slack="0"/>
</pin_list>
<bind>
<opcode="mul(12) " fcode="mul"/>
<opset="mul_ln1270/1 "/>
</bind>
</comp>

<comp id="220" class="1004" name="sext_ln1270_fu_220">
<pin_list>
<pin id="221" dir="0" index="0" bw="8" slack="0"/>
<pin id="222" dir="1" index="1" bw="17" slack="0"/>
</pin_list>
<bind>
<opcode="sext(35) " fcode="sext"/>
<opset="sext_ln1270/1 "/>
</bind>
</comp>

<comp id="226" class="1004" name="sext_ln1273_18_fu_226">
<pin_list>
<pin id="227" dir="0" index="0" bw="8" slack="0"/>
<pin id="228" dir="1" index="1" bw="17" slack="0"/>
</pin_list>
<bind>
<opcode="sext(35) " fcode="sext"/>
<opset="sext_ln1273_18/1 "/>
</bind>
</comp>

<comp id="232" class="1004" name="trunc_ln818_s_fu_232">
<pin_list>
<pin id="233" dir="0" index="0" bw="8" slack="0"/>
<pin id="234" dir="0" index="1" bw="17" slack="0"/>
<pin id="235" dir="0" index="2" bw="5" slack="0"/>
<pin id="236" dir="0" index="3" bw="6" slack="0"/>
<pin id="237" dir="1" index="4" bw="8" slack="2"/>
</pin_list>
<bind>
<opcode="partselect(1002) " fcode="partselect"/>
<opset="trunc_ln818_s/2 "/>
</bind>
</comp>

<comp id="242" class="1004" name="sext_ln1270_1_fu_242">
<pin_list>
<pin id="243" dir="0" index="0" bw="8" slack="1"/>
<pin id="244" dir="1" index="1" bw="17" slack="0"/>
</pin_list>
<bind>
<opcode="sext(35) " fcode="sext"/>
<opset="sext_ln1270_1/2 "/>
</bind>
</comp>

<comp id="246" class="1004" name="shl_ln_fu_246">
<pin_list>
<pin id="247" dir="0" index="0" bw="13" slack="0"/>
<pin id="248" dir="0" index="1" bw="8" slack="1"/>
<pin id="249" dir="0" index="2" bw="1" slack="0"/>
<pin id="250" dir="1" index="3" bw="13" slack="0"/>
</pin_list>
<bind>
<opcode="bitconcatenate(1004) " fcode="bitconcatenate"/>
<opset="shl_ln/2 "/>
</bind>
</comp>

<comp id="253" class="1004" name="sext_ln1273_17_fu_253">
<pin_list>
<pin id="254" dir="0" index="0" bw="13" slack="0"/>
<pin id="255" dir="1" index="1" bw="14" slack="0"/>
</pin_list>
<bind>
<opcode="sext(35) " fcode="sext"/>
<opset="sext_ln1273_17/2 "/>
</bind>
</comp>

<comp id="257" class="1004" name="sub_ln1273_fu_257">
<pin_list>
<pin id="258" dir="0" index="0" bw="1" slack="0"/>
<pin id="259" dir="0" index="1" bw="13" slack="0"/>
<pin id="260" dir="1" index="2" bw="14" slack="0"/>
</pin_list>
<bind>
<opcode="sub(10) " fcode="sub"/>
<opset="sub_ln1273/2 "/>
</bind>
</comp>

<comp id="263" class="1004" name="shl_ln1273_s_fu_263">
<pin_list>
<pin id="264" dir="0" index="0" bw="11" slack="0"/>
<pin id="265" dir="0" index="1" bw="8" slack="1"/>
<pin id="266" dir="0" index="2" bw="1" slack="0"/>
<pin id="267" dir="1" index="3" bw="11" slack="0"/>
</pin_list>
<bind>
<opcode="bitconcatenate(1004) " fcode="bitconcatenate"/>
<opset="shl_ln1273_s/2 "/>
</bind>
</comp>

<comp id="270" class="1004" name="sext_ln1273_fu_270">
<pin_list>
<pin id="271" dir="0" index="0" bw="11" slack="0"/>
<pin id="272" dir="1" index="1" bw="14" slack="0"/>
</pin_list>
<bind>
<opcode="sext(35) " fcode="sext"/>
<opset="sext_ln1273/2 "/>
</bind>
</comp>

<comp id="274" class="1004" name="r_V_19_fu_274">
<pin_list>
<pin id="275" dir="0" index="0" bw="14" slack="0"/>
<pin id="276" dir="0" index="1" bw="11" slack="0"/>
<pin id="277" dir="1" index="2" bw="14" slack="0"/>
</pin_list>
<bind>
<opcode="sub(10) " fcode="sub"/>
<opset="r_V_19/2 "/>
</bind>
</comp>

<comp id="280" class="1004" name="trunc_ln818_22_fu_280">
<pin_list>
<pin id="281" dir="0" index="0" bw="5" slack="0"/>
<pin id="282" dir="0" index="1" bw="14" slack="0"/>
<pin id="283" dir="0" index="2" bw="5" slack="0"/>
<pin id="284" dir="0" index="3" bw="5" slack="0"/>
<pin id="285" dir="1" index="4" bw="5" slack="2"/>
</pin_list>
<bind>
<opcode="partselect(1002) " fcode="partselect"/>
<opset="trunc_ln818_22/2 "/>
</bind>
</comp>

<comp id="290" class="1004" name="trunc_ln_fu_290">
<pin_list>
<pin id="291" dir="0" index="0" bw="8" slack="0"/>
<pin id="292" dir="0" index="1" bw="17" slack="0"/>
<pin id="293" dir="0" index="2" bw="5" slack="0"/>
<pin id="294" dir="0" index="3" bw="6" slack="0"/>
<pin id="295" dir="1" index="4" bw="8" slack="1"/>
</pin_list>
<bind>
<opcode="partselect(1002) " fcode="partselect"/>
<opset="trunc_ln/3 "/>
</bind>
</comp>

<comp id="300" class="1004" name="trunc_ln818_24_fu_300">
<pin_list>
<pin id="301" dir="0" index="0" bw="8" slack="0"/>
<pin id="302" dir="0" index="1" bw="17" slack="0"/>
<pin id="303" dir="0" index="2" bw="5" slack="0"/>
<pin id="304" dir="0" index="3" bw="6" slack="0"/>
<pin id="305" dir="1" index="4" bw="8" slack="1"/>
</pin_list>
<bind>
<opcode="partselect(1002) " fcode="partselect"/>
<opset="trunc_ln818_24/3 "/>
</bind>
</comp>

<comp id="310" class="1004" name="trunc_ln818_25_fu_310">
<pin_list>
<pin id="311" dir="0" index="0" bw="8" slack="0"/>
<pin id="312" dir="0" index="1" bw="17" slack="0"/>
<pin id="313" dir="0" index="2" bw="5" slack="0"/>
<pin id="314" dir="0" index="3" bw="6" slack="0"/>
<pin id="315" dir="1" index="4" bw="8" slack="1"/>
</pin_list>
<bind>
<opcode="partselect(1002) " fcode="partselect"/>
<opset="trunc_ln818_25/3 "/>
</bind>
</comp>

<comp id="320" class="1004" name="sext_ln818_fu_320">
<pin_list>
<pin id="321" dir="0" index="0" bw="5" slack="2"/>
<pin id="322" dir="1" index="1" bw="8" slack="0"/>
</pin_list>
<bind>
<opcode="sext(35) " fcode="sext"/>
<opset="sext_ln818/4 "/>
</bind>
</comp>

<comp id="323" class="1004" name="trunc_ln818_23_fu_323">
<pin_list>
<pin id="324" dir="0" index="0" bw="8" slack="0"/>
<pin id="325" dir="0" index="1" bw="17" slack="0"/>
<pin id="326" dir="0" index="2" bw="5" slack="0"/>
<pin id="327" dir="0" index="3" bw="6" slack="0"/>
<pin id="328" dir="1" index="4" bw="8" slack="1"/>
</pin_list>
<bind>
<opcode="partselect(1002) " fcode="partselect"/>
<opset="trunc_ln818_23/4 "/>
</bind>
</comp>

<comp id="333" class="1004" name="add_ln813_fu_333">
<pin_list>
<pin id="334" dir="0" index="0" bw="8" slack="1"/>
<pin id="335" dir="0" index="1" bw="5" slack="0"/>
<pin id="336" dir="1" index="2" bw="8" slack="1"/>
</pin_list>
<bind>
<opcode="add(8) " fcode="add"/>
<opset="add_ln813/4 "/>
</bind>
</comp>

<comp id="338" class="1004" name="add_ln813_23_fu_338">
<pin_list>
<pin id="339" dir="0" index="0" bw="8" slack="1"/>
<pin id="340" dir="0" index="1" bw="1" slack="0"/>
<pin id="341" dir="1" index="2" bw="8" slack="1"/>
</pin_list>
<bind>
<opcode="add(8) " fcode="add"/>
<opset="add_ln813_23/4 "/>
</bind>
</comp>

<comp id="343" class="1004" name="add_ln813_25_fu_343">
<pin_list>
<pin id="344" dir="0" index="0" bw="8" slack="2"/>
<pin id="345" dir="0" index="1" bw="8" slack="1"/>
<pin id="346" dir="1" index="2" bw="8" slack="1"/>
</pin_list>
<bind>
<opcode="add(8) " fcode="add"/>
<opset="add_ln813_25/4 "/>
</bind>
</comp>

<comp id="347" class="1004" name="add_ln813_24_fu_347">
<pin_list>
<pin id="348" dir="0" index="0" bw="8" slack="1"/>
<pin id="349" dir="0" index="1" bw="8" slack="1"/>
<pin id="350" dir="1" index="2" bw="8" slack="0"/>
</pin_list>
<bind>
<opcode="add(8) " fcode="add"/>
<opset="add_ln813_24/5 "/>
</bind>
</comp>

<comp id="351" class="1004" name="add_ln813_26_fu_351">
<pin_list>
<pin id="352" dir="0" index="0" bw="8" slack="1"/>
<pin id="353" dir="0" index="1" bw="8" slack="1"/>
<pin id="354" dir="1" index="2" bw="8" slack="0"/>
</pin_list>
<bind>
<opcode="add(8) " fcode="add"/>
<opset="add_ln813_26/5 "/>
</bind>
</comp>

<comp id="355" class="1004" name="mrv_fu_355">
<pin_list>
<pin id="356" dir="0" index="0" bw="16" slack="0"/>
<pin id="357" dir="0" index="1" bw="8" slack="0"/>
<pin id="358" dir="1" index="2" bw="16" slack="0"/>
</pin_list>
<bind>
<opcode="insertvalue(57) " fcode="insertvalue"/>
<opset="mrv/5 "/>
</bind>
</comp>

<comp id="361" class="1004" name="mrv_1_fu_361">
<pin_list>
<pin id="362" dir="0" index="0" bw="16" slack="0"/>
<pin id="363" dir="0" index="1" bw="8" slack="0"/>
<pin id="364" dir="1" index="2" bw="16" slack="2147483647"/>
</pin_list>
<bind>
<opcode="insertvalue(57) " fcode="insertvalue"/>
<opset="mrv_1/5 "/>
</bind>
</comp>

<comp id="367" class="1005" name="p_read14_reg_367">
<pin_list>
<pin id="368" dir="0" index="0" bw="8" slack="1"/>
<pin id="369" dir="1" index="1" bw="8" slack="1"/>
</pin_list>
<bind>
<opset="p_read14 "/>
</bind>
</comp>

<comp id="374" class="1005" name="sext_ln1270_reg_374">
<pin_list>
<pin id="375" dir="0" index="0" bw="17" slack="1"/>
<pin id="376" dir="1" index="1" bw="17" slack="1"/>
</pin_list>
<bind>
<opset="sext_ln1270 "/>
</bind>
</comp>

<comp id="380" class="1005" name="sext_ln1273_18_reg_380">
<pin_list>
<pin id="381" dir="0" index="0" bw="17" slack="1"/>
<pin id="382" dir="1" index="1" bw="17" slack="1"/>
</pin_list>
<bind>
<opset="sext_ln1273_18 "/>
</bind>
</comp>

<comp id="386" class="1005" name="trunc_ln818_s_reg_386">
<pin_list>
<pin id="387" dir="0" index="0" bw="8" slack="2"/>
<pin id="388" dir="1" index="1" bw="8" slack="2"/>
</pin_list>
<bind>
<opset="trunc_ln818_s "/>
</bind>
</comp>

<comp id="391" class="1005" name="sext_ln1270_1_reg_391">
<pin_list>
<pin id="392" dir="0" index="0" bw="17" slack="1"/>
<pin id="393" dir="1" index="1" bw="17" slack="1"/>
</pin_list>
<bind>
<opset="sext_ln1270_1 "/>
</bind>
</comp>

<comp id="396" class="1005" name="trunc_ln818_22_reg_396">
<pin_list>
<pin id="397" dir="0" index="0" bw="5" slack="2"/>
<pin id="398" dir="1" index="1" bw="5" slack="2"/>
</pin_list>
<bind>
<opset="trunc_ln818_22 "/>
</bind>
</comp>

<comp id="401" class="1005" name="trunc_ln_reg_401">
<pin_list>
<pin id="402" dir="0" index="0" bw="8" slack="1"/>
<pin id="403" dir="1" index="1" bw="8" slack="1"/>
</pin_list>
<bind>
<opset="trunc_ln "/>
</bind>
</comp>

<comp id="406" class="1005" name="trunc_ln818_24_reg_406">
<pin_list>
<pin id="407" dir="0" index="0" bw="8" slack="1"/>
<pin id="408" dir="1" index="1" bw="8" slack="1"/>
</pin_list>
<bind>
<opset="trunc_ln818_24 "/>
</bind>
</comp>

<comp id="411" class="1005" name="trunc_ln818_25_reg_411">
<pin_list>
<pin id="412" dir="0" index="0" bw="8" slack="1"/>
<pin id="413" dir="1" index="1" bw="8" slack="1"/>
</pin_list>
<bind>
<opset="trunc_ln818_25 "/>
</bind>
</comp>

<comp id="416" class="1005" name="trunc_ln818_23_reg_416">
<pin_list>
<pin id="417" dir="0" index="0" bw="8" slack="1"/>
<pin id="418" dir="1" index="1" bw="8" slack="1"/>
</pin_list>
<bind>
<opset="trunc_ln818_23 "/>
</bind>
</comp>

<comp id="421" class="1005" name="add_ln813_reg_421">
<pin_list>
<pin id="422" dir="0" index="0" bw="8" slack="1"/>
<pin id="423" dir="1" index="1" bw="8" slack="1"/>
</pin_list>
<bind>
<opset="add_ln813 "/>
</bind>
</comp>

<comp id="426" class="1005" name="add_ln813_23_reg_426">
<pin_list>
<pin id="427" dir="0" index="0" bw="8" slack="1"/>
<pin id="428" dir="1" index="1" bw="8" slack="1"/>
</pin_list>
<bind>
<opset="add_ln813_23 "/>
</bind>
</comp>

<comp id="431" class="1005" name="add_ln813_25_reg_431">
<pin_list>
<pin id="432" dir="0" index="0" bw="8" slack="1"/>
<pin id="433" dir="1" index="1" bw="8" slack="1"/>
</pin_list>
<bind>
<opset="add_ln813_25 "/>
</bind>
</comp>

</comp_list>

<net_list>
<net id="60"><net_src comp="6" pin="0"/><net_sink comp="56" pin=0"/></net>

<net id="61"><net_src comp="4" pin="0"/><net_sink comp="56" pin=1"/></net>

<net id="66"><net_src comp="6" pin="0"/><net_sink comp="62" pin=0"/></net>

<net id="67"><net_src comp="2" pin="0"/><net_sink comp="62" pin=1"/></net>

<net id="72"><net_src comp="6" pin="0"/><net_sink comp="68" pin=0"/></net>

<net id="73"><net_src comp="0" pin="0"/><net_sink comp="68" pin=1"/></net>

<net id="179"><net_src comp="8" pin="0"/><net_sink comp="75" pin=1"/></net>

<net id="183"><net_src comp="10" pin="0"/><net_sink comp="78" pin=1"/></net>

<net id="187"><net_src comp="12" pin="0"/><net_sink comp="74" pin=1"/></net>

<net id="191"><net_src comp="14" pin="0"/><net_sink comp="76" pin=1"/></net>

<net id="215"><net_src comp="36" pin="0"/><net_sink comp="77" pin=1"/></net>

<net id="223"><net_src comp="68" pin="2"/><net_sink comp="220" pin=0"/></net>

<net id="224"><net_src comp="220" pin="1"/><net_sink comp="75" pin=0"/></net>

<net id="225"><net_src comp="220" pin="1"/><net_sink comp="78" pin=0"/></net>

<net id="229"><net_src comp="56" pin="2"/><net_sink comp="226" pin=0"/></net>

<net id="230"><net_src comp="226" pin="1"/><net_sink comp="74" pin=0"/></net>

<net id="231"><net_src comp="226" pin="1"/><net_sink comp="76" pin=0"/></net>

<net id="238"><net_src comp="16" pin="0"/><net_sink comp="232" pin=0"/></net>

<net id="239"><net_src comp="78" pin="2"/><net_sink comp="232" pin=1"/></net>

<net id="240"><net_src comp="18" pin="0"/><net_sink comp="232" pin=2"/></net>

<net id="241"><net_src comp="20" pin="0"/><net_sink comp="232" pin=3"/></net>

<net id="245"><net_src comp="242" pin="1"/><net_sink comp="77" pin=0"/></net>

<net id="251"><net_src comp="22" pin="0"/><net_sink comp="246" pin=0"/></net>

<net id="252"><net_src comp="24" pin="0"/><net_sink comp="246" pin=2"/></net>

<net id="256"><net_src comp="246" pin="3"/><net_sink comp="253" pin=0"/></net>

<net id="261"><net_src comp="26" pin="0"/><net_sink comp="257" pin=0"/></net>

<net id="262"><net_src comp="253" pin="1"/><net_sink comp="257" pin=1"/></net>

<net id="268"><net_src comp="28" pin="0"/><net_sink comp="263" pin=0"/></net>

<net id="269"><net_src comp="30" pin="0"/><net_sink comp="263" pin=2"/></net>

<net id="273"><net_src comp="263" pin="3"/><net_sink comp="270" pin=0"/></net>

<net id="278"><net_src comp="257" pin="2"/><net_sink comp="274" pin=0"/></net>

<net id="279"><net_src comp="270" pin="1"/><net_sink comp="274" pin=1"/></net>

<net id="286"><net_src comp="32" pin="0"/><net_sink comp="280" pin=0"/></net>

<net id="287"><net_src comp="274" pin="2"/><net_sink comp="280" pin=1"/></net>

<net id="288"><net_src comp="18" pin="0"/><net_sink comp="280" pin=2"/></net>

<net id="289"><net_src comp="34" pin="0"/><net_sink comp="280" pin=3"/></net>

<net id="296"><net_src comp="16" pin="0"/><net_sink comp="290" pin=0"/></net>

<net id="297"><net_src comp="75" pin="2"/><net_sink comp="290" pin=1"/></net>

<net id="298"><net_src comp="18" pin="0"/><net_sink comp="290" pin=2"/></net>

<net id="299"><net_src comp="20" pin="0"/><net_sink comp="290" pin=3"/></net>

<net id="306"><net_src comp="16" pin="0"/><net_sink comp="300" pin=0"/></net>

<net id="307"><net_src comp="74" pin="2"/><net_sink comp="300" pin=1"/></net>

<net id="308"><net_src comp="18" pin="0"/><net_sink comp="300" pin=2"/></net>

<net id="309"><net_src comp="20" pin="0"/><net_sink comp="300" pin=3"/></net>

<net id="316"><net_src comp="16" pin="0"/><net_sink comp="310" pin=0"/></net>

<net id="317"><net_src comp="76" pin="2"/><net_sink comp="310" pin=1"/></net>

<net id="318"><net_src comp="18" pin="0"/><net_sink comp="310" pin=2"/></net>

<net id="319"><net_src comp="20" pin="0"/><net_sink comp="310" pin=3"/></net>

<net id="329"><net_src comp="16" pin="0"/><net_sink comp="323" pin=0"/></net>

<net id="330"><net_src comp="77" pin="2"/><net_sink comp="323" pin=1"/></net>

<net id="331"><net_src comp="18" pin="0"/><net_sink comp="323" pin=2"/></net>

<net id="332"><net_src comp="20" pin="0"/><net_sink comp="323" pin=3"/></net>

<net id="337"><net_src comp="320" pin="1"/><net_sink comp="333" pin=1"/></net>

<net id="342"><net_src comp="38" pin="0"/><net_sink comp="338" pin=1"/></net>

<net id="359"><net_src comp="54" pin="0"/><net_sink comp="355" pin=0"/></net>

<net id="360"><net_src comp="347" pin="2"/><net_sink comp="355" pin=1"/></net>

<net id="365"><net_src comp="355" pin="2"/><net_sink comp="361" pin=0"/></net>

<net id="366"><net_src comp="351" pin="2"/><net_sink comp="361" pin=1"/></net>

<net id="370"><net_src comp="62" pin="2"/><net_sink comp="367" pin=0"/></net>

<net id="371"><net_src comp="367" pin="1"/><net_sink comp="242" pin=0"/></net>

<net id="372"><net_src comp="367" pin="1"/><net_sink comp="246" pin=1"/></net>

<net id="373"><net_src comp="367" pin="1"/><net_sink comp="263" pin=1"/></net>

<net id="377"><net_src comp="220" pin="1"/><net_sink comp="374" pin=0"/></net>

<net id="378"><net_src comp="374" pin="1"/><net_sink comp="75" pin=0"/></net>

<net id="379"><net_src comp="374" pin="1"/><net_sink comp="78" pin=0"/></net>

<net id="383"><net_src comp="226" pin="1"/><net_sink comp="380" pin=0"/></net>

<net id="384"><net_src comp="380" pin="1"/><net_sink comp="74" pin=0"/></net>

<net id="385"><net_src comp="380" pin="1"/><net_sink comp="76" pin=0"/></net>

<net id="389"><net_src comp="232" pin="4"/><net_sink comp="386" pin=0"/></net>

<net id="390"><net_src comp="386" pin="1"/><net_sink comp="343" pin=0"/></net>

<net id="394"><net_src comp="242" pin="1"/><net_sink comp="391" pin=0"/></net>

<net id="395"><net_src comp="391" pin="1"/><net_sink comp="77" pin=0"/></net>

<net id="399"><net_src comp="280" pin="4"/><net_sink comp="396" pin=0"/></net>

<net id="400"><net_src comp="396" pin="1"/><net_sink comp="320" pin=0"/></net>

<net id="404"><net_src comp="290" pin="4"/><net_sink comp="401" pin=0"/></net>

<net id="405"><net_src comp="401" pin="1"/><net_sink comp="333" pin=0"/></net>

<net id="409"><net_src comp="300" pin="4"/><net_sink comp="406" pin=0"/></net>

<net id="410"><net_src comp="406" pin="1"/><net_sink comp="338" pin=0"/></net>

<net id="414"><net_src comp="310" pin="4"/><net_sink comp="411" pin=0"/></net>

<net id="415"><net_src comp="411" pin="1"/><net_sink comp="343" pin=1"/></net>

<net id="419"><net_src comp="323" pin="4"/><net_sink comp="416" pin=0"/></net>

<net id="420"><net_src comp="416" pin="1"/><net_sink comp="351" pin=1"/></net>

<net id="424"><net_src comp="333" pin="2"/><net_sink comp="421" pin=0"/></net>

<net id="425"><net_src comp="421" pin="1"/><net_sink comp="347" pin=1"/></net>

<net id="429"><net_src comp="338" pin="2"/><net_sink comp="426" pin=0"/></net>

<net id="430"><net_src comp="426" pin="1"/><net_sink comp="347" pin=0"/></net>

<net id="434"><net_src comp="343" pin="2"/><net_sink comp="431" pin=0"/></net>

<net id="435"><net_src comp="431" pin="1"/><net_sink comp="351" pin=0"/></net>

</net_list>

</model> 
---------------- Datapath Model END ------------------

* FSMD analyzer results:
  - Output states:
 - Input state : 
	Port: dense_latency<ap_fixed<8, 4, 5, 3, 0>, ap_fixed<8, 4, 5, 3, 0>, config17> : p_read | {1 }
	Port: dense_latency<ap_fixed<8, 4, 5, 3, 0>, ap_fixed<8, 4, 5, 3, 0>, config17> : p_read1 | {1 }
	Port: dense_latency<ap_fixed<8, 4, 5, 3, 0>, ap_fixed<8, 4, 5, 3, 0>, config17> : p_read2 | {1 }
  - Chain level:
	State 1
		r_V : 1
		mul_ln1270 : 1
		mul_ln1270_2 : 1
		mul_ln1270_3 : 1
	State 2
		trunc_ln818_s : 1
		sext_ln1273_17 : 1
		sub_ln1273 : 2
		sext_ln1273 : 1
		r_V_19 : 3
		trunc_ln818_22 : 4
		mul_ln1270_1 : 1
	State 3
		trunc_ln : 1
		trunc_ln818_24 : 1
		trunc_ln818_25 : 1
	State 4
		trunc_ln818_23 : 1
		add_ln813 : 1
	State 5
		mrv : 1
		mrv_1 : 2
		ret_ln68 : 3


============================================================
+ Verbose Summary: Datapath Resource usage 
============================================================

* Functional unit list:
|----------|-----------------------|---------|---------|---------|
| Operation|    Functional Unit    |   DSP   |    FF   |   LUT   |
|----------|-----------------------|---------|---------|---------|
|          |    add_ln813_fu_333   |    0    |    0    |    15   |
|          |  add_ln813_23_fu_338  |    0    |    0    |    15   |
|    add   |  add_ln813_25_fu_343  |    0    |    0    |    15   |
|          |  add_ln813_24_fu_347  |    0    |    0    |    15   |
|          |  add_ln813_26_fu_351  |    0    |    0    |    15   |
|----------|-----------------------|---------|---------|---------|
|          |       grp_fu_74       |    1    |    0    |    0    |
|          |       grp_fu_75       |    1    |    0    |    0    |
|    mul   |       grp_fu_76       |    1    |    0    |    0    |
|          |       grp_fu_77       |    1    |    0    |    0    |
|          |       grp_fu_78       |    1    |    47   |    2    |
|----------|-----------------------|---------|---------|---------|
|    sub   |   sub_ln1273_fu_257   |    0    |    0    |    14   |
|          |     r_V_19_fu_274     |    0    |    0    |    17   |
|----------|-----------------------|---------|---------|---------|
|          |  p_read25_read_fu_56  |    0    |    0    |    0    |
|   read   |  p_read14_read_fu_62  |    0    |    0    |    0    |
|          |  p_read_11_read_fu_68 |    0    |    0    |    0    |
|----------|-----------------------|---------|---------|---------|
|          |   sext_ln1270_fu_220  |    0    |    0    |    0    |
|          | sext_ln1273_18_fu_226 |    0    |    0    |    0    |
|   sext   |  sext_ln1270_1_fu_242 |    0    |    0    |    0    |
|          | sext_ln1273_17_fu_253 |    0    |    0    |    0    |
|          |   sext_ln1273_fu_270  |    0    |    0    |    0    |
|          |   sext_ln818_fu_320   |    0    |    0    |    0    |
|----------|-----------------------|---------|---------|---------|
|          |  trunc_ln818_s_fu_232 |    0    |    0    |    0    |
|          | trunc_ln818_22_fu_280 |    0    |    0    |    0    |
|partselect|    trunc_ln_fu_290    |    0    |    0    |    0    |
|          | trunc_ln818_24_fu_300 |    0    |    0    |    0    |
|          | trunc_ln818_25_fu_310 |    0    |    0    |    0    |
|          | trunc_ln818_23_fu_323 |    0    |    0    |    0    |
|----------|-----------------------|---------|---------|---------|
|bitconcatenate|     shl_ln_fu_246     |    0    |    0    |    0    |
|          |  shl_ln1273_s_fu_263  |    0    |    0    |    0    |
|----------|-----------------------|---------|---------|---------|
|insertvalue|       mrv_fu_355      |    0    |    0    |    0    |
|          |      mrv_1_fu_361     |    0    |    0    |    0    |
|----------|-----------------------|---------|---------|---------|
|   Total  |                       |    5    |    47   |   108   |
|----------|-----------------------|---------|---------|---------|

Memories:
N/A

* Register list:
+----------------------+--------+
|                      |   FF   |
+----------------------+--------+
| add_ln813_23_reg_426 |    8   |
| add_ln813_25_reg_431 |    8   |
|   add_ln813_reg_421  |    8   |
|   p_read14_reg_367   |    8   |
| sext_ln1270_1_reg_391|   17   |
|  sext_ln1270_reg_374 |   17   |
|sext_ln1273_18_reg_380|   17   |
|trunc_ln818_22_reg_396|    5   |
|trunc_ln818_23_reg_416|    8   |
|trunc_ln818_24_reg_406|    8   |
|trunc_ln818_25_reg_411|    8   |
| trunc_ln818_s_reg_386|    8   |
|   trunc_ln_reg_401   |    8   |
+----------------------+--------+
|         Total        |   128  |
+----------------------+--------+

* Multiplexer (MUX) list: 
|-----------|------|------|------|--------||---------||---------|
|    Comp   |  Pin | Size |  BW  | S x BW ||  Delay  ||   LUT   |
|-----------|------|------|------|--------||---------||---------|
| grp_fu_74 |  p0  |   2  |   8  |   16   ||    9    |
| grp_fu_75 |  p0  |   2  |   8  |   16   ||    9    |
| grp_fu_76 |  p0  |   2  |   8  |   16   ||    9    |
| grp_fu_77 |  p0  |   2  |   8  |   16   ||    9    |
| grp_fu_78 |  p0  |   2  |   8  |   16   ||    9    |
|-----------|------|------|------|--------||---------||---------|
|   Total   |      |      |      |   80   ||   7.94  ||    45   |
|-----------|------|------|------|--------||---------||---------|



* Summary:
+-----------+--------+--------+--------+--------+
|           |   DSP  |  Delay |   FF   |   LUT  |
+-----------+--------+--------+--------+--------+
|  Function |    5   |    -   |   47   |   108  |
|   Memory  |    -   |    -   |    -   |    -   |
|Multiplexer|    -   |    7   |    -   |   45   |
|  Register |    -   |    -   |   128  |    -   |
+-----------+--------+--------+--------+--------+
|   Total   |    5   |    7   |   175  |   153  |
+-----------+--------+--------+--------+--------+
