

================================================================
== Vitis HLS Report for 'dense_latency_ap_fixed_8_4_5_3_0_ap_fixed_8_4_5_3_0_config11_s'
================================================================
* Date:           Tue Mar 10 18:17:11 2026

* Version:        2022.2 (Build 3670227 on Oct 13 2022)
* Project:        myproject_prj
* Solution:       solution1 (Vivado IP Flow Target)
* Product family: zynq
* Target device:  xc7z020-clg484-1


================================================================
== Performance Estimates
================================================================
+ Timing: 
    * Summary: 
    +--------+---------+----------+------------+
    |  Clock |  Target | Estimated| Uncertainty|
    +--------+---------+----------+------------+
    |ap_clk  |  5.00 ns|  3.554 ns|     1.35 ns|
    +--------+---------+----------+------------+

+ Latency: 
    * Summary: 
    +---------+---------+----------+----------+-----+-----+---------+
    |  Latency (cycles) |  Latency (absolute) |  Interval | Pipeline|
    |   min   |   max   |    min   |    max   | min | max |   Type  |
    +---------+---------+----------+----------+-----+-----+---------+
    |        1|        1|  5.000 ns|  5.000 ns|    1|    1|      yes|
    +---------+---------+----------+----------+-----+-----+---------+

    + Detail: 
        * Instance: 
        N/A

        * Loop: 
        N/A

============================================================
+ Verbose Summary: Synthesis Manager
============================================================
InlineROM: 1
ExposeGlobal: 0
============================================================
+ Verbose Summary: CDFG Model
============================================================
IsTopModel: 0
ResetActiveHigh: 1
IsCombinational: 0
IsDatapathOnly: 0
HasWiredReturn: 1
HasMFsm: 2
HasVarLatency: 0
IsPipeline: 1
IsRtlPipelined: 1
IsInstanceOverlapped: 0
IsDontTouch: 0
HasImplIP: 0
IsGatedGlobalClock: 0

+ Individual pipeline summary: 
  * Pipeline-0: initiation interval (II) = 1, depth = 2


============================================================
+ Verbose Summary: Schedule
============================================================
* Number of FSM states : 2
* Pipeline : 1
  Pipeline-0 : II = 1, D = 2, States = { 1 2 }
* Dataflow Pipeline: 0

* FSM state transitions: 
1 --> 2 
2 --> 

* FSM state operations: 

State 1 <SV = 0> <Delay = 3.37>
ST_1 : Operation 3 [1/1] (0.00ns)   --->   "%p_read13 = read i8 @_ssdm_op_Read.ap_auto.i8, i8 %p_read1" [firmware/nnet_utils/nnet_mult.h:70]   --->   Operation 3 'read' 'p_read13' <Predicate = true> <Delay = 0.00>
ST_1 : Operation 4 [1/1] (0.00ns)   --->   "%p_read_18 = read i8 @_ssdm_op_Read.ap_auto.i8, i8 %p_read" [firmware/nnet_utils/nnet_mult.h:70]   --->   Operation 4 'read' 'p_read_18' <Predicate = true> <Delay = 0.00>
ST_1 : Operation 5 [1/1] (0.00ns)   --->   "%trunc_ln818_s = partselect i7 @_ssdm_op_PartSelect.i7.i8.i32.i32, i8 %p_read_18, i32 1, i32 7"   --->   Operation 5 'partselect' 'trunc_ln818_s' <Predicate = true> <Delay = 0.00>
ST_1 : Operation 6 [1/1] (0.00ns)   --->   "%sext_ln818 = sext i7 %trunc_ln818_s"   --->   Operation 6 'sext' 'sext_ln818' <Predicate = true> <Delay = 0.00>
ST_1 : Operation 7 [1/1] (0.00ns)   --->   "%sext_ln1273_26 = sext i8 %p_read13"   --->   Operation 7 'sext' 'sext_ln1273_26' <Predicate = true> <Delay = 0.00>
ST_1 : Operation 8 [1/1] (0.00ns)   --->   "%shl_ln1273_7 = bitconcatenate i10 @_ssdm_op_BitConcatenate.i10.i8.i2, i8 %p_read13, i2 0"   --->   Operation 8 'bitconcatenate' 'shl_ln1273_7' <Predicate = true> <Delay = 0.00>
ST_1 : Operation 9 [1/1] (0.00ns)   --->   "%sext_ln1273_27 = sext i10 %shl_ln1273_7"   --->   Operation 9 'sext' 'sext_ln1273_27' <Predicate = true> <Delay = 0.00>
ST_1 : Operation 10 [1/1] (1.73ns)   --->   "%sub_ln1273 = sub i11 0, i11 %sext_ln1273_27"   --->   Operation 10 'sub' 'sub_ln1273' <Predicate = true> <Delay = 1.73> <CoreInst = "Adder">   --->   Core 1 'Adder' <Latency = 0> <II = 1> <Delay = 1.73> <FuncUnit> <Opcode : 'add' 'sub'> <InPorts = 2> <OutPorts = 1>
ST_1 : Operation 11 [1/1] (1.63ns)   --->   "%r_V_28 = sub i11 %sub_ln1273, i11 %sext_ln1273_26"   --->   Operation 11 'sub' 'r_V_28' <Predicate = true> <Delay = 1.63> <CoreInst = "Adder">   --->   Core 1 'Adder' <Latency = 0> <II = 1> <Delay = 1.63> <FuncUnit> <Opcode : 'add' 'sub'> <InPorts = 2> <OutPorts = 1>
ST_1 : Operation 12 [1/1] (0.00ns)   --->   "%trunc_ln818_30 = partselect i8 @_ssdm_op_PartSelect.i8.i11.i32.i32, i11 %r_V_28, i32 3, i32 10"   --->   Operation 12 'partselect' 'trunc_ln818_30' <Predicate = true> <Delay = 0.00>
ST_1 : Operation 13 [1/1] (0.00ns)   --->   "%trunc_ln818_31 = partselect i7 @_ssdm_op_PartSelect.i7.i8.i32.i32, i8 %p_read13, i32 1, i32 7"   --->   Operation 13 'partselect' 'trunc_ln818_31' <Predicate = true> <Delay = 0.00>
ST_1 : Operation 14 [1/1] (0.00ns)   --->   "%sext_ln818_7 = sext i7 %trunc_ln818_31"   --->   Operation 14 'sext' 'sext_ln818_7' <Predicate = true> <Delay = 0.00>
ST_1 : Operation 15 [1/1] (1.73ns)   --->   "%r_V_29 = sub i11 %sext_ln1273_26, i11 %sext_ln1273_27"   --->   Operation 15 'sub' 'r_V_29' <Predicate = true> <Delay = 1.73> <CoreInst = "Adder">   --->   Core 1 'Adder' <Latency = 0> <II = 1> <Delay = 1.73> <FuncUnit> <Opcode : 'add' 'sub'> <InPorts = 2> <OutPorts = 1>
ST_1 : Operation 16 [1/1] (0.00ns)   --->   "%trunc_ln818_32 = partselect i8 @_ssdm_op_PartSelect.i8.i11.i32.i32, i11 %r_V_29, i32 3, i32 10"   --->   Operation 16 'partselect' 'trunc_ln818_32' <Predicate = true> <Delay = 0.00>
ST_1 : Operation 17 [1/1] (0.00ns)   --->   "%shl_ln1273_8 = bitconcatenate i11 @_ssdm_op_BitConcatenate.i11.i8.i3, i8 %p_read13, i3 0"   --->   Operation 17 'bitconcatenate' 'shl_ln1273_8' <Predicate = true> <Delay = 0.00>
ST_1 : Operation 18 [1/1] (1.63ns)   --->   "%r_V_30 = add i11 %shl_ln1273_8, i11 %sext_ln1273_26"   --->   Operation 18 'add' 'r_V_30' <Predicate = true> <Delay = 1.63> <CoreInst = "Adder">   --->   Core 1 'Adder' <Latency = 0> <II = 1> <Delay = 1.63> <FuncUnit> <Opcode : 'add' 'sub'> <InPorts = 2> <OutPorts = 1>
ST_1 : Operation 19 [1/1] (0.00ns)   --->   "%trunc_ln818_33 = partselect i8 @_ssdm_op_PartSelect.i8.i11.i32.i32, i11 %r_V_30, i32 3, i32 10"   --->   Operation 19 'partselect' 'trunc_ln818_33' <Predicate = true> <Delay = 0.00>
ST_1 : Operation 20 [1/1] (1.87ns)   --->   "%add_ln813_30 = add i8 %sext_ln818_7, i8 %sext_ln818"   --->   Operation 20 'add' 'add_ln813_30' <Predicate = true> <Delay = 1.87> <CoreInst = "Adder">   --->   Core 1 'Adder' <Latency = 0> <II = 1> <Delay = 1.87> <FuncUnit> <Opcode : 'add' 'sub'> <InPorts = 2> <OutPorts = 1>

State 2 <SV = 1> <Delay = 3.55>
ST_2 : Operation 21 [1/1] (0.00ns)   --->   "%specpipeline_ln33 = specpipeline void @_ssdm_op_SpecPipeline, i32 1, i32 0, i32 0, i32 0, void @empty_0" [firmware/nnet_utils/nnet_dense_latency.h:33]   --->   Operation 21 'specpipeline' 'specpipeline_ln33' <Predicate = true> <Delay = 0.00>
ST_2 : Operation 22 [1/1] (0.00ns)   --->   "%specresourcelimit_ln33 = specresourcelimit void @_ssdm_op_SpecResourceLimit, i64 7, void @empty_1, void @empty_0, void @empty_0, void @empty_0" [firmware/nnet_utils/nnet_dense_latency.h:33]   --->   Operation 22 'specresourcelimit' 'specresourcelimit_ln33' <Predicate = true> <Delay = 0.00>
ST_2 : Operation 23 [1/1] (0.00ns)   --->   "%sext_ln1273 = sext i8 %p_read_18"   --->   Operation 23 'sext' 'sext_ln1273' <Predicate = true> <Delay = 0.00>
ST_2 : Operation 24 [1/1] (0.00ns)   --->   "%shl_ln = bitconcatenate i11 @_ssdm_op_BitConcatenate.i11.i8.i3, i8 %p_read_18, i3 0"   --->   Operation 24 'bitconcatenate' 'shl_ln' <Predicate = true> <Delay = 0.00>
ST_2 : Operation 25 [1/1] (0.00ns)   --->   "%shl_ln1273_s = bitconcatenate i9 @_ssdm_op_BitConcatenate.i9.i8.i1, i8 %p_read_18, i1 0"   --->   Operation 25 'bitconcatenate' 'shl_ln1273_s' <Predicate = true> <Delay = 0.00>
ST_2 : Operation 26 [1/1] (0.00ns)   --->   "%sext_ln1273_25 = sext i9 %shl_ln1273_s"   --->   Operation 26 'sext' 'sext_ln1273_25' <Predicate = true> <Delay = 0.00>
ST_2 : Operation 27 [1/1] (1.63ns)   --->   "%r_V = sub i11 %sext_ln1273_25, i11 %shl_ln"   --->   Operation 27 'sub' 'r_V' <Predicate = true> <Delay = 1.63> <CoreInst = "Adder">   --->   Core 1 'Adder' <Latency = 0> <II = 1> <Delay = 1.63> <FuncUnit> <Opcode : 'add' 'sub'> <InPorts = 2> <OutPorts = 1>
ST_2 : Operation 28 [1/1] (0.00ns)   --->   "%trunc_ln = partselect i8 @_ssdm_op_PartSelect.i8.i11.i32.i32, i11 %r_V, i32 3, i32 10"   --->   Operation 28 'partselect' 'trunc_ln' <Predicate = true> <Delay = 0.00>
ST_2 : Operation 29 [1/1] (1.63ns)   --->   "%r_V_27 = sub i11 %shl_ln, i11 %sext_ln1273"   --->   Operation 29 'sub' 'r_V_27' <Predicate = true> <Delay = 1.63> <CoreInst = "Adder">   --->   Core 1 'Adder' <Latency = 0> <II = 1> <Delay = 1.63> <FuncUnit> <Opcode : 'add' 'sub'> <InPorts = 2> <OutPorts = 1>
ST_2 : Operation 30 [1/1] (0.00ns)   --->   "%trunc_ln818_29 = partselect i8 @_ssdm_op_PartSelect.i8.i11.i32.i32, i11 %r_V_27, i32 3, i32 10"   --->   Operation 30 'partselect' 'trunc_ln818_29' <Predicate = true> <Delay = 0.00>
ST_2 : Operation 31 [1/1] (1.91ns)   --->   "%add_ln813 = add i8 %trunc_ln818_30, i8 %trunc_ln"   --->   Operation 31 'add' 'add_ln813' <Predicate = true> <Delay = 1.91> <CoreInst = "Adder">   --->   Core 1 'Adder' <Latency = 0> <II = 1> <Delay = 1.91> <FuncUnit> <Opcode : 'add' 'sub'> <InPorts = 2> <OutPorts = 1>
ST_2 : Operation 32 [1/1] (1.91ns)   --->   "%add_ln813_31 = add i8 %trunc_ln818_33, i8 %trunc_ln818_29"   --->   Operation 32 'add' 'add_ln813_31' <Predicate = true> <Delay = 1.91> <CoreInst = "Adder">   --->   Core 1 'Adder' <Latency = 0> <II = 1> <Delay = 1.91> <FuncUnit> <Opcode : 'add' 'sub'> <InPorts = 2> <OutPorts = 1>
ST_2 : Operation 33 [1/1] (0.00ns)   --->   "%mrv = insertvalue i32 <undef>, i8 %add_ln813" [firmware/nnet_utils/nnet_dense_latency.h:68]   --->   Operation 33 'insertvalue' 'mrv' <Predicate = true> <Delay = 0.00>
ST_2 : Operation 34 [1/1] (0.00ns)   --->   "%mrv_1 = insertvalue i32 %mrv, i8 %add_ln813_30" [firmware/nnet_utils/nnet_dense_latency.h:68]   --->   Operation 34 'insertvalue' 'mrv_1' <Predicate = true> <Delay = 0.00>
ST_2 : Operation 35 [1/1] (0.00ns)   --->   "%mrv_2 = insertvalue i32 %mrv_1, i8 %trunc_ln818_32" [firmware/nnet_utils/nnet_dense_latency.h:68]   --->   Operation 35 'insertvalue' 'mrv_2' <Predicate = true> <Delay = 0.00>
ST_2 : Operation 36 [1/1] (0.00ns)   --->   "%mrv_3 = insertvalue i32 %mrv_2, i8 %add_ln813_31" [firmware/nnet_utils/nnet_dense_latency.h:68]   --->   Operation 36 'insertvalue' 'mrv_3' <Predicate = true> <Delay = 0.00>
ST_2 : Operation 37 [1/1] (0.00ns)   --->   "%ret_ln68 = ret i32 %mrv_3" [firmware/nnet_utils/nnet_dense_latency.h:68]   --->   Operation 37 'ret' 'ret_ln68' <Predicate = true> <Delay = 0.00>


============================================================
+ Verbose Summary: Binding
============================================================
STG Binding: 
---------------- STG Properties BEGIN ----------------
- Is combinational: 0
- Is one-state seq: 0
- Is datapath-only: 1
- Is pipelined: 1
- Is top level: 0
Port [ Return ] is wired: 1; IO mode=ap_ctrl_hs:ce=0
Port [ p_read]:  wired=1; compound=0; hidden=0; nouse=0; global=0; static=0; extern=0; dir=0; type=0; pingpong=0; private_global=0; IO mode=ap_none:ce=0
Port [ p_read1]:  wired=1; compound=0; hidden=0; nouse=0; global=0; static=0; extern=0; dir=0; type=0; pingpong=0; private_global=0; IO mode=ap_none:ce=0
---------------- STG Properties END ------------------

---------------- Datapath Model BEGIN ----------------

<LifeTime>
<method=bitvector/>
p_read13               (read             ) [ 000]
p_read_18              (read             ) [ 011]
trunc_ln818_s          (partselect       ) [ 000]
sext_ln818             (sext             ) [ 000]
sext_ln1273_26         (sext             ) [ 000]
shl_ln1273_7           (bitconcatenate   ) [ 000]
sext_ln1273_27         (sext             ) [ 000]
sub_ln1273             (sub              ) [ 000]
r_V_28                 (sub              ) [ 000]
trunc_ln818_30         (partselect       ) [ 011]
trunc_ln818_31         (partselect       ) [ 000]
sext_ln818_7           (sext             ) [ 000]
r_V_29                 (sub              ) [ 000]
trunc_ln818_32         (partselect       ) [ 011]
shl_ln1273_8           (bitconcatenate   ) [ 000]
r_V_30                 (add              ) [ 000]
trunc_ln818_33         (partselect       ) [ 011]
add_ln813_30           (add              ) [ 011]
specpipeline_ln33      (specpipeline     ) [ 000]
specresourcelimit_ln33 (specresourcelimit) [ 000]
sext_ln1273            (sext             ) [ 000]
shl_ln                 (bitconcatenate   ) [ 000]
shl_ln1273_s           (bitconcatenate   ) [ 000]
sext_ln1273_25         (sext             ) [ 000]
r_V                    (sub              ) [ 000]
trunc_ln               (partselect       ) [ 000]
r_V_27                 (sub              ) [ 000]
trunc_ln818_29         (partselect       ) [ 000]
add_ln813              (add              ) [ 000]
add_ln813_31           (add              ) [ 000]
mrv                    (insertvalue      ) [ 000]
mrv_1                  (insertvalue      ) [ 000]
mrv_2                  (insertvalue      ) [ 000]
mrv_3                  (insertvalue      ) [ 000]
ret_ln68               (ret              ) [ 000]
</LifeTime>

<model>

<comp_list>
<comp id="0" class="1000" name="p_read">
<pin_list>
<pin id="1" dir="1" index="0" bw="1" slack="0"/>
</pin_list>
<bind>
<StgValue><ssdm name="p_read"/></StgValue>
</bind>
</comp>

<comp id="2" class="1000" name="p_read1">
<pin_list>
<pin id="3" dir="1" index="0" bw="1" slack="0"/>
</pin_list>
<bind>
<StgValue><ssdm name="p_read1"/></StgValue>
</bind>
</comp>

<comp id="4" class="1001" name="const_4">
<pin_list>
<pin id="5" dir="1" index="0" bw="1" slack="0"/>
</pin_list>
<bind>
<StgValue><ssdm name="_ssdm_op_Read.ap_auto.i8"/></StgValue>
</bind>
</comp>

<comp id="6" class="1001" name="const_6">
<pin_list>
<pin id="7" dir="1" index="0" bw="1" slack="0"/>
</pin_list>
<bind>
<StgValue><ssdm name="_ssdm_op_PartSelect.i7.i8.i32.i32"/></StgValue>
</bind>
</comp>

<comp id="8" class="1001" name="const_8">
<pin_list>
<pin id="9" dir="1" index="0" bw="1" slack="0"/>
</pin_list>
<bind>
<StgValue><ssdm name=""/></StgValue>
</bind>
</comp>

<comp id="10" class="1001" name="const_10">
<pin_list>
<pin id="11" dir="1" index="0" bw="1" slack="0"/>
</pin_list>
<bind>
<StgValue><ssdm name=""/></StgValue>
</bind>
</comp>

<comp id="12" class="1001" name="const_12">
<pin_list>
<pin id="13" dir="1" index="0" bw="1" slack="0"/>
</pin_list>
<bind>
<StgValue><ssdm name="_ssdm_op_BitConcatenate.i10.i8.i2"/></StgValue>
</bind>
</comp>

<comp id="14" class="1001" name="const_14">
<pin_list>
<pin id="15" dir="1" index="0" bw="1" slack="0"/>
</pin_list>
<bind>
<StgValue><ssdm name=""/></StgValue>
</bind>
</comp>

<comp id="16" class="1001" name="const_16">
<pin_list>
<pin id="17" dir="1" index="0" bw="1" slack="0"/>
</pin_list>
<bind>
<StgValue><ssdm name=""/></StgValue>
</bind>
</comp>

<comp id="18" class="1001" name="const_18">
<pin_list>
<pin id="19" dir="1" index="0" bw="1" slack="0"/>
</pin_list>
<bind>
<StgValue><ssdm name="_ssdm_op_PartSelect.i8.i11.i32.i32"/></StgValue>
</bind>
</comp>

<comp id="20" class="1001" name="const_20">
<pin_list>
<pin id="21" dir="1" index="0" bw="1" slack="0"/>
</pin_list>
<bind>
<StgValue><ssdm name=""/></StgValue>
</bind>
</comp>

<comp id="22" class="1001" name="const_22">
<pin_list>
<pin id="23" dir="1" index="0" bw="1" slack="0"/>
</pin_list>
<bind>
<StgValue><ssdm name=""/></StgValue>
</bind>
</comp>

<comp id="24" class="1001" name="const_24">
<pin_list>
<pin id="25" dir="1" index="0" bw="1" slack="0"/>
</pin_list>
<bind>
<StgValue><ssdm name="_ssdm_op_BitConcatenate.i11.i8.i3"/></StgValue>
</bind>
</comp>

<comp id="26" class="1001" name="const_26">
<pin_list>
<pin id="27" dir="1" index="0" bw="1" slack="0"/>
</pin_list>
<bind>
<StgValue><ssdm name=""/></StgValue>
</bind>
</comp>

<comp id="28" class="1001" name="const_28">
<pin_list>
<pin id="29" dir="1" index="0" bw="1" slack="2147483647"/>
</pin_list>
<bind>
<StgValue><ssdm name="_ssdm_op_SpecPipeline"/></StgValue>
</bind>
</comp>

<comp id="30" class="1001" name="const_30">
<pin_list>
<pin id="31" dir="1" index="0" bw="1" slack="2147483647"/>
</pin_list>
<bind>
<StgValue><ssdm name=""/></StgValue>
</bind>
</comp>

<comp id="32" class="1001" name="const_32">
<pin_list>
<pin id="33" dir="1" index="0" bw="1" slack="2147483647"/>
</pin_list>
<bind>
<StgValue><ssdm name="empty_0"/></StgValue>
</bind>
</comp>

<comp id="34" class="1001" name="const_34">
<pin_list>
<pin id="35" dir="1" index="0" bw="1" slack="2147483647"/>
</pin_list>
<bind>
<StgValue><ssdm name="_ssdm_op_SpecResourceLimit"/></StgValue>
</bind>
</comp>

<comp id="36" class="1001" name="const_36">
<pin_list>
<pin id="37" dir="1" index="0" bw="1" slack="2147483647"/>
</pin_list>
<bind>
<StgValue><ssdm name=""/></StgValue>
</bind>
</comp>

<comp id="38" class="1001" name="const_38">
<pin_list>
<pin id="39" dir="1" index="0" bw="1" slack="2147483647"/>
</pin_list>
<bind>
<StgValue><ssdm name="empty_1"/></StgValue>
</bind>
</comp>

<comp id="40" class="1001" name="const_40">
<pin_list>
<pin id="41" dir="1" index="0" bw="1" slack="0"/>
</pin_list>
<bind>
<StgValue><ssdm name="_ssdm_op_BitConcatenate.i9.i8.i1"/></StgValue>
</bind>
</comp>

<comp id="42" class="1001" name="const_42">
<pin_list>
<pin id="43" dir="1" index="0" bw="1" slack="0"/>
</pin_list>
<bind>
<StgValue><ssdm name=""/></StgValue>
</bind>
</comp>

<comp id="44" class="1001" name="const_44">
<pin_list>
<pin id="45" dir="1" index="0" bw="1" slack="0"/>
</pin_list>
<bind>
<StgValue><ssdm name=""/></StgValue>
</bind>
</comp>

<comp id="46" class="1004" name="p_read13_read_fu_46">
<pin_list>
<pin id="47" dir="0" index="0" bw="8" slack="0"/>
<pin id="48" dir="0" index="1" bw="8" slack="0"/>
<pin id="49" dir="1" index="2" bw="8" slack="0"/>
</pin_list>
<bind>
<opcode="read(1150) " fcode="read"/>
<opset="p_read13/1 "/>
</bind>
</comp>

<comp id="52" class="1004" name="p_read_18_read_fu_52">
<pin_list>
<pin id="53" dir="0" index="0" bw="8" slack="0"/>
<pin id="54" dir="0" index="1" bw="8" slack="0"/>
<pin id="55" dir="1" index="2" bw="8" slack="0"/>
</pin_list>
<bind>
<opcode="read(1150) " fcode="read"/>
<opset="p_read_18/1 "/>
</bind>
</comp>

<comp id="58" class="1004" name="trunc_ln818_s_fu_58">
<pin_list>
<pin id="59" dir="0" index="0" bw="7" slack="0"/>
<pin id="60" dir="0" index="1" bw="8" slack="0"/>
<pin id="61" dir="0" index="2" bw="1" slack="0"/>
<pin id="62" dir="0" index="3" bw="4" slack="0"/>
<pin id="63" dir="1" index="4" bw="7" slack="0"/>
</pin_list>
<bind>
<opcode="partselect(1002) " fcode="partselect"/>
<opset="trunc_ln818_s/1 "/>
</bind>
</comp>

<comp id="68" class="1004" name="sext_ln818_fu_68">
<pin_list>
<pin id="69" dir="0" index="0" bw="7" slack="0"/>
<pin id="70" dir="1" index="1" bw="8" slack="0"/>
</pin_list>
<bind>
<opcode="sext(35) " fcode="sext"/>
<opset="sext_ln818/1 "/>
</bind>
</comp>

<comp id="72" class="1004" name="sext_ln1273_26_fu_72">
<pin_list>
<pin id="73" dir="0" index="0" bw="8" slack="0"/>
<pin id="74" dir="1" index="1" bw="11" slack="0"/>
</pin_list>
<bind>
<opcode="sext(35) " fcode="sext"/>
<opset="sext_ln1273_26/1 "/>
</bind>
</comp>

<comp id="76" class="1004" name="shl_ln1273_7_fu_76">
<pin_list>
<pin id="77" dir="0" index="0" bw="10" slack="0"/>
<pin id="78" dir="0" index="1" bw="8" slack="0"/>
<pin id="79" dir="0" index="2" bw="1" slack="0"/>
<pin id="80" dir="1" index="3" bw="10" slack="0"/>
</pin_list>
<bind>
<opcode="bitconcatenate(1004) " fcode="bitconcatenate"/>
<opset="shl_ln1273_7/1 "/>
</bind>
</comp>

<comp id="84" class="1004" name="sext_ln1273_27_fu_84">
<pin_list>
<pin id="85" dir="0" index="0" bw="10" slack="0"/>
<pin id="86" dir="1" index="1" bw="11" slack="0"/>
</pin_list>
<bind>
<opcode="sext(35) " fcode="sext"/>
<opset="sext_ln1273_27/1 "/>
</bind>
</comp>

<comp id="88" class="1004" name="sub_ln1273_fu_88">
<pin_list>
<pin id="89" dir="0" index="0" bw="1" slack="0"/>
<pin id="90" dir="0" index="1" bw="10" slack="0"/>
<pin id="91" dir="1" index="2" bw="11" slack="0"/>
</pin_list>
<bind>
<opcode="sub(10) " fcode="sub"/>
<opset="sub_ln1273/1 "/>
</bind>
</comp>

<comp id="94" class="1004" name="r_V_28_fu_94">
<pin_list>
<pin id="95" dir="0" index="0" bw="11" slack="0"/>
<pin id="96" dir="0" index="1" bw="8" slack="0"/>
<pin id="97" dir="1" index="2" bw="11" slack="0"/>
</pin_list>
<bind>
<opcode="sub(10) " fcode="sub"/>
<opset="r_V_28/1 "/>
</bind>
</comp>

<comp id="100" class="1004" name="trunc_ln818_30_fu_100">
<pin_list>
<pin id="101" dir="0" index="0" bw="8" slack="0"/>
<pin id="102" dir="0" index="1" bw="11" slack="0"/>
<pin id="103" dir="0" index="2" bw="3" slack="0"/>
<pin id="104" dir="0" index="3" bw="5" slack="0"/>
<pin id="105" dir="1" index="4" bw="8" slack="1"/>
</pin_list>
<bind>
<opcode="partselect(1002) " fcode="partselect"/>
<opset="trunc_ln818_30/1 "/>
</bind>
</comp>

<comp id="110" class="1004" name="trunc_ln818_31_fu_110">
<pin_list>
<pin id="111" dir="0" index="0" bw="7" slack="0"/>
<pin id="112" dir="0" index="1" bw="8" slack="0"/>
<pin id="113" dir="0" index="2" bw="1" slack="0"/>
<pin id="114" dir="0" index="3" bw="4" slack="0"/>
<pin id="115" dir="1" index="4" bw="7" slack="0"/>
</pin_list>
<bind>
<opcode="partselect(1002) " fcode="partselect"/>
<opset="trunc_ln818_31/1 "/>
</bind>
</comp>

<comp id="120" class="1004" name="sext_ln818_7_fu_120">
<pin_list>
<pin id="121" dir="0" index="0" bw="7" slack="0"/>
<pin id="122" dir="1" index="1" bw="8" slack="0"/>
</pin_list>
<bind>
<opcode="sext(35) " fcode="sext"/>
<opset="sext_ln818_7/1 "/>
</bind>
</comp>

<comp id="124" class="1004" name="r_V_29_fu_124">
<pin_list>
<pin id="125" dir="0" index="0" bw="8" slack="0"/>
<pin id="126" dir="0" index="1" bw="10" slack="0"/>
<pin id="127" dir="1" index="2" bw="11" slack="0"/>
</pin_list>
<bind>
<opcode="sub(10) " fcode="sub"/>
<opset="r_V_29/1 "/>
</bind>
</comp>

<comp id="130" class="1004" name="trunc_ln818_32_fu_130">
<pin_list>
<pin id="131" dir="0" index="0" bw="8" slack="0"/>
<pin id="132" dir="0" index="1" bw="11" slack="0"/>
<pin id="133" dir="0" index="2" bw="3" slack="0"/>
<pin id="134" dir="0" index="3" bw="5" slack="0"/>
<pin id="135" dir="1" index="4" bw="8" slack="1"/>
</pin_list>
<bind>
<opcode="partselect(1002) " fcode="partselect"/>
<opset="trunc_ln818_32/1 "/>
</bind>
</comp>

<comp id="140" class="1004" name="shl_ln1273_8_fu_140">
<pin_list>
<pin id="141" dir="0" index="0" bw="11" slack="0"/>
<pin id="142" dir="0" index="1" bw="8" slack="0"/>
<pin id="143" dir="0" index="2" bw="1" slack="0"/>
<pin id="144" dir="1" index="3" bw="11" slack="0"/>
</pin_list>
<bind>
<opcode="bitconcatenate(1004) " fcode="bitconcatenate"/>
<opset="shl_ln1273_8/1 "/>
</bind>
</comp>

<comp id="148" class="1004" name="r_V_30_fu_148">
<pin_list>
<pin id="149" dir="0" index="0" bw="11" slack="0"/>
<pin id="150" dir="0" index="1" bw="8" slack="0"/>
<pin id="151" dir="1" index="2" bw="11" slack="0"/>
</pin_list>
<bind>
<opcode="add(8) " fcode="add"/>
<opset="r_V_30/1 "/>
</bind>
</comp>

<comp id="154" class="1004" name="trunc_ln818_33_fu_154">
<pin_list>
<pin id="155" dir="0" index="0" bw="8" slack="0"/>
<pin id="156" dir="0" index="1" bw="11" slack="0"/>
<pin id="157" dir="0" index="2" bw="3" slack="0"/>
<pin id="158" dir="0" index="3" bw="5" slack="0"/>
<pin id="159" dir="1" index="4" bw="8" slack="1"/>
</pin_list>
<bind>
<opcode="partselect(1002) " fcode="partselect"/>
<opset="trunc_ln818_33/1 "/>
</bind>
</comp>

<comp id="164" class="1004" name="add_ln813_30_fu_164">
<pin_list>
<pin id="165" dir="0" index="0" bw="7" slack="0"/>
<pin id="166" dir="0" index="1" bw="7" slack="0"/>
<pin id="167" dir="1" index="2" bw="8" slack="1"/>
</pin_list>
<bind>
<opcode="add(8) " fcode="add"/>
<opset="add_ln813_30/1 "/>
</bind>
</comp>

<comp id="170" class="1004" name="sext_ln1273_fu_170">
<pin_list>
<pin id="171" dir="0" index="0" bw="8" slack="1"/>
<pin id="172" dir="1" index="1" bw="11" slack="0"/>
</pin_list>
<bind>
<opcode="sext(35) " fcode="sext"/>
<opset="sext_ln1273/2 "/>
</bind>
</comp>

<comp id="173" class="1004" name="shl_ln_fu_173">
<pin_list>
<pin id="174" dir="0" index="0" bw="11" slack="0"/>
<pin id="175" dir="0" index="1" bw="8" slack="1"/>
<pin id="176" dir="0" index="2" bw="1" slack="0"/>
<pin id="177" dir="1" index="3" bw="11" slack="0"/>
</pin_list>
<bind>
<opcode="bitconcatenate(1004) " fcode="bitconcatenate"/>
<opset="shl_ln/2 "/>
</bind>
</comp>

<comp id="180" class="1004" name="shl_ln1273_s_fu_180">
<pin_list>
<pin id="181" dir="0" index="0" bw="9" slack="0"/>
<pin id="182" dir="0" index="1" bw="8" slack="1"/>
<pin id="183" dir="0" index="2" bw="1" slack="0"/>
<pin id="184" dir="1" index="3" bw="9" slack="0"/>
</pin_list>
<bind>
<opcode="bitconcatenate(1004) " fcode="bitconcatenate"/>
<opset="shl_ln1273_s/2 "/>
</bind>
</comp>

<comp id="187" class="1004" name="sext_ln1273_25_fu_187">
<pin_list>
<pin id="188" dir="0" index="0" bw="9" slack="0"/>
<pin id="189" dir="1" index="1" bw="11" slack="0"/>
</pin_list>
<bind>
<opcode="sext(35) " fcode="sext"/>
<opset="sext_ln1273_25/2 "/>
</bind>
</comp>

<comp id="191" class="1004" name="r_V_fu_191">
<pin_list>
<pin id="192" dir="0" index="0" bw="9" slack="0"/>
<pin id="193" dir="0" index="1" bw="11" slack="0"/>
<pin id="194" dir="1" index="2" bw="11" slack="0"/>
</pin_list>
<bind>
<opcode="sub(10) " fcode="sub"/>
<opset="r_V/2 "/>
</bind>
</comp>

<comp id="197" class="1004" name="trunc_ln_fu_197">
<pin_list>
<pin id="198" dir="0" index="0" bw="8" slack="0"/>
<pin id="199" dir="0" index="1" bw="11" slack="0"/>
<pin id="200" dir="0" index="2" bw="3" slack="0"/>
<pin id="201" dir="0" index="3" bw="5" slack="0"/>
<pin id="202" dir="1" index="4" bw="8" slack="0"/>
</pin_list>
<bind>
<opcode="partselect(1002) " fcode="partselect"/>
<opset="trunc_ln/2 "/>
</bind>
</comp>

<comp id="207" class="1004" name="r_V_27_fu_207">
<pin_list>
<pin id="208" dir="0" index="0" bw="11" slack="0"/>
<pin id="209" dir="0" index="1" bw="8" slack="0"/>
<pin id="210" dir="1" index="2" bw="11" slack="0"/>
</pin_list>
<bind>
<opcode="sub(10) " fcode="sub"/>
<opset="r_V_27/2 "/>
</bind>
</comp>

<comp id="213" class="1004" name="trunc_ln818_29_fu_213">
<pin_list>
<pin id="214" dir="0" index="0" bw="8" slack="0"/>
<pin id="215" dir="0" index="1" bw="11" slack="0"/>
<pin id="216" dir="0" index="2" bw="3" slack="0"/>
<pin id="217" dir="0" index="3" bw="5" slack="0"/>
<pin id="218" dir="1" index="4" bw="8" slack="0"/>
</pin_list>
<bind>
<opcode="partselect(1002) " fcode="partselect"/>
<opset="trunc_ln818_29/2 "/>
</bind>
</comp>

<comp id="223" class="1004" name="add_ln813_fu_223">
<pin_list>
<pin id="224" dir="0" index="0" bw="8" slack="1"/>
<pin id="225" dir="0" index="1" bw="8" slack="0"/>
<pin id="226" dir="1" index="2" bw="8" slack="0"/>
</pin_list>
<bind>
<opcode="add(8) " fcode="add"/>
<opset="add_ln813/2 "/>
</bind>
</comp>

<comp id="228" class="1004" name="add_ln813_31_fu_228">
<pin_list>
<pin id="229" dir="0" index="0" bw="8" slack="1"/>
<pin id="230" dir="0" index="1" bw="8" slack="0"/>
<pin id="231" dir="1" index="2" bw="8" slack="0"/>
</pin_list>
<bind>
<opcode="add(8) " fcode="add"/>
<opset="add_ln813_31/2 "/>
</bind>
</comp>

<comp id="233" class="1004" name="mrv_fu_233">
<pin_list>
<pin id="234" dir="0" index="0" bw="32" slack="0"/>
<pin id="235" dir="0" index="1" bw="8" slack="0"/>
<pin id="236" dir="1" index="2" bw="32" slack="0"/>
</pin_list>
<bind>
<opcode="insertvalue(57) " fcode="insertvalue"/>
<opset="mrv/2 "/>
</bind>
</comp>

<comp id="239" class="1004" name="mrv_1_fu_239">
<pin_list>
<pin id="240" dir="0" index="0" bw="32" slack="0"/>
<pin id="241" dir="0" index="1" bw="8" slack="1"/>
<pin id="242" dir="1" index="2" bw="32" slack="0"/>
</pin_list>
<bind>
<opcode="insertvalue(57) " fcode="insertvalue"/>
<opset="mrv_1/2 "/>
</bind>
</comp>

<comp id="244" class="1004" name="mrv_2_fu_244">
<pin_list>
<pin id="245" dir="0" index="0" bw="32" slack="0"/>
<pin id="246" dir="0" index="1" bw="8" slack="1"/>
<pin id="247" dir="1" index="2" bw="32" slack="0"/>
</pin_list>
<bind>
<opcode="insertvalue(57) " fcode="insertvalue"/>
<opset="mrv_2/2 "/>
</bind>
</comp>

<comp id="249" class="1004" name="mrv_3_fu_249">
<pin_list>
<pin id="250" dir="0" index="0" bw="32" slack="0"/>
<pin id="251" dir="0" index="1" bw="8" slack="0"/>
<pin id="252" dir="1" index="2" bw="32" slack="2147483647"/>
</pin_list>
<bind>
<opcode="insertvalue(57) " fcode="insertvalue"/>
<opset="mrv_3/2 "/>
</bind>
</comp>

<comp id="255" class="1005" name="p_read_18_reg_255">
<pin_list>
<pin id="256" dir="0" index="0" bw="8" slack="1"/>
<pin id="257" dir="1" index="1" bw="8" slack="1"/>
</pin_list>
<bind>
<opset="p_read_18 "/>
</bind>
</comp>

<comp id="262" class="1005" name="trunc_ln818_30_reg_262">
<pin_list>
<pin id="263" dir="0" index="0" bw="8" slack="1"/>
<pin id="264" dir="1" index="1" bw="8" slack="1"/>
</pin_list>
<bind>
<opset="trunc_ln818_30 "/>
</bind>
</comp>

<comp id="267" class="1005" name="trunc_ln818_32_reg_267">
<pin_list>
<pin id="268" dir="0" index="0" bw="8" slack="1"/>
<pin id="269" dir="1" index="1" bw="8" slack="1"/>
</pin_list>
<bind>
<opset="trunc_ln818_32 "/>
</bind>
</comp>

<comp id="272" class="1005" name="trunc_ln818_33_reg_272">
<pin_list>
<pin id="273" dir="0" index="0" bw="8" slack="1"/>
<pin id="274" dir="1" index="1" bw="8" slack="1"/>
</pin_list>
<bind>
<opset="trunc_ln818_33 "/>
</bind>
</comp>

<comp id="277" class="1005" name="add_ln813_30_reg_277">
<pin_list>
<pin id="278" dir="0" index="0" bw="8" slack="1"/>
<pin id="279" dir="1" index="1" bw="8" slack="1"/>
</pin_list>
<bind>
<opset="add_ln813_30 "/>
</bind>
</comp>

</comp_list>

<net_list>
<net id="50"><net_src comp="4" pin="0"/><net_sink comp="46" pin=0"/></net>

<net id="51"><net_src comp="2" pin="0"/><net_sink comp="46" pin=1"/></net>

<net id="56"><net_src comp="4" pin="0"/><net_sink comp="52" pin=0"/></net>

<net id="57"><net_src comp="0" pin="0"/><net_sink comp="52" pin=1"/></net>

<net id="64"><net_src comp="6" pin="0"/><net_sink comp="58" pin=0"/></net>

<net id="65"><net_src comp="52" pin="2"/><net_sink comp="58" pin=1"/></net>

<net id="66"><net_src comp="8" pin="0"/><net_sink comp="58" pin=2"/></net>

<net id="67"><net_src comp="10" pin="0"/><net_sink comp="58" pin=3"/></net>

<net id="71"><net_src comp="58" pin="4"/><net_sink comp="68" pin=0"/></net>

<net id="75"><net_src comp="46" pin="2"/><net_sink comp="72" pin=0"/></net>

<net id="81"><net_src comp="12" pin="0"/><net_sink comp="76" pin=0"/></net>

<net id="82"><net_src comp="46" pin="2"/><net_sink comp="76" pin=1"/></net>

<net id="83"><net_src comp="14" pin="0"/><net_sink comp="76" pin=2"/></net>

<net id="87"><net_src comp="76" pin="3"/><net_sink comp="84" pin=0"/></net>

<net id="92"><net_src comp="16" pin="0"/><net_sink comp="88" pin=0"/></net>

<net id="93"><net_src comp="84" pin="1"/><net_sink comp="88" pin=1"/></net>

<net id="98"><net_src comp="88" pin="2"/><net_sink comp="94" pin=0"/></net>

<net id="99"><net_src comp="72" pin="1"/><net_sink comp="94" pin=1"/></net>

<net id="106"><net_src comp="18" pin="0"/><net_sink comp="100" pin=0"/></net>

<net id="107"><net_src comp="94" pin="2"/><net_sink comp="100" pin=1"/></net>

<net id="108"><net_src comp="20" pin="0"/><net_sink comp="100" pin=2"/></net>

<net id="109"><net_src comp="22" pin="0"/><net_sink comp="100" pin=3"/></net>

<net id="116"><net_src comp="6" pin="0"/><net_sink comp="110" pin=0"/></net>

<net id="117"><net_src comp="46" pin="2"/><net_sink comp="110" pin=1"/></net>

<net id="118"><net_src comp="8" pin="0"/><net_sink comp="110" pin=2"/></net>

<net id="119"><net_src comp="10" pin="0"/><net_sink comp="110" pin=3"/></net>

<net id="123"><net_src comp="110" pin="4"/><net_sink comp="120" pin=0"/></net>

<net id="128"><net_src comp="72" pin="1"/><net_sink comp="124" pin=0"/></net>

<net id="129"><net_src comp="84" pin="1"/><net_sink comp="124" pin=1"/></net>

<net id="136"><net_src comp="18" pin="0"/><net_sink comp="130" pin=0"/></net>

<net id="137"><net_src comp="124" pin="2"/><net_sink comp="130" pin=1"/></net>

<net id="138"><net_src comp="20" pin="0"/><net_sink comp="130" pin=2"/></net>

<net id="139"><net_src comp="22" pin="0"/><net_sink comp="130" pin=3"/></net>

<net id="145"><net_src comp="24" pin="0"/><net_sink comp="140" pin=0"/></net>

<net id="146"><net_src comp="46" pin="2"/><net_sink comp="140" pin=1"/></net>

<net id="147"><net_src comp="26" pin="0"/><net_sink comp="140" pin=2"/></net>

<net id="152"><net_src comp="140" pin="3"/><net_sink comp="148" pin=0"/></net>

<net id="153"><net_src comp="72" pin="1"/><net_sink comp="148" pin=1"/></net>

<net id="160"><net_src comp="18" pin="0"/><net_sink comp="154" pin=0"/></net>

<net id="161"><net_src comp="148" pin="2"/><net_sink comp="154" pin=1"/></net>

<net id="162"><net_src comp="20" pin="0"/><net_sink comp="154" pin=2"/></net>

<net id="163"><net_src comp="22" pin="0"/><net_sink comp="154" pin=3"/></net>

<net id="168"><net_src comp="120" pin="1"/><net_sink comp="164" pin=0"/></net>

<net id="169"><net_src comp="68" pin="1"/><net_sink comp="164" pin=1"/></net>

<net id="178"><net_src comp="24" pin="0"/><net_sink comp="173" pin=0"/></net>

<net id="179"><net_src comp="26" pin="0"/><net_sink comp="173" pin=2"/></net>

<net id="185"><net_src comp="40" pin="0"/><net_sink comp="180" pin=0"/></net>

<net id="186"><net_src comp="42" pin="0"/><net_sink comp="180" pin=2"/></net>

<net id="190"><net_src comp="180" pin="3"/><net_sink comp="187" pin=0"/></net>

<net id="195"><net_src comp="187" pin="1"/><net_sink comp="191" pin=0"/></net>

<net id="196"><net_src comp="173" pin="3"/><net_sink comp="191" pin=1"/></net>

<net id="203"><net_src comp="18" pin="0"/><net_sink comp="197" pin=0"/></net>

<net id="204"><net_src comp="191" pin="2"/><net_sink comp="197" pin=1"/></net>

<net id="205"><net_src comp="20" pin="0"/><net_sink comp="197" pin=2"/></net>

<net id="206"><net_src comp="22" pin="0"/><net_sink comp="197" pin=3"/></net>

<net id="211"><net_src comp="173" pin="3"/><net_sink comp="207" pin=0"/></net>

<net id="212"><net_src comp="170" pin="1"/><net_sink comp="207" pin=1"/></net>

<net id="219"><net_src comp="18" pin="0"/><net_sink comp="213" pin=0"/></net>

<net id="220"><net_src comp="207" pin="2"/><net_sink comp="213" pin=1"/></net>

<net id="221"><net_src comp="20" pin="0"/><net_sink comp="213" pin=2"/></net>

<net id="222"><net_src comp="22" pin="0"/><net_sink comp="213" pin=3"/></net>

<net id="227"><net_src comp="197" pin="4"/><net_sink comp="223" pin=1"/></net>

<net id="232"><net_src comp="213" pin="4"/><net_sink comp="228" pin=1"/></net>

<net id="237"><net_src comp="44" pin="0"/><net_sink comp="233" pin=0"/></net>

<net id="238"><net_src comp="223" pin="2"/><net_sink comp="233" pin=1"/></net>

<net id="243"><net_src comp="233" pin="2"/><net_sink comp="239" pin=0"/></net>

<net id="248"><net_src comp="239" pin="2"/><net_sink comp="244" pin=0"/></net>

<net id="253"><net_src comp="244" pin="2"/><net_sink comp="249" pin=0"/></net>

<net id="254"><net_src comp="228" pin="2"/><net_sink comp="249" pin=1"/></net>

<net id="258"><net_src comp="52" pin="2"/><net_sink comp="255" pin=0"/></net>

<net id="259"><net_src comp="255" pin="1"/><net_sink comp="170" pin=0"/></net>

<net id="260"><net_src comp="255" pin="1"/><net_sink comp="173" pin=1"/></net>

<net id="261"><net_src comp="255" pin="1"/><net_sink comp="180" pin=1"/></net>

<net id="265"><net_src comp="100" pin="4"/><net_sink comp="262" pin=0"/></net>

<net id="266"><net_src comp="262" pin="1"/><net_sink comp="223" pin=0"/></net>

<net id="270"><net_src comp="130" pin="4"/><net_sink comp="267" pin=0"/></net>

<net id="271"><net_src comp="267" pin="1"/><net_sink comp="244" pin=1"/></net>

<net id="275"><net_src comp="154" pin="4"/><net_sink comp="272" pin=0"/></net>

<net id="276"><net_src comp="272" pin="1"/><net_sink comp="228" pin=0"/></net>

<net id="280"><net_src comp="164" pin="2"/><net_sink comp="277" pin=0"/></net>

<net id="281"><net_src comp="277" pin="1"/><net_sink comp="239" pin=1"/></net>

</net_list>

</model> 
---------------- Datapath Model END ------------------

* FSMD analyzer results:
  - Output states:
 - Input state : 
	Port: dense_latency<ap_fixed<8, 4, 5, 3, 0>, ap_fixed<8, 4, 5, 3, 0>, config11> : p_read | {1 }
	Port: dense_latency<ap_fixed<8, 4, 5, 3, 0>, ap_fixed<8, 4, 5, 3, 0>, config11> : p_read1 | {1 }
  - Chain level:
	State 1
		sext_ln818 : 1
		sext_ln1273_27 : 1
		sub_ln1273 : 2
		r_V_28 : 3
		trunc_ln818_30 : 4
		sext_ln818_7 : 1
		r_V_29 : 2
		trunc_ln818_32 : 3
		r_V_30 : 1
		trunc_ln818_33 : 2
		add_ln813_30 : 2
	State 2
		sext_ln1273_25 : 1
		r_V : 2
		trunc_ln : 3
		r_V_27 : 1
		trunc_ln818_29 : 2
		add_ln813 : 4
		add_ln813_31 : 3
		mrv : 5
		mrv_1 : 6
		mrv_2 : 7
		mrv_3 : 8
		ret_ln68 : 9


============================================================
+ Verbose Summary: Datapath Resource usage 
============================================================

* Functional unit list:
|----------|-----------------------|---------|---------|
| Operation|    Functional Unit    |    FF   |   LUT   |
|----------|-----------------------|---------|---------|
|          |    sub_ln1273_fu_88   |    0    |    13   |
|          |      r_V_28_fu_94     |    0    |    12   |
|    sub   |     r_V_29_fu_124     |    0    |    13   |
|          |       r_V_fu_191      |    0    |    12   |
|          |     r_V_27_fu_207     |    0    |    12   |
|----------|-----------------------|---------|---------|
|          |     r_V_30_fu_148     |    0    |    12   |
|    add   |  add_ln813_30_fu_164  |    0    |    14   |
|          |    add_ln813_fu_223   |    0    |    15   |
|          |  add_ln813_31_fu_228  |    0    |    15   |
|----------|-----------------------|---------|---------|
|   read   |  p_read13_read_fu_46  |    0    |    0    |
|          |  p_read_18_read_fu_52 |    0    |    0    |
|----------|-----------------------|---------|---------|
|          |  trunc_ln818_s_fu_58  |    0    |    0    |
|          | trunc_ln818_30_fu_100 |    0    |    0    |
|          | trunc_ln818_31_fu_110 |    0    |    0    |
|partselect| trunc_ln818_32_fu_130 |    0    |    0    |
|          | trunc_ln818_33_fu_154 |    0    |    0    |
|          |    trunc_ln_fu_197    |    0    |    0    |
|          | trunc_ln818_29_fu_213 |    0    |    0    |
|----------|-----------------------|---------|---------|
|          |    sext_ln818_fu_68   |    0    |    0    |
|          |  sext_ln1273_26_fu_72 |    0    |    0    |
|   sext   |  sext_ln1273_27_fu_84 |    0    |    0    |
|          |  sext_ln818_7_fu_120  |    0    |    0    |
|          |   sext_ln1273_fu_170  |    0    |    0    |
|          | sext_ln1273_25_fu_187 |    0    |    0    |
|----------|-----------------------|---------|---------|
|          |   shl_ln1273_7_fu_76  |    0    |    0    |
|bitconcatenate|  shl_ln1273_8_fu_140  |    0    |    0    |
|          |     shl_ln_fu_173     |    0    |    0    |
|          |  shl_ln1273_s_fu_180  |    0    |    0    |
|----------|-----------------------|---------|---------|
|          |       mrv_fu_233      |    0    |    0    |
|insertvalue|      mrv_1_fu_239     |    0    |    0    |
|          |      mrv_2_fu_244     |    0    |    0    |
|          |      mrv_3_fu_249     |    0    |    0    |
|----------|-----------------------|---------|---------|
|   Total  |                       |    0    |   118   |
|----------|-----------------------|---------|---------|

Memories:
N/A

* Register list:
+----------------------+--------+
|                      |   FF   |
+----------------------+--------+
| add_ln813_30_reg_277 |    8   |
|   p_read_18_reg_255  |    8   |
|trunc_ln818_30_reg_262|    8   |
|trunc_ln818_32_reg_267|    8   |
|trunc_ln818_33_reg_272|    8   |
+----------------------+--------+
|         Total        |   40   |
+----------------------+--------+

* Multiplexer (MUX) list: 
|--------|------|------|------|--------|
|  Comp  |  Pin | Size |  BW  | S x BW |
|--------|------|------|------|--------|
|  Total |      |      |      |    0   |
|--------|------|------|------|--------|



* Summary:
+-----------+--------+--------+
|           |   FF   |   LUT  |
+-----------+--------+--------+
|  Function |    0   |   118  |
|   Memory  |    -   |    -   |
|Multiplexer|    -   |    -   |
|  Register |   40   |    -   |
+-----------+--------+--------+
|   Total   |   40   |   118  |
+-----------+--------+--------+
