

================================================================
== Vitis HLS Report for 'dense_latency_ap_fixed_8_4_5_3_0_ap_fixed_8_4_5_3_0_config8_s'
================================================================
* Date:           Sun Mar 15 17:09:31 2026

* Version:        2022.2.2 (Build 3779808 on Feb 17 2023)
* Project:        myproject_prj
* Solution:       solution1 (Vivado IP Flow Target)
* Product family: zynq
* Target device:  xc7z020-clg484-1


================================================================
== Performance Estimates
================================================================
+ Timing: 
    * Summary: 
    +--------+---------+----------+------------+
    |  Clock |  Target | Estimated| Uncertainty|
    +--------+---------+----------+------------+
    |ap_clk  |  5.00 ns|  3.646 ns|     1.35 ns|
    +--------+---------+----------+------------+

+ Latency: 
    * Summary: 
    +---------+---------+-----------+-----------+-----+-----+---------+
    |  Latency (cycles) |   Latency (absolute)  |  Interval | Pipeline|
    |   min   |   max   |    min    |    max    | min | max |   Type  |
    +---------+---------+-----------+-----------+-----+-----+---------+
    |        2|        2|  10.000 ns|  10.000 ns|    1|    1|      yes|
    +---------+---------+-----------+-----------+-----+-----+---------+

    + Detail: 
        * Instance: 
        N/A

        * Loop: 
        N/A

============================================================
+ Verbose Summary: Synthesis Manager
============================================================
InlineROM: 1
ExposeGlobal: 0
============================================================
+ Verbose Summary: CDFG Model
============================================================
IsTopModel: 0
ResetActiveHigh: 1
IsCombinational: 0
IsDatapathOnly: 0
HasWiredReturn: 1
HasMFsm: 2
HasVarLatency: 0
IsPipeline: 1
IsRtlPipelined: 1
IsInstanceOverlapped: 0
IsDontTouch: 0
HasImplIP: 0
IsGatedGlobalClock: 0

+ Individual pipeline summary: 
  * Pipeline-0: initiation interval (II) = 1, depth = 3


============================================================
+ Verbose Summary: Schedule
============================================================
* Number of FSM states : 3
* Pipeline : 1
  Pipeline-0 : II = 1, D = 3, States = { 1 2 3 }
* Dataflow Pipeline: 0

* FSM state transitions: 
1 --> 2 
2 --> 3 
3 --> 

* FSM state operations: 

State 1 <SV = 0> <Delay = 3.64>
ST_1 : Operation 4 [1/1] (0.00ns)   --->   "%p_read_3 = read i8 @_ssdm_op_Read.ap_auto.i8, i8 %p_read3" [firmware/nnet_utils/nnet_mult.h:70]   --->   Operation 4 'read' 'p_read_3' <Predicate = true> <Delay = 0.00>
ST_1 : Operation 5 [1/1] (0.00ns)   --->   "%p_read_4 = read i8 @_ssdm_op_Read.ap_auto.i8, i8 %p_read2" [firmware/nnet_utils/nnet_mult.h:70]   --->   Operation 5 'read' 'p_read_4' <Predicate = true> <Delay = 0.00>
ST_1 : Operation 6 [1/1] (0.00ns)   --->   "%p_read_5 = read i8 @_ssdm_op_Read.ap_auto.i8, i8 %p_read1" [firmware/nnet_utils/nnet_mult.h:70]   --->   Operation 6 'read' 'p_read_5' <Predicate = true> <Delay = 0.00>
ST_1 : Operation 7 [1/1] (0.00ns)   --->   "%p_read_6 = read i8 @_ssdm_op_Read.ap_auto.i8, i8 %p_read" [firmware/nnet_utils/nnet_mult.h:70]   --->   Operation 7 'read' 'p_read_6' <Predicate = true> <Delay = 0.00>
ST_1 : Operation 8 [1/1] (0.00ns)   --->   "%shl_ln = bitconcatenate i10 @_ssdm_op_BitConcatenate.i10.i8.i2, i8 %p_read_6, i2 0"   --->   Operation 8 'bitconcatenate' 'shl_ln' <Predicate = true> <Delay = 0.00>
ST_1 : Operation 9 [1/1] (0.00ns)   --->   "%sext_ln1273 = sext i10 %shl_ln"   --->   Operation 9 'sext' 'sext_ln1273' <Predicate = true> <Delay = 0.00>
ST_1 : Operation 10 [1/1] (1.73ns)   --->   "%r_V = sub i11 0, i11 %sext_ln1273"   --->   Operation 10 'sub' 'r_V' <Predicate = true> <Delay = 1.73> <CoreInst = "Adder">   --->   Core 1 'Adder' <Latency = 0> <II = 1> <Delay = 1.73> <FuncUnit> <Opcode : 'add' 'sub'> <InPorts = 2> <OutPorts = 1>
ST_1 : Operation 11 [1/1] (0.00ns)   --->   "%trunc_ln = partselect i8 @_ssdm_op_PartSelect.i8.i11.i32.i32, i11 %r_V, i32 3, i32 10"   --->   Operation 11 'partselect' 'trunc_ln' <Predicate = true> <Delay = 0.00>
ST_1 : Operation 12 [1/1] (0.00ns)   --->   "%shl_ln1273_1 = bitconcatenate i9 @_ssdm_op_BitConcatenate.i9.i8.i1, i8 %p_read_6, i1 0"   --->   Operation 12 'bitconcatenate' 'shl_ln1273_1' <Predicate = true> <Delay = 0.00>
ST_1 : Operation 13 [1/1] (0.00ns)   --->   "%sext_ln1273_1 = sext i9 %shl_ln1273_1"   --->   Operation 13 'sext' 'sext_ln1273_1' <Predicate = true> <Delay = 0.00>
ST_1 : Operation 14 [1/1] (1.82ns)   --->   "%r_V_1 = sub i10 0, i10 %sext_ln1273_1"   --->   Operation 14 'sub' 'r_V_1' <Predicate = true> <Delay = 1.82> <CoreInst = "Adder">   --->   Core 1 'Adder' <Latency = 0> <II = 1> <Delay = 1.82> <FuncUnit> <Opcode : 'add' 'sub'> <InPorts = 2> <OutPorts = 1>
ST_1 : Operation 15 [1/1] (0.00ns)   --->   "%trunc_ln818_2 = partselect i7 @_ssdm_op_PartSelect.i7.i10.i32.i32, i10 %r_V_1, i32 3, i32 9"   --->   Operation 15 'partselect' 'trunc_ln818_2' <Predicate = true> <Delay = 0.00>
ST_1 : Operation 16 [1/1] (0.00ns)   --->   "%trunc_ln818_5 = partselect i7 @_ssdm_op_PartSelect.i7.i8.i32.i32, i8 %p_read_4, i32 1, i32 7"   --->   Operation 16 'partselect' 'trunc_ln818_5' <Predicate = true> <Delay = 0.00>
ST_1 : Operation 17 [1/1] (0.00ns)   --->   "%sext_ln818 = sext i7 %trunc_ln818_5"   --->   Operation 17 'sext' 'sext_ln818' <Predicate = true> <Delay = 0.00>
ST_1 : Operation 18 [1/1] (0.00ns)   --->   "%trunc_ln818_6 = partselect i6 @_ssdm_op_PartSelect.i6.i8.i32.i32, i8 %p_read_3, i32 2, i32 7"   --->   Operation 18 'partselect' 'trunc_ln818_6' <Predicate = true> <Delay = 0.00>
ST_1 : Operation 19 [1/1] (0.00ns)   --->   "%sext_ln818_1 = sext i6 %trunc_ln818_6"   --->   Operation 19 'sext' 'sext_ln818_1' <Predicate = true> <Delay = 0.00>
ST_1 : Operation 20 [1/1] (0.00ns)   --->   "%shl_ln1273_4 = bitconcatenate i11 @_ssdm_op_BitConcatenate.i11.i8.i3, i8 %p_read_3, i3 0"   --->   Operation 20 'bitconcatenate' 'shl_ln1273_4' <Predicate = true> <Delay = 0.00>
ST_1 : Operation 21 [1/1] (0.00ns)   --->   "%shl_ln1273_5 = bitconcatenate i9 @_ssdm_op_BitConcatenate.i9.i8.i1, i8 %p_read_3, i1 0"   --->   Operation 21 'bitconcatenate' 'shl_ln1273_5' <Predicate = true> <Delay = 0.00>
ST_1 : Operation 22 [1/1] (0.00ns)   --->   "%sext_ln1273_4 = sext i9 %shl_ln1273_5"   --->   Operation 22 'sext' 'sext_ln1273_4' <Predicate = true> <Delay = 0.00>
ST_1 : Operation 23 [1/1] (1.63ns)   --->   "%r_V_4 = sub i11 %shl_ln1273_4, i11 %sext_ln1273_4"   --->   Operation 23 'sub' 'r_V_4' <Predicate = true> <Delay = 1.63> <CoreInst = "Adder">   --->   Core 1 'Adder' <Latency = 0> <II = 1> <Delay = 1.63> <FuncUnit> <Opcode : 'add' 'sub'> <InPorts = 2> <OutPorts = 1>
ST_1 : Operation 24 [1/1] (0.00ns)   --->   "%trunc_ln818_7 = partselect i8 @_ssdm_op_PartSelect.i8.i11.i32.i32, i11 %r_V_4, i32 3, i32 10"   --->   Operation 24 'partselect' 'trunc_ln818_7' <Predicate = true> <Delay = 0.00>
ST_1 : Operation 25 [1/1] (1.91ns)   --->   "%add_ln813 = add i8 %trunc_ln, i8 %sext_ln818_1"   --->   Operation 25 'add' 'add_ln813' <Predicate = true> <Delay = 1.91> <CoreInst = "Adder">   --->   Core 1 'Adder' <Latency = 0> <II = 1> <Delay = 1.91> <FuncUnit> <Opcode : 'add' 'sub'> <InPorts = 2> <OutPorts = 1>
ST_1 : Operation 26 [1/1] (1.91ns)   --->   "%add_ln813_3 = add i8 %trunc_ln818_7, i8 %sext_ln818"   --->   Operation 26 'add' 'add_ln813_3' <Predicate = true> <Delay = 1.91> <CoreInst = "Adder">   --->   Core 1 'Adder' <Latency = 0> <II = 1> <Delay = 1.91> <FuncUnit> <Opcode : 'add' 'sub'> <InPorts = 2> <OutPorts = 1>

State 2 <SV = 1> <Delay = 3.64>
ST_2 : Operation 27 [1/1] (0.00ns)   --->   "%sext_ln818_2 = sext i7 %trunc_ln818_2"   --->   Operation 27 'sext' 'sext_ln818_2' <Predicate = true> <Delay = 0.00>
ST_2 : Operation 28 [1/1] (0.00ns)   --->   "%sext_ln70 = sext i8 %p_read_5" [firmware/nnet_utils/nnet_mult.h:70]   --->   Operation 28 'sext' 'sext_ln70' <Predicate = true> <Delay = 0.00>
ST_2 : Operation 29 [1/1] (0.00ns)   --->   "%shl_ln1273_2 = bitconcatenate i11 @_ssdm_op_BitConcatenate.i11.i8.i3, i8 %p_read_5, i3 0"   --->   Operation 29 'bitconcatenate' 'shl_ln1273_2' <Predicate = true> <Delay = 0.00>
ST_2 : Operation 30 [1/1] (1.63ns)   --->   "%r_V_2 = sub i11 %shl_ln1273_2, i11 %sext_ln70"   --->   Operation 30 'sub' 'r_V_2' <Predicate = true> <Delay = 1.63> <CoreInst = "Adder">   --->   Core 1 'Adder' <Latency = 0> <II = 1> <Delay = 1.63> <FuncUnit> <Opcode : 'add' 'sub'> <InPorts = 2> <OutPorts = 1>
ST_2 : Operation 31 [1/1] (0.00ns)   --->   "%trunc_ln818_3 = partselect i8 @_ssdm_op_PartSelect.i8.i11.i32.i32, i11 %r_V_2, i32 3, i32 10"   --->   Operation 31 'partselect' 'trunc_ln818_3' <Predicate = true> <Delay = 0.00>
ST_2 : Operation 32 [1/1] (0.00ns)   --->   "%sext_ln1273_2 = sext i8 %p_read_4"   --->   Operation 32 'sext' 'sext_ln1273_2' <Predicate = true> <Delay = 0.00>
ST_2 : Operation 33 [1/1] (0.00ns)   --->   "%shl_ln1273_3 = bitconcatenate i10 @_ssdm_op_BitConcatenate.i10.i8.i2, i8 %p_read_4, i2 0"   --->   Operation 33 'bitconcatenate' 'shl_ln1273_3' <Predicate = true> <Delay = 0.00>
ST_2 : Operation 34 [1/1] (0.00ns)   --->   "%sext_ln1273_3 = sext i10 %shl_ln1273_3"   --->   Operation 34 'sext' 'sext_ln1273_3' <Predicate = true> <Delay = 0.00>
ST_2 : Operation 35 [1/1] (1.73ns)   --->   "%r_V_3 = add i11 %sext_ln1273_3, i11 %sext_ln1273_2"   --->   Operation 35 'add' 'r_V_3' <Predicate = true> <Delay = 1.73> <CoreInst = "Adder">   --->   Core 1 'Adder' <Latency = 0> <II = 1> <Delay = 1.73> <FuncUnit> <Opcode : 'add' 'sub'> <InPorts = 2> <OutPorts = 1>
ST_2 : Operation 36 [1/1] (0.00ns)   --->   "%trunc_ln818_4 = partselect i8 @_ssdm_op_PartSelect.i8.i11.i32.i32, i11 %r_V_3, i32 3, i32 10"   --->   Operation 36 'partselect' 'trunc_ln818_4' <Predicate = true> <Delay = 0.00>
ST_2 : Operation 37 [1/1] (1.91ns)   --->   "%add_ln813_1 = add i8 %add_ln813, i8 %trunc_ln818_4"   --->   Operation 37 'add' 'add_ln813_1' <Predicate = true> <Delay = 1.91> <CoreInst = "Adder">   --->   Core 1 'Adder' <Latency = 0> <II = 1> <Delay = 1.91> <FuncUnit> <Opcode : 'add' 'sub'> <InPorts = 2> <OutPorts = 1>
ST_2 : Operation 38 [1/1] (1.91ns)   --->   "%add_ln813_2 = add i8 %trunc_ln818_3, i8 %sext_ln818_2"   --->   Operation 38 'add' 'add_ln813_2' <Predicate = true> <Delay = 1.91> <CoreInst = "Adder">   --->   Core 1 'Adder' <Latency = 0> <II = 1> <Delay = 1.91> <FuncUnit> <Opcode : 'add' 'sub'> <InPorts = 2> <OutPorts = 1>

State 3 <SV = 2> <Delay = 1.91>
ST_3 : Operation 39 [1/1] (0.00ns)   --->   "%specpipeline_ln33 = specpipeline void @_ssdm_op_SpecPipeline, i32 1, i32 0, i32 0, i32 0, void @empty_0" [firmware/nnet_utils/nnet_dense_latency.h:33]   --->   Operation 39 'specpipeline' 'specpipeline_ln33' <Predicate = true> <Delay = 0.00>
ST_3 : Operation 40 [1/1] (0.00ns)   --->   "%specresourcelimit_ln33 = specresourcelimit void @_ssdm_op_SpecResourceLimit, i64 7, void @empty_1, void @empty_0, void @empty_0, void @empty_0" [firmware/nnet_utils/nnet_dense_latency.h:33]   --->   Operation 40 'specresourcelimit' 'specresourcelimit_ln33' <Predicate = true> <Delay = 0.00>
ST_3 : Operation 41 [1/1] (1.91ns)   --->   "%add_ln813_4 = add i8 %add_ln813_3, i8 %add_ln813_2"   --->   Operation 41 'add' 'add_ln813_4' <Predicate = true> <Delay = 1.91> <CoreInst = "Adder">   --->   Core 1 'Adder' <Latency = 0> <II = 1> <Delay = 1.91> <FuncUnit> <Opcode : 'add' 'sub'> <InPorts = 2> <OutPorts = 1>
ST_3 : Operation 42 [1/1] (0.00ns)   --->   "%mrv = insertvalue i16 <undef>, i8 %add_ln813_1" [firmware/nnet_utils/nnet_dense_latency.h:68]   --->   Operation 42 'insertvalue' 'mrv' <Predicate = true> <Delay = 0.00>
ST_3 : Operation 43 [1/1] (0.00ns)   --->   "%mrv_1 = insertvalue i16 %mrv, i8 %add_ln813_4" [firmware/nnet_utils/nnet_dense_latency.h:68]   --->   Operation 43 'insertvalue' 'mrv_1' <Predicate = true> <Delay = 0.00>
ST_3 : Operation 44 [1/1] (0.00ns)   --->   "%ret_ln68 = ret i16 %mrv_1" [firmware/nnet_utils/nnet_dense_latency.h:68]   --->   Operation 44 'ret' 'ret_ln68' <Predicate = true> <Delay = 0.00>


============================================================
+ Verbose Summary: Binding
============================================================
STG Binding: 
---------------- STG Properties BEGIN ----------------
- Is combinational: 0
- Is one-state seq: 0
- Is datapath-only: 1
- Is pipelined: 1
- Is top level: 0
Port [ Return ] is wired: 1; IO mode=ap_ctrl_hs:ce=0
Port [ p_read]:  wired=1; compound=0; hidden=0; nouse=0; global=0; static=0; extern=0; dir=0; type=0; pingpong=0; private_global=0; IO mode=ap_none:ce=0
Port [ p_read1]:  wired=1; compound=0; hidden=0; nouse=0; global=0; static=0; extern=0; dir=0; type=0; pingpong=0; private_global=0; IO mode=ap_none:ce=0
Port [ p_read2]:  wired=1; compound=0; hidden=0; nouse=0; global=0; static=0; extern=0; dir=0; type=0; pingpong=0; private_global=0; IO mode=ap_none:ce=0
Port [ p_read3]:  wired=1; compound=0; hidden=0; nouse=0; global=0; static=0; extern=0; dir=0; type=0; pingpong=0; private_global=0; IO mode=ap_none:ce=0
---------------- STG Properties END ------------------

---------------- Datapath Model BEGIN ----------------

<LifeTime>
<method=bitvector/>
p_read_3               (read             ) [ 0000]
p_read_4               (read             ) [ 0110]
p_read_5               (read             ) [ 0110]
p_read_6               (read             ) [ 0000]
shl_ln                 (bitconcatenate   ) [ 0000]
sext_ln1273            (sext             ) [ 0000]
r_V                    (sub              ) [ 0000]
trunc_ln               (partselect       ) [ 0000]
shl_ln1273_1           (bitconcatenate   ) [ 0000]
sext_ln1273_1          (sext             ) [ 0000]
r_V_1                  (sub              ) [ 0000]
trunc_ln818_2          (partselect       ) [ 0110]
trunc_ln818_5          (partselect       ) [ 0000]
sext_ln818             (sext             ) [ 0000]
trunc_ln818_6          (partselect       ) [ 0000]
sext_ln818_1           (sext             ) [ 0000]
shl_ln1273_4           (bitconcatenate   ) [ 0000]
shl_ln1273_5           (bitconcatenate   ) [ 0000]
sext_ln1273_4          (sext             ) [ 0000]
r_V_4                  (sub              ) [ 0000]
trunc_ln818_7          (partselect       ) [ 0000]
add_ln813              (add              ) [ 0110]
add_ln813_3            (add              ) [ 0111]
sext_ln818_2           (sext             ) [ 0000]
sext_ln70              (sext             ) [ 0000]
shl_ln1273_2           (bitconcatenate   ) [ 0000]
r_V_2                  (sub              ) [ 0000]
trunc_ln818_3          (partselect       ) [ 0000]
sext_ln1273_2          (sext             ) [ 0000]
shl_ln1273_3           (bitconcatenate   ) [ 0000]
sext_ln1273_3          (sext             ) [ 0000]
r_V_3                  (add              ) [ 0000]
trunc_ln818_4          (partselect       ) [ 0000]
add_ln813_1            (add              ) [ 0101]
add_ln813_2            (add              ) [ 0101]
specpipeline_ln33      (specpipeline     ) [ 0000]
specresourcelimit_ln33 (specresourcelimit) [ 0000]
add_ln813_4            (add              ) [ 0000]
mrv                    (insertvalue      ) [ 0000]
mrv_1                  (insertvalue      ) [ 0000]
ret_ln68               (ret              ) [ 0000]
</LifeTime>

<model>

<comp_list>
<comp id="0" class="1000" name="p_read">
<pin_list>
<pin id="1" dir="1" index="0" bw="1" slack="0"/>
</pin_list>
<bind>
<StgValue><ssdm name="p_read"/></StgValue>
</bind>
</comp>

<comp id="2" class="1000" name="p_read1">
<pin_list>
<pin id="3" dir="1" index="0" bw="1" slack="0"/>
</pin_list>
<bind>
<StgValue><ssdm name="p_read1"/></StgValue>
</bind>
</comp>

<comp id="4" class="1000" name="p_read2">
<pin_list>
<pin id="5" dir="1" index="0" bw="1" slack="0"/>
</pin_list>
<bind>
<StgValue><ssdm name="p_read2"/></StgValue>
</bind>
</comp>

<comp id="6" class="1000" name="p_read3">
<pin_list>
<pin id="7" dir="1" index="0" bw="1" slack="0"/>
</pin_list>
<bind>
<StgValue><ssdm name="p_read3"/></StgValue>
</bind>
</comp>

<comp id="8" class="1001" name="const_8">
<pin_list>
<pin id="9" dir="1" index="0" bw="1" slack="0"/>
</pin_list>
<bind>
<StgValue><ssdm name="_ssdm_op_Read.ap_auto.i8"/></StgValue>
</bind>
</comp>

<comp id="10" class="1001" name="const_10">
<pin_list>
<pin id="11" dir="1" index="0" bw="1" slack="0"/>
</pin_list>
<bind>
<StgValue><ssdm name="_ssdm_op_BitConcatenate.i10.i8.i2"/></StgValue>
</bind>
</comp>

<comp id="12" class="1001" name="const_12">
<pin_list>
<pin id="13" dir="1" index="0" bw="1" slack="0"/>
</pin_list>
<bind>
<StgValue><ssdm name=""/></StgValue>
</bind>
</comp>

<comp id="14" class="1001" name="const_14">
<pin_list>
<pin id="15" dir="1" index="0" bw="1" slack="0"/>
</pin_list>
<bind>
<StgValue><ssdm name=""/></StgValue>
</bind>
</comp>

<comp id="16" class="1001" name="const_16">
<pin_list>
<pin id="17" dir="1" index="0" bw="1" slack="0"/>
</pin_list>
<bind>
<StgValue><ssdm name="_ssdm_op_PartSelect.i8.i11.i32.i32"/></StgValue>
</bind>
</comp>

<comp id="18" class="1001" name="const_18">
<pin_list>
<pin id="19" dir="1" index="0" bw="1" slack="0"/>
</pin_list>
<bind>
<StgValue><ssdm name=""/></StgValue>
</bind>
</comp>

<comp id="20" class="1001" name="const_20">
<pin_list>
<pin id="21" dir="1" index="0" bw="1" slack="0"/>
</pin_list>
<bind>
<StgValue><ssdm name=""/></StgValue>
</bind>
</comp>

<comp id="22" class="1001" name="const_22">
<pin_list>
<pin id="23" dir="1" index="0" bw="1" slack="0"/>
</pin_list>
<bind>
<StgValue><ssdm name="_ssdm_op_BitConcatenate.i9.i8.i1"/></StgValue>
</bind>
</comp>

<comp id="24" class="1001" name="const_24">
<pin_list>
<pin id="25" dir="1" index="0" bw="1" slack="0"/>
</pin_list>
<bind>
<StgValue><ssdm name=""/></StgValue>
</bind>
</comp>

<comp id="26" class="1001" name="const_26">
<pin_list>
<pin id="27" dir="1" index="0" bw="1" slack="0"/>
</pin_list>
<bind>
<StgValue><ssdm name=""/></StgValue>
</bind>
</comp>

<comp id="28" class="1001" name="const_28">
<pin_list>
<pin id="29" dir="1" index="0" bw="1" slack="0"/>
</pin_list>
<bind>
<StgValue><ssdm name="_ssdm_op_PartSelect.i7.i10.i32.i32"/></StgValue>
</bind>
</comp>

<comp id="30" class="1001" name="const_30">
<pin_list>
<pin id="31" dir="1" index="0" bw="1" slack="0"/>
</pin_list>
<bind>
<StgValue><ssdm name=""/></StgValue>
</bind>
</comp>

<comp id="32" class="1001" name="const_32">
<pin_list>
<pin id="33" dir="1" index="0" bw="1" slack="0"/>
</pin_list>
<bind>
<StgValue><ssdm name="_ssdm_op_PartSelect.i7.i8.i32.i32"/></StgValue>
</bind>
</comp>

<comp id="34" class="1001" name="const_34">
<pin_list>
<pin id="35" dir="1" index="0" bw="1" slack="0"/>
</pin_list>
<bind>
<StgValue><ssdm name=""/></StgValue>
</bind>
</comp>

<comp id="36" class="1001" name="const_36">
<pin_list>
<pin id="37" dir="1" index="0" bw="1" slack="0"/>
</pin_list>
<bind>
<StgValue><ssdm name=""/></StgValue>
</bind>
</comp>

<comp id="38" class="1001" name="const_38">
<pin_list>
<pin id="39" dir="1" index="0" bw="1" slack="0"/>
</pin_list>
<bind>
<StgValue><ssdm name="_ssdm_op_PartSelect.i6.i8.i32.i32"/></StgValue>
</bind>
</comp>

<comp id="40" class="1001" name="const_40">
<pin_list>
<pin id="41" dir="1" index="0" bw="1" slack="0"/>
</pin_list>
<bind>
<StgValue><ssdm name=""/></StgValue>
</bind>
</comp>

<comp id="42" class="1001" name="const_42">
<pin_list>
<pin id="43" dir="1" index="0" bw="1" slack="0"/>
</pin_list>
<bind>
<StgValue><ssdm name="_ssdm_op_BitConcatenate.i11.i8.i3"/></StgValue>
</bind>
</comp>

<comp id="44" class="1001" name="const_44">
<pin_list>
<pin id="45" dir="1" index="0" bw="1" slack="0"/>
</pin_list>
<bind>
<StgValue><ssdm name=""/></StgValue>
</bind>
</comp>

<comp id="46" class="1001" name="const_46">
<pin_list>
<pin id="47" dir="1" index="0" bw="1" slack="2147483647"/>
</pin_list>
<bind>
<StgValue><ssdm name="_ssdm_op_SpecPipeline"/></StgValue>
</bind>
</comp>

<comp id="48" class="1001" name="const_48">
<pin_list>
<pin id="49" dir="1" index="0" bw="1" slack="2147483647"/>
</pin_list>
<bind>
<StgValue><ssdm name=""/></StgValue>
</bind>
</comp>

<comp id="50" class="1001" name="const_50">
<pin_list>
<pin id="51" dir="1" index="0" bw="1" slack="2147483647"/>
</pin_list>
<bind>
<StgValue><ssdm name="empty_0"/></StgValue>
</bind>
</comp>

<comp id="52" class="1001" name="const_52">
<pin_list>
<pin id="53" dir="1" index="0" bw="1" slack="2147483647"/>
</pin_list>
<bind>
<StgValue><ssdm name="_ssdm_op_SpecResourceLimit"/></StgValue>
</bind>
</comp>

<comp id="54" class="1001" name="const_54">
<pin_list>
<pin id="55" dir="1" index="0" bw="1" slack="2147483647"/>
</pin_list>
<bind>
<StgValue><ssdm name=""/></StgValue>
</bind>
</comp>

<comp id="56" class="1001" name="const_56">
<pin_list>
<pin id="57" dir="1" index="0" bw="1" slack="2147483647"/>
</pin_list>
<bind>
<StgValue><ssdm name="empty_1"/></StgValue>
</bind>
</comp>

<comp id="58" class="1001" name="const_58">
<pin_list>
<pin id="59" dir="1" index="0" bw="1" slack="0"/>
</pin_list>
<bind>
<StgValue><ssdm name=""/></StgValue>
</bind>
</comp>

<comp id="60" class="1004" name="p_read_3_read_fu_60">
<pin_list>
<pin id="61" dir="0" index="0" bw="8" slack="0"/>
<pin id="62" dir="0" index="1" bw="8" slack="0"/>
<pin id="63" dir="1" index="2" bw="8" slack="0"/>
</pin_list>
<bind>
<opcode="read(1150) " fcode="read"/>
<opset="p_read_3/1 "/>
</bind>
</comp>

<comp id="66" class="1004" name="p_read_4_read_fu_66">
<pin_list>
<pin id="67" dir="0" index="0" bw="8" slack="0"/>
<pin id="68" dir="0" index="1" bw="8" slack="0"/>
<pin id="69" dir="1" index="2" bw="8" slack="0"/>
</pin_list>
<bind>
<opcode="read(1150) " fcode="read"/>
<opset="p_read_4/1 "/>
</bind>
</comp>

<comp id="72" class="1004" name="p_read_5_read_fu_72">
<pin_list>
<pin id="73" dir="0" index="0" bw="8" slack="0"/>
<pin id="74" dir="0" index="1" bw="8" slack="0"/>
<pin id="75" dir="1" index="2" bw="8" slack="1"/>
</pin_list>
<bind>
<opcode="read(1150) " fcode="read"/>
<opset="p_read_5/1 "/>
</bind>
</comp>

<comp id="78" class="1004" name="p_read_6_read_fu_78">
<pin_list>
<pin id="79" dir="0" index="0" bw="8" slack="0"/>
<pin id="80" dir="0" index="1" bw="8" slack="0"/>
<pin id="81" dir="1" index="2" bw="8" slack="0"/>
</pin_list>
<bind>
<opcode="read(1150) " fcode="read"/>
<opset="p_read_6/1 "/>
</bind>
</comp>

<comp id="84" class="1004" name="shl_ln_fu_84">
<pin_list>
<pin id="85" dir="0" index="0" bw="10" slack="0"/>
<pin id="86" dir="0" index="1" bw="8" slack="0"/>
<pin id="87" dir="0" index="2" bw="1" slack="0"/>
<pin id="88" dir="1" index="3" bw="10" slack="0"/>
</pin_list>
<bind>
<opcode="bitconcatenate(1004) " fcode="bitconcatenate"/>
<opset="shl_ln/1 "/>
</bind>
</comp>

<comp id="92" class="1004" name="sext_ln1273_fu_92">
<pin_list>
<pin id="93" dir="0" index="0" bw="10" slack="0"/>
<pin id="94" dir="1" index="1" bw="11" slack="0"/>
</pin_list>
<bind>
<opcode="sext(35) " fcode="sext"/>
<opset="sext_ln1273/1 "/>
</bind>
</comp>

<comp id="96" class="1004" name="r_V_fu_96">
<pin_list>
<pin id="97" dir="0" index="0" bw="1" slack="0"/>
<pin id="98" dir="0" index="1" bw="10" slack="0"/>
<pin id="99" dir="1" index="2" bw="11" slack="0"/>
</pin_list>
<bind>
<opcode="sub(10) " fcode="sub"/>
<opset="r_V/1 "/>
</bind>
</comp>

<comp id="102" class="1004" name="trunc_ln_fu_102">
<pin_list>
<pin id="103" dir="0" index="0" bw="8" slack="0"/>
<pin id="104" dir="0" index="1" bw="11" slack="0"/>
<pin id="105" dir="0" index="2" bw="3" slack="0"/>
<pin id="106" dir="0" index="3" bw="5" slack="0"/>
<pin id="107" dir="1" index="4" bw="8" slack="0"/>
</pin_list>
<bind>
<opcode="partselect(1002) " fcode="partselect"/>
<opset="trunc_ln/1 "/>
</bind>
</comp>

<comp id="112" class="1004" name="shl_ln1273_1_fu_112">
<pin_list>
<pin id="113" dir="0" index="0" bw="9" slack="0"/>
<pin id="114" dir="0" index="1" bw="8" slack="0"/>
<pin id="115" dir="0" index="2" bw="1" slack="0"/>
<pin id="116" dir="1" index="3" bw="9" slack="0"/>
</pin_list>
<bind>
<opcode="bitconcatenate(1004) " fcode="bitconcatenate"/>
<opset="shl_ln1273_1/1 "/>
</bind>
</comp>

<comp id="120" class="1004" name="sext_ln1273_1_fu_120">
<pin_list>
<pin id="121" dir="0" index="0" bw="9" slack="0"/>
<pin id="122" dir="1" index="1" bw="10" slack="0"/>
</pin_list>
<bind>
<opcode="sext(35) " fcode="sext"/>
<opset="sext_ln1273_1/1 "/>
</bind>
</comp>

<comp id="124" class="1004" name="r_V_1_fu_124">
<pin_list>
<pin id="125" dir="0" index="0" bw="1" slack="0"/>
<pin id="126" dir="0" index="1" bw="9" slack="0"/>
<pin id="127" dir="1" index="2" bw="10" slack="0"/>
</pin_list>
<bind>
<opcode="sub(10) " fcode="sub"/>
<opset="r_V_1/1 "/>
</bind>
</comp>

<comp id="130" class="1004" name="trunc_ln818_2_fu_130">
<pin_list>
<pin id="131" dir="0" index="0" bw="7" slack="0"/>
<pin id="132" dir="0" index="1" bw="10" slack="0"/>
<pin id="133" dir="0" index="2" bw="3" slack="0"/>
<pin id="134" dir="0" index="3" bw="5" slack="0"/>
<pin id="135" dir="1" index="4" bw="7" slack="1"/>
</pin_list>
<bind>
<opcode="partselect(1002) " fcode="partselect"/>
<opset="trunc_ln818_2/1 "/>
</bind>
</comp>

<comp id="140" class="1004" name="trunc_ln818_5_fu_140">
<pin_list>
<pin id="141" dir="0" index="0" bw="7" slack="0"/>
<pin id="142" dir="0" index="1" bw="8" slack="0"/>
<pin id="143" dir="0" index="2" bw="1" slack="0"/>
<pin id="144" dir="0" index="3" bw="4" slack="0"/>
<pin id="145" dir="1" index="4" bw="7" slack="0"/>
</pin_list>
<bind>
<opcode="partselect(1002) " fcode="partselect"/>
<opset="trunc_ln818_5/1 "/>
</bind>
</comp>

<comp id="150" class="1004" name="sext_ln818_fu_150">
<pin_list>
<pin id="151" dir="0" index="0" bw="7" slack="0"/>
<pin id="152" dir="1" index="1" bw="8" slack="0"/>
</pin_list>
<bind>
<opcode="sext(35) " fcode="sext"/>
<opset="sext_ln818/1 "/>
</bind>
</comp>

<comp id="154" class="1004" name="trunc_ln818_6_fu_154">
<pin_list>
<pin id="155" dir="0" index="0" bw="6" slack="0"/>
<pin id="156" dir="0" index="1" bw="8" slack="0"/>
<pin id="157" dir="0" index="2" bw="3" slack="0"/>
<pin id="158" dir="0" index="3" bw="4" slack="0"/>
<pin id="159" dir="1" index="4" bw="6" slack="0"/>
</pin_list>
<bind>
<opcode="partselect(1002) " fcode="partselect"/>
<opset="trunc_ln818_6/1 "/>
</bind>
</comp>

<comp id="164" class="1004" name="sext_ln818_1_fu_164">
<pin_list>
<pin id="165" dir="0" index="0" bw="6" slack="0"/>
<pin id="166" dir="1" index="1" bw="8" slack="0"/>
</pin_list>
<bind>
<opcode="sext(35) " fcode="sext"/>
<opset="sext_ln818_1/1 "/>
</bind>
</comp>

<comp id="168" class="1004" name="shl_ln1273_4_fu_168">
<pin_list>
<pin id="169" dir="0" index="0" bw="11" slack="0"/>
<pin id="170" dir="0" index="1" bw="8" slack="0"/>
<pin id="171" dir="0" index="2" bw="1" slack="0"/>
<pin id="172" dir="1" index="3" bw="11" slack="0"/>
</pin_list>
<bind>
<opcode="bitconcatenate(1004) " fcode="bitconcatenate"/>
<opset="shl_ln1273_4/1 "/>
</bind>
</comp>

<comp id="176" class="1004" name="shl_ln1273_5_fu_176">
<pin_list>
<pin id="177" dir="0" index="0" bw="9" slack="0"/>
<pin id="178" dir="0" index="1" bw="8" slack="0"/>
<pin id="179" dir="0" index="2" bw="1" slack="0"/>
<pin id="180" dir="1" index="3" bw="9" slack="0"/>
</pin_list>
<bind>
<opcode="bitconcatenate(1004) " fcode="bitconcatenate"/>
<opset="shl_ln1273_5/1 "/>
</bind>
</comp>

<comp id="184" class="1004" name="sext_ln1273_4_fu_184">
<pin_list>
<pin id="185" dir="0" index="0" bw="9" slack="0"/>
<pin id="186" dir="1" index="1" bw="11" slack="0"/>
</pin_list>
<bind>
<opcode="sext(35) " fcode="sext"/>
<opset="sext_ln1273_4/1 "/>
</bind>
</comp>

<comp id="188" class="1004" name="r_V_4_fu_188">
<pin_list>
<pin id="189" dir="0" index="0" bw="11" slack="0"/>
<pin id="190" dir="0" index="1" bw="9" slack="0"/>
<pin id="191" dir="1" index="2" bw="11" slack="0"/>
</pin_list>
<bind>
<opcode="sub(10) " fcode="sub"/>
<opset="r_V_4/1 "/>
</bind>
</comp>

<comp id="194" class="1004" name="trunc_ln818_7_fu_194">
<pin_list>
<pin id="195" dir="0" index="0" bw="8" slack="0"/>
<pin id="196" dir="0" index="1" bw="11" slack="0"/>
<pin id="197" dir="0" index="2" bw="3" slack="0"/>
<pin id="198" dir="0" index="3" bw="5" slack="0"/>
<pin id="199" dir="1" index="4" bw="8" slack="0"/>
</pin_list>
<bind>
<opcode="partselect(1002) " fcode="partselect"/>
<opset="trunc_ln818_7/1 "/>
</bind>
</comp>

<comp id="204" class="1004" name="add_ln813_fu_204">
<pin_list>
<pin id="205" dir="0" index="0" bw="8" slack="0"/>
<pin id="206" dir="0" index="1" bw="6" slack="0"/>
<pin id="207" dir="1" index="2" bw="8" slack="1"/>
</pin_list>
<bind>
<opcode="add(8) " fcode="add"/>
<opset="add_ln813/1 "/>
</bind>
</comp>

<comp id="210" class="1004" name="add_ln813_3_fu_210">
<pin_list>
<pin id="211" dir="0" index="0" bw="8" slack="0"/>
<pin id="212" dir="0" index="1" bw="7" slack="0"/>
<pin id="213" dir="1" index="2" bw="8" slack="2"/>
</pin_list>
<bind>
<opcode="add(8) " fcode="add"/>
<opset="add_ln813_3/1 "/>
</bind>
</comp>

<comp id="216" class="1004" name="sext_ln818_2_fu_216">
<pin_list>
<pin id="217" dir="0" index="0" bw="7" slack="1"/>
<pin id="218" dir="1" index="1" bw="8" slack="0"/>
</pin_list>
<bind>
<opcode="sext(35) " fcode="sext"/>
<opset="sext_ln818_2/2 "/>
</bind>
</comp>

<comp id="219" class="1004" name="sext_ln70_fu_219">
<pin_list>
<pin id="220" dir="0" index="0" bw="8" slack="1"/>
<pin id="221" dir="1" index="1" bw="11" slack="0"/>
</pin_list>
<bind>
<opcode="sext(35) " fcode="sext"/>
<opset="sext_ln70/2 "/>
</bind>
</comp>

<comp id="222" class="1004" name="shl_ln1273_2_fu_222">
<pin_list>
<pin id="223" dir="0" index="0" bw="11" slack="0"/>
<pin id="224" dir="0" index="1" bw="8" slack="1"/>
<pin id="225" dir="0" index="2" bw="1" slack="0"/>
<pin id="226" dir="1" index="3" bw="11" slack="0"/>
</pin_list>
<bind>
<opcode="bitconcatenate(1004) " fcode="bitconcatenate"/>
<opset="shl_ln1273_2/2 "/>
</bind>
</comp>

<comp id="229" class="1004" name="r_V_2_fu_229">
<pin_list>
<pin id="230" dir="0" index="0" bw="11" slack="0"/>
<pin id="231" dir="0" index="1" bw="8" slack="0"/>
<pin id="232" dir="1" index="2" bw="11" slack="0"/>
</pin_list>
<bind>
<opcode="sub(10) " fcode="sub"/>
<opset="r_V_2/2 "/>
</bind>
</comp>

<comp id="235" class="1004" name="trunc_ln818_3_fu_235">
<pin_list>
<pin id="236" dir="0" index="0" bw="8" slack="0"/>
<pin id="237" dir="0" index="1" bw="11" slack="0"/>
<pin id="238" dir="0" index="2" bw="3" slack="0"/>
<pin id="239" dir="0" index="3" bw="5" slack="0"/>
<pin id="240" dir="1" index="4" bw="8" slack="0"/>
</pin_list>
<bind>
<opcode="partselect(1002) " fcode="partselect"/>
<opset="trunc_ln818_3/2 "/>
</bind>
</comp>

<comp id="245" class="1004" name="sext_ln1273_2_fu_245">
<pin_list>
<pin id="246" dir="0" index="0" bw="8" slack="1"/>
<pin id="247" dir="1" index="1" bw="11" slack="0"/>
</pin_list>
<bind>
<opcode="sext(35) " fcode="sext"/>
<opset="sext_ln1273_2/2 "/>
</bind>
</comp>

<comp id="248" class="1004" name="shl_ln1273_3_fu_248">
<pin_list>
<pin id="249" dir="0" index="0" bw="10" slack="0"/>
<pin id="250" dir="0" index="1" bw="8" slack="1"/>
<pin id="251" dir="0" index="2" bw="1" slack="0"/>
<pin id="252" dir="1" index="3" bw="10" slack="0"/>
</pin_list>
<bind>
<opcode="bitconcatenate(1004) " fcode="bitconcatenate"/>
<opset="shl_ln1273_3/2 "/>
</bind>
</comp>

<comp id="255" class="1004" name="sext_ln1273_3_fu_255">
<pin_list>
<pin id="256" dir="0" index="0" bw="10" slack="0"/>
<pin id="257" dir="1" index="1" bw="11" slack="0"/>
</pin_list>
<bind>
<opcode="sext(35) " fcode="sext"/>
<opset="sext_ln1273_3/2 "/>
</bind>
</comp>

<comp id="259" class="1004" name="r_V_3_fu_259">
<pin_list>
<pin id="260" dir="0" index="0" bw="10" slack="0"/>
<pin id="261" dir="0" index="1" bw="8" slack="0"/>
<pin id="262" dir="1" index="2" bw="11" slack="0"/>
</pin_list>
<bind>
<opcode="add(8) " fcode="add"/>
<opset="r_V_3/2 "/>
</bind>
</comp>

<comp id="265" class="1004" name="trunc_ln818_4_fu_265">
<pin_list>
<pin id="266" dir="0" index="0" bw="8" slack="0"/>
<pin id="267" dir="0" index="1" bw="11" slack="0"/>
<pin id="268" dir="0" index="2" bw="3" slack="0"/>
<pin id="269" dir="0" index="3" bw="5" slack="0"/>
<pin id="270" dir="1" index="4" bw="8" slack="0"/>
</pin_list>
<bind>
<opcode="partselect(1002) " fcode="partselect"/>
<opset="trunc_ln818_4/2 "/>
</bind>
</comp>

<comp id="275" class="1004" name="add_ln813_1_fu_275">
<pin_list>
<pin id="276" dir="0" index="0" bw="8" slack="1"/>
<pin id="277" dir="0" index="1" bw="8" slack="0"/>
<pin id="278" dir="1" index="2" bw="8" slack="1"/>
</pin_list>
<bind>
<opcode="add(8) " fcode="add"/>
<opset="add_ln813_1/2 "/>
</bind>
</comp>

<comp id="280" class="1004" name="add_ln813_2_fu_280">
<pin_list>
<pin id="281" dir="0" index="0" bw="8" slack="0"/>
<pin id="282" dir="0" index="1" bw="7" slack="0"/>
<pin id="283" dir="1" index="2" bw="8" slack="1"/>
</pin_list>
<bind>
<opcode="add(8) " fcode="add"/>
<opset="add_ln813_2/2 "/>
</bind>
</comp>

<comp id="286" class="1004" name="add_ln813_4_fu_286">
<pin_list>
<pin id="287" dir="0" index="0" bw="8" slack="2"/>
<pin id="288" dir="0" index="1" bw="8" slack="1"/>
<pin id="289" dir="1" index="2" bw="8" slack="0"/>
</pin_list>
<bind>
<opcode="add(8) " fcode="add"/>
<opset="add_ln813_4/3 "/>
</bind>
</comp>

<comp id="290" class="1004" name="mrv_fu_290">
<pin_list>
<pin id="291" dir="0" index="0" bw="16" slack="0"/>
<pin id="292" dir="0" index="1" bw="8" slack="1"/>
<pin id="293" dir="1" index="2" bw="16" slack="0"/>
</pin_list>
<bind>
<opcode="insertvalue(57) " fcode="insertvalue"/>
<opset="mrv/3 "/>
</bind>
</comp>

<comp id="295" class="1004" name="mrv_1_fu_295">
<pin_list>
<pin id="296" dir="0" index="0" bw="16" slack="0"/>
<pin id="297" dir="0" index="1" bw="8" slack="0"/>
<pin id="298" dir="1" index="2" bw="16" slack="2147483647"/>
</pin_list>
<bind>
<opcode="insertvalue(57) " fcode="insertvalue"/>
<opset="mrv_1/3 "/>
</bind>
</comp>

<comp id="301" class="1005" name="p_read_4_reg_301">
<pin_list>
<pin id="302" dir="0" index="0" bw="8" slack="1"/>
<pin id="303" dir="1" index="1" bw="8" slack="1"/>
</pin_list>
<bind>
<opset="p_read_4 "/>
</bind>
</comp>

<comp id="307" class="1005" name="p_read_5_reg_307">
<pin_list>
<pin id="308" dir="0" index="0" bw="8" slack="1"/>
<pin id="309" dir="1" index="1" bw="8" slack="1"/>
</pin_list>
<bind>
<opset="p_read_5 "/>
</bind>
</comp>

<comp id="313" class="1005" name="trunc_ln818_2_reg_313">
<pin_list>
<pin id="314" dir="0" index="0" bw="7" slack="1"/>
<pin id="315" dir="1" index="1" bw="7" slack="1"/>
</pin_list>
<bind>
<opset="trunc_ln818_2 "/>
</bind>
</comp>

<comp id="318" class="1005" name="add_ln813_reg_318">
<pin_list>
<pin id="319" dir="0" index="0" bw="8" slack="1"/>
<pin id="320" dir="1" index="1" bw="8" slack="1"/>
</pin_list>
<bind>
<opset="add_ln813 "/>
</bind>
</comp>

<comp id="323" class="1005" name="add_ln813_3_reg_323">
<pin_list>
<pin id="324" dir="0" index="0" bw="8" slack="2"/>
<pin id="325" dir="1" index="1" bw="8" slack="2"/>
</pin_list>
<bind>
<opset="add_ln813_3 "/>
</bind>
</comp>

<comp id="328" class="1005" name="add_ln813_1_reg_328">
<pin_list>
<pin id="329" dir="0" index="0" bw="8" slack="1"/>
<pin id="330" dir="1" index="1" bw="8" slack="1"/>
</pin_list>
<bind>
<opset="add_ln813_1 "/>
</bind>
</comp>

<comp id="333" class="1005" name="add_ln813_2_reg_333">
<pin_list>
<pin id="334" dir="0" index="0" bw="8" slack="1"/>
<pin id="335" dir="1" index="1" bw="8" slack="1"/>
</pin_list>
<bind>
<opset="add_ln813_2 "/>
</bind>
</comp>

</comp_list>

<net_list>
<net id="64"><net_src comp="8" pin="0"/><net_sink comp="60" pin=0"/></net>

<net id="65"><net_src comp="6" pin="0"/><net_sink comp="60" pin=1"/></net>

<net id="70"><net_src comp="8" pin="0"/><net_sink comp="66" pin=0"/></net>

<net id="71"><net_src comp="4" pin="0"/><net_sink comp="66" pin=1"/></net>

<net id="76"><net_src comp="8" pin="0"/><net_sink comp="72" pin=0"/></net>

<net id="77"><net_src comp="2" pin="0"/><net_sink comp="72" pin=1"/></net>

<net id="82"><net_src comp="8" pin="0"/><net_sink comp="78" pin=0"/></net>

<net id="83"><net_src comp="0" pin="0"/><net_sink comp="78" pin=1"/></net>

<net id="89"><net_src comp="10" pin="0"/><net_sink comp="84" pin=0"/></net>

<net id="90"><net_src comp="78" pin="2"/><net_sink comp="84" pin=1"/></net>

<net id="91"><net_src comp="12" pin="0"/><net_sink comp="84" pin=2"/></net>

<net id="95"><net_src comp="84" pin="3"/><net_sink comp="92" pin=0"/></net>

<net id="100"><net_src comp="14" pin="0"/><net_sink comp="96" pin=0"/></net>

<net id="101"><net_src comp="92" pin="1"/><net_sink comp="96" pin=1"/></net>

<net id="108"><net_src comp="16" pin="0"/><net_sink comp="102" pin=0"/></net>

<net id="109"><net_src comp="96" pin="2"/><net_sink comp="102" pin=1"/></net>

<net id="110"><net_src comp="18" pin="0"/><net_sink comp="102" pin=2"/></net>

<net id="111"><net_src comp="20" pin="0"/><net_sink comp="102" pin=3"/></net>

<net id="117"><net_src comp="22" pin="0"/><net_sink comp="112" pin=0"/></net>

<net id="118"><net_src comp="78" pin="2"/><net_sink comp="112" pin=1"/></net>

<net id="119"><net_src comp="24" pin="0"/><net_sink comp="112" pin=2"/></net>

<net id="123"><net_src comp="112" pin="3"/><net_sink comp="120" pin=0"/></net>

<net id="128"><net_src comp="26" pin="0"/><net_sink comp="124" pin=0"/></net>

<net id="129"><net_src comp="120" pin="1"/><net_sink comp="124" pin=1"/></net>

<net id="136"><net_src comp="28" pin="0"/><net_sink comp="130" pin=0"/></net>

<net id="137"><net_src comp="124" pin="2"/><net_sink comp="130" pin=1"/></net>

<net id="138"><net_src comp="18" pin="0"/><net_sink comp="130" pin=2"/></net>

<net id="139"><net_src comp="30" pin="0"/><net_sink comp="130" pin=3"/></net>

<net id="146"><net_src comp="32" pin="0"/><net_sink comp="140" pin=0"/></net>

<net id="147"><net_src comp="66" pin="2"/><net_sink comp="140" pin=1"/></net>

<net id="148"><net_src comp="34" pin="0"/><net_sink comp="140" pin=2"/></net>

<net id="149"><net_src comp="36" pin="0"/><net_sink comp="140" pin=3"/></net>

<net id="153"><net_src comp="140" pin="4"/><net_sink comp="150" pin=0"/></net>

<net id="160"><net_src comp="38" pin="0"/><net_sink comp="154" pin=0"/></net>

<net id="161"><net_src comp="60" pin="2"/><net_sink comp="154" pin=1"/></net>

<net id="162"><net_src comp="40" pin="0"/><net_sink comp="154" pin=2"/></net>

<net id="163"><net_src comp="36" pin="0"/><net_sink comp="154" pin=3"/></net>

<net id="167"><net_src comp="154" pin="4"/><net_sink comp="164" pin=0"/></net>

<net id="173"><net_src comp="42" pin="0"/><net_sink comp="168" pin=0"/></net>

<net id="174"><net_src comp="60" pin="2"/><net_sink comp="168" pin=1"/></net>

<net id="175"><net_src comp="44" pin="0"/><net_sink comp="168" pin=2"/></net>

<net id="181"><net_src comp="22" pin="0"/><net_sink comp="176" pin=0"/></net>

<net id="182"><net_src comp="60" pin="2"/><net_sink comp="176" pin=1"/></net>

<net id="183"><net_src comp="24" pin="0"/><net_sink comp="176" pin=2"/></net>

<net id="187"><net_src comp="176" pin="3"/><net_sink comp="184" pin=0"/></net>

<net id="192"><net_src comp="168" pin="3"/><net_sink comp="188" pin=0"/></net>

<net id="193"><net_src comp="184" pin="1"/><net_sink comp="188" pin=1"/></net>

<net id="200"><net_src comp="16" pin="0"/><net_sink comp="194" pin=0"/></net>

<net id="201"><net_src comp="188" pin="2"/><net_sink comp="194" pin=1"/></net>

<net id="202"><net_src comp="18" pin="0"/><net_sink comp="194" pin=2"/></net>

<net id="203"><net_src comp="20" pin="0"/><net_sink comp="194" pin=3"/></net>

<net id="208"><net_src comp="102" pin="4"/><net_sink comp="204" pin=0"/></net>

<net id="209"><net_src comp="164" pin="1"/><net_sink comp="204" pin=1"/></net>

<net id="214"><net_src comp="194" pin="4"/><net_sink comp="210" pin=0"/></net>

<net id="215"><net_src comp="150" pin="1"/><net_sink comp="210" pin=1"/></net>

<net id="227"><net_src comp="42" pin="0"/><net_sink comp="222" pin=0"/></net>

<net id="228"><net_src comp="44" pin="0"/><net_sink comp="222" pin=2"/></net>

<net id="233"><net_src comp="222" pin="3"/><net_sink comp="229" pin=0"/></net>

<net id="234"><net_src comp="219" pin="1"/><net_sink comp="229" pin=1"/></net>

<net id="241"><net_src comp="16" pin="0"/><net_sink comp="235" pin=0"/></net>

<net id="242"><net_src comp="229" pin="2"/><net_sink comp="235" pin=1"/></net>

<net id="243"><net_src comp="18" pin="0"/><net_sink comp="235" pin=2"/></net>

<net id="244"><net_src comp="20" pin="0"/><net_sink comp="235" pin=3"/></net>

<net id="253"><net_src comp="10" pin="0"/><net_sink comp="248" pin=0"/></net>

<net id="254"><net_src comp="12" pin="0"/><net_sink comp="248" pin=2"/></net>

<net id="258"><net_src comp="248" pin="3"/><net_sink comp="255" pin=0"/></net>

<net id="263"><net_src comp="255" pin="1"/><net_sink comp="259" pin=0"/></net>

<net id="264"><net_src comp="245" pin="1"/><net_sink comp="259" pin=1"/></net>

<net id="271"><net_src comp="16" pin="0"/><net_sink comp="265" pin=0"/></net>

<net id="272"><net_src comp="259" pin="2"/><net_sink comp="265" pin=1"/></net>

<net id="273"><net_src comp="18" pin="0"/><net_sink comp="265" pin=2"/></net>

<net id="274"><net_src comp="20" pin="0"/><net_sink comp="265" pin=3"/></net>

<net id="279"><net_src comp="265" pin="4"/><net_sink comp="275" pin=1"/></net>

<net id="284"><net_src comp="235" pin="4"/><net_sink comp="280" pin=0"/></net>

<net id="285"><net_src comp="216" pin="1"/><net_sink comp="280" pin=1"/></net>

<net id="294"><net_src comp="58" pin="0"/><net_sink comp="290" pin=0"/></net>

<net id="299"><net_src comp="290" pin="2"/><net_sink comp="295" pin=0"/></net>

<net id="300"><net_src comp="286" pin="2"/><net_sink comp="295" pin=1"/></net>

<net id="304"><net_src comp="66" pin="2"/><net_sink comp="301" pin=0"/></net>

<net id="305"><net_src comp="301" pin="1"/><net_sink comp="245" pin=0"/></net>

<net id="306"><net_src comp="301" pin="1"/><net_sink comp="248" pin=1"/></net>

<net id="310"><net_src comp="72" pin="2"/><net_sink comp="307" pin=0"/></net>

<net id="311"><net_src comp="307" pin="1"/><net_sink comp="219" pin=0"/></net>

<net id="312"><net_src comp="307" pin="1"/><net_sink comp="222" pin=1"/></net>

<net id="316"><net_src comp="130" pin="4"/><net_sink comp="313" pin=0"/></net>

<net id="317"><net_src comp="313" pin="1"/><net_sink comp="216" pin=0"/></net>

<net id="321"><net_src comp="204" pin="2"/><net_sink comp="318" pin=0"/></net>

<net id="322"><net_src comp="318" pin="1"/><net_sink comp="275" pin=0"/></net>

<net id="326"><net_src comp="210" pin="2"/><net_sink comp="323" pin=0"/></net>

<net id="327"><net_src comp="323" pin="1"/><net_sink comp="286" pin=0"/></net>

<net id="331"><net_src comp="275" pin="2"/><net_sink comp="328" pin=0"/></net>

<net id="332"><net_src comp="328" pin="1"/><net_sink comp="290" pin=1"/></net>

<net id="336"><net_src comp="280" pin="2"/><net_sink comp="333" pin=0"/></net>

<net id="337"><net_src comp="333" pin="1"/><net_sink comp="286" pin=1"/></net>

</net_list>

</model> 
---------------- Datapath Model END ------------------

* FSMD analyzer results:
  - Output states:
 - Input state : 
	Port: dense_latency<ap_fixed<8, 4, 5, 3, 0>, ap_fixed<8, 4, 5, 3, 0>, config8> : p_read | {1 }
	Port: dense_latency<ap_fixed<8, 4, 5, 3, 0>, ap_fixed<8, 4, 5, 3, 0>, config8> : p_read1 | {1 }
	Port: dense_latency<ap_fixed<8, 4, 5, 3, 0>, ap_fixed<8, 4, 5, 3, 0>, config8> : p_read2 | {1 }
	Port: dense_latency<ap_fixed<8, 4, 5, 3, 0>, ap_fixed<8, 4, 5, 3, 0>, config8> : p_read3 | {1 }
  - Chain level:
	State 1
		sext_ln1273 : 1
		r_V : 2
		trunc_ln : 3
		sext_ln1273_1 : 1
		r_V_1 : 2
		trunc_ln818_2 : 3
		sext_ln818 : 1
		sext_ln818_1 : 1
		sext_ln1273_4 : 1
		r_V_4 : 2
		trunc_ln818_7 : 3
		add_ln813 : 4
		add_ln813_3 : 4
	State 2
		r_V_2 : 1
		trunc_ln818_3 : 2
		sext_ln1273_3 : 1
		r_V_3 : 2
		trunc_ln818_4 : 3
		add_ln813_1 : 4
		add_ln813_2 : 3
	State 3
		mrv_1 : 1
		ret_ln68 : 2


============================================================
+ Verbose Summary: Datapath Resource usage 
============================================================

* Functional unit list:
|----------|----------------------|---------|---------|
| Operation|    Functional Unit   |    FF   |   LUT   |
|----------|----------------------|---------|---------|
|          |   add_ln813_fu_204   |    0    |    15   |
|          |  add_ln813_3_fu_210  |    0    |    15   |
|    add   |     r_V_3_fu_259     |    0    |    13   |
|          |  add_ln813_1_fu_275  |    0    |    15   |
|          |  add_ln813_2_fu_280  |    0    |    15   |
|          |  add_ln813_4_fu_286  |    0    |    15   |
|----------|----------------------|---------|---------|
|          |       r_V_fu_96      |    0    |    13   |
|    sub   |     r_V_1_fu_124     |    0    |    14   |
|          |     r_V_4_fu_188     |    0    |    12   |
|          |     r_V_2_fu_229     |    0    |    12   |
|----------|----------------------|---------|---------|
|          |  p_read_3_read_fu_60 |    0    |    0    |
|   read   |  p_read_4_read_fu_66 |    0    |    0    |
|          |  p_read_5_read_fu_72 |    0    |    0    |
|          |  p_read_6_read_fu_78 |    0    |    0    |
|----------|----------------------|---------|---------|
|          |     shl_ln_fu_84     |    0    |    0    |
|          |  shl_ln1273_1_fu_112 |    0    |    0    |
|bitconcatenate|  shl_ln1273_4_fu_168 |    0    |    0    |
|          |  shl_ln1273_5_fu_176 |    0    |    0    |
|          |  shl_ln1273_2_fu_222 |    0    |    0    |
|          |  shl_ln1273_3_fu_248 |    0    |    0    |
|----------|----------------------|---------|---------|
|          |   sext_ln1273_fu_92  |    0    |    0    |
|          | sext_ln1273_1_fu_120 |    0    |    0    |
|          |   sext_ln818_fu_150  |    0    |    0    |
|          |  sext_ln818_1_fu_164 |    0    |    0    |
|   sext   | sext_ln1273_4_fu_184 |    0    |    0    |
|          |  sext_ln818_2_fu_216 |    0    |    0    |
|          |   sext_ln70_fu_219   |    0    |    0    |
|          | sext_ln1273_2_fu_245 |    0    |    0    |
|          | sext_ln1273_3_fu_255 |    0    |    0    |
|----------|----------------------|---------|---------|
|          |    trunc_ln_fu_102   |    0    |    0    |
|          | trunc_ln818_2_fu_130 |    0    |    0    |
|          | trunc_ln818_5_fu_140 |    0    |    0    |
|partselect| trunc_ln818_6_fu_154 |    0    |    0    |
|          | trunc_ln818_7_fu_194 |    0    |    0    |
|          | trunc_ln818_3_fu_235 |    0    |    0    |
|          | trunc_ln818_4_fu_265 |    0    |    0    |
|----------|----------------------|---------|---------|
|insertvalue|      mrv_fu_290      |    0    |    0    |
|          |     mrv_1_fu_295     |    0    |    0    |
|----------|----------------------|---------|---------|
|   Total  |                      |    0    |   139   |
|----------|----------------------|---------|---------|

Memories:
N/A

* Register list:
+---------------------+--------+
|                     |   FF   |
+---------------------+--------+
| add_ln813_1_reg_328 |    8   |
| add_ln813_2_reg_333 |    8   |
| add_ln813_3_reg_323 |    8   |
|  add_ln813_reg_318  |    8   |
|   p_read_4_reg_301  |    8   |
|   p_read_5_reg_307  |    8   |
|trunc_ln818_2_reg_313|    7   |
+---------------------+--------+
|        Total        |   55   |
+---------------------+--------+

* Multiplexer (MUX) list: 
|--------|------|------|------|--------|
|  Comp  |  Pin | Size |  BW  | S x BW |
|--------|------|------|------|--------|
|  Total |      |      |      |    0   |
|--------|------|------|------|--------|



* Summary:
+-----------+--------+--------+
|           |   FF   |   LUT  |
+-----------+--------+--------+
|  Function |    0   |   139  |
|   Memory  |    -   |    -   |
|Multiplexer|    -   |    -   |
|  Register |   55   |    -   |
+-----------+--------+--------+
|   Total   |   55   |   139  |
+-----------+--------+--------+
