

================================================================
== Vitis HLS Report for 'dense_latency_ap_fixed_8_4_5_3_0_ap_fixed_8_4_5_3_0_config11_s'
================================================================
* Date:           Tue Mar 10 19:40:06 2026

* Version:        2022.2 (Build 3670227 on Oct 13 2022)
* Project:        myproject_prj
* Solution:       solution1 (Vivado IP Flow Target)
* Product family: zynq
* Target device:  xc7z020-clg484-1


================================================================
== Performance Estimates
================================================================
+ Timing: 
    * Summary: 
    +--------+---------+----------+------------+
    |  Clock |  Target | Estimated| Uncertainty|
    +--------+---------+----------+------------+
    |ap_clk  |  5.00 ns|  3.646 ns|     1.35 ns|
    +--------+---------+----------+------------+

+ Latency: 
    * Summary: 
    +---------+---------+----------+----------+-----+-----+---------+
    |  Latency (cycles) |  Latency (absolute) |  Interval | Pipeline|
    |   min   |   max   |    min   |    max   | min | max |   Type  |
    +---------+---------+----------+----------+-----+-----+---------+
    |        1|        1|  5.000 ns|  5.000 ns|    1|    1|      yes|
    +---------+---------+----------+----------+-----+-----+---------+

    + Detail: 
        * Instance: 
        N/A

        * Loop: 
        N/A



================================================================
== Utilization Estimates
================================================================
* Summary: 
+-----------------+---------+-----+--------+-------+-----+
|       Name      | BRAM_18K| DSP |   FF   |  LUT  | URAM|
+-----------------+---------+-----+--------+-------+-----+
|DSP              |        -|    -|       -|      -|    -|
|Expression       |        -|    -|       0|    122|    -|
|FIFO             |        -|    -|       -|      -|    -|
|Instance         |        -|    -|       -|      -|    -|
|Memory           |        -|    -|       -|      -|    -|
|Multiplexer      |        -|    -|       -|     56|    -|
|Register         |        -|    -|      67|      -|    -|
+-----------------+---------+-----+--------+-------+-----+
|Total            |        0|    0|      67|    178|    0|
+-----------------+---------+-----+--------+-------+-----+
|Available        |      280|  220|  106400|  53200|    0|
+-----------------+---------+-----+--------+-------+-----+
|Utilization (%)  |        0|    0|      ~0|     ~0|    0|
+-----------------+---------+-----+--------+-------+-----+

+ Detail: 
    * Instance: 
    N/A

    * DSP: 
    N/A

    * Memory: 
    N/A

    * FIFO: 
    N/A

    * Expression: 
    +------------------------+----------+----+---+----+------------+------------+
    |      Variable Name     | Operation| DSP| FF| LUT| Bitwidth P0| Bitwidth P1|
    +------------------------+----------+----+---+----+------------+------------+
    |add_ln813_34_fu_228_p2  |         +|   0|  0|  15|           8|           8|
    |add_ln813_35_fu_233_p2  |         +|   0|  0|  15|           8|           8|
    |add_ln813_36_fu_239_p2  |         +|   0|  0|  15|           8|           8|
    |add_ln813_fu_222_p2     |         +|   0|  0|  15|           8|           8|
    |r_V_25_fu_154_p2        |         -|   0|  0|  12|          11|          11|
    |r_V_26_fu_70_p2         |         -|   0|  0|  14|           1|           9|
    |r_V_27_fu_173_p2        |         -|   0|  0|  12|           1|          11|
    |r_V_28_fu_200_p2        |         -|   0|  0|  12|           1|          11|
    |r_V_fu_127_p2           |         -|   0|  0|  12|          11|          11|
    +------------------------+----------+----+---+----+------------+------------+
    |Total                   |          |   0|  0| 122|          57|          85|
    +------------------------+----------+----+---+----+------------+------------+

    * Multiplexer: 
    +-------------+----+-----------+-----+-----------+
    |     Name    | LUT| Input Size| Bits| Total Bits|
    +-------------+----+-----------+-----+-----------+
    |ap_return_0  |  14|          3|    8|         24|
    |ap_return_1  |  14|          3|    8|         24|
    |ap_return_2  |  14|          3|    8|         24|
    |ap_return_3  |  14|          3|    8|         24|
    +-------------+----+-----------+-----+-----------+
    |Total        |  56|         12|   32|         96|
    +-------------+----+-----------+-----+-----------+

    * Register: 
    +------------------------+---+----+-----+-----------+
    |          Name          | FF| LUT| Bits| Const Bits|
    +------------------------+---+----+-----+-----------+
    |ap_ce_reg               |  1|   0|    1|          0|
    |ap_return_0_int_reg     |  8|   0|    8|          0|
    |ap_return_1_int_reg     |  8|   0|    8|          0|
    |ap_return_2_int_reg     |  8|   0|    8|          0|
    |ap_return_3_int_reg     |  8|   0|    8|          0|
    |p_read13_reg_269        |  8|   0|    8|          0|
    |p_read_13_reg_275       |  8|   0|    8|          0|
    |trunc_ln818_34_reg_283  |  6|   0|    6|          0|
    |trunc_ln818_37_reg_288  |  7|   0|    7|          0|
    |trunc_ln818_38_reg_293  |  5|   0|    5|          0|
    +------------------------+---+----+-----+-----------+
    |Total                   | 67|   0|   67|          0|
    +------------------------+---+----+-----+-----------+



================================================================
== Interface
================================================================
* Summary: 
+-------------+-----+-----+------------+---------------------------------------------------------------------------+--------------+
|  RTL Ports  | Dir | Bits|  Protocol  |                               Source Object                               |    C Type    |
+-------------+-----+-----+------------+---------------------------------------------------------------------------+--------------+
|ap_clk       |   in|    1|  ap_ctrl_hs|  dense_latency<ap_fixed<8, 4, 5, 3, 0>, ap_fixed<8, 4, 5, 3, 0>, config11>|  return value|
|ap_rst       |   in|    1|  ap_ctrl_hs|  dense_latency<ap_fixed<8, 4, 5, 3, 0>, ap_fixed<8, 4, 5, 3, 0>, config11>|  return value|
|ap_return_0  |  out|    8|  ap_ctrl_hs|  dense_latency<ap_fixed<8, 4, 5, 3, 0>, ap_fixed<8, 4, 5, 3, 0>, config11>|  return value|
|ap_return_1  |  out|    8|  ap_ctrl_hs|  dense_latency<ap_fixed<8, 4, 5, 3, 0>, ap_fixed<8, 4, 5, 3, 0>, config11>|  return value|
|ap_return_2  |  out|    8|  ap_ctrl_hs|  dense_latency<ap_fixed<8, 4, 5, 3, 0>, ap_fixed<8, 4, 5, 3, 0>, config11>|  return value|
|ap_return_3  |  out|    8|  ap_ctrl_hs|  dense_latency<ap_fixed<8, 4, 5, 3, 0>, ap_fixed<8, 4, 5, 3, 0>, config11>|  return value|
|ap_ce        |   in|    1|  ap_ctrl_hs|  dense_latency<ap_fixed<8, 4, 5, 3, 0>, ap_fixed<8, 4, 5, 3, 0>, config11>|  return value|
|p_read       |   in|    8|     ap_none|                                                                     p_read|        scalar|
|p_read1      |   in|    8|     ap_none|                                                                    p_read1|        scalar|
+-------------+-----+-----+------------+---------------------------------------------------------------------------+--------------+

============================================================
+ Verbose Summary: Synthesis Manager
============================================================
InlineROM: 1
ExposeGlobal: 0
============================================================
+ Verbose Summary: CDFG Model
============================================================
IsTopModel: 0
ResetActiveHigh: 1
IsCombinational: 2
IsDatapathOnly: 1
HasWiredReturn: 1
HasMFsm: 2
HasVarLatency: 0
IsPipeline: 1
IsRtlPipelined: 1
IsInstanceOverlapped: 0
IsDontTouch: 0
HasImplIP: 0
IsGatedGlobalClock: 0

+ Individual pipeline summary: 
  * Pipeline-0: initiation interval (II) = 1, depth = 2


============================================================
+ Verbose Summary: Schedule
============================================================
* Number of FSM states : 2
* Pipeline : 1
  Pipeline-0 : II = 1, D = 2, States = { 1 2 }
* Dataflow Pipeline: 0

* FSM state transitions: 
1 --> 2 
2 --> 

* FSM state operations: 

State 1 <SV = 0> <Delay = 1.91>
ST_1 : Operation 3 [1/1] (0.00ns)   --->   "%p_read13 = read i8 @_ssdm_op_Read.ap_auto.i8, i8 %p_read1" [firmware/nnet_utils/nnet_mult.h:70]   --->   Operation 3 'read' 'p_read13' <Predicate = true> <Delay = 0.00>
ST_1 : Operation 4 [1/1] (0.00ns)   --->   "%p_read_13 = read i8 @_ssdm_op_Read.ap_auto.i8, i8 %p_read" [firmware/nnet_utils/nnet_mult.h:70]   --->   Operation 4 'read' 'p_read_13' <Predicate = true> <Delay = 0.00>
ST_1 : Operation 5 [1/1] (0.00ns)   --->   "%sext_ln1273 = sext i8 %p_read_13"   --->   Operation 5 'sext' 'sext_ln1273' <Predicate = true> <Delay = 0.00>
ST_1 : Operation 6 [1/1] (1.91ns)   --->   "%r_V_26 = sub i9 0, i9 %sext_ln1273"   --->   Operation 6 'sub' 'r_V_26' <Predicate = true> <Delay = 1.91> <CoreInst = "Adder">   --->   Core 1 'Adder' <Latency = 0> <II = 1> <Delay = 1.82> <FuncUnit> <Opcode : 'add' 'sub'> <InPorts = 2> <OutPorts = 1>
ST_1 : Operation 7 [1/1] (0.00ns)   --->   "%trunc_ln818_34 = partselect i6 @_ssdm_op_PartSelect.i6.i9.i32.i32, i9 %r_V_26, i32 3, i32 8"   --->   Operation 7 'partselect' 'trunc_ln818_34' <Predicate = true> <Delay = 0.00>
ST_1 : Operation 8 [1/1] (0.00ns)   --->   "%trunc_ln818_37 = partselect i7 @_ssdm_op_PartSelect.i7.i8.i32.i32, i8 %p_read13, i32 1, i32 7"   --->   Operation 8 'partselect' 'trunc_ln818_37' <Predicate = true> <Delay = 0.00>
ST_1 : Operation 9 [1/1] (0.00ns)   --->   "%trunc_ln818_38 = partselect i5 @_ssdm_op_PartSelect.i5.i8.i32.i32, i8 %p_read13, i32 3, i32 7"   --->   Operation 9 'partselect' 'trunc_ln818_38' <Predicate = true> <Delay = 0.00>

State 2 <SV = 1> <Delay = 3.64>
ST_2 : Operation 10 [1/1] (0.00ns)   --->   "%specpipeline_ln33 = specpipeline void @_ssdm_op_SpecPipeline, i32 1, i32 0, i32 0, i32 0, void @empty_0" [firmware/nnet_utils/nnet_dense_latency.h:33]   --->   Operation 10 'specpipeline' 'specpipeline_ln33' <Predicate = true> <Delay = 0.00>
ST_2 : Operation 11 [1/1] (0.00ns)   --->   "%specresourcelimit_ln33 = specresourcelimit void @_ssdm_op_SpecResourceLimit, i64 8, void @empty_1, void @empty_0, void @empty_0, void @empty_0" [firmware/nnet_utils/nnet_dense_latency.h:33]   --->   Operation 11 'specresourcelimit' 'specresourcelimit_ln33' <Predicate = true> <Delay = 0.00>
ST_2 : Operation 12 [1/1] (0.00ns)   --->   "%sext_ln1273_24 = sext i8 %p_read_13"   --->   Operation 12 'sext' 'sext_ln1273_24' <Predicate = true> <Delay = 0.00>
ST_2 : Operation 13 [1/1] (0.00ns)   --->   "%shl_ln = bitconcatenate i11 @_ssdm_op_BitConcatenate.i11.i8.i3, i8 %p_read_13, i3 0"   --->   Operation 13 'bitconcatenate' 'shl_ln' <Predicate = true> <Delay = 0.00>
ST_2 : Operation 14 [1/1] (0.00ns)   --->   "%shl_ln1273_s = bitconcatenate i9 @_ssdm_op_BitConcatenate.i9.i8.i1, i8 %p_read_13, i1 0"   --->   Operation 14 'bitconcatenate' 'shl_ln1273_s' <Predicate = true> <Delay = 0.00>
ST_2 : Operation 15 [1/1] (0.00ns)   --->   "%sext_ln1273_25 = sext i9 %shl_ln1273_s"   --->   Operation 15 'sext' 'sext_ln1273_25' <Predicate = true> <Delay = 0.00>
ST_2 : Operation 16 [1/1] (1.63ns)   --->   "%r_V = sub i11 %shl_ln, i11 %sext_ln1273_25"   --->   Operation 16 'sub' 'r_V' <Predicate = true> <Delay = 1.63> <CoreInst = "Adder">   --->   Core 1 'Adder' <Latency = 0> <II = 1> <Delay = 1.63> <FuncUnit> <Opcode : 'add' 'sub'> <InPorts = 2> <OutPorts = 1>
ST_2 : Operation 17 [1/1] (0.00ns)   --->   "%trunc_ln = partselect i8 @_ssdm_op_PartSelect.i8.i11.i32.i32, i11 %r_V, i32 3, i32 10"   --->   Operation 17 'partselect' 'trunc_ln' <Predicate = true> <Delay = 0.00>
ST_2 : Operation 18 [1/1] (0.00ns)   --->   "%shl_ln1273_8 = bitconcatenate i10 @_ssdm_op_BitConcatenate.i10.i8.i2, i8 %p_read_13, i2 0"   --->   Operation 18 'bitconcatenate' 'shl_ln1273_8' <Predicate = true> <Delay = 0.00>
ST_2 : Operation 19 [1/1] (0.00ns)   --->   "%sext_ln1273_26 = sext i10 %shl_ln1273_8"   --->   Operation 19 'sext' 'sext_ln1273_26' <Predicate = true> <Delay = 0.00>
ST_2 : Operation 20 [1/1] (1.73ns)   --->   "%r_V_25 = sub i11 %sext_ln1273_26, i11 %sext_ln1273_24"   --->   Operation 20 'sub' 'r_V_25' <Predicate = true> <Delay = 1.73> <CoreInst = "Adder">   --->   Core 1 'Adder' <Latency = 0> <II = 1> <Delay = 1.63> <FuncUnit> <Opcode : 'add' 'sub'> <InPorts = 2> <OutPorts = 1>
ST_2 : Operation 21 [1/1] (0.00ns)   --->   "%trunc_ln818_s = partselect i8 @_ssdm_op_PartSelect.i8.i11.i32.i32, i11 %r_V_25, i32 3, i32 10"   --->   Operation 21 'partselect' 'trunc_ln818_s' <Predicate = true> <Delay = 0.00>
ST_2 : Operation 22 [1/1] (0.00ns)   --->   "%sext_ln818_6 = sext i6 %trunc_ln818_34"   --->   Operation 22 'sext' 'sext_ln818_6' <Predicate = true> <Delay = 0.00>
ST_2 : Operation 23 [1/1] (1.73ns)   --->   "%r_V_27 = sub i11 0, i11 %sext_ln1273_26"   --->   Operation 23 'sub' 'r_V_27' <Predicate = true> <Delay = 1.73> <CoreInst = "Adder">   --->   Core 1 'Adder' <Latency = 0> <II = 1> <Delay = 1.63> <FuncUnit> <Opcode : 'add' 'sub'> <InPorts = 2> <OutPorts = 1>
ST_2 : Operation 24 [1/1] (0.00ns)   --->   "%trunc_ln818_35 = partselect i8 @_ssdm_op_PartSelect.i8.i11.i32.i32, i11 %r_V_27, i32 3, i32 10"   --->   Operation 24 'partselect' 'trunc_ln818_35' <Predicate = true> <Delay = 0.00>
ST_2 : Operation 25 [1/1] (0.00ns)   --->   "%shl_ln1273_9 = bitconcatenate i10 @_ssdm_op_BitConcatenate.i10.i8.i2, i8 %p_read13, i2 0"   --->   Operation 25 'bitconcatenate' 'shl_ln1273_9' <Predicate = true> <Delay = 0.00>
ST_2 : Operation 26 [1/1] (0.00ns)   --->   "%sext_ln1273_27 = sext i10 %shl_ln1273_9"   --->   Operation 26 'sext' 'sext_ln1273_27' <Predicate = true> <Delay = 0.00>
ST_2 : Operation 27 [1/1] (1.73ns)   --->   "%r_V_28 = sub i11 0, i11 %sext_ln1273_27"   --->   Operation 27 'sub' 'r_V_28' <Predicate = true> <Delay = 1.73> <CoreInst = "Adder">   --->   Core 1 'Adder' <Latency = 0> <II = 1> <Delay = 1.63> <FuncUnit> <Opcode : 'add' 'sub'> <InPorts = 2> <OutPorts = 1>
ST_2 : Operation 28 [1/1] (0.00ns)   --->   "%trunc_ln818_36 = partselect i8 @_ssdm_op_PartSelect.i8.i11.i32.i32, i11 %r_V_28, i32 3, i32 10"   --->   Operation 28 'partselect' 'trunc_ln818_36' <Predicate = true> <Delay = 0.00>
ST_2 : Operation 29 [1/1] (0.00ns)   --->   "%sext_ln818 = sext i7 %trunc_ln818_37"   --->   Operation 29 'sext' 'sext_ln818' <Predicate = true> <Delay = 0.00>
ST_2 : Operation 30 [1/1] (0.00ns)   --->   "%sext_ln818_7 = sext i5 %trunc_ln818_38"   --->   Operation 30 'sext' 'sext_ln818_7' <Predicate = true> <Delay = 0.00>
ST_2 : Operation 31 [1/1] (1.91ns)   --->   "%add_ln813 = add i8 %trunc_ln818_36, i8 %trunc_ln"   --->   Operation 31 'add' 'add_ln813' <Predicate = true> <Delay = 1.91> <CoreInst = "Adder">   --->   Core 1 'Adder' <Latency = 0> <II = 1> <Delay = 1.91> <FuncUnit> <Opcode : 'add' 'sub'> <InPorts = 2> <OutPorts = 1>
ST_2 : Operation 32 [1/1] (1.91ns)   --->   "%add_ln813_34 = add i8 %trunc_ln818_s, i8 %p_read13"   --->   Operation 32 'add' 'add_ln813_34' <Predicate = true> <Delay = 1.91> <CoreInst = "Adder">   --->   Core 1 'Adder' <Latency = 0> <II = 1> <Delay = 1.91> <FuncUnit> <Opcode : 'add' 'sub'> <InPorts = 2> <OutPorts = 1>
ST_2 : Operation 33 [1/1] (1.87ns)   --->   "%add_ln813_35 = add i8 %sext_ln818_6, i8 %sext_ln818"   --->   Operation 33 'add' 'add_ln813_35' <Predicate = true> <Delay = 1.87> <CoreInst = "Adder">   --->   Core 1 'Adder' <Latency = 0> <II = 1> <Delay = 1.91> <FuncUnit> <Opcode : 'add' 'sub'> <InPorts = 2> <OutPorts = 1>
ST_2 : Operation 34 [1/1] (1.91ns)   --->   "%add_ln813_36 = add i8 %trunc_ln818_35, i8 %sext_ln818_7"   --->   Operation 34 'add' 'add_ln813_36' <Predicate = true> <Delay = 1.91> <CoreInst = "Adder">   --->   Core 1 'Adder' <Latency = 0> <II = 1> <Delay = 1.91> <FuncUnit> <Opcode : 'add' 'sub'> <InPorts = 2> <OutPorts = 1>
ST_2 : Operation 35 [1/1] (0.00ns)   --->   "%mrv = insertvalue i32 <undef>, i8 %add_ln813" [firmware/nnet_utils/nnet_dense_latency.h:68]   --->   Operation 35 'insertvalue' 'mrv' <Predicate = true> <Delay = 0.00>
ST_2 : Operation 36 [1/1] (0.00ns)   --->   "%mrv_1 = insertvalue i32 %mrv, i8 %add_ln813_34" [firmware/nnet_utils/nnet_dense_latency.h:68]   --->   Operation 36 'insertvalue' 'mrv_1' <Predicate = true> <Delay = 0.00>
ST_2 : Operation 37 [1/1] (0.00ns)   --->   "%mrv_2 = insertvalue i32 %mrv_1, i8 %add_ln813_35" [firmware/nnet_utils/nnet_dense_latency.h:68]   --->   Operation 37 'insertvalue' 'mrv_2' <Predicate = true> <Delay = 0.00>
ST_2 : Operation 38 [1/1] (0.00ns)   --->   "%mrv_3 = insertvalue i32 %mrv_2, i8 %add_ln813_36" [firmware/nnet_utils/nnet_dense_latency.h:68]   --->   Operation 38 'insertvalue' 'mrv_3' <Predicate = true> <Delay = 0.00>
ST_2 : Operation 39 [1/1] (0.00ns)   --->   "%ret_ln68 = ret i32 %mrv_3" [firmware/nnet_utils/nnet_dense_latency.h:68]   --->   Operation 39 'ret' 'ret_ln68' <Predicate = true> <Delay = 0.00>


============================================================
+ Verbose Summary: Binding
============================================================
STG Binding: 
---------------- STG Properties BEGIN ----------------
- Is combinational: 0
- Is one-state seq: 0
- Is datapath-only: 1
- Is pipelined: 1
- Is top level: 0
Port [ Return ] is wired: 1; IO mode=ap_ctrl_hs:ce=0
Port [ p_read]:  wired=1; compound=0; hidden=0; nouse=0; global=0; static=0; extern=0; dir=0; type=0; pingpong=0; private_global=0; IO mode=ap_none:ce=0
Port [ p_read1]:  wired=1; compound=0; hidden=0; nouse=0; global=0; static=0; extern=0; dir=0; type=0; pingpong=0; private_global=0; IO mode=ap_none:ce=0
---------------- STG Properties END ------------------

---------------- Datapath Model BEGIN ----------------

<LifeTime>
<method=bitvector/>
p_read13               (read             ) [ 011]
p_read_13              (read             ) [ 011]
sext_ln1273            (sext             ) [ 000]
r_V_26                 (sub              ) [ 000]
trunc_ln818_34         (partselect       ) [ 011]
trunc_ln818_37         (partselect       ) [ 011]
trunc_ln818_38         (partselect       ) [ 011]
specpipeline_ln33      (specpipeline     ) [ 000]
specresourcelimit_ln33 (specresourcelimit) [ 000]
sext_ln1273_24         (sext             ) [ 000]
shl_ln                 (bitconcatenate   ) [ 000]
shl_ln1273_s           (bitconcatenate   ) [ 000]
sext_ln1273_25         (sext             ) [ 000]
r_V                    (sub              ) [ 000]
trunc_ln               (partselect       ) [ 000]
shl_ln1273_8           (bitconcatenate   ) [ 000]
sext_ln1273_26         (sext             ) [ 000]
r_V_25                 (sub              ) [ 000]
trunc_ln818_s          (partselect       ) [ 000]
sext_ln818_6           (sext             ) [ 000]
r_V_27                 (sub              ) [ 000]
trunc_ln818_35         (partselect       ) [ 000]
shl_ln1273_9           (bitconcatenate   ) [ 000]
sext_ln1273_27         (sext             ) [ 000]
r_V_28                 (sub              ) [ 000]
trunc_ln818_36         (partselect       ) [ 000]
sext_ln818             (sext             ) [ 000]
sext_ln818_7           (sext             ) [ 000]
add_ln813              (add              ) [ 000]
add_ln813_34           (add              ) [ 000]
add_ln813_35           (add              ) [ 000]
add_ln813_36           (add              ) [ 000]
mrv                    (insertvalue      ) [ 000]
mrv_1                  (insertvalue      ) [ 000]
mrv_2                  (insertvalue      ) [ 000]
mrv_3                  (insertvalue      ) [ 000]
ret_ln68               (ret              ) [ 000]
</LifeTime>

<model>

<comp_list>
<comp id="0" class="1000" name="p_read">
<pin_list>
<pin id="1" dir="1" index="0" bw="1" slack="0"/>
</pin_list>
<bind>
<StgValue><ssdm name="p_read"/></StgValue>
</bind>
</comp>

<comp id="2" class="1000" name="p_read1">
<pin_list>
<pin id="3" dir="1" index="0" bw="1" slack="0"/>
</pin_list>
<bind>
<StgValue><ssdm name="p_read1"/></StgValue>
</bind>
</comp>

<comp id="4" class="1001" name="const_4">
<pin_list>
<pin id="5" dir="1" index="0" bw="1" slack="0"/>
</pin_list>
<bind>
<StgValue><ssdm name="_ssdm_op_Read.ap_auto.i8"/></StgValue>
</bind>
</comp>

<comp id="6" class="1001" name="const_6">
<pin_list>
<pin id="7" dir="1" index="0" bw="1" slack="0"/>
</pin_list>
<bind>
<StgValue><ssdm name=""/></StgValue>
</bind>
</comp>

<comp id="8" class="1001" name="const_8">
<pin_list>
<pin id="9" dir="1" index="0" bw="1" slack="0"/>
</pin_list>
<bind>
<StgValue><ssdm name="_ssdm_op_PartSelect.i6.i9.i32.i32"/></StgValue>
</bind>
</comp>

<comp id="10" class="1001" name="const_10">
<pin_list>
<pin id="11" dir="1" index="0" bw="1" slack="0"/>
</pin_list>
<bind>
<StgValue><ssdm name=""/></StgValue>
</bind>
</comp>

<comp id="12" class="1001" name="const_12">
<pin_list>
<pin id="13" dir="1" index="0" bw="1" slack="0"/>
</pin_list>
<bind>
<StgValue><ssdm name=""/></StgValue>
</bind>
</comp>

<comp id="14" class="1001" name="const_14">
<pin_list>
<pin id="15" dir="1" index="0" bw="1" slack="0"/>
</pin_list>
<bind>
<StgValue><ssdm name="_ssdm_op_PartSelect.i7.i8.i32.i32"/></StgValue>
</bind>
</comp>

<comp id="16" class="1001" name="const_16">
<pin_list>
<pin id="17" dir="1" index="0" bw="1" slack="0"/>
</pin_list>
<bind>
<StgValue><ssdm name=""/></StgValue>
</bind>
</comp>

<comp id="18" class="1001" name="const_18">
<pin_list>
<pin id="19" dir="1" index="0" bw="1" slack="0"/>
</pin_list>
<bind>
<StgValue><ssdm name=""/></StgValue>
</bind>
</comp>

<comp id="20" class="1001" name="const_20">
<pin_list>
<pin id="21" dir="1" index="0" bw="1" slack="0"/>
</pin_list>
<bind>
<StgValue><ssdm name="_ssdm_op_PartSelect.i5.i8.i32.i32"/></StgValue>
</bind>
</comp>

<comp id="22" class="1001" name="const_22">
<pin_list>
<pin id="23" dir="1" index="0" bw="1" slack="2147483647"/>
</pin_list>
<bind>
<StgValue><ssdm name="_ssdm_op_SpecPipeline"/></StgValue>
</bind>
</comp>

<comp id="24" class="1001" name="const_24">
<pin_list>
<pin id="25" dir="1" index="0" bw="1" slack="2147483647"/>
</pin_list>
<bind>
<StgValue><ssdm name=""/></StgValue>
</bind>
</comp>

<comp id="26" class="1001" name="const_26">
<pin_list>
<pin id="27" dir="1" index="0" bw="1" slack="2147483647"/>
</pin_list>
<bind>
<StgValue><ssdm name="empty_0"/></StgValue>
</bind>
</comp>

<comp id="28" class="1001" name="const_28">
<pin_list>
<pin id="29" dir="1" index="0" bw="1" slack="2147483647"/>
</pin_list>
<bind>
<StgValue><ssdm name="_ssdm_op_SpecResourceLimit"/></StgValue>
</bind>
</comp>

<comp id="30" class="1001" name="const_30">
<pin_list>
<pin id="31" dir="1" index="0" bw="1" slack="2147483647"/>
</pin_list>
<bind>
<StgValue><ssdm name=""/></StgValue>
</bind>
</comp>

<comp id="32" class="1001" name="const_32">
<pin_list>
<pin id="33" dir="1" index="0" bw="1" slack="2147483647"/>
</pin_list>
<bind>
<StgValue><ssdm name="empty_1"/></StgValue>
</bind>
</comp>

<comp id="34" class="1001" name="const_34">
<pin_list>
<pin id="35" dir="1" index="0" bw="1" slack="0"/>
</pin_list>
<bind>
<StgValue><ssdm name="_ssdm_op_BitConcatenate.i11.i8.i3"/></StgValue>
</bind>
</comp>

<comp id="36" class="1001" name="const_36">
<pin_list>
<pin id="37" dir="1" index="0" bw="1" slack="0"/>
</pin_list>
<bind>
<StgValue><ssdm name=""/></StgValue>
</bind>
</comp>

<comp id="38" class="1001" name="const_38">
<pin_list>
<pin id="39" dir="1" index="0" bw="1" slack="0"/>
</pin_list>
<bind>
<StgValue><ssdm name="_ssdm_op_BitConcatenate.i9.i8.i1"/></StgValue>
</bind>
</comp>

<comp id="40" class="1001" name="const_40">
<pin_list>
<pin id="41" dir="1" index="0" bw="1" slack="0"/>
</pin_list>
<bind>
<StgValue><ssdm name=""/></StgValue>
</bind>
</comp>

<comp id="42" class="1001" name="const_42">
<pin_list>
<pin id="43" dir="1" index="0" bw="1" slack="0"/>
</pin_list>
<bind>
<StgValue><ssdm name="_ssdm_op_PartSelect.i8.i11.i32.i32"/></StgValue>
</bind>
</comp>

<comp id="44" class="1001" name="const_44">
<pin_list>
<pin id="45" dir="1" index="0" bw="1" slack="0"/>
</pin_list>
<bind>
<StgValue><ssdm name=""/></StgValue>
</bind>
</comp>

<comp id="46" class="1001" name="const_46">
<pin_list>
<pin id="47" dir="1" index="0" bw="1" slack="0"/>
</pin_list>
<bind>
<StgValue><ssdm name="_ssdm_op_BitConcatenate.i10.i8.i2"/></StgValue>
</bind>
</comp>

<comp id="48" class="1001" name="const_48">
<pin_list>
<pin id="49" dir="1" index="0" bw="1" slack="0"/>
</pin_list>
<bind>
<StgValue><ssdm name=""/></StgValue>
</bind>
</comp>

<comp id="50" class="1001" name="const_50">
<pin_list>
<pin id="51" dir="1" index="0" bw="1" slack="0"/>
</pin_list>
<bind>
<StgValue><ssdm name=""/></StgValue>
</bind>
</comp>

<comp id="52" class="1001" name="const_52">
<pin_list>
<pin id="53" dir="1" index="0" bw="1" slack="0"/>
</pin_list>
<bind>
<StgValue><ssdm name=""/></StgValue>
</bind>
</comp>

<comp id="54" class="1004" name="p_read13_read_fu_54">
<pin_list>
<pin id="55" dir="0" index="0" bw="8" slack="0"/>
<pin id="56" dir="0" index="1" bw="8" slack="0"/>
<pin id="57" dir="1" index="2" bw="8" slack="0"/>
</pin_list>
<bind>
<opcode="read(1150) " fcode="read"/>
<opset="p_read13/1 "/>
</bind>
</comp>

<comp id="60" class="1004" name="p_read_13_read_fu_60">
<pin_list>
<pin id="61" dir="0" index="0" bw="8" slack="0"/>
<pin id="62" dir="0" index="1" bw="8" slack="0"/>
<pin id="63" dir="1" index="2" bw="8" slack="0"/>
</pin_list>
<bind>
<opcode="read(1150) " fcode="read"/>
<opset="p_read_13/1 "/>
</bind>
</comp>

<comp id="66" class="1004" name="sext_ln1273_fu_66">
<pin_list>
<pin id="67" dir="0" index="0" bw="8" slack="0"/>
<pin id="68" dir="1" index="1" bw="9" slack="0"/>
</pin_list>
<bind>
<opcode="sext(35) " fcode="sext"/>
<opset="sext_ln1273/1 "/>
</bind>
</comp>

<comp id="70" class="1004" name="r_V_26_fu_70">
<pin_list>
<pin id="71" dir="0" index="0" bw="1" slack="0"/>
<pin id="72" dir="0" index="1" bw="8" slack="0"/>
<pin id="73" dir="1" index="2" bw="9" slack="0"/>
</pin_list>
<bind>
<opcode="sub(10) " fcode="sub"/>
<opset="r_V_26/1 "/>
</bind>
</comp>

<comp id="76" class="1004" name="trunc_ln818_34_fu_76">
<pin_list>
<pin id="77" dir="0" index="0" bw="6" slack="0"/>
<pin id="78" dir="0" index="1" bw="9" slack="0"/>
<pin id="79" dir="0" index="2" bw="3" slack="0"/>
<pin id="80" dir="0" index="3" bw="5" slack="0"/>
<pin id="81" dir="1" index="4" bw="6" slack="1"/>
</pin_list>
<bind>
<opcode="partselect(1002) " fcode="partselect"/>
<opset="trunc_ln818_34/1 "/>
</bind>
</comp>

<comp id="86" class="1004" name="trunc_ln818_37_fu_86">
<pin_list>
<pin id="87" dir="0" index="0" bw="7" slack="0"/>
<pin id="88" dir="0" index="1" bw="8" slack="0"/>
<pin id="89" dir="0" index="2" bw="1" slack="0"/>
<pin id="90" dir="0" index="3" bw="4" slack="0"/>
<pin id="91" dir="1" index="4" bw="7" slack="1"/>
</pin_list>
<bind>
<opcode="partselect(1002) " fcode="partselect"/>
<opset="trunc_ln818_37/1 "/>
</bind>
</comp>

<comp id="96" class="1004" name="trunc_ln818_38_fu_96">
<pin_list>
<pin id="97" dir="0" index="0" bw="5" slack="0"/>
<pin id="98" dir="0" index="1" bw="8" slack="0"/>
<pin id="99" dir="0" index="2" bw="3" slack="0"/>
<pin id="100" dir="0" index="3" bw="4" slack="0"/>
<pin id="101" dir="1" index="4" bw="5" slack="1"/>
</pin_list>
<bind>
<opcode="partselect(1002) " fcode="partselect"/>
<opset="trunc_ln818_38/1 "/>
</bind>
</comp>

<comp id="106" class="1004" name="sext_ln1273_24_fu_106">
<pin_list>
<pin id="107" dir="0" index="0" bw="8" slack="1"/>
<pin id="108" dir="1" index="1" bw="11" slack="0"/>
</pin_list>
<bind>
<opcode="sext(35) " fcode="sext"/>
<opset="sext_ln1273_24/2 "/>
</bind>
</comp>

<comp id="109" class="1004" name="shl_ln_fu_109">
<pin_list>
<pin id="110" dir="0" index="0" bw="11" slack="0"/>
<pin id="111" dir="0" index="1" bw="8" slack="1"/>
<pin id="112" dir="0" index="2" bw="1" slack="0"/>
<pin id="113" dir="1" index="3" bw="11" slack="0"/>
</pin_list>
<bind>
<opcode="bitconcatenate(1004) " fcode="bitconcatenate"/>
<opset="shl_ln/2 "/>
</bind>
</comp>

<comp id="116" class="1004" name="shl_ln1273_s_fu_116">
<pin_list>
<pin id="117" dir="0" index="0" bw="9" slack="0"/>
<pin id="118" dir="0" index="1" bw="8" slack="1"/>
<pin id="119" dir="0" index="2" bw="1" slack="0"/>
<pin id="120" dir="1" index="3" bw="9" slack="0"/>
</pin_list>
<bind>
<opcode="bitconcatenate(1004) " fcode="bitconcatenate"/>
<opset="shl_ln1273_s/2 "/>
</bind>
</comp>

<comp id="123" class="1004" name="sext_ln1273_25_fu_123">
<pin_list>
<pin id="124" dir="0" index="0" bw="9" slack="0"/>
<pin id="125" dir="1" index="1" bw="11" slack="0"/>
</pin_list>
<bind>
<opcode="sext(35) " fcode="sext"/>
<opset="sext_ln1273_25/2 "/>
</bind>
</comp>

<comp id="127" class="1004" name="r_V_fu_127">
<pin_list>
<pin id="128" dir="0" index="0" bw="11" slack="0"/>
<pin id="129" dir="0" index="1" bw="9" slack="0"/>
<pin id="130" dir="1" index="2" bw="11" slack="0"/>
</pin_list>
<bind>
<opcode="sub(10) " fcode="sub"/>
<opset="r_V/2 "/>
</bind>
</comp>

<comp id="133" class="1004" name="trunc_ln_fu_133">
<pin_list>
<pin id="134" dir="0" index="0" bw="8" slack="0"/>
<pin id="135" dir="0" index="1" bw="11" slack="0"/>
<pin id="136" dir="0" index="2" bw="3" slack="0"/>
<pin id="137" dir="0" index="3" bw="5" slack="0"/>
<pin id="138" dir="1" index="4" bw="8" slack="0"/>
</pin_list>
<bind>
<opcode="partselect(1002) " fcode="partselect"/>
<opset="trunc_ln/2 "/>
</bind>
</comp>

<comp id="143" class="1004" name="shl_ln1273_8_fu_143">
<pin_list>
<pin id="144" dir="0" index="0" bw="10" slack="0"/>
<pin id="145" dir="0" index="1" bw="8" slack="1"/>
<pin id="146" dir="0" index="2" bw="1" slack="0"/>
<pin id="147" dir="1" index="3" bw="10" slack="0"/>
</pin_list>
<bind>
<opcode="bitconcatenate(1004) " fcode="bitconcatenate"/>
<opset="shl_ln1273_8/2 "/>
</bind>
</comp>

<comp id="150" class="1004" name="sext_ln1273_26_fu_150">
<pin_list>
<pin id="151" dir="0" index="0" bw="10" slack="0"/>
<pin id="152" dir="1" index="1" bw="11" slack="0"/>
</pin_list>
<bind>
<opcode="sext(35) " fcode="sext"/>
<opset="sext_ln1273_26/2 "/>
</bind>
</comp>

<comp id="154" class="1004" name="r_V_25_fu_154">
<pin_list>
<pin id="155" dir="0" index="0" bw="10" slack="0"/>
<pin id="156" dir="0" index="1" bw="8" slack="0"/>
<pin id="157" dir="1" index="2" bw="11" slack="0"/>
</pin_list>
<bind>
<opcode="sub(10) " fcode="sub"/>
<opset="r_V_25/2 "/>
</bind>
</comp>

<comp id="160" class="1004" name="trunc_ln818_s_fu_160">
<pin_list>
<pin id="161" dir="0" index="0" bw="8" slack="0"/>
<pin id="162" dir="0" index="1" bw="11" slack="0"/>
<pin id="163" dir="0" index="2" bw="3" slack="0"/>
<pin id="164" dir="0" index="3" bw="5" slack="0"/>
<pin id="165" dir="1" index="4" bw="8" slack="0"/>
</pin_list>
<bind>
<opcode="partselect(1002) " fcode="partselect"/>
<opset="trunc_ln818_s/2 "/>
</bind>
</comp>

<comp id="170" class="1004" name="sext_ln818_6_fu_170">
<pin_list>
<pin id="171" dir="0" index="0" bw="6" slack="1"/>
<pin id="172" dir="1" index="1" bw="8" slack="0"/>
</pin_list>
<bind>
<opcode="sext(35) " fcode="sext"/>
<opset="sext_ln818_6/2 "/>
</bind>
</comp>

<comp id="173" class="1004" name="r_V_27_fu_173">
<pin_list>
<pin id="174" dir="0" index="0" bw="1" slack="0"/>
<pin id="175" dir="0" index="1" bw="10" slack="0"/>
<pin id="176" dir="1" index="2" bw="11" slack="0"/>
</pin_list>
<bind>
<opcode="sub(10) " fcode="sub"/>
<opset="r_V_27/2 "/>
</bind>
</comp>

<comp id="179" class="1004" name="trunc_ln818_35_fu_179">
<pin_list>
<pin id="180" dir="0" index="0" bw="8" slack="0"/>
<pin id="181" dir="0" index="1" bw="11" slack="0"/>
<pin id="182" dir="0" index="2" bw="3" slack="0"/>
<pin id="183" dir="0" index="3" bw="5" slack="0"/>
<pin id="184" dir="1" index="4" bw="8" slack="0"/>
</pin_list>
<bind>
<opcode="partselect(1002) " fcode="partselect"/>
<opset="trunc_ln818_35/2 "/>
</bind>
</comp>

<comp id="189" class="1004" name="shl_ln1273_9_fu_189">
<pin_list>
<pin id="190" dir="0" index="0" bw="10" slack="0"/>
<pin id="191" dir="0" index="1" bw="8" slack="1"/>
<pin id="192" dir="0" index="2" bw="1" slack="0"/>
<pin id="193" dir="1" index="3" bw="10" slack="0"/>
</pin_list>
<bind>
<opcode="bitconcatenate(1004) " fcode="bitconcatenate"/>
<opset="shl_ln1273_9/2 "/>
</bind>
</comp>

<comp id="196" class="1004" name="sext_ln1273_27_fu_196">
<pin_list>
<pin id="197" dir="0" index="0" bw="10" slack="0"/>
<pin id="198" dir="1" index="1" bw="11" slack="0"/>
</pin_list>
<bind>
<opcode="sext(35) " fcode="sext"/>
<opset="sext_ln1273_27/2 "/>
</bind>
</comp>

<comp id="200" class="1004" name="r_V_28_fu_200">
<pin_list>
<pin id="201" dir="0" index="0" bw="1" slack="0"/>
<pin id="202" dir="0" index="1" bw="10" slack="0"/>
<pin id="203" dir="1" index="2" bw="11" slack="0"/>
</pin_list>
<bind>
<opcode="sub(10) " fcode="sub"/>
<opset="r_V_28/2 "/>
</bind>
</comp>

<comp id="206" class="1004" name="trunc_ln818_36_fu_206">
<pin_list>
<pin id="207" dir="0" index="0" bw="8" slack="0"/>
<pin id="208" dir="0" index="1" bw="11" slack="0"/>
<pin id="209" dir="0" index="2" bw="3" slack="0"/>
<pin id="210" dir="0" index="3" bw="5" slack="0"/>
<pin id="211" dir="1" index="4" bw="8" slack="0"/>
</pin_list>
<bind>
<opcode="partselect(1002) " fcode="partselect"/>
<opset="trunc_ln818_36/2 "/>
</bind>
</comp>

<comp id="216" class="1004" name="sext_ln818_fu_216">
<pin_list>
<pin id="217" dir="0" index="0" bw="7" slack="1"/>
<pin id="218" dir="1" index="1" bw="8" slack="0"/>
</pin_list>
<bind>
<opcode="sext(35) " fcode="sext"/>
<opset="sext_ln818/2 "/>
</bind>
</comp>

<comp id="219" class="1004" name="sext_ln818_7_fu_219">
<pin_list>
<pin id="220" dir="0" index="0" bw="5" slack="1"/>
<pin id="221" dir="1" index="1" bw="8" slack="0"/>
</pin_list>
<bind>
<opcode="sext(35) " fcode="sext"/>
<opset="sext_ln818_7/2 "/>
</bind>
</comp>

<comp id="222" class="1004" name="add_ln813_fu_222">
<pin_list>
<pin id="223" dir="0" index="0" bw="8" slack="0"/>
<pin id="224" dir="0" index="1" bw="8" slack="0"/>
<pin id="225" dir="1" index="2" bw="8" slack="0"/>
</pin_list>
<bind>
<opcode="add(8) " fcode="add"/>
<opset="add_ln813/2 "/>
</bind>
</comp>

<comp id="228" class="1004" name="add_ln813_34_fu_228">
<pin_list>
<pin id="229" dir="0" index="0" bw="8" slack="0"/>
<pin id="230" dir="0" index="1" bw="8" slack="1"/>
<pin id="231" dir="1" index="2" bw="8" slack="0"/>
</pin_list>
<bind>
<opcode="add(8) " fcode="add"/>
<opset="add_ln813_34/2 "/>
</bind>
</comp>

<comp id="233" class="1004" name="add_ln813_35_fu_233">
<pin_list>
<pin id="234" dir="0" index="0" bw="6" slack="0"/>
<pin id="235" dir="0" index="1" bw="7" slack="0"/>
<pin id="236" dir="1" index="2" bw="8" slack="0"/>
</pin_list>
<bind>
<opcode="add(8) " fcode="add"/>
<opset="add_ln813_35/2 "/>
</bind>
</comp>

<comp id="239" class="1004" name="add_ln813_36_fu_239">
<pin_list>
<pin id="240" dir="0" index="0" bw="8" slack="0"/>
<pin id="241" dir="0" index="1" bw="5" slack="0"/>
<pin id="242" dir="1" index="2" bw="8" slack="0"/>
</pin_list>
<bind>
<opcode="add(8) " fcode="add"/>
<opset="add_ln813_36/2 "/>
</bind>
</comp>

<comp id="245" class="1004" name="mrv_fu_245">
<pin_list>
<pin id="246" dir="0" index="0" bw="32" slack="0"/>
<pin id="247" dir="0" index="1" bw="8" slack="0"/>
<pin id="248" dir="1" index="2" bw="32" slack="0"/>
</pin_list>
<bind>
<opcode="insertvalue(57) " fcode="insertvalue"/>
<opset="mrv/2 "/>
</bind>
</comp>

<comp id="251" class="1004" name="mrv_1_fu_251">
<pin_list>
<pin id="252" dir="0" index="0" bw="32" slack="0"/>
<pin id="253" dir="0" index="1" bw="8" slack="0"/>
<pin id="254" dir="1" index="2" bw="32" slack="0"/>
</pin_list>
<bind>
<opcode="insertvalue(57) " fcode="insertvalue"/>
<opset="mrv_1/2 "/>
</bind>
</comp>

<comp id="257" class="1004" name="mrv_2_fu_257">
<pin_list>
<pin id="258" dir="0" index="0" bw="32" slack="0"/>
<pin id="259" dir="0" index="1" bw="8" slack="0"/>
<pin id="260" dir="1" index="2" bw="32" slack="0"/>
</pin_list>
<bind>
<opcode="insertvalue(57) " fcode="insertvalue"/>
<opset="mrv_2/2 "/>
</bind>
</comp>

<comp id="263" class="1004" name="mrv_3_fu_263">
<pin_list>
<pin id="264" dir="0" index="0" bw="32" slack="0"/>
<pin id="265" dir="0" index="1" bw="8" slack="0"/>
<pin id="266" dir="1" index="2" bw="32" slack="2147483647"/>
</pin_list>
<bind>
<opcode="insertvalue(57) " fcode="insertvalue"/>
<opset="mrv_3/2 "/>
</bind>
</comp>

<comp id="269" class="1005" name="p_read13_reg_269">
<pin_list>
<pin id="270" dir="0" index="0" bw="8" slack="1"/>
<pin id="271" dir="1" index="1" bw="8" slack="1"/>
</pin_list>
<bind>
<opset="p_read13 "/>
</bind>
</comp>

<comp id="275" class="1005" name="p_read_13_reg_275">
<pin_list>
<pin id="276" dir="0" index="0" bw="8" slack="1"/>
<pin id="277" dir="1" index="1" bw="8" slack="1"/>
</pin_list>
<bind>
<opset="p_read_13 "/>
</bind>
</comp>

<comp id="283" class="1005" name="trunc_ln818_34_reg_283">
<pin_list>
<pin id="284" dir="0" index="0" bw="6" slack="1"/>
<pin id="285" dir="1" index="1" bw="6" slack="1"/>
</pin_list>
<bind>
<opset="trunc_ln818_34 "/>
</bind>
</comp>

<comp id="288" class="1005" name="trunc_ln818_37_reg_288">
<pin_list>
<pin id="289" dir="0" index="0" bw="7" slack="1"/>
<pin id="290" dir="1" index="1" bw="7" slack="1"/>
</pin_list>
<bind>
<opset="trunc_ln818_37 "/>
</bind>
</comp>

<comp id="293" class="1005" name="trunc_ln818_38_reg_293">
<pin_list>
<pin id="294" dir="0" index="0" bw="5" slack="1"/>
<pin id="295" dir="1" index="1" bw="5" slack="1"/>
</pin_list>
<bind>
<opset="trunc_ln818_38 "/>
</bind>
</comp>

</comp_list>

<net_list>
<net id="58"><net_src comp="4" pin="0"/><net_sink comp="54" pin=0"/></net>

<net id="59"><net_src comp="2" pin="0"/><net_sink comp="54" pin=1"/></net>

<net id="64"><net_src comp="4" pin="0"/><net_sink comp="60" pin=0"/></net>

<net id="65"><net_src comp="0" pin="0"/><net_sink comp="60" pin=1"/></net>

<net id="69"><net_src comp="60" pin="2"/><net_sink comp="66" pin=0"/></net>

<net id="74"><net_src comp="6" pin="0"/><net_sink comp="70" pin=0"/></net>

<net id="75"><net_src comp="66" pin="1"/><net_sink comp="70" pin=1"/></net>

<net id="82"><net_src comp="8" pin="0"/><net_sink comp="76" pin=0"/></net>

<net id="83"><net_src comp="70" pin="2"/><net_sink comp="76" pin=1"/></net>

<net id="84"><net_src comp="10" pin="0"/><net_sink comp="76" pin=2"/></net>

<net id="85"><net_src comp="12" pin="0"/><net_sink comp="76" pin=3"/></net>

<net id="92"><net_src comp="14" pin="0"/><net_sink comp="86" pin=0"/></net>

<net id="93"><net_src comp="54" pin="2"/><net_sink comp="86" pin=1"/></net>

<net id="94"><net_src comp="16" pin="0"/><net_sink comp="86" pin=2"/></net>

<net id="95"><net_src comp="18" pin="0"/><net_sink comp="86" pin=3"/></net>

<net id="102"><net_src comp="20" pin="0"/><net_sink comp="96" pin=0"/></net>

<net id="103"><net_src comp="54" pin="2"/><net_sink comp="96" pin=1"/></net>

<net id="104"><net_src comp="10" pin="0"/><net_sink comp="96" pin=2"/></net>

<net id="105"><net_src comp="18" pin="0"/><net_sink comp="96" pin=3"/></net>

<net id="114"><net_src comp="34" pin="0"/><net_sink comp="109" pin=0"/></net>

<net id="115"><net_src comp="36" pin="0"/><net_sink comp="109" pin=2"/></net>

<net id="121"><net_src comp="38" pin="0"/><net_sink comp="116" pin=0"/></net>

<net id="122"><net_src comp="40" pin="0"/><net_sink comp="116" pin=2"/></net>

<net id="126"><net_src comp="116" pin="3"/><net_sink comp="123" pin=0"/></net>

<net id="131"><net_src comp="109" pin="3"/><net_sink comp="127" pin=0"/></net>

<net id="132"><net_src comp="123" pin="1"/><net_sink comp="127" pin=1"/></net>

<net id="139"><net_src comp="42" pin="0"/><net_sink comp="133" pin=0"/></net>

<net id="140"><net_src comp="127" pin="2"/><net_sink comp="133" pin=1"/></net>

<net id="141"><net_src comp="10" pin="0"/><net_sink comp="133" pin=2"/></net>

<net id="142"><net_src comp="44" pin="0"/><net_sink comp="133" pin=3"/></net>

<net id="148"><net_src comp="46" pin="0"/><net_sink comp="143" pin=0"/></net>

<net id="149"><net_src comp="48" pin="0"/><net_sink comp="143" pin=2"/></net>

<net id="153"><net_src comp="143" pin="3"/><net_sink comp="150" pin=0"/></net>

<net id="158"><net_src comp="150" pin="1"/><net_sink comp="154" pin=0"/></net>

<net id="159"><net_src comp="106" pin="1"/><net_sink comp="154" pin=1"/></net>

<net id="166"><net_src comp="42" pin="0"/><net_sink comp="160" pin=0"/></net>

<net id="167"><net_src comp="154" pin="2"/><net_sink comp="160" pin=1"/></net>

<net id="168"><net_src comp="10" pin="0"/><net_sink comp="160" pin=2"/></net>

<net id="169"><net_src comp="44" pin="0"/><net_sink comp="160" pin=3"/></net>

<net id="177"><net_src comp="50" pin="0"/><net_sink comp="173" pin=0"/></net>

<net id="178"><net_src comp="150" pin="1"/><net_sink comp="173" pin=1"/></net>

<net id="185"><net_src comp="42" pin="0"/><net_sink comp="179" pin=0"/></net>

<net id="186"><net_src comp="173" pin="2"/><net_sink comp="179" pin=1"/></net>

<net id="187"><net_src comp="10" pin="0"/><net_sink comp="179" pin=2"/></net>

<net id="188"><net_src comp="44" pin="0"/><net_sink comp="179" pin=3"/></net>

<net id="194"><net_src comp="46" pin="0"/><net_sink comp="189" pin=0"/></net>

<net id="195"><net_src comp="48" pin="0"/><net_sink comp="189" pin=2"/></net>

<net id="199"><net_src comp="189" pin="3"/><net_sink comp="196" pin=0"/></net>

<net id="204"><net_src comp="50" pin="0"/><net_sink comp="200" pin=0"/></net>

<net id="205"><net_src comp="196" pin="1"/><net_sink comp="200" pin=1"/></net>

<net id="212"><net_src comp="42" pin="0"/><net_sink comp="206" pin=0"/></net>

<net id="213"><net_src comp="200" pin="2"/><net_sink comp="206" pin=1"/></net>

<net id="214"><net_src comp="10" pin="0"/><net_sink comp="206" pin=2"/></net>

<net id="215"><net_src comp="44" pin="0"/><net_sink comp="206" pin=3"/></net>

<net id="226"><net_src comp="206" pin="4"/><net_sink comp="222" pin=0"/></net>

<net id="227"><net_src comp="133" pin="4"/><net_sink comp="222" pin=1"/></net>

<net id="232"><net_src comp="160" pin="4"/><net_sink comp="228" pin=0"/></net>

<net id="237"><net_src comp="170" pin="1"/><net_sink comp="233" pin=0"/></net>

<net id="238"><net_src comp="216" pin="1"/><net_sink comp="233" pin=1"/></net>

<net id="243"><net_src comp="179" pin="4"/><net_sink comp="239" pin=0"/></net>

<net id="244"><net_src comp="219" pin="1"/><net_sink comp="239" pin=1"/></net>

<net id="249"><net_src comp="52" pin="0"/><net_sink comp="245" pin=0"/></net>

<net id="250"><net_src comp="222" pin="2"/><net_sink comp="245" pin=1"/></net>

<net id="255"><net_src comp="245" pin="2"/><net_sink comp="251" pin=0"/></net>

<net id="256"><net_src comp="228" pin="2"/><net_sink comp="251" pin=1"/></net>

<net id="261"><net_src comp="251" pin="2"/><net_sink comp="257" pin=0"/></net>

<net id="262"><net_src comp="233" pin="2"/><net_sink comp="257" pin=1"/></net>

<net id="267"><net_src comp="257" pin="2"/><net_sink comp="263" pin=0"/></net>

<net id="268"><net_src comp="239" pin="2"/><net_sink comp="263" pin=1"/></net>

<net id="272"><net_src comp="54" pin="2"/><net_sink comp="269" pin=0"/></net>

<net id="273"><net_src comp="269" pin="1"/><net_sink comp="189" pin=1"/></net>

<net id="274"><net_src comp="269" pin="1"/><net_sink comp="228" pin=1"/></net>

<net id="278"><net_src comp="60" pin="2"/><net_sink comp="275" pin=0"/></net>

<net id="279"><net_src comp="275" pin="1"/><net_sink comp="106" pin=0"/></net>

<net id="280"><net_src comp="275" pin="1"/><net_sink comp="109" pin=1"/></net>

<net id="281"><net_src comp="275" pin="1"/><net_sink comp="116" pin=1"/></net>

<net id="282"><net_src comp="275" pin="1"/><net_sink comp="143" pin=1"/></net>

<net id="286"><net_src comp="76" pin="4"/><net_sink comp="283" pin=0"/></net>

<net id="287"><net_src comp="283" pin="1"/><net_sink comp="170" pin=0"/></net>

<net id="291"><net_src comp="86" pin="4"/><net_sink comp="288" pin=0"/></net>

<net id="292"><net_src comp="288" pin="1"/><net_sink comp="216" pin=0"/></net>

<net id="296"><net_src comp="96" pin="4"/><net_sink comp="293" pin=0"/></net>

<net id="297"><net_src comp="293" pin="1"/><net_sink comp="219" pin=0"/></net>

</net_list>

</model> 
---------------- Datapath Model END ------------------

* FSMD analyzer results:
  - Output states:
	Port: p_read | {}
	Port: p_read1 | {}
 - Input state : 
	Port: dense_latency<ap_fixed<8, 4, 5, 3, 0>, ap_fixed<8, 4, 5, 3, 0>, config11> : p_read | {1 }
	Port: dense_latency<ap_fixed<8, 4, 5, 3, 0>, ap_fixed<8, 4, 5, 3, 0>, config11> : p_read1 | {1 }
  - Chain level:
	State 1
		r_V_26 : 1
		trunc_ln818_34 : 2
	State 2
		sext_ln1273_25 : 1
		r_V : 2
		trunc_ln : 3
		sext_ln1273_26 : 1
		r_V_25 : 2
		trunc_ln818_s : 3
		r_V_27 : 2
		trunc_ln818_35 : 3
		sext_ln1273_27 : 1
		r_V_28 : 2
		trunc_ln818_36 : 3
		add_ln813 : 4
		add_ln813_34 : 4
		add_ln813_35 : 1
		add_ln813_36 : 4
		mrv : 5
		mrv_1 : 6
		mrv_2 : 7
		mrv_3 : 8
		ret_ln68 : 9


============================================================
+ Verbose Summary: Datapath Resource usage 
============================================================

* Functional unit list:
|----------|-----------------------|---------|---------|
| Operation|    Functional Unit    |    FF   |   LUT   |
|----------|-----------------------|---------|---------|
|          |      r_V_26_fu_70     |    0    |    15   |
|          |       r_V_fu_127      |    0    |    12   |
|    sub   |     r_V_25_fu_154     |    0    |    13   |
|          |     r_V_27_fu_173     |    0    |    13   |
|          |     r_V_28_fu_200     |    0    |    13   |
|----------|-----------------------|---------|---------|
|          |    add_ln813_fu_222   |    0    |    15   |
|    add   |  add_ln813_34_fu_228  |    0    |    15   |
|          |  add_ln813_35_fu_233  |    0    |    14   |
|          |  add_ln813_36_fu_239  |    0    |    15   |
|----------|-----------------------|---------|---------|
|   read   |  p_read13_read_fu_54  |    0    |    0    |
|          |  p_read_13_read_fu_60 |    0    |    0    |
|----------|-----------------------|---------|---------|
|          |   sext_ln1273_fu_66   |    0    |    0    |
|          | sext_ln1273_24_fu_106 |    0    |    0    |
|          | sext_ln1273_25_fu_123 |    0    |    0    |
|   sext   | sext_ln1273_26_fu_150 |    0    |    0    |
|          |  sext_ln818_6_fu_170  |    0    |    0    |
|          | sext_ln1273_27_fu_196 |    0    |    0    |
|          |   sext_ln818_fu_216   |    0    |    0    |
|          |  sext_ln818_7_fu_219  |    0    |    0    |
|----------|-----------------------|---------|---------|
|          |  trunc_ln818_34_fu_76 |    0    |    0    |
|          |  trunc_ln818_37_fu_86 |    0    |    0    |
|          |  trunc_ln818_38_fu_96 |    0    |    0    |
|partselect|    trunc_ln_fu_133    |    0    |    0    |
|          |  trunc_ln818_s_fu_160 |    0    |    0    |
|          | trunc_ln818_35_fu_179 |    0    |    0    |
|          | trunc_ln818_36_fu_206 |    0    |    0    |
|----------|-----------------------|---------|---------|
|          |     shl_ln_fu_109     |    0    |    0    |
|bitconcatenate|  shl_ln1273_s_fu_116  |    0    |    0    |
|          |  shl_ln1273_8_fu_143  |    0    |    0    |
|          |  shl_ln1273_9_fu_189  |    0    |    0    |
|----------|-----------------------|---------|---------|
|          |       mrv_fu_245      |    0    |    0    |
|insertvalue|      mrv_1_fu_251     |    0    |    0    |
|          |      mrv_2_fu_257     |    0    |    0    |
|          |      mrv_3_fu_263     |    0    |    0    |
|----------|-----------------------|---------|---------|
|   Total  |                       |    0    |   125   |
|----------|-----------------------|---------|---------|

Memories:
N/A

* Register list:
+----------------------+--------+
|                      |   FF   |
+----------------------+--------+
|   p_read13_reg_269   |    8   |
|   p_read_13_reg_275  |    8   |
|trunc_ln818_34_reg_283|    6   |
|trunc_ln818_37_reg_288|    7   |
|trunc_ln818_38_reg_293|    5   |
+----------------------+--------+
|         Total        |   34   |
+----------------------+--------+

* Multiplexer (MUX) list: 
|--------|------|------|------|--------|
|  Comp  |  Pin | Size |  BW  | S x BW |
|--------|------|------|------|--------|
|  Total |      |      |      |    0   |
|--------|------|------|------|--------|



* Summary:
+-----------+--------+--------+
|           |   FF   |   LUT  |
+-----------+--------+--------+
|  Function |    0   |   125  |
|   Memory  |    -   |    -   |
|Multiplexer|    -   |    -   |
|  Register |   34   |    -   |
+-----------+--------+--------+
|   Total   |   34   |   125  |
+-----------+--------+--------+
