

================================================================
== Vitis HLS Report for 'dense_latency_ap_fixed_8_4_5_3_0_ap_fixed_8_4_5_3_0_config11_s'
================================================================
* Date:           Tue Mar 10 20:22:07 2026

* Version:        2022.2 (Build 3670227 on Oct 13 2022)
* Project:        myproject_prj
* Solution:       solution1 (Vivado IP Flow Target)
* Product family: zynq
* Target device:  xc7z020-clg484-1


================================================================
== Performance Estimates
================================================================
+ Timing: 
    * Summary: 
    +--------+----------+----------+------------+
    |  Clock |  Target  | Estimated| Uncertainty|
    +--------+----------+----------+------------+
    |ap_clk  |  10.00 ns|  3.785 ns|     1.25 ns|
    +--------+----------+----------+------------+

+ Latency: 
    * Summary: 
    +---------+---------+----------+----------+-----+-----+---------+
    |  Latency (cycles) |  Latency (absolute) |  Interval | Pipeline|
    |   min   |   max   |    min   |    max   | min | max |   Type  |
    +---------+---------+----------+----------+-----+-----+---------+
    |        0|        0|      0 ns|      0 ns|    1|    1|      yes|
    +---------+---------+----------+----------+-----+-----+---------+

    + Detail: 
        * Instance: 
        N/A

        * Loop: 
        N/A

============================================================
+ Verbose Summary: Synthesis Manager
============================================================
InlineROM: 1
ExposeGlobal: 0
============================================================
+ Verbose Summary: CDFG Model
============================================================
IsTopModel: 0
ResetActiveHigh: 1
IsCombinational: 0
IsDatapathOnly: 0
HasWiredReturn: 1
HasMFsm: 2
HasVarLatency: 0
IsPipeline: 1
IsRtlPipelined: 0
IsInstanceOverlapped: 0
IsDontTouch: 0
HasImplIP: 0
IsGatedGlobalClock: 0

+ Individual pipeline summary: 
  * Pipeline-0: initiation interval (II) = 1, depth = 1


============================================================
+ Verbose Summary: Schedule
============================================================
* Number of FSM states : 1
* Pipeline : 1
  Pipeline-0 : II = 1, D = 1, States = { 1 }
* Dataflow Pipeline: 0

* FSM state transitions: 
1 --> 

* FSM state operations: 

State 1 <SV = 0> <Delay = 3.78>
ST_1 : Operation 2 [1/1] (0.00ns)   --->   "%specpipeline_ln33 = specpipeline void @_ssdm_op_SpecPipeline, i32 1, i32 0, i32 0, i32 0, void @empty_1" [firmware/nnet_utils/nnet_dense_latency.h:33]   --->   Operation 2 'specpipeline' 'specpipeline_ln33' <Predicate = true> <Delay = 0.00>
ST_1 : Operation 3 [1/1] (0.00ns)   --->   "%specresourcelimit_ln33 = specresourcelimit void @_ssdm_op_SpecResourceLimit, i64 8, void @empty_4, void @empty_1, void @empty_1, void @empty_1" [firmware/nnet_utils/nnet_dense_latency.h:33]   --->   Operation 3 'specresourcelimit' 'specresourcelimit_ln33' <Predicate = true> <Delay = 0.00>
ST_1 : Operation 4 [1/1] (0.00ns)   --->   "%p_read13 = read i8 @_ssdm_op_Read.ap_auto.i8, i8 %p_read1" [firmware/nnet_utils/nnet_mult.h:70]   --->   Operation 4 'read' 'p_read13' <Predicate = true> <Delay = 0.00>
ST_1 : Operation 5 [1/1] (0.00ns)   --->   "%p_read_12 = read i8 @_ssdm_op_Read.ap_auto.i8, i8 %p_read" [firmware/nnet_utils/nnet_mult.h:70]   --->   Operation 5 'read' 'p_read_12' <Predicate = true> <Delay = 0.00>
ST_1 : Operation 6 [1/1] (0.00ns)   --->   "%sext_ln1273 = sext i8 %p_read_12"   --->   Operation 6 'sext' 'sext_ln1273' <Predicate = true> <Delay = 0.00>
ST_1 : Operation 7 [1/1] (0.00ns)   --->   "%sext_ln1273_24 = sext i8 %p_read_12"   --->   Operation 7 'sext' 'sext_ln1273_24' <Predicate = true> <Delay = 0.00>
ST_1 : Operation 8 [1/1] (0.00ns)   --->   "%shl_ln = bitconcatenate i11 @_ssdm_op_BitConcatenate.i11.i8.i3, i8 %p_read_12, i3 0"   --->   Operation 8 'bitconcatenate' 'shl_ln' <Predicate = true> <Delay = 0.00>
ST_1 : Operation 9 [1/1] (0.00ns)   --->   "%shl_ln1273_s = bitconcatenate i9 @_ssdm_op_BitConcatenate.i9.i8.i1, i8 %p_read_12, i1 0"   --->   Operation 9 'bitconcatenate' 'shl_ln1273_s' <Predicate = true> <Delay = 0.00>
ST_1 : Operation 10 [1/1] (0.00ns)   --->   "%sext_ln1273_25 = sext i9 %shl_ln1273_s"   --->   Operation 10 'sext' 'sext_ln1273_25' <Predicate = true> <Delay = 0.00>
ST_1 : Operation 11 [1/1] (1.63ns)   --->   "%r_V = sub i11 %shl_ln, i11 %sext_ln1273_25"   --->   Operation 11 'sub' 'r_V' <Predicate = true> <Delay = 1.63> <CoreInst = "Adder">   --->   Core 1 'Adder' <Latency = 0> <II = 1> <Delay = 1.63> <FuncUnit> <Opcode : 'add' 'sub'> <InPorts = 2> <OutPorts = 1>
ST_1 : Operation 12 [1/1] (0.00ns)   --->   "%trunc_ln = partselect i8 @_ssdm_op_PartSelect.i8.i11.i32.i32, i11 %r_V, i32 3, i32 10"   --->   Operation 12 'partselect' 'trunc_ln' <Predicate = true> <Delay = 0.00>
ST_1 : Operation 13 [1/1] (0.00ns)   --->   "%shl_ln1273_8 = bitconcatenate i10 @_ssdm_op_BitConcatenate.i10.i8.i2, i8 %p_read_12, i2 0"   --->   Operation 13 'bitconcatenate' 'shl_ln1273_8' <Predicate = true> <Delay = 0.00>
ST_1 : Operation 14 [1/1] (0.00ns)   --->   "%sext_ln1273_26 = sext i10 %shl_ln1273_8"   --->   Operation 14 'sext' 'sext_ln1273_26' <Predicate = true> <Delay = 0.00>
ST_1 : Operation 15 [1/1] (1.73ns)   --->   "%r_V_25 = sub i11 %sext_ln1273_26, i11 %sext_ln1273_24"   --->   Operation 15 'sub' 'r_V_25' <Predicate = true> <Delay = 1.73> <CoreInst = "Adder">   --->   Core 1 'Adder' <Latency = 0> <II = 1> <Delay = 1.73> <FuncUnit> <Opcode : 'add' 'sub'> <InPorts = 2> <OutPorts = 1>
ST_1 : Operation 16 [1/1] (0.00ns)   --->   "%trunc_ln818_s = partselect i8 @_ssdm_op_PartSelect.i8.i11.i32.i32, i11 %r_V_25, i32 3, i32 10"   --->   Operation 16 'partselect' 'trunc_ln818_s' <Predicate = true> <Delay = 0.00>
ST_1 : Operation 17 [1/1] (1.91ns)   --->   "%r_V_26 = sub i9 0, i9 %sext_ln1273"   --->   Operation 17 'sub' 'r_V_26' <Predicate = true> <Delay = 1.91> <CoreInst = "Adder">   --->   Core 1 'Adder' <Latency = 0> <II = 1> <Delay = 1.91> <FuncUnit> <Opcode : 'add' 'sub'> <InPorts = 2> <OutPorts = 1>
ST_1 : Operation 18 [1/1] (0.00ns)   --->   "%trunc_ln818_34 = partselect i6 @_ssdm_op_PartSelect.i6.i9.i32.i32, i9 %r_V_26, i32 3, i32 8"   --->   Operation 18 'partselect' 'trunc_ln818_34' <Predicate = true> <Delay = 0.00>
ST_1 : Operation 19 [1/1] (0.00ns)   --->   "%sext_ln818_6 = sext i6 %trunc_ln818_34"   --->   Operation 19 'sext' 'sext_ln818_6' <Predicate = true> <Delay = 0.00>
ST_1 : Operation 20 [1/1] (1.73ns)   --->   "%r_V_27 = sub i11 0, i11 %sext_ln1273_26"   --->   Operation 20 'sub' 'r_V_27' <Predicate = true> <Delay = 1.73> <CoreInst = "Adder">   --->   Core 1 'Adder' <Latency = 0> <II = 1> <Delay = 1.73> <FuncUnit> <Opcode : 'add' 'sub'> <InPorts = 2> <OutPorts = 1>
ST_1 : Operation 21 [1/1] (0.00ns)   --->   "%trunc_ln818_35 = partselect i8 @_ssdm_op_PartSelect.i8.i11.i32.i32, i11 %r_V_27, i32 3, i32 10"   --->   Operation 21 'partselect' 'trunc_ln818_35' <Predicate = true> <Delay = 0.00>
ST_1 : Operation 22 [1/1] (0.00ns)   --->   "%shl_ln1273_9 = bitconcatenate i10 @_ssdm_op_BitConcatenate.i10.i8.i2, i8 %p_read13, i2 0"   --->   Operation 22 'bitconcatenate' 'shl_ln1273_9' <Predicate = true> <Delay = 0.00>
ST_1 : Operation 23 [1/1] (0.00ns)   --->   "%sext_ln1273_27 = sext i10 %shl_ln1273_9"   --->   Operation 23 'sext' 'sext_ln1273_27' <Predicate = true> <Delay = 0.00>
ST_1 : Operation 24 [1/1] (1.73ns)   --->   "%r_V_28 = sub i11 0, i11 %sext_ln1273_27"   --->   Operation 24 'sub' 'r_V_28' <Predicate = true> <Delay = 1.73> <CoreInst = "Adder">   --->   Core 1 'Adder' <Latency = 0> <II = 1> <Delay = 1.73> <FuncUnit> <Opcode : 'add' 'sub'> <InPorts = 2> <OutPorts = 1>
ST_1 : Operation 25 [1/1] (0.00ns)   --->   "%trunc_ln818_36 = partselect i8 @_ssdm_op_PartSelect.i8.i11.i32.i32, i11 %r_V_28, i32 3, i32 10"   --->   Operation 25 'partselect' 'trunc_ln818_36' <Predicate = true> <Delay = 0.00>
ST_1 : Operation 26 [1/1] (0.00ns)   --->   "%trunc_ln818_37 = partselect i7 @_ssdm_op_PartSelect.i7.i8.i32.i32, i8 %p_read13, i32 1, i32 7"   --->   Operation 26 'partselect' 'trunc_ln818_37' <Predicate = true> <Delay = 0.00>
ST_1 : Operation 27 [1/1] (0.00ns)   --->   "%sext_ln818 = sext i7 %trunc_ln818_37"   --->   Operation 27 'sext' 'sext_ln818' <Predicate = true> <Delay = 0.00>
ST_1 : Operation 28 [1/1] (0.00ns)   --->   "%trunc_ln818_38 = partselect i5 @_ssdm_op_PartSelect.i5.i8.i32.i32, i8 %p_read13, i32 3, i32 7"   --->   Operation 28 'partselect' 'trunc_ln818_38' <Predicate = true> <Delay = 0.00>
ST_1 : Operation 29 [1/1] (0.00ns)   --->   "%sext_ln818_7 = sext i5 %trunc_ln818_38"   --->   Operation 29 'sext' 'sext_ln818_7' <Predicate = true> <Delay = 0.00>
ST_1 : Operation 30 [1/1] (1.91ns)   --->   "%add_ln813 = add i8 %trunc_ln818_36, i8 %trunc_ln"   --->   Operation 30 'add' 'add_ln813' <Predicate = true> <Delay = 1.91> <CoreInst = "Adder">   --->   Core 1 'Adder' <Latency = 0> <II = 1> <Delay = 1.91> <FuncUnit> <Opcode : 'add' 'sub'> <InPorts = 2> <OutPorts = 1>
ST_1 : Operation 31 [1/1] (1.91ns)   --->   "%add_ln813_34 = add i8 %trunc_ln818_s, i8 %p_read13"   --->   Operation 31 'add' 'add_ln813_34' <Predicate = true> <Delay = 1.91> <CoreInst = "Adder">   --->   Core 1 'Adder' <Latency = 0> <II = 1> <Delay = 1.91> <FuncUnit> <Opcode : 'add' 'sub'> <InPorts = 2> <OutPorts = 1>
ST_1 : Operation 32 [1/1] (1.87ns)   --->   "%add_ln813_35 = add i8 %sext_ln818_6, i8 %sext_ln818"   --->   Operation 32 'add' 'add_ln813_35' <Predicate = true> <Delay = 1.87> <CoreInst = "Adder">   --->   Core 1 'Adder' <Latency = 0> <II = 1> <Delay = 1.87> <FuncUnit> <Opcode : 'add' 'sub'> <InPorts = 2> <OutPorts = 1>
ST_1 : Operation 33 [1/1] (1.91ns)   --->   "%add_ln813_36 = add i8 %trunc_ln818_35, i8 %sext_ln818_7"   --->   Operation 33 'add' 'add_ln813_36' <Predicate = true> <Delay = 1.91> <CoreInst = "Adder">   --->   Core 1 'Adder' <Latency = 0> <II = 1> <Delay = 1.91> <FuncUnit> <Opcode : 'add' 'sub'> <InPorts = 2> <OutPorts = 1>
ST_1 : Operation 34 [1/1] (0.00ns)   --->   "%mrv = insertvalue i32 <undef>, i8 %add_ln813" [firmware/nnet_utils/nnet_dense_latency.h:68]   --->   Operation 34 'insertvalue' 'mrv' <Predicate = true> <Delay = 0.00>
ST_1 : Operation 35 [1/1] (0.00ns)   --->   "%mrv_1 = insertvalue i32 %mrv, i8 %add_ln813_34" [firmware/nnet_utils/nnet_dense_latency.h:68]   --->   Operation 35 'insertvalue' 'mrv_1' <Predicate = true> <Delay = 0.00>
ST_1 : Operation 36 [1/1] (0.00ns)   --->   "%mrv_2 = insertvalue i32 %mrv_1, i8 %add_ln813_35" [firmware/nnet_utils/nnet_dense_latency.h:68]   --->   Operation 36 'insertvalue' 'mrv_2' <Predicate = true> <Delay = 0.00>
ST_1 : Operation 37 [1/1] (0.00ns)   --->   "%mrv_3 = insertvalue i32 %mrv_2, i8 %add_ln813_36" [firmware/nnet_utils/nnet_dense_latency.h:68]   --->   Operation 37 'insertvalue' 'mrv_3' <Predicate = true> <Delay = 0.00>
ST_1 : Operation 38 [1/1] (0.00ns)   --->   "%ret_ln68 = ret i32 %mrv_3" [firmware/nnet_utils/nnet_dense_latency.h:68]   --->   Operation 38 'ret' 'ret_ln68' <Predicate = true> <Delay = 0.00>


============================================================
+ Verbose Summary: Binding
============================================================
STG Binding: 
---------------- STG Properties BEGIN ----------------
- Is combinational: 1
- Is one-state seq: 0
- Is datapath-only: 0
- Is pipelined: 1
- Is top level: 0
Port [ Return ] is wired: 1; IO mode=ap_ctrl_hs:ce=0
Port [ p_read]:  wired=1; compound=0; hidden=0; nouse=0; global=0; static=0; extern=0; dir=0; type=0; pingpong=0; private_global=0; IO mode=ap_none:ce=0
Port [ p_read1]:  wired=1; compound=0; hidden=0; nouse=0; global=0; static=0; extern=0; dir=0; type=0; pingpong=0; private_global=0; IO mode=ap_none:ce=0
---------------- STG Properties END ------------------

---------------- Datapath Model BEGIN ----------------

<LifeTime>
<method=bitvector/>
specpipeline_ln33      (specpipeline     ) [ 00]
specresourcelimit_ln33 (specresourcelimit) [ 00]
p_read13               (read             ) [ 00]
p_read_12              (read             ) [ 00]
sext_ln1273            (sext             ) [ 00]
sext_ln1273_24         (sext             ) [ 00]
shl_ln                 (bitconcatenate   ) [ 00]
shl_ln1273_s           (bitconcatenate   ) [ 00]
sext_ln1273_25         (sext             ) [ 00]
r_V                    (sub              ) [ 00]
trunc_ln               (partselect       ) [ 00]
shl_ln1273_8           (bitconcatenate   ) [ 00]
sext_ln1273_26         (sext             ) [ 00]
r_V_25                 (sub              ) [ 00]
trunc_ln818_s          (partselect       ) [ 00]
r_V_26                 (sub              ) [ 00]
trunc_ln818_34         (partselect       ) [ 00]
sext_ln818_6           (sext             ) [ 00]
r_V_27                 (sub              ) [ 00]
trunc_ln818_35         (partselect       ) [ 00]
shl_ln1273_9           (bitconcatenate   ) [ 00]
sext_ln1273_27         (sext             ) [ 00]
r_V_28                 (sub              ) [ 00]
trunc_ln818_36         (partselect       ) [ 00]
trunc_ln818_37         (partselect       ) [ 00]
sext_ln818             (sext             ) [ 00]
trunc_ln818_38         (partselect       ) [ 00]
sext_ln818_7           (sext             ) [ 00]
add_ln813              (add              ) [ 00]
add_ln813_34           (add              ) [ 00]
add_ln813_35           (add              ) [ 00]
add_ln813_36           (add              ) [ 00]
mrv                    (insertvalue      ) [ 00]
mrv_1                  (insertvalue      ) [ 00]
mrv_2                  (insertvalue      ) [ 00]
mrv_3                  (insertvalue      ) [ 00]
ret_ln68               (ret              ) [ 00]
</LifeTime>

<model>

<comp_list>
<comp id="0" class="1000" name="p_read">
<pin_list>
<pin id="1" dir="1" index="0" bw="1" slack="0"/>
</pin_list>
<bind>
<StgValue><ssdm name="p_read"/></StgValue>
</bind>
</comp>

<comp id="2" class="1000" name="p_read1">
<pin_list>
<pin id="3" dir="1" index="0" bw="1" slack="0"/>
</pin_list>
<bind>
<StgValue><ssdm name="p_read1"/></StgValue>
</bind>
</comp>

<comp id="4" class="1001" name="const_4">
<pin_list>
<pin id="5" dir="1" index="0" bw="1" slack="2147483647"/>
</pin_list>
<bind>
<StgValue><ssdm name="_ssdm_op_SpecPipeline"/></StgValue>
</bind>
</comp>

<comp id="6" class="1001" name="const_6">
<pin_list>
<pin id="7" dir="1" index="0" bw="1" slack="0"/>
</pin_list>
<bind>
<StgValue><ssdm name=""/></StgValue>
</bind>
</comp>

<comp id="8" class="1001" name="const_8">
<pin_list>
<pin id="9" dir="1" index="0" bw="1" slack="2147483647"/>
</pin_list>
<bind>
<StgValue><ssdm name=""/></StgValue>
</bind>
</comp>

<comp id="10" class="1001" name="const_10">
<pin_list>
<pin id="11" dir="1" index="0" bw="1" slack="2147483647"/>
</pin_list>
<bind>
<StgValue><ssdm name="empty_1"/></StgValue>
</bind>
</comp>

<comp id="12" class="1001" name="const_12">
<pin_list>
<pin id="13" dir="1" index="0" bw="1" slack="2147483647"/>
</pin_list>
<bind>
<StgValue><ssdm name="_ssdm_op_SpecResourceLimit"/></StgValue>
</bind>
</comp>

<comp id="14" class="1001" name="const_14">
<pin_list>
<pin id="15" dir="1" index="0" bw="1" slack="2147483647"/>
</pin_list>
<bind>
<StgValue><ssdm name=""/></StgValue>
</bind>
</comp>

<comp id="16" class="1001" name="const_16">
<pin_list>
<pin id="17" dir="1" index="0" bw="1" slack="2147483647"/>
</pin_list>
<bind>
<StgValue><ssdm name="empty_4"/></StgValue>
</bind>
</comp>

<comp id="18" class="1001" name="const_18">
<pin_list>
<pin id="19" dir="1" index="0" bw="1" slack="0"/>
</pin_list>
<bind>
<StgValue><ssdm name="_ssdm_op_Read.ap_auto.i8"/></StgValue>
</bind>
</comp>

<comp id="20" class="1001" name="const_20">
<pin_list>
<pin id="21" dir="1" index="0" bw="1" slack="0"/>
</pin_list>
<bind>
<StgValue><ssdm name="_ssdm_op_BitConcatenate.i11.i8.i3"/></StgValue>
</bind>
</comp>

<comp id="22" class="1001" name="const_22">
<pin_list>
<pin id="23" dir="1" index="0" bw="1" slack="0"/>
</pin_list>
<bind>
<StgValue><ssdm name=""/></StgValue>
</bind>
</comp>

<comp id="24" class="1001" name="const_24">
<pin_list>
<pin id="25" dir="1" index="0" bw="1" slack="0"/>
</pin_list>
<bind>
<StgValue><ssdm name="_ssdm_op_BitConcatenate.i9.i8.i1"/></StgValue>
</bind>
</comp>

<comp id="26" class="1001" name="const_26">
<pin_list>
<pin id="27" dir="1" index="0" bw="1" slack="0"/>
</pin_list>
<bind>
<StgValue><ssdm name=""/></StgValue>
</bind>
</comp>

<comp id="28" class="1001" name="const_28">
<pin_list>
<pin id="29" dir="1" index="0" bw="1" slack="0"/>
</pin_list>
<bind>
<StgValue><ssdm name="_ssdm_op_PartSelect.i8.i11.i32.i32"/></StgValue>
</bind>
</comp>

<comp id="30" class="1001" name="const_30">
<pin_list>
<pin id="31" dir="1" index="0" bw="1" slack="0"/>
</pin_list>
<bind>
<StgValue><ssdm name=""/></StgValue>
</bind>
</comp>

<comp id="32" class="1001" name="const_32">
<pin_list>
<pin id="33" dir="1" index="0" bw="1" slack="0"/>
</pin_list>
<bind>
<StgValue><ssdm name=""/></StgValue>
</bind>
</comp>

<comp id="34" class="1001" name="const_34">
<pin_list>
<pin id="35" dir="1" index="0" bw="1" slack="0"/>
</pin_list>
<bind>
<StgValue><ssdm name="_ssdm_op_BitConcatenate.i10.i8.i2"/></StgValue>
</bind>
</comp>

<comp id="36" class="1001" name="const_36">
<pin_list>
<pin id="37" dir="1" index="0" bw="1" slack="0"/>
</pin_list>
<bind>
<StgValue><ssdm name=""/></StgValue>
</bind>
</comp>

<comp id="38" class="1001" name="const_38">
<pin_list>
<pin id="39" dir="1" index="0" bw="1" slack="0"/>
</pin_list>
<bind>
<StgValue><ssdm name=""/></StgValue>
</bind>
</comp>

<comp id="40" class="1001" name="const_40">
<pin_list>
<pin id="41" dir="1" index="0" bw="1" slack="0"/>
</pin_list>
<bind>
<StgValue><ssdm name="_ssdm_op_PartSelect.i6.i9.i32.i32"/></StgValue>
</bind>
</comp>

<comp id="42" class="1001" name="const_42">
<pin_list>
<pin id="43" dir="1" index="0" bw="1" slack="0"/>
</pin_list>
<bind>
<StgValue><ssdm name=""/></StgValue>
</bind>
</comp>

<comp id="44" class="1001" name="const_44">
<pin_list>
<pin id="45" dir="1" index="0" bw="1" slack="0"/>
</pin_list>
<bind>
<StgValue><ssdm name=""/></StgValue>
</bind>
</comp>

<comp id="46" class="1001" name="const_46">
<pin_list>
<pin id="47" dir="1" index="0" bw="1" slack="0"/>
</pin_list>
<bind>
<StgValue><ssdm name="_ssdm_op_PartSelect.i7.i8.i32.i32"/></StgValue>
</bind>
</comp>

<comp id="48" class="1001" name="const_48">
<pin_list>
<pin id="49" dir="1" index="0" bw="1" slack="0"/>
</pin_list>
<bind>
<StgValue><ssdm name=""/></StgValue>
</bind>
</comp>

<comp id="50" class="1001" name="const_50">
<pin_list>
<pin id="51" dir="1" index="0" bw="1" slack="0"/>
</pin_list>
<bind>
<StgValue><ssdm name="_ssdm_op_PartSelect.i5.i8.i32.i32"/></StgValue>
</bind>
</comp>

<comp id="52" class="1001" name="const_52">
<pin_list>
<pin id="53" dir="1" index="0" bw="1" slack="0"/>
</pin_list>
<bind>
<StgValue><ssdm name=""/></StgValue>
</bind>
</comp>

<comp id="54" class="1004" name="p_read13_read_fu_54">
<pin_list>
<pin id="55" dir="0" index="0" bw="8" slack="0"/>
<pin id="56" dir="0" index="1" bw="8" slack="0"/>
<pin id="57" dir="1" index="2" bw="8" slack="0"/>
</pin_list>
<bind>
<opcode="read(1150) " fcode="read"/>
<opset="p_read13/1 "/>
</bind>
</comp>

<comp id="60" class="1004" name="p_read_12_read_fu_60">
<pin_list>
<pin id="61" dir="0" index="0" bw="8" slack="0"/>
<pin id="62" dir="0" index="1" bw="8" slack="0"/>
<pin id="63" dir="1" index="2" bw="8" slack="0"/>
</pin_list>
<bind>
<opcode="read(1150) " fcode="read"/>
<opset="p_read_12/1 "/>
</bind>
</comp>

<comp id="66" class="1004" name="sext_ln1273_fu_66">
<pin_list>
<pin id="67" dir="0" index="0" bw="8" slack="0"/>
<pin id="68" dir="1" index="1" bw="9" slack="0"/>
</pin_list>
<bind>
<opcode="sext(35) " fcode="sext"/>
<opset="sext_ln1273/1 "/>
</bind>
</comp>

<comp id="70" class="1004" name="sext_ln1273_24_fu_70">
<pin_list>
<pin id="71" dir="0" index="0" bw="8" slack="0"/>
<pin id="72" dir="1" index="1" bw="11" slack="0"/>
</pin_list>
<bind>
<opcode="sext(35) " fcode="sext"/>
<opset="sext_ln1273_24/1 "/>
</bind>
</comp>

<comp id="74" class="1004" name="shl_ln_fu_74">
<pin_list>
<pin id="75" dir="0" index="0" bw="11" slack="0"/>
<pin id="76" dir="0" index="1" bw="8" slack="0"/>
<pin id="77" dir="0" index="2" bw="1" slack="0"/>
<pin id="78" dir="1" index="3" bw="11" slack="0"/>
</pin_list>
<bind>
<opcode="bitconcatenate(1004) " fcode="bitconcatenate"/>
<opset="shl_ln/1 "/>
</bind>
</comp>

<comp id="82" class="1004" name="shl_ln1273_s_fu_82">
<pin_list>
<pin id="83" dir="0" index="0" bw="9" slack="0"/>
<pin id="84" dir="0" index="1" bw="8" slack="0"/>
<pin id="85" dir="0" index="2" bw="1" slack="0"/>
<pin id="86" dir="1" index="3" bw="9" slack="0"/>
</pin_list>
<bind>
<opcode="bitconcatenate(1004) " fcode="bitconcatenate"/>
<opset="shl_ln1273_s/1 "/>
</bind>
</comp>

<comp id="90" class="1004" name="sext_ln1273_25_fu_90">
<pin_list>
<pin id="91" dir="0" index="0" bw="9" slack="0"/>
<pin id="92" dir="1" index="1" bw="11" slack="0"/>
</pin_list>
<bind>
<opcode="sext(35) " fcode="sext"/>
<opset="sext_ln1273_25/1 "/>
</bind>
</comp>

<comp id="94" class="1004" name="r_V_fu_94">
<pin_list>
<pin id="95" dir="0" index="0" bw="11" slack="0"/>
<pin id="96" dir="0" index="1" bw="9" slack="0"/>
<pin id="97" dir="1" index="2" bw="11" slack="0"/>
</pin_list>
<bind>
<opcode="sub(10) " fcode="sub"/>
<opset="r_V/1 "/>
</bind>
</comp>

<comp id="100" class="1004" name="trunc_ln_fu_100">
<pin_list>
<pin id="101" dir="0" index="0" bw="8" slack="0"/>
<pin id="102" dir="0" index="1" bw="11" slack="0"/>
<pin id="103" dir="0" index="2" bw="3" slack="0"/>
<pin id="104" dir="0" index="3" bw="5" slack="0"/>
<pin id="105" dir="1" index="4" bw="8" slack="0"/>
</pin_list>
<bind>
<opcode="partselect(1002) " fcode="partselect"/>
<opset="trunc_ln/1 "/>
</bind>
</comp>

<comp id="110" class="1004" name="shl_ln1273_8_fu_110">
<pin_list>
<pin id="111" dir="0" index="0" bw="10" slack="0"/>
<pin id="112" dir="0" index="1" bw="8" slack="0"/>
<pin id="113" dir="0" index="2" bw="1" slack="0"/>
<pin id="114" dir="1" index="3" bw="10" slack="0"/>
</pin_list>
<bind>
<opcode="bitconcatenate(1004) " fcode="bitconcatenate"/>
<opset="shl_ln1273_8/1 "/>
</bind>
</comp>

<comp id="118" class="1004" name="sext_ln1273_26_fu_118">
<pin_list>
<pin id="119" dir="0" index="0" bw="10" slack="0"/>
<pin id="120" dir="1" index="1" bw="11" slack="0"/>
</pin_list>
<bind>
<opcode="sext(35) " fcode="sext"/>
<opset="sext_ln1273_26/1 "/>
</bind>
</comp>

<comp id="122" class="1004" name="r_V_25_fu_122">
<pin_list>
<pin id="123" dir="0" index="0" bw="10" slack="0"/>
<pin id="124" dir="0" index="1" bw="8" slack="0"/>
<pin id="125" dir="1" index="2" bw="11" slack="0"/>
</pin_list>
<bind>
<opcode="sub(10) " fcode="sub"/>
<opset="r_V_25/1 "/>
</bind>
</comp>

<comp id="128" class="1004" name="trunc_ln818_s_fu_128">
<pin_list>
<pin id="129" dir="0" index="0" bw="8" slack="0"/>
<pin id="130" dir="0" index="1" bw="11" slack="0"/>
<pin id="131" dir="0" index="2" bw="3" slack="0"/>
<pin id="132" dir="0" index="3" bw="5" slack="0"/>
<pin id="133" dir="1" index="4" bw="8" slack="0"/>
</pin_list>
<bind>
<opcode="partselect(1002) " fcode="partselect"/>
<opset="trunc_ln818_s/1 "/>
</bind>
</comp>

<comp id="138" class="1004" name="r_V_26_fu_138">
<pin_list>
<pin id="139" dir="0" index="0" bw="1" slack="0"/>
<pin id="140" dir="0" index="1" bw="8" slack="0"/>
<pin id="141" dir="1" index="2" bw="9" slack="0"/>
</pin_list>
<bind>
<opcode="sub(10) " fcode="sub"/>
<opset="r_V_26/1 "/>
</bind>
</comp>

<comp id="144" class="1004" name="trunc_ln818_34_fu_144">
<pin_list>
<pin id="145" dir="0" index="0" bw="6" slack="0"/>
<pin id="146" dir="0" index="1" bw="9" slack="0"/>
<pin id="147" dir="0" index="2" bw="3" slack="0"/>
<pin id="148" dir="0" index="3" bw="5" slack="0"/>
<pin id="149" dir="1" index="4" bw="6" slack="0"/>
</pin_list>
<bind>
<opcode="partselect(1002) " fcode="partselect"/>
<opset="trunc_ln818_34/1 "/>
</bind>
</comp>

<comp id="154" class="1004" name="sext_ln818_6_fu_154">
<pin_list>
<pin id="155" dir="0" index="0" bw="6" slack="0"/>
<pin id="156" dir="1" index="1" bw="8" slack="0"/>
</pin_list>
<bind>
<opcode="sext(35) " fcode="sext"/>
<opset="sext_ln818_6/1 "/>
</bind>
</comp>

<comp id="158" class="1004" name="r_V_27_fu_158">
<pin_list>
<pin id="159" dir="0" index="0" bw="1" slack="0"/>
<pin id="160" dir="0" index="1" bw="10" slack="0"/>
<pin id="161" dir="1" index="2" bw="11" slack="0"/>
</pin_list>
<bind>
<opcode="sub(10) " fcode="sub"/>
<opset="r_V_27/1 "/>
</bind>
</comp>

<comp id="164" class="1004" name="trunc_ln818_35_fu_164">
<pin_list>
<pin id="165" dir="0" index="0" bw="8" slack="0"/>
<pin id="166" dir="0" index="1" bw="11" slack="0"/>
<pin id="167" dir="0" index="2" bw="3" slack="0"/>
<pin id="168" dir="0" index="3" bw="5" slack="0"/>
<pin id="169" dir="1" index="4" bw="8" slack="0"/>
</pin_list>
<bind>
<opcode="partselect(1002) " fcode="partselect"/>
<opset="trunc_ln818_35/1 "/>
</bind>
</comp>

<comp id="174" class="1004" name="shl_ln1273_9_fu_174">
<pin_list>
<pin id="175" dir="0" index="0" bw="10" slack="0"/>
<pin id="176" dir="0" index="1" bw="8" slack="0"/>
<pin id="177" dir="0" index="2" bw="1" slack="0"/>
<pin id="178" dir="1" index="3" bw="10" slack="0"/>
</pin_list>
<bind>
<opcode="bitconcatenate(1004) " fcode="bitconcatenate"/>
<opset="shl_ln1273_9/1 "/>
</bind>
</comp>

<comp id="182" class="1004" name="sext_ln1273_27_fu_182">
<pin_list>
<pin id="183" dir="0" index="0" bw="10" slack="0"/>
<pin id="184" dir="1" index="1" bw="11" slack="0"/>
</pin_list>
<bind>
<opcode="sext(35) " fcode="sext"/>
<opset="sext_ln1273_27/1 "/>
</bind>
</comp>

<comp id="186" class="1004" name="r_V_28_fu_186">
<pin_list>
<pin id="187" dir="0" index="0" bw="1" slack="0"/>
<pin id="188" dir="0" index="1" bw="10" slack="0"/>
<pin id="189" dir="1" index="2" bw="11" slack="0"/>
</pin_list>
<bind>
<opcode="sub(10) " fcode="sub"/>
<opset="r_V_28/1 "/>
</bind>
</comp>

<comp id="192" class="1004" name="trunc_ln818_36_fu_192">
<pin_list>
<pin id="193" dir="0" index="0" bw="8" slack="0"/>
<pin id="194" dir="0" index="1" bw="11" slack="0"/>
<pin id="195" dir="0" index="2" bw="3" slack="0"/>
<pin id="196" dir="0" index="3" bw="5" slack="0"/>
<pin id="197" dir="1" index="4" bw="8" slack="0"/>
</pin_list>
<bind>
<opcode="partselect(1002) " fcode="partselect"/>
<opset="trunc_ln818_36/1 "/>
</bind>
</comp>

<comp id="202" class="1004" name="trunc_ln818_37_fu_202">
<pin_list>
<pin id="203" dir="0" index="0" bw="7" slack="0"/>
<pin id="204" dir="0" index="1" bw="8" slack="0"/>
<pin id="205" dir="0" index="2" bw="1" slack="0"/>
<pin id="206" dir="0" index="3" bw="4" slack="0"/>
<pin id="207" dir="1" index="4" bw="7" slack="0"/>
</pin_list>
<bind>
<opcode="partselect(1002) " fcode="partselect"/>
<opset="trunc_ln818_37/1 "/>
</bind>
</comp>

<comp id="212" class="1004" name="sext_ln818_fu_212">
<pin_list>
<pin id="213" dir="0" index="0" bw="7" slack="0"/>
<pin id="214" dir="1" index="1" bw="8" slack="0"/>
</pin_list>
<bind>
<opcode="sext(35) " fcode="sext"/>
<opset="sext_ln818/1 "/>
</bind>
</comp>

<comp id="216" class="1004" name="trunc_ln818_38_fu_216">
<pin_list>
<pin id="217" dir="0" index="0" bw="5" slack="0"/>
<pin id="218" dir="0" index="1" bw="8" slack="0"/>
<pin id="219" dir="0" index="2" bw="3" slack="0"/>
<pin id="220" dir="0" index="3" bw="4" slack="0"/>
<pin id="221" dir="1" index="4" bw="5" slack="0"/>
</pin_list>
<bind>
<opcode="partselect(1002) " fcode="partselect"/>
<opset="trunc_ln818_38/1 "/>
</bind>
</comp>

<comp id="226" class="1004" name="sext_ln818_7_fu_226">
<pin_list>
<pin id="227" dir="0" index="0" bw="5" slack="0"/>
<pin id="228" dir="1" index="1" bw="8" slack="0"/>
</pin_list>
<bind>
<opcode="sext(35) " fcode="sext"/>
<opset="sext_ln818_7/1 "/>
</bind>
</comp>

<comp id="230" class="1004" name="add_ln813_fu_230">
<pin_list>
<pin id="231" dir="0" index="0" bw="8" slack="0"/>
<pin id="232" dir="0" index="1" bw="8" slack="0"/>
<pin id="233" dir="1" index="2" bw="8" slack="0"/>
</pin_list>
<bind>
<opcode="add(8) " fcode="add"/>
<opset="add_ln813/1 "/>
</bind>
</comp>

<comp id="236" class="1004" name="add_ln813_34_fu_236">
<pin_list>
<pin id="237" dir="0" index="0" bw="8" slack="0"/>
<pin id="238" dir="0" index="1" bw="8" slack="0"/>
<pin id="239" dir="1" index="2" bw="8" slack="0"/>
</pin_list>
<bind>
<opcode="add(8) " fcode="add"/>
<opset="add_ln813_34/1 "/>
</bind>
</comp>

<comp id="242" class="1004" name="add_ln813_35_fu_242">
<pin_list>
<pin id="243" dir="0" index="0" bw="6" slack="0"/>
<pin id="244" dir="0" index="1" bw="7" slack="0"/>
<pin id="245" dir="1" index="2" bw="8" slack="0"/>
</pin_list>
<bind>
<opcode="add(8) " fcode="add"/>
<opset="add_ln813_35/1 "/>
</bind>
</comp>

<comp id="248" class="1004" name="add_ln813_36_fu_248">
<pin_list>
<pin id="249" dir="0" index="0" bw="8" slack="0"/>
<pin id="250" dir="0" index="1" bw="5" slack="0"/>
<pin id="251" dir="1" index="2" bw="8" slack="0"/>
</pin_list>
<bind>
<opcode="add(8) " fcode="add"/>
<opset="add_ln813_36/1 "/>
</bind>
</comp>

<comp id="254" class="1004" name="mrv_fu_254">
<pin_list>
<pin id="255" dir="0" index="0" bw="32" slack="0"/>
<pin id="256" dir="0" index="1" bw="8" slack="0"/>
<pin id="257" dir="1" index="2" bw="32" slack="0"/>
</pin_list>
<bind>
<opcode="insertvalue(57) " fcode="insertvalue"/>
<opset="mrv/1 "/>
</bind>
</comp>

<comp id="260" class="1004" name="mrv_1_fu_260">
<pin_list>
<pin id="261" dir="0" index="0" bw="32" slack="0"/>
<pin id="262" dir="0" index="1" bw="8" slack="0"/>
<pin id="263" dir="1" index="2" bw="32" slack="0"/>
</pin_list>
<bind>
<opcode="insertvalue(57) " fcode="insertvalue"/>
<opset="mrv_1/1 "/>
</bind>
</comp>

<comp id="266" class="1004" name="mrv_2_fu_266">
<pin_list>
<pin id="267" dir="0" index="0" bw="32" slack="0"/>
<pin id="268" dir="0" index="1" bw="8" slack="0"/>
<pin id="269" dir="1" index="2" bw="32" slack="0"/>
</pin_list>
<bind>
<opcode="insertvalue(57) " fcode="insertvalue"/>
<opset="mrv_2/1 "/>
</bind>
</comp>

<comp id="272" class="1004" name="mrv_3_fu_272">
<pin_list>
<pin id="273" dir="0" index="0" bw="32" slack="0"/>
<pin id="274" dir="0" index="1" bw="8" slack="0"/>
<pin id="275" dir="1" index="2" bw="32" slack="2147483647"/>
</pin_list>
<bind>
<opcode="insertvalue(57) " fcode="insertvalue"/>
<opset="mrv_3/1 "/>
</bind>
</comp>

</comp_list>

<net_list>
<net id="58"><net_src comp="18" pin="0"/><net_sink comp="54" pin=0"/></net>

<net id="59"><net_src comp="2" pin="0"/><net_sink comp="54" pin=1"/></net>

<net id="64"><net_src comp="18" pin="0"/><net_sink comp="60" pin=0"/></net>

<net id="65"><net_src comp="0" pin="0"/><net_sink comp="60" pin=1"/></net>

<net id="69"><net_src comp="60" pin="2"/><net_sink comp="66" pin=0"/></net>

<net id="73"><net_src comp="60" pin="2"/><net_sink comp="70" pin=0"/></net>

<net id="79"><net_src comp="20" pin="0"/><net_sink comp="74" pin=0"/></net>

<net id="80"><net_src comp="60" pin="2"/><net_sink comp="74" pin=1"/></net>

<net id="81"><net_src comp="22" pin="0"/><net_sink comp="74" pin=2"/></net>

<net id="87"><net_src comp="24" pin="0"/><net_sink comp="82" pin=0"/></net>

<net id="88"><net_src comp="60" pin="2"/><net_sink comp="82" pin=1"/></net>

<net id="89"><net_src comp="26" pin="0"/><net_sink comp="82" pin=2"/></net>

<net id="93"><net_src comp="82" pin="3"/><net_sink comp="90" pin=0"/></net>

<net id="98"><net_src comp="74" pin="3"/><net_sink comp="94" pin=0"/></net>

<net id="99"><net_src comp="90" pin="1"/><net_sink comp="94" pin=1"/></net>

<net id="106"><net_src comp="28" pin="0"/><net_sink comp="100" pin=0"/></net>

<net id="107"><net_src comp="94" pin="2"/><net_sink comp="100" pin=1"/></net>

<net id="108"><net_src comp="30" pin="0"/><net_sink comp="100" pin=2"/></net>

<net id="109"><net_src comp="32" pin="0"/><net_sink comp="100" pin=3"/></net>

<net id="115"><net_src comp="34" pin="0"/><net_sink comp="110" pin=0"/></net>

<net id="116"><net_src comp="60" pin="2"/><net_sink comp="110" pin=1"/></net>

<net id="117"><net_src comp="36" pin="0"/><net_sink comp="110" pin=2"/></net>

<net id="121"><net_src comp="110" pin="3"/><net_sink comp="118" pin=0"/></net>

<net id="126"><net_src comp="118" pin="1"/><net_sink comp="122" pin=0"/></net>

<net id="127"><net_src comp="70" pin="1"/><net_sink comp="122" pin=1"/></net>

<net id="134"><net_src comp="28" pin="0"/><net_sink comp="128" pin=0"/></net>

<net id="135"><net_src comp="122" pin="2"/><net_sink comp="128" pin=1"/></net>

<net id="136"><net_src comp="30" pin="0"/><net_sink comp="128" pin=2"/></net>

<net id="137"><net_src comp="32" pin="0"/><net_sink comp="128" pin=3"/></net>

<net id="142"><net_src comp="38" pin="0"/><net_sink comp="138" pin=0"/></net>

<net id="143"><net_src comp="66" pin="1"/><net_sink comp="138" pin=1"/></net>

<net id="150"><net_src comp="40" pin="0"/><net_sink comp="144" pin=0"/></net>

<net id="151"><net_src comp="138" pin="2"/><net_sink comp="144" pin=1"/></net>

<net id="152"><net_src comp="30" pin="0"/><net_sink comp="144" pin=2"/></net>

<net id="153"><net_src comp="42" pin="0"/><net_sink comp="144" pin=3"/></net>

<net id="157"><net_src comp="144" pin="4"/><net_sink comp="154" pin=0"/></net>

<net id="162"><net_src comp="44" pin="0"/><net_sink comp="158" pin=0"/></net>

<net id="163"><net_src comp="118" pin="1"/><net_sink comp="158" pin=1"/></net>

<net id="170"><net_src comp="28" pin="0"/><net_sink comp="164" pin=0"/></net>

<net id="171"><net_src comp="158" pin="2"/><net_sink comp="164" pin=1"/></net>

<net id="172"><net_src comp="30" pin="0"/><net_sink comp="164" pin=2"/></net>

<net id="173"><net_src comp="32" pin="0"/><net_sink comp="164" pin=3"/></net>

<net id="179"><net_src comp="34" pin="0"/><net_sink comp="174" pin=0"/></net>

<net id="180"><net_src comp="54" pin="2"/><net_sink comp="174" pin=1"/></net>

<net id="181"><net_src comp="36" pin="0"/><net_sink comp="174" pin=2"/></net>

<net id="185"><net_src comp="174" pin="3"/><net_sink comp="182" pin=0"/></net>

<net id="190"><net_src comp="44" pin="0"/><net_sink comp="186" pin=0"/></net>

<net id="191"><net_src comp="182" pin="1"/><net_sink comp="186" pin=1"/></net>

<net id="198"><net_src comp="28" pin="0"/><net_sink comp="192" pin=0"/></net>

<net id="199"><net_src comp="186" pin="2"/><net_sink comp="192" pin=1"/></net>

<net id="200"><net_src comp="30" pin="0"/><net_sink comp="192" pin=2"/></net>

<net id="201"><net_src comp="32" pin="0"/><net_sink comp="192" pin=3"/></net>

<net id="208"><net_src comp="46" pin="0"/><net_sink comp="202" pin=0"/></net>

<net id="209"><net_src comp="54" pin="2"/><net_sink comp="202" pin=1"/></net>

<net id="210"><net_src comp="6" pin="0"/><net_sink comp="202" pin=2"/></net>

<net id="211"><net_src comp="48" pin="0"/><net_sink comp="202" pin=3"/></net>

<net id="215"><net_src comp="202" pin="4"/><net_sink comp="212" pin=0"/></net>

<net id="222"><net_src comp="50" pin="0"/><net_sink comp="216" pin=0"/></net>

<net id="223"><net_src comp="54" pin="2"/><net_sink comp="216" pin=1"/></net>

<net id="224"><net_src comp="30" pin="0"/><net_sink comp="216" pin=2"/></net>

<net id="225"><net_src comp="48" pin="0"/><net_sink comp="216" pin=3"/></net>

<net id="229"><net_src comp="216" pin="4"/><net_sink comp="226" pin=0"/></net>

<net id="234"><net_src comp="192" pin="4"/><net_sink comp="230" pin=0"/></net>

<net id="235"><net_src comp="100" pin="4"/><net_sink comp="230" pin=1"/></net>

<net id="240"><net_src comp="128" pin="4"/><net_sink comp="236" pin=0"/></net>

<net id="241"><net_src comp="54" pin="2"/><net_sink comp="236" pin=1"/></net>

<net id="246"><net_src comp="154" pin="1"/><net_sink comp="242" pin=0"/></net>

<net id="247"><net_src comp="212" pin="1"/><net_sink comp="242" pin=1"/></net>

<net id="252"><net_src comp="164" pin="4"/><net_sink comp="248" pin=0"/></net>

<net id="253"><net_src comp="226" pin="1"/><net_sink comp="248" pin=1"/></net>

<net id="258"><net_src comp="52" pin="0"/><net_sink comp="254" pin=0"/></net>

<net id="259"><net_src comp="230" pin="2"/><net_sink comp="254" pin=1"/></net>

<net id="264"><net_src comp="254" pin="2"/><net_sink comp="260" pin=0"/></net>

<net id="265"><net_src comp="236" pin="2"/><net_sink comp="260" pin=1"/></net>

<net id="270"><net_src comp="260" pin="2"/><net_sink comp="266" pin=0"/></net>

<net id="271"><net_src comp="242" pin="2"/><net_sink comp="266" pin=1"/></net>

<net id="276"><net_src comp="266" pin="2"/><net_sink comp="272" pin=0"/></net>

<net id="277"><net_src comp="248" pin="2"/><net_sink comp="272" pin=1"/></net>

</net_list>

</model> 
---------------- Datapath Model END ------------------

* FSMD analyzer results:
  - Output states:
 - Input state : 
	Port: dense_latency<ap_fixed<8, 4, 5, 3, 0>, ap_fixed<8, 4, 5, 3, 0>, config11> : p_read | {1 }
	Port: dense_latency<ap_fixed<8, 4, 5, 3, 0>, ap_fixed<8, 4, 5, 3, 0>, config11> : p_read1 | {1 }
  - Chain level:
	State 1
		sext_ln1273_25 : 1
		r_V : 2
		trunc_ln : 3
		sext_ln1273_26 : 1
		r_V_25 : 2
		trunc_ln818_s : 3
		r_V_26 : 1
		trunc_ln818_34 : 2
		sext_ln818_6 : 3
		r_V_27 : 2
		trunc_ln818_35 : 3
		sext_ln1273_27 : 1
		r_V_28 : 2
		trunc_ln818_36 : 3
		sext_ln818 : 1
		sext_ln818_7 : 1
		add_ln813 : 4
		add_ln813_34 : 4
		add_ln813_35 : 4
		add_ln813_36 : 4
		mrv : 5
		mrv_1 : 6
		mrv_2 : 7
		mrv_3 : 8
		ret_ln68 : 9


============================================================
+ Verbose Summary: Datapath Resource usage 
============================================================

* Functional unit list:
|----------|-----------------------|---------|---------|
| Operation|    Functional Unit    |    FF   |   LUT   |
|----------|-----------------------|---------|---------|
|          |       r_V_fu_94       |    0    |    12   |
|          |     r_V_25_fu_122     |    0    |    13   |
|    sub   |     r_V_26_fu_138     |    0    |    15   |
|          |     r_V_27_fu_158     |    0    |    13   |
|          |     r_V_28_fu_186     |    0    |    13   |
|----------|-----------------------|---------|---------|
|          |    add_ln813_fu_230   |    0    |    15   |
|    add   |  add_ln813_34_fu_236  |    0    |    15   |
|          |  add_ln813_35_fu_242  |    0    |    14   |
|          |  add_ln813_36_fu_248  |    0    |    15   |
|----------|-----------------------|---------|---------|
|   read   |  p_read13_read_fu_54  |    0    |    0    |
|          |  p_read_12_read_fu_60 |    0    |    0    |
|----------|-----------------------|---------|---------|
|          |   sext_ln1273_fu_66   |    0    |    0    |
|          |  sext_ln1273_24_fu_70 |    0    |    0    |
|          |  sext_ln1273_25_fu_90 |    0    |    0    |
|   sext   | sext_ln1273_26_fu_118 |    0    |    0    |
|          |  sext_ln818_6_fu_154  |    0    |    0    |
|          | sext_ln1273_27_fu_182 |    0    |    0    |
|          |   sext_ln818_fu_212   |    0    |    0    |
|          |  sext_ln818_7_fu_226  |    0    |    0    |
|----------|-----------------------|---------|---------|
|          |      shl_ln_fu_74     |    0    |    0    |
|bitconcatenate|   shl_ln1273_s_fu_82  |    0    |    0    |
|          |  shl_ln1273_8_fu_110  |    0    |    0    |
|          |  shl_ln1273_9_fu_174  |    0    |    0    |
|----------|-----------------------|---------|---------|
|          |    trunc_ln_fu_100    |    0    |    0    |
|          |  trunc_ln818_s_fu_128 |    0    |    0    |
|          | trunc_ln818_34_fu_144 |    0    |    0    |
|partselect| trunc_ln818_35_fu_164 |    0    |    0    |
|          | trunc_ln818_36_fu_192 |    0    |    0    |
|          | trunc_ln818_37_fu_202 |    0    |    0    |
|          | trunc_ln818_38_fu_216 |    0    |    0    |
|----------|-----------------------|---------|---------|
|          |       mrv_fu_254      |    0    |    0    |
|insertvalue|      mrv_1_fu_260     |    0    |    0    |
|          |      mrv_2_fu_266     |    0    |    0    |
|          |      mrv_3_fu_272     |    0    |    0    |
|----------|-----------------------|---------|---------|
|   Total  |                       |    0    |   125   |
|----------|-----------------------|---------|---------|

Memories:
N/A

* Register list:
N/A

* Multiplexer (MUX) list: 
|--------|------|------|------|--------|
|  Comp  |  Pin | Size |  BW  | S x BW |
|--------|------|------|------|--------|
|  Total |      |      |      |    0   |
|--------|------|------|------|--------|



* Summary:
+-----------+--------+--------+
|           |   FF   |   LUT  |
+-----------+--------+--------+
|  Function |    0   |   125  |
|   Memory  |    -   |    -   |
|Multiplexer|    -   |    -   |
|  Register |    -   |    -   |
+-----------+--------+--------+
|   Total   |    0   |   125  |
+-----------+--------+--------+
