

================================================================
== Vitis HLS Report for 'dense_latency_ap_fixed_8_4_5_3_0_ap_fixed_8_4_5_3_0_config5_s'
================================================================
* Date:           Sun Mar  8 23:49:53 2026

* Version:        2022.2 (Build 3670227 on Oct 13 2022)
* Project:        myproject_prj
* Solution:       solution1 (Vivado IP Flow Target)
* Product family: zynq
* Target device:  xc7z020-clg484-1


================================================================
== Performance Estimates
================================================================
+ Timing: 
    * Summary: 
    +--------+---------+----------+------------+
    |  Clock |  Target | Estimated| Uncertainty|
    +--------+---------+----------+------------+
    |ap_clk  |  5.00 ns|  3.554 ns|     1.35 ns|
    +--------+---------+----------+------------+

+ Latency: 
    * Summary: 
    +---------+---------+-----------+-----------+-----+-----+---------+
    |  Latency (cycles) |   Latency (absolute)  |  Interval | Pipeline|
    |   min   |   max   |    min    |    max    | min | max |   Type  |
    +---------+---------+-----------+-----------+-----+-----+---------+
    |        4|        4|  20.000 ns|  20.000 ns|    1|    1|      yes|
    +---------+---------+-----------+-----------+-----+-----+---------+

    + Detail: 
        * Instance: 
        N/A

        * Loop: 
        N/A

============================================================
+ Verbose Summary: Synthesis Manager
============================================================
InlineROM: 1
ExposeGlobal: 0
============================================================
+ Verbose Summary: CDFG Model
============================================================
IsTopModel: 0
ResetActiveHigh: 1
IsCombinational: 0
IsDatapathOnly: 0
HasWiredReturn: 1
HasMFsm: 2
HasVarLatency: 0
IsPipeline: 1
IsRtlPipelined: 1
IsInstanceOverlapped: 0
IsDontTouch: 0
HasImplIP: 0
IsGatedGlobalClock: 0

+ Individual pipeline summary: 
  * Pipeline-0: initiation interval (II) = 1, depth = 5


============================================================
+ Verbose Summary: Schedule
============================================================
* Number of FSM states : 5
* Pipeline : 1
  Pipeline-0 : II = 1, D = 5, States = { 1 2 3 4 5 }
* Dataflow Pipeline: 0

* FSM state transitions: 
1 --> 2 
2 --> 3 
3 --> 4 
4 --> 5 
5 --> 

* FSM state operations: 

State 1 <SV = 0> <Delay = 3.55>
ST_1 : Operation 6 [1/1] (0.00ns)   --->   "%p_read_6 = read i8 @_ssdm_op_Read.ap_auto.i8, i8 %p_read5"   --->   Operation 6 'read' 'p_read_6' <Predicate = true> <Delay = 0.00>
ST_1 : Operation 7 [1/1] (0.00ns)   --->   "%p_read_7 = read i8 @_ssdm_op_Read.ap_auto.i8, i8 %p_read4"   --->   Operation 7 'read' 'p_read_7' <Predicate = true> <Delay = 0.00>
ST_1 : Operation 8 [1/1] (0.00ns)   --->   "%p_read_8 = read i8 @_ssdm_op_Read.ap_auto.i8, i8 %p_read3"   --->   Operation 8 'read' 'p_read_8' <Predicate = true> <Delay = 0.00>
ST_1 : Operation 9 [1/1] (0.00ns)   --->   "%p_read28 = read i8 @_ssdm_op_Read.ap_auto.i8, i8 %p_read2"   --->   Operation 9 'read' 'p_read28' <Predicate = true> <Delay = 0.00>
ST_1 : Operation 10 [1/1] (0.00ns)   --->   "%p_read17 = read i8 @_ssdm_op_Read.ap_auto.i8, i8 %p_read1"   --->   Operation 10 'read' 'p_read17' <Predicate = true> <Delay = 0.00>
ST_1 : Operation 11 [1/1] (0.00ns)   --->   "%p_read_9 = read i8 @_ssdm_op_Read.ap_auto.i8, i8 %p_read"   --->   Operation 11 'read' 'p_read_9' <Predicate = true> <Delay = 0.00>
ST_1 : Operation 12 [1/1] (0.00ns)   --->   "%sext_ln1270 = sext i8 %p_read_9"   --->   Operation 12 'sext' 'sext_ln1270' <Predicate = true> <Delay = 0.00>
ST_1 : Operation 13 [3/3] (2.93ns)   --->   "%mul_ln1270 = mul i11 %sext_ln1270, i11 2021"   --->   Operation 13 'mul' 'mul_ln1270' <Predicate = true> <Delay = 2.93> <CoreInst = "Mul_DSP">   --->   Core 5 'Mul_DSP' <Latency = 2> <II = 1> <Delay = 2.93> <FuncUnit> <Opcode : 'mul'> <InPorts = 2> <OutPorts = 1>
ST_1 : Operation 14 [1/1] (0.00ns)   --->   "%trunc_ln1273 = trunc i8 %p_read17"   --->   Operation 14 'trunc' 'trunc_ln1273' <Predicate = true> <Delay = 0.00>
ST_1 : Operation 15 [1/1] (0.00ns)   --->   "%shl_ln = bitconcatenate i11 @_ssdm_op_BitConcatenate.i11.i6.i5, i6 %trunc_ln1273, i5 0"   --->   Operation 15 'bitconcatenate' 'shl_ln' <Predicate = true> <Delay = 0.00>
ST_1 : Operation 16 [1/1] (0.00ns)   --->   "%shl_ln1273_5 = bitconcatenate i10 @_ssdm_op_BitConcatenate.i10.i8.i2, i8 %p_read17, i2 0"   --->   Operation 16 'bitconcatenate' 'shl_ln1273_5' <Predicate = true> <Delay = 0.00>
ST_1 : Operation 17 [1/1] (0.00ns)   --->   "%sext_ln1273 = sext i10 %shl_ln1273_5"   --->   Operation 17 'sext' 'sext_ln1273' <Predicate = true> <Delay = 0.00>
ST_1 : Operation 18 [1/1] (1.63ns)   --->   "%r_V = add i11 %shl_ln, i11 %sext_ln1273"   --->   Operation 18 'add' 'r_V' <Predicate = true> <Delay = 1.63> <CoreInst = "Adder">   --->   Core 1 'Adder' <Latency = 0> <II = 1> <Delay = 1.63> <FuncUnit> <Opcode : 'add' 'sub'> <InPorts = 2> <OutPorts = 1>
ST_1 : Operation 19 [1/1] (0.00ns)   --->   "%trunc_ln818_5 = partselect i8 @_ssdm_op_PartSelect.i8.i11.i32.i32, i11 %r_V, i32 3, i32 10"   --->   Operation 19 'partselect' 'trunc_ln818_5' <Predicate = true> <Delay = 0.00>
ST_1 : Operation 20 [1/1] (0.00ns)   --->   "%shl_ln1273_6 = bitconcatenate i9 @_ssdm_op_BitConcatenate.i9.i8.i1, i8 %p_read17, i1 0"   --->   Operation 20 'bitconcatenate' 'shl_ln1273_6' <Predicate = true> <Delay = 0.00>
ST_1 : Operation 21 [1/1] (0.00ns)   --->   "%sext_ln1273_3 = sext i9 %shl_ln1273_6"   --->   Operation 21 'sext' 'sext_ln1273_3' <Predicate = true> <Delay = 0.00>
ST_1 : Operation 22 [1/1] (1.63ns)   --->   "%r_V_3 = add i11 %shl_ln, i11 %sext_ln1273_3"   --->   Operation 22 'add' 'r_V_3' <Predicate = true> <Delay = 1.63> <CoreInst = "Adder">   --->   Core 1 'Adder' <Latency = 0> <II = 1> <Delay = 1.63> <FuncUnit> <Opcode : 'add' 'sub'> <InPorts = 2> <OutPorts = 1>
ST_1 : Operation 23 [1/1] (0.00ns) (grouped into LUT with out node add_ln813)   --->   "%trunc_ln818_6 = partselect i8 @_ssdm_op_PartSelect.i8.i11.i32.i32, i11 %r_V_3, i32 3, i32 10"   --->   Operation 23 'partselect' 'trunc_ln818_6' <Predicate = true> <Delay = 0.00>
ST_1 : Operation 24 [1/1] (0.00ns)   --->   "%sext_ln1270_1 = sext i8 %p_read28"   --->   Operation 24 'sext' 'sext_ln1270_1' <Predicate = true> <Delay = 0.00>
ST_1 : Operation 25 [3/3] (2.93ns)   --->   "%mul_ln1270_1 = mul i11 %sext_ln1270_1, i11 2019"   --->   Operation 25 'mul' 'mul_ln1270_1' <Predicate = true> <Delay = 2.93> <CoreInst = "Mul_DSP">   --->   Core 5 'Mul_DSP' <Latency = 2> <II = 1> <Delay = 2.93> <FuncUnit> <Opcode : 'mul'> <InPorts = 2> <OutPorts = 1>
ST_1 : Operation 26 [1/1] (0.00ns)   --->   "%sext_ln1273_4 = sext i8 %p_read_8"   --->   Operation 26 'sext' 'sext_ln1273_4' <Predicate = true> <Delay = 0.00>
ST_1 : Operation 27 [3/3] (2.93ns)   --->   "%mul_ln1270_2 = mul i11 %sext_ln1273_4, i11 35"   --->   Operation 27 'mul' 'mul_ln1270_2' <Predicate = true> <Delay = 2.93> <CoreInst = "Mul_DSP">   --->   Core 5 'Mul_DSP' <Latency = 2> <II = 1> <Delay = 2.93> <FuncUnit> <Opcode : 'mul'> <InPorts = 2> <OutPorts = 1>
ST_1 : Operation 28 [1/1] (0.00ns)   --->   "%trunc_ln1273_2 = trunc i8 %p_read_8"   --->   Operation 28 'trunc' 'trunc_ln1273_2' <Predicate = true> <Delay = 0.00>
ST_1 : Operation 29 [1/1] (0.00ns)   --->   "%shl_ln1273_7 = bitconcatenate i11 @_ssdm_op_BitConcatenate.i11.i6.i5, i6 %trunc_ln1273_2, i5 0"   --->   Operation 29 'bitconcatenate' 'shl_ln1273_7' <Predicate = true> <Delay = 0.00>
ST_1 : Operation 30 [1/1] (1.63ns)   --->   "%r_V_4 = add i11 %shl_ln1273_7, i11 %sext_ln1273_4"   --->   Operation 30 'add' 'r_V_4' <Predicate = true> <Delay = 1.63> <CoreInst = "Adder">   --->   Core 1 'Adder' <Latency = 0> <II = 1> <Delay = 1.63> <FuncUnit> <Opcode : 'add' 'sub'> <InPorts = 2> <OutPorts = 1>
ST_1 : Operation 31 [1/1] (0.00ns)   --->   "%trunc_ln818_9 = partselect i8 @_ssdm_op_PartSelect.i8.i11.i32.i32, i11 %r_V_4, i32 3, i32 10"   --->   Operation 31 'partselect' 'trunc_ln818_9' <Predicate = true> <Delay = 0.00>
ST_1 : Operation 32 [1/1] (0.00ns)   --->   "%trunc_ln1273_3 = trunc i8 %p_read_7"   --->   Operation 32 'trunc' 'trunc_ln1273_3' <Predicate = true> <Delay = 0.00>
ST_1 : Operation 33 [1/1] (0.00ns)   --->   "%shl_ln1273_8 = bitconcatenate i11 @_ssdm_op_BitConcatenate.i11.i6.i5, i6 %trunc_ln1273_3, i5 0"   --->   Operation 33 'bitconcatenate' 'shl_ln1273_8' <Predicate = true> <Delay = 0.00>
ST_1 : Operation 34 [1/1] (0.00ns)   --->   "%shl_ln1273_9 = bitconcatenate i9 @_ssdm_op_BitConcatenate.i9.i8.i1, i8 %p_read_7, i1 0"   --->   Operation 34 'bitconcatenate' 'shl_ln1273_9' <Predicate = true> <Delay = 0.00>
ST_1 : Operation 35 [1/1] (0.00ns)   --->   "%sext_ln1273_5 = sext i9 %shl_ln1273_9"   --->   Operation 35 'sext' 'sext_ln1273_5' <Predicate = true> <Delay = 0.00>
ST_1 : Operation 36 [1/1] (1.63ns)   --->   "%r_V_5 = sub i11 %shl_ln1273_8, i11 %sext_ln1273_5"   --->   Operation 36 'sub' 'r_V_5' <Predicate = true> <Delay = 1.63> <CoreInst = "Adder">   --->   Core 1 'Adder' <Latency = 0> <II = 1> <Delay = 1.63> <FuncUnit> <Opcode : 'add' 'sub'> <InPorts = 2> <OutPorts = 1>
ST_1 : Operation 37 [1/1] (0.00ns)   --->   "%trunc_ln818_s = partselect i8 @_ssdm_op_PartSelect.i8.i11.i32.i32, i11 %r_V_5, i32 3, i32 10"   --->   Operation 37 'partselect' 'trunc_ln818_s' <Predicate = true> <Delay = 0.00>
ST_1 : Operation 38 [1/1] (0.00ns) (grouped into LUT with out node add_ln813)   --->   "%shl_ln818 = shl i8 %p_read_7, i8 2"   --->   Operation 38 'shl' 'shl_ln818' <Predicate = true> <Delay = 0.00>
ST_1 : Operation 39 [1/1] (0.00ns)   --->   "%trunc_ln1273_4 = trunc i8 %p_read_6"   --->   Operation 39 'trunc' 'trunc_ln1273_4' <Predicate = true> <Delay = 0.00>
ST_1 : Operation 40 [1/1] (0.00ns)   --->   "%shl_ln1273_s = bitconcatenate i11 @_ssdm_op_BitConcatenate.i11.i6.i5, i6 %trunc_ln1273_4, i5 0"   --->   Operation 40 'bitconcatenate' 'shl_ln1273_s' <Predicate = true> <Delay = 0.00>
ST_1 : Operation 41 [1/1] (0.00ns)   --->   "%shl_ln1273_1 = bitconcatenate i9 @_ssdm_op_BitConcatenate.i9.i8.i1, i8 %p_read_6, i1 0"   --->   Operation 41 'bitconcatenate' 'shl_ln1273_1' <Predicate = true> <Delay = 0.00>
ST_1 : Operation 42 [1/1] (0.00ns)   --->   "%sext_ln1273_6 = sext i9 %shl_ln1273_1"   --->   Operation 42 'sext' 'sext_ln1273_6' <Predicate = true> <Delay = 0.00>
ST_1 : Operation 43 [1/1] (1.63ns)   --->   "%r_V_6 = add i11 %shl_ln1273_s, i11 %sext_ln1273_6"   --->   Operation 43 'add' 'r_V_6' <Predicate = true> <Delay = 1.63> <CoreInst = "Adder">   --->   Core 1 'Adder' <Latency = 0> <II = 1> <Delay = 1.63> <FuncUnit> <Opcode : 'add' 'sub'> <InPorts = 2> <OutPorts = 1>
ST_1 : Operation 44 [1/1] (0.00ns)   --->   "%trunc_ln818_1 = partselect i8 @_ssdm_op_PartSelect.i8.i11.i32.i32, i11 %r_V_6, i32 3, i32 10"   --->   Operation 44 'partselect' 'trunc_ln818_1' <Predicate = true> <Delay = 0.00>
ST_1 : Operation 45 [1/1] (1.91ns) (out node of the LUT)   --->   "%add_ln813 = add i8 %trunc_ln818_6, i8 %shl_ln818"   --->   Operation 45 'add' 'add_ln813' <Predicate = true> <Delay = 1.91> <CoreInst = "Adder">   --->   Core 1 'Adder' <Latency = 0> <II = 1> <Delay = 1.91> <FuncUnit> <Opcode : 'add' 'sub'> <InPorts = 2> <OutPorts = 1>

State 2 <SV = 1> <Delay = 2.93>
ST_2 : Operation 46 [2/3] (2.93ns)   --->   "%mul_ln1270 = mul i11 %sext_ln1270, i11 2021"   --->   Operation 46 'mul' 'mul_ln1270' <Predicate = true> <Delay = 2.93> <CoreInst = "Mul_DSP">   --->   Core 5 'Mul_DSP' <Latency = 2> <II = 1> <Delay = 2.93> <FuncUnit> <Opcode : 'mul'> <InPorts = 2> <OutPorts = 1>
ST_2 : Operation 47 [2/3] (2.93ns)   --->   "%mul_ln1270_1 = mul i11 %sext_ln1270_1, i11 2019"   --->   Operation 47 'mul' 'mul_ln1270_1' <Predicate = true> <Delay = 2.93> <CoreInst = "Mul_DSP">   --->   Core 5 'Mul_DSP' <Latency = 2> <II = 1> <Delay = 2.93> <FuncUnit> <Opcode : 'mul'> <InPorts = 2> <OutPorts = 1>
ST_2 : Operation 48 [2/3] (2.93ns)   --->   "%mul_ln1270_2 = mul i11 %sext_ln1273_4, i11 35"   --->   Operation 48 'mul' 'mul_ln1270_2' <Predicate = true> <Delay = 2.93> <CoreInst = "Mul_DSP">   --->   Core 5 'Mul_DSP' <Latency = 2> <II = 1> <Delay = 2.93> <FuncUnit> <Opcode : 'mul'> <InPorts = 2> <OutPorts = 1>

State 3 <SV = 2> <Delay = 2.93>
ST_3 : Operation 49 [1/3] (2.93ns)   --->   "%mul_ln1270 = mul i11 %sext_ln1270, i11 2021"   --->   Operation 49 'mul' 'mul_ln1270' <Predicate = true> <Delay = 2.93> <CoreInst = "Mul_DSP">   --->   Core 5 'Mul_DSP' <Latency = 2> <II = 1> <Delay = 2.93> <FuncUnit> <Opcode : 'mul'> <InPorts = 2> <OutPorts = 1>
ST_3 : Operation 50 [1/1] (0.00ns)   --->   "%trunc_ln = partselect i8 @_ssdm_op_PartSelect.i8.i11.i32.i32, i11 %mul_ln1270, i32 3, i32 10"   --->   Operation 50 'partselect' 'trunc_ln' <Predicate = true> <Delay = 0.00>
ST_3 : Operation 51 [1/3] (2.93ns)   --->   "%mul_ln1270_1 = mul i11 %sext_ln1270_1, i11 2019"   --->   Operation 51 'mul' 'mul_ln1270_1' <Predicate = true> <Delay = 2.93> <CoreInst = "Mul_DSP">   --->   Core 5 'Mul_DSP' <Latency = 2> <II = 1> <Delay = 2.93> <FuncUnit> <Opcode : 'mul'> <InPorts = 2> <OutPorts = 1>
ST_3 : Operation 52 [1/1] (0.00ns)   --->   "%trunc_ln818_7 = partselect i8 @_ssdm_op_PartSelect.i8.i11.i32.i32, i11 %mul_ln1270_1, i32 3, i32 10"   --->   Operation 52 'partselect' 'trunc_ln818_7' <Predicate = true> <Delay = 0.00>
ST_3 : Operation 53 [1/3] (2.93ns)   --->   "%mul_ln1270_2 = mul i11 %sext_ln1273_4, i11 35"   --->   Operation 53 'mul' 'mul_ln1270_2' <Predicate = true> <Delay = 2.93> <CoreInst = "Mul_DSP">   --->   Core 5 'Mul_DSP' <Latency = 2> <II = 1> <Delay = 2.93> <FuncUnit> <Opcode : 'mul'> <InPorts = 2> <OutPorts = 1>
ST_3 : Operation 54 [1/1] (0.00ns)   --->   "%trunc_ln818_8 = partselect i8 @_ssdm_op_PartSelect.i8.i11.i32.i32, i11 %mul_ln1270_2, i32 3, i32 10"   --->   Operation 54 'partselect' 'trunc_ln818_8' <Predicate = true> <Delay = 0.00>
ST_3 : Operation 55 [1/1] (1.91ns)   --->   "%add_ln813_3 = add i8 %trunc_ln818_9, i8 10"   --->   Operation 55 'add' 'add_ln813_3' <Predicate = true> <Delay = 1.91> <CoreInst = "Adder">   --->   Core 1 'Adder' <Latency = 0> <II = 1> <Delay = 1.91> <FuncUnit> <Opcode : 'add' 'sub'> <InPorts = 2> <OutPorts = 1>
ST_3 : Operation 56 [1/1] (1.91ns)   --->   "%add_ln813_7 = add i8 %trunc_ln818_1, i8 12"   --->   Operation 56 'add' 'add_ln813_7' <Predicate = true> <Delay = 1.91> <CoreInst = "Adder">   --->   Core 1 'Adder' <Latency = 0> <II = 1> <Delay = 1.91> <FuncUnit> <Opcode : 'add' 'sub'> <InPorts = 2> <OutPorts = 1>

State 4 <SV = 3> <Delay = 1.91>
ST_4 : Operation 57 [1/1] (1.91ns)   --->   "%add_ln813_4 = add i8 %add_ln813_3, i8 %trunc_ln818_7"   --->   Operation 57 'add' 'add_ln813_4' <Predicate = true> <Delay = 1.91> <CoreInst = "Adder">   --->   Core 1 'Adder' <Latency = 0> <II = 1> <Delay = 1.91> <FuncUnit> <Opcode : 'add' 'sub'> <InPorts = 2> <OutPorts = 1>
ST_4 : Operation 58 [1/1] (1.91ns)   --->   "%add_ln813_6 = add i8 %trunc_ln818_5, i8 %trunc_ln818_8"   --->   Operation 58 'add' 'add_ln813_6' <Predicate = true> <Delay = 1.91> <CoreInst = "Adder">   --->   Core 1 'Adder' <Latency = 0> <II = 1> <Delay = 1.91> <FuncUnit> <Opcode : 'add' 'sub'> <InPorts = 2> <OutPorts = 1>
ST_4 : Operation 59 [1/1] (1.91ns)   --->   "%add_ln813_8 = add i8 %add_ln813_7, i8 %trunc_ln818_s"   --->   Operation 59 'add' 'add_ln813_8' <Predicate = true> <Delay = 1.91> <CoreInst = "Adder">   --->   Core 1 'Adder' <Latency = 0> <II = 1> <Delay = 1.91> <FuncUnit> <Opcode : 'add' 'sub'> <InPorts = 2> <OutPorts = 1>
ST_4 : Operation 60 [1/1] (1.91ns)   --->   "%add_ln813_10 = add i8 %trunc_ln, i8 %trunc_ln818_7"   --->   Operation 60 'add' 'add_ln813_10' <Predicate = true> <Delay = 1.91> <CoreInst = "Adder">   --->   Core 1 'Adder' <Latency = 0> <II = 1> <Delay = 1.91> <FuncUnit> <Opcode : 'add' 'sub'> <InPorts = 2> <OutPorts = 1>
ST_4 : Operation 61 [1/1] (1.91ns)   --->   "%add_ln813_11 = add i8 %trunc_ln818_1, i8 10"   --->   Operation 61 'add' 'add_ln813_11' <Predicate = true> <Delay = 1.91> <CoreInst = "Adder">   --->   Core 1 'Adder' <Latency = 0> <II = 1> <Delay = 1.91> <FuncUnit> <Opcode : 'add' 'sub'> <InPorts = 2> <OutPorts = 1>

State 5 <SV = 4> <Delay = 1.91>
ST_5 : Operation 62 [1/1] (0.00ns)   --->   "%specpipeline_ln33 = specpipeline void @_ssdm_op_SpecPipeline, i32 1, i32 0, i32 0, i32 0, void @empty_0" [firmware/nnet_utils/nnet_dense_latency.h:33]   --->   Operation 62 'specpipeline' 'specpipeline_ln33' <Predicate = true> <Delay = 0.00>
ST_5 : Operation 63 [1/1] (0.00ns)   --->   "%specresourcelimit_ln33 = specresourcelimit void @_ssdm_op_SpecResourceLimit, i64 12, void @empty_1, void @empty_0, void @empty_0, void @empty_0" [firmware/nnet_utils/nnet_dense_latency.h:33]   --->   Operation 63 'specresourcelimit' 'specresourcelimit_ln33' <Predicate = true> <Delay = 0.00>
ST_5 : Operation 64 [1/1] (1.91ns)   --->   "%add_ln813_5 = add i8 %add_ln813_4, i8 %add_ln813"   --->   Operation 64 'add' 'add_ln813_5' <Predicate = true> <Delay = 1.91> <CoreInst = "Adder">   --->   Core 1 'Adder' <Latency = 0> <II = 1> <Delay = 1.91> <FuncUnit> <Opcode : 'add' 'sub'> <InPorts = 2> <OutPorts = 1>
ST_5 : Operation 65 [1/1] (1.91ns)   --->   "%add_ln813_9 = add i8 %add_ln813_8, i8 %add_ln813_6"   --->   Operation 65 'add' 'add_ln813_9' <Predicate = true> <Delay = 1.91> <CoreInst = "Adder">   --->   Core 1 'Adder' <Latency = 0> <II = 1> <Delay = 1.91> <FuncUnit> <Opcode : 'add' 'sub'> <InPorts = 2> <OutPorts = 1>
ST_5 : Operation 66 [1/1] (1.91ns)   --->   "%add_ln813_12 = add i8 %add_ln813_11, i8 %add_ln813_10"   --->   Operation 66 'add' 'add_ln813_12' <Predicate = true> <Delay = 1.91> <CoreInst = "Adder">   --->   Core 1 'Adder' <Latency = 0> <II = 1> <Delay = 1.91> <FuncUnit> <Opcode : 'add' 'sub'> <InPorts = 2> <OutPorts = 1>
ST_5 : Operation 67 [1/1] (0.00ns)   --->   "%newret = insertvalue i24 <undef>, i8 %add_ln813_9"   --->   Operation 67 'insertvalue' 'newret' <Predicate = true> <Delay = 0.00>
ST_5 : Operation 68 [1/1] (0.00ns)   --->   "%newret2 = insertvalue i24 %newret, i8 %add_ln813_5"   --->   Operation 68 'insertvalue' 'newret2' <Predicate = true> <Delay = 0.00>
ST_5 : Operation 69 [1/1] (0.00ns)   --->   "%newret4 = insertvalue i24 %newret2, i8 %add_ln813_12"   --->   Operation 69 'insertvalue' 'newret4' <Predicate = true> <Delay = 0.00>
ST_5 : Operation 70 [1/1] (0.00ns)   --->   "%ret_ln813 = ret i24 %newret4"   --->   Operation 70 'ret' 'ret_ln813' <Predicate = true> <Delay = 0.00>


============================================================
+ Verbose Summary: Binding
============================================================
STG Binding: 
---------------- STG Properties BEGIN ----------------
- Is combinational: 0
- Is one-state seq: 0
- Is datapath-only: 1
- Is pipelined: 1
- Is top level: 0
Port [ Return ] is wired: 1; IO mode=ap_ctrl_hs:ce=0
Port [ p_read]:  wired=1; compound=0; hidden=0; nouse=0; global=0; static=0; extern=0; dir=0; type=0; pingpong=0; private_global=0; IO mode=ap_none:ce=0
Port [ p_read1]:  wired=1; compound=0; hidden=0; nouse=0; global=0; static=0; extern=0; dir=0; type=0; pingpong=0; private_global=0; IO mode=ap_none:ce=0
Port [ p_read2]:  wired=1; compound=0; hidden=0; nouse=0; global=0; static=0; extern=0; dir=0; type=0; pingpong=0; private_global=0; IO mode=ap_none:ce=0
Port [ p_read3]:  wired=1; compound=0; hidden=0; nouse=0; global=0; static=0; extern=0; dir=0; type=0; pingpong=0; private_global=0; IO mode=ap_none:ce=0
Port [ p_read4]:  wired=1; compound=0; hidden=0; nouse=0; global=0; static=0; extern=0; dir=0; type=0; pingpong=0; private_global=0; IO mode=ap_none:ce=0
Port [ p_read5]:  wired=1; compound=0; hidden=0; nouse=0; global=0; static=0; extern=0; dir=0; type=0; pingpong=0; private_global=0; IO mode=ap_none:ce=0
---------------- STG Properties END ------------------

---------------- Datapath Model BEGIN ----------------

<LifeTime>
<method=bitvector/>
p_read_6               (read             ) [ 000000]
p_read_7               (read             ) [ 000000]
p_read_8               (read             ) [ 000000]
p_read28               (read             ) [ 000000]
p_read17               (read             ) [ 000000]
p_read_9               (read             ) [ 000000]
sext_ln1270            (sext             ) [ 011100]
trunc_ln1273           (trunc            ) [ 000000]
shl_ln                 (bitconcatenate   ) [ 000000]
shl_ln1273_5           (bitconcatenate   ) [ 000000]
sext_ln1273            (sext             ) [ 000000]
r_V                    (add              ) [ 000000]
trunc_ln818_5          (partselect       ) [ 011110]
shl_ln1273_6           (bitconcatenate   ) [ 000000]
sext_ln1273_3          (sext             ) [ 000000]
r_V_3                  (add              ) [ 000000]
trunc_ln818_6          (partselect       ) [ 000000]
sext_ln1270_1          (sext             ) [ 011100]
sext_ln1273_4          (sext             ) [ 011100]
trunc_ln1273_2         (trunc            ) [ 000000]
shl_ln1273_7           (bitconcatenate   ) [ 000000]
r_V_4                  (add              ) [ 000000]
trunc_ln818_9          (partselect       ) [ 011100]
trunc_ln1273_3         (trunc            ) [ 000000]
shl_ln1273_8           (bitconcatenate   ) [ 000000]
shl_ln1273_9           (bitconcatenate   ) [ 000000]
sext_ln1273_5          (sext             ) [ 000000]
r_V_5                  (sub              ) [ 000000]
trunc_ln818_s          (partselect       ) [ 011110]
shl_ln818              (shl              ) [ 000000]
trunc_ln1273_4         (trunc            ) [ 000000]
shl_ln1273_s           (bitconcatenate   ) [ 000000]
shl_ln1273_1           (bitconcatenate   ) [ 000000]
sext_ln1273_6          (sext             ) [ 000000]
r_V_6                  (add              ) [ 000000]
trunc_ln818_1          (partselect       ) [ 011110]
add_ln813              (add              ) [ 011111]
mul_ln1270             (mul              ) [ 000000]
trunc_ln               (partselect       ) [ 010010]
mul_ln1270_1           (mul              ) [ 000000]
trunc_ln818_7          (partselect       ) [ 010010]
mul_ln1270_2           (mul              ) [ 000000]
trunc_ln818_8          (partselect       ) [ 010010]
add_ln813_3            (add              ) [ 010010]
add_ln813_7            (add              ) [ 010010]
add_ln813_4            (add              ) [ 010001]
add_ln813_6            (add              ) [ 010001]
add_ln813_8            (add              ) [ 010001]
add_ln813_10           (add              ) [ 010001]
add_ln813_11           (add              ) [ 010001]
specpipeline_ln33      (specpipeline     ) [ 000000]
specresourcelimit_ln33 (specresourcelimit) [ 000000]
add_ln813_5            (add              ) [ 000000]
add_ln813_9            (add              ) [ 000000]
add_ln813_12           (add              ) [ 000000]
newret                 (insertvalue      ) [ 000000]
newret2                (insertvalue      ) [ 000000]
newret4                (insertvalue      ) [ 000000]
ret_ln813              (ret              ) [ 000000]
</LifeTime>

<model>

<comp_list>
<comp id="0" class="1000" name="p_read">
<pin_list>
<pin id="1" dir="1" index="0" bw="1" slack="0"/>
</pin_list>
<bind>
<StgValue><ssdm name="p_read"/></StgValue>
</bind>
</comp>

<comp id="2" class="1000" name="p_read1">
<pin_list>
<pin id="3" dir="1" index="0" bw="1" slack="0"/>
</pin_list>
<bind>
<StgValue><ssdm name="p_read1"/></StgValue>
</bind>
</comp>

<comp id="4" class="1000" name="p_read2">
<pin_list>
<pin id="5" dir="1" index="0" bw="1" slack="0"/>
</pin_list>
<bind>
<StgValue><ssdm name="p_read2"/></StgValue>
</bind>
</comp>

<comp id="6" class="1000" name="p_read3">
<pin_list>
<pin id="7" dir="1" index="0" bw="1" slack="0"/>
</pin_list>
<bind>
<StgValue><ssdm name="p_read3"/></StgValue>
</bind>
</comp>

<comp id="8" class="1000" name="p_read4">
<pin_list>
<pin id="9" dir="1" index="0" bw="1" slack="0"/>
</pin_list>
<bind>
<StgValue><ssdm name="p_read4"/></StgValue>
</bind>
</comp>

<comp id="10" class="1000" name="p_read5">
<pin_list>
<pin id="11" dir="1" index="0" bw="1" slack="0"/>
</pin_list>
<bind>
<StgValue><ssdm name="p_read5"/></StgValue>
</bind>
</comp>

<comp id="12" class="1001" name="const_12">
<pin_list>
<pin id="13" dir="1" index="0" bw="1" slack="0"/>
</pin_list>
<bind>
<StgValue><ssdm name="_ssdm_op_Read.ap_auto.i8"/></StgValue>
</bind>
</comp>

<comp id="14" class="1001" name="const_14">
<pin_list>
<pin id="15" dir="1" index="0" bw="1" slack="0"/>
</pin_list>
<bind>
<StgValue><ssdm name=""/></StgValue>
</bind>
</comp>

<comp id="16" class="1001" name="const_16">
<pin_list>
<pin id="17" dir="1" index="0" bw="1" slack="0"/>
</pin_list>
<bind>
<StgValue><ssdm name="_ssdm_op_BitConcatenate.i11.i6.i5"/></StgValue>
</bind>
</comp>

<comp id="18" class="1001" name="const_18">
<pin_list>
<pin id="19" dir="1" index="0" bw="1" slack="0"/>
</pin_list>
<bind>
<StgValue><ssdm name=""/></StgValue>
</bind>
</comp>

<comp id="20" class="1001" name="const_20">
<pin_list>
<pin id="21" dir="1" index="0" bw="1" slack="0"/>
</pin_list>
<bind>
<StgValue><ssdm name="_ssdm_op_BitConcatenate.i10.i8.i2"/></StgValue>
</bind>
</comp>

<comp id="22" class="1001" name="const_22">
<pin_list>
<pin id="23" dir="1" index="0" bw="1" slack="0"/>
</pin_list>
<bind>
<StgValue><ssdm name=""/></StgValue>
</bind>
</comp>

<comp id="24" class="1001" name="const_24">
<pin_list>
<pin id="25" dir="1" index="0" bw="1" slack="0"/>
</pin_list>
<bind>
<StgValue><ssdm name="_ssdm_op_PartSelect.i8.i11.i32.i32"/></StgValue>
</bind>
</comp>

<comp id="26" class="1001" name="const_26">
<pin_list>
<pin id="27" dir="1" index="0" bw="1" slack="0"/>
</pin_list>
<bind>
<StgValue><ssdm name=""/></StgValue>
</bind>
</comp>

<comp id="28" class="1001" name="const_28">
<pin_list>
<pin id="29" dir="1" index="0" bw="1" slack="0"/>
</pin_list>
<bind>
<StgValue><ssdm name=""/></StgValue>
</bind>
</comp>

<comp id="30" class="1001" name="const_30">
<pin_list>
<pin id="31" dir="1" index="0" bw="1" slack="0"/>
</pin_list>
<bind>
<StgValue><ssdm name="_ssdm_op_BitConcatenate.i9.i8.i1"/></StgValue>
</bind>
</comp>

<comp id="32" class="1001" name="const_32">
<pin_list>
<pin id="33" dir="1" index="0" bw="1" slack="0"/>
</pin_list>
<bind>
<StgValue><ssdm name=""/></StgValue>
</bind>
</comp>

<comp id="34" class="1001" name="const_34">
<pin_list>
<pin id="35" dir="1" index="0" bw="1" slack="0"/>
</pin_list>
<bind>
<StgValue><ssdm name=""/></StgValue>
</bind>
</comp>

<comp id="36" class="1001" name="const_36">
<pin_list>
<pin id="37" dir="1" index="0" bw="1" slack="0"/>
</pin_list>
<bind>
<StgValue><ssdm name=""/></StgValue>
</bind>
</comp>

<comp id="38" class="1001" name="const_38">
<pin_list>
<pin id="39" dir="1" index="0" bw="1" slack="0"/>
</pin_list>
<bind>
<StgValue><ssdm name=""/></StgValue>
</bind>
</comp>

<comp id="40" class="1001" name="const_40">
<pin_list>
<pin id="41" dir="1" index="0" bw="1" slack="0"/>
</pin_list>
<bind>
<StgValue><ssdm name=""/></StgValue>
</bind>
</comp>

<comp id="42" class="1001" name="const_42">
<pin_list>
<pin id="43" dir="1" index="0" bw="1" slack="0"/>
</pin_list>
<bind>
<StgValue><ssdm name=""/></StgValue>
</bind>
</comp>

<comp id="44" class="1001" name="const_44">
<pin_list>
<pin id="45" dir="1" index="0" bw="1" slack="2147483647"/>
</pin_list>
<bind>
<StgValue><ssdm name="_ssdm_op_SpecPipeline"/></StgValue>
</bind>
</comp>

<comp id="46" class="1001" name="const_46">
<pin_list>
<pin id="47" dir="1" index="0" bw="1" slack="2147483647"/>
</pin_list>
<bind>
<StgValue><ssdm name=""/></StgValue>
</bind>
</comp>

<comp id="48" class="1001" name="const_48">
<pin_list>
<pin id="49" dir="1" index="0" bw="1" slack="2147483647"/>
</pin_list>
<bind>
<StgValue><ssdm name=""/></StgValue>
</bind>
</comp>

<comp id="50" class="1001" name="const_50">
<pin_list>
<pin id="51" dir="1" index="0" bw="1" slack="2147483647"/>
</pin_list>
<bind>
<StgValue><ssdm name="empty_0"/></StgValue>
</bind>
</comp>

<comp id="52" class="1001" name="const_52">
<pin_list>
<pin id="53" dir="1" index="0" bw="1" slack="2147483647"/>
</pin_list>
<bind>
<StgValue><ssdm name="_ssdm_op_SpecResourceLimit"/></StgValue>
</bind>
</comp>

<comp id="54" class="1001" name="const_54">
<pin_list>
<pin id="55" dir="1" index="0" bw="1" slack="2147483647"/>
</pin_list>
<bind>
<StgValue><ssdm name=""/></StgValue>
</bind>
</comp>

<comp id="56" class="1001" name="const_56">
<pin_list>
<pin id="57" dir="1" index="0" bw="1" slack="2147483647"/>
</pin_list>
<bind>
<StgValue><ssdm name="empty_1"/></StgValue>
</bind>
</comp>

<comp id="58" class="1001" name="const_58">
<pin_list>
<pin id="59" dir="1" index="0" bw="1" slack="0"/>
</pin_list>
<bind>
<StgValue><ssdm name=""/></StgValue>
</bind>
</comp>

<comp id="60" class="1004" name="p_read_6_read_fu_60">
<pin_list>
<pin id="61" dir="0" index="0" bw="8" slack="0"/>
<pin id="62" dir="0" index="1" bw="8" slack="0"/>
<pin id="63" dir="1" index="2" bw="8" slack="0"/>
</pin_list>
<bind>
<opcode="read(1150) " fcode="read"/>
<opset="p_read_6/1 "/>
</bind>
</comp>

<comp id="66" class="1004" name="p_read_7_read_fu_66">
<pin_list>
<pin id="67" dir="0" index="0" bw="8" slack="0"/>
<pin id="68" dir="0" index="1" bw="8" slack="0"/>
<pin id="69" dir="1" index="2" bw="8" slack="0"/>
</pin_list>
<bind>
<opcode="read(1150) " fcode="read"/>
<opset="p_read_7/1 "/>
</bind>
</comp>

<comp id="72" class="1004" name="p_read_8_read_fu_72">
<pin_list>
<pin id="73" dir="0" index="0" bw="8" slack="0"/>
<pin id="74" dir="0" index="1" bw="8" slack="0"/>
<pin id="75" dir="1" index="2" bw="8" slack="0"/>
</pin_list>
<bind>
<opcode="read(1150) " fcode="read"/>
<opset="p_read_8/1 "/>
</bind>
</comp>

<comp id="78" class="1004" name="p_read28_read_fu_78">
<pin_list>
<pin id="79" dir="0" index="0" bw="8" slack="0"/>
<pin id="80" dir="0" index="1" bw="8" slack="0"/>
<pin id="81" dir="1" index="2" bw="8" slack="0"/>
</pin_list>
<bind>
<opcode="read(1150) " fcode="read"/>
<opset="p_read28/1 "/>
</bind>
</comp>

<comp id="84" class="1004" name="p_read17_read_fu_84">
<pin_list>
<pin id="85" dir="0" index="0" bw="8" slack="0"/>
<pin id="86" dir="0" index="1" bw="8" slack="0"/>
<pin id="87" dir="1" index="2" bw="8" slack="0"/>
</pin_list>
<bind>
<opcode="read(1150) " fcode="read"/>
<opset="p_read17/1 "/>
</bind>
</comp>

<comp id="90" class="1004" name="p_read_9_read_fu_90">
<pin_list>
<pin id="91" dir="0" index="0" bw="8" slack="0"/>
<pin id="92" dir="0" index="1" bw="8" slack="0"/>
<pin id="93" dir="1" index="2" bw="8" slack="0"/>
</pin_list>
<bind>
<opcode="read(1150) " fcode="read"/>
<opset="p_read_9/1 "/>
</bind>
</comp>

<comp id="96" class="1004" name="grp_fu_96">
<pin_list>
<pin id="252" dir="0" index="0" bw="8" slack="0"/>
<pin id="253" dir="0" index="1" bw="6" slack="0"/>
<pin id="254" dir="1" index="2" bw="11" slack="0"/>
</pin_list>
<bind>
<opcode="mul(12) " fcode="mul"/>
<opset="mul_ln1270/1 "/>
</bind>
</comp>

<comp id="98" class="1004" name="grp_fu_98">
<pin_list>
<pin id="260" dir="0" index="0" bw="8" slack="0"/>
<pin id="261" dir="0" index="1" bw="7" slack="0"/>
<pin id="262" dir="1" index="2" bw="11" slack="0"/>
</pin_list>
<bind>
<opcode="mul(12) " fcode="mul"/>
<opset="mul_ln1270_2/1 "/>
</bind>
</comp>

<comp id="100" class="1004" name="grp_fu_100">
<pin_list>
<pin id="256" dir="0" index="0" bw="8" slack="0"/>
<pin id="257" dir="0" index="1" bw="6" slack="0"/>
<pin id="258" dir="1" index="2" bw="11" slack="0"/>
</pin_list>
<bind>
<opcode="mul(12) " fcode="mul"/>
<opset="mul_ln1270_1/1 "/>
</bind>
</comp>

<comp id="274" class="1004" name="sext_ln1270_fu_274">
<pin_list>
<pin id="275" dir="0" index="0" bw="8" slack="0"/>
<pin id="276" dir="1" index="1" bw="11" slack="0"/>
</pin_list>
<bind>
<opcode="sext(35) " fcode="sext"/>
<opset="sext_ln1270/1 "/>
</bind>
</comp>

<comp id="279" class="1004" name="trunc_ln1273_fu_279">
<pin_list>
<pin id="280" dir="0" index="0" bw="8" slack="0"/>
<pin id="281" dir="1" index="1" bw="6" slack="0"/>
</pin_list>
<bind>
<opcode="trunc(33) " fcode="trunc"/>
<opset="trunc_ln1273/1 "/>
</bind>
</comp>

<comp id="283" class="1004" name="shl_ln_fu_283">
<pin_list>
<pin id="284" dir="0" index="0" bw="11" slack="0"/>
<pin id="285" dir="0" index="1" bw="6" slack="0"/>
<pin id="286" dir="0" index="2" bw="1" slack="0"/>
<pin id="287" dir="1" index="3" bw="11" slack="0"/>
</pin_list>
<bind>
<opcode="bitconcatenate(1004) " fcode="bitconcatenate"/>
<opset="shl_ln/1 "/>
</bind>
</comp>

<comp id="291" class="1004" name="shl_ln1273_5_fu_291">
<pin_list>
<pin id="292" dir="0" index="0" bw="10" slack="0"/>
<pin id="293" dir="0" index="1" bw="8" slack="0"/>
<pin id="294" dir="0" index="2" bw="1" slack="0"/>
<pin id="295" dir="1" index="3" bw="10" slack="0"/>
</pin_list>
<bind>
<opcode="bitconcatenate(1004) " fcode="bitconcatenate"/>
<opset="shl_ln1273_5/1 "/>
</bind>
</comp>

<comp id="299" class="1004" name="sext_ln1273_fu_299">
<pin_list>
<pin id="300" dir="0" index="0" bw="10" slack="0"/>
<pin id="301" dir="1" index="1" bw="11" slack="0"/>
</pin_list>
<bind>
<opcode="sext(35) " fcode="sext"/>
<opset="sext_ln1273/1 "/>
</bind>
</comp>

<comp id="303" class="1004" name="r_V_fu_303">
<pin_list>
<pin id="304" dir="0" index="0" bw="11" slack="0"/>
<pin id="305" dir="0" index="1" bw="10" slack="0"/>
<pin id="306" dir="1" index="2" bw="11" slack="0"/>
</pin_list>
<bind>
<opcode="add(8) " fcode="add"/>
<opset="r_V/1 "/>
</bind>
</comp>

<comp id="309" class="1004" name="trunc_ln818_5_fu_309">
<pin_list>
<pin id="310" dir="0" index="0" bw="8" slack="0"/>
<pin id="311" dir="0" index="1" bw="11" slack="0"/>
<pin id="312" dir="0" index="2" bw="3" slack="0"/>
<pin id="313" dir="0" index="3" bw="5" slack="0"/>
<pin id="314" dir="1" index="4" bw="8" slack="3"/>
</pin_list>
<bind>
<opcode="partselect(1002) " fcode="partselect"/>
<opset="trunc_ln818_5/1 "/>
</bind>
</comp>

<comp id="319" class="1004" name="shl_ln1273_6_fu_319">
<pin_list>
<pin id="320" dir="0" index="0" bw="9" slack="0"/>
<pin id="321" dir="0" index="1" bw="8" slack="0"/>
<pin id="322" dir="0" index="2" bw="1" slack="0"/>
<pin id="323" dir="1" index="3" bw="9" slack="0"/>
</pin_list>
<bind>
<opcode="bitconcatenate(1004) " fcode="bitconcatenate"/>
<opset="shl_ln1273_6/1 "/>
</bind>
</comp>

<comp id="327" class="1004" name="sext_ln1273_3_fu_327">
<pin_list>
<pin id="328" dir="0" index="0" bw="9" slack="0"/>
<pin id="329" dir="1" index="1" bw="11" slack="0"/>
</pin_list>
<bind>
<opcode="sext(35) " fcode="sext"/>
<opset="sext_ln1273_3/1 "/>
</bind>
</comp>

<comp id="331" class="1004" name="r_V_3_fu_331">
<pin_list>
<pin id="332" dir="0" index="0" bw="11" slack="0"/>
<pin id="333" dir="0" index="1" bw="9" slack="0"/>
<pin id="334" dir="1" index="2" bw="11" slack="0"/>
</pin_list>
<bind>
<opcode="add(8) " fcode="add"/>
<opset="r_V_3/1 "/>
</bind>
</comp>

<comp id="337" class="1004" name="trunc_ln818_6_fu_337">
<pin_list>
<pin id="338" dir="0" index="0" bw="8" slack="0"/>
<pin id="339" dir="0" index="1" bw="11" slack="0"/>
<pin id="340" dir="0" index="2" bw="3" slack="0"/>
<pin id="341" dir="0" index="3" bw="5" slack="0"/>
<pin id="342" dir="1" index="4" bw="8" slack="0"/>
</pin_list>
<bind>
<opcode="partselect(1002) " fcode="partselect"/>
<opset="trunc_ln818_6/1 "/>
</bind>
</comp>

<comp id="347" class="1004" name="sext_ln1270_1_fu_347">
<pin_list>
<pin id="348" dir="0" index="0" bw="8" slack="0"/>
<pin id="349" dir="1" index="1" bw="11" slack="0"/>
</pin_list>
<bind>
<opcode="sext(35) " fcode="sext"/>
<opset="sext_ln1270_1/1 "/>
</bind>
</comp>

<comp id="352" class="1004" name="sext_ln1273_4_fu_352">
<pin_list>
<pin id="353" dir="0" index="0" bw="8" slack="0"/>
<pin id="354" dir="1" index="1" bw="11" slack="0"/>
</pin_list>
<bind>
<opcode="sext(35) " fcode="sext"/>
<opset="sext_ln1273_4/1 "/>
</bind>
</comp>

<comp id="357" class="1004" name="trunc_ln1273_2_fu_357">
<pin_list>
<pin id="358" dir="0" index="0" bw="8" slack="0"/>
<pin id="359" dir="1" index="1" bw="6" slack="0"/>
</pin_list>
<bind>
<opcode="trunc(33) " fcode="trunc"/>
<opset="trunc_ln1273_2/1 "/>
</bind>
</comp>

<comp id="361" class="1004" name="shl_ln1273_7_fu_361">
<pin_list>
<pin id="362" dir="0" index="0" bw="11" slack="0"/>
<pin id="363" dir="0" index="1" bw="6" slack="0"/>
<pin id="364" dir="0" index="2" bw="1" slack="0"/>
<pin id="365" dir="1" index="3" bw="11" slack="0"/>
</pin_list>
<bind>
<opcode="bitconcatenate(1004) " fcode="bitconcatenate"/>
<opset="shl_ln1273_7/1 "/>
</bind>
</comp>

<comp id="369" class="1004" name="r_V_4_fu_369">
<pin_list>
<pin id="370" dir="0" index="0" bw="11" slack="0"/>
<pin id="371" dir="0" index="1" bw="8" slack="0"/>
<pin id="372" dir="1" index="2" bw="11" slack="0"/>
</pin_list>
<bind>
<opcode="add(8) " fcode="add"/>
<opset="r_V_4/1 "/>
</bind>
</comp>

<comp id="375" class="1004" name="trunc_ln818_9_fu_375">
<pin_list>
<pin id="376" dir="0" index="0" bw="8" slack="0"/>
<pin id="377" dir="0" index="1" bw="11" slack="0"/>
<pin id="378" dir="0" index="2" bw="3" slack="0"/>
<pin id="379" dir="0" index="3" bw="5" slack="0"/>
<pin id="380" dir="1" index="4" bw="8" slack="2"/>
</pin_list>
<bind>
<opcode="partselect(1002) " fcode="partselect"/>
<opset="trunc_ln818_9/1 "/>
</bind>
</comp>

<comp id="385" class="1004" name="trunc_ln1273_3_fu_385">
<pin_list>
<pin id="386" dir="0" index="0" bw="8" slack="0"/>
<pin id="387" dir="1" index="1" bw="6" slack="0"/>
</pin_list>
<bind>
<opcode="trunc(33) " fcode="trunc"/>
<opset="trunc_ln1273_3/1 "/>
</bind>
</comp>

<comp id="389" class="1004" name="shl_ln1273_8_fu_389">
<pin_list>
<pin id="390" dir="0" index="0" bw="11" slack="0"/>
<pin id="391" dir="0" index="1" bw="6" slack="0"/>
<pin id="392" dir="0" index="2" bw="1" slack="0"/>
<pin id="393" dir="1" index="3" bw="11" slack="0"/>
</pin_list>
<bind>
<opcode="bitconcatenate(1004) " fcode="bitconcatenate"/>
<opset="shl_ln1273_8/1 "/>
</bind>
</comp>

<comp id="397" class="1004" name="shl_ln1273_9_fu_397">
<pin_list>
<pin id="398" dir="0" index="0" bw="9" slack="0"/>
<pin id="399" dir="0" index="1" bw="8" slack="0"/>
<pin id="400" dir="0" index="2" bw="1" slack="0"/>
<pin id="401" dir="1" index="3" bw="9" slack="0"/>
</pin_list>
<bind>
<opcode="bitconcatenate(1004) " fcode="bitconcatenate"/>
<opset="shl_ln1273_9/1 "/>
</bind>
</comp>

<comp id="405" class="1004" name="sext_ln1273_5_fu_405">
<pin_list>
<pin id="406" dir="0" index="0" bw="9" slack="0"/>
<pin id="407" dir="1" index="1" bw="11" slack="0"/>
</pin_list>
<bind>
<opcode="sext(35) " fcode="sext"/>
<opset="sext_ln1273_5/1 "/>
</bind>
</comp>

<comp id="409" class="1004" name="r_V_5_fu_409">
<pin_list>
<pin id="410" dir="0" index="0" bw="11" slack="0"/>
<pin id="411" dir="0" index="1" bw="9" slack="0"/>
<pin id="412" dir="1" index="2" bw="11" slack="0"/>
</pin_list>
<bind>
<opcode="sub(10) " fcode="sub"/>
<opset="r_V_5/1 "/>
</bind>
</comp>

<comp id="415" class="1004" name="trunc_ln818_s_fu_415">
<pin_list>
<pin id="416" dir="0" index="0" bw="8" slack="0"/>
<pin id="417" dir="0" index="1" bw="11" slack="0"/>
<pin id="418" dir="0" index="2" bw="3" slack="0"/>
<pin id="419" dir="0" index="3" bw="5" slack="0"/>
<pin id="420" dir="1" index="4" bw="8" slack="3"/>
</pin_list>
<bind>
<opcode="partselect(1002) " fcode="partselect"/>
<opset="trunc_ln818_s/1 "/>
</bind>
</comp>

<comp id="425" class="1004" name="shl_ln818_fu_425">
<pin_list>
<pin id="426" dir="0" index="0" bw="8" slack="0"/>
<pin id="427" dir="0" index="1" bw="3" slack="0"/>
<pin id="428" dir="1" index="2" bw="8" slack="0"/>
</pin_list>
<bind>
<opcode="shl(20) " fcode="shl"/>
<opset="shl_ln818/1 "/>
</bind>
</comp>

<comp id="431" class="1004" name="trunc_ln1273_4_fu_431">
<pin_list>
<pin id="432" dir="0" index="0" bw="8" slack="0"/>
<pin id="433" dir="1" index="1" bw="6" slack="0"/>
</pin_list>
<bind>
<opcode="trunc(33) " fcode="trunc"/>
<opset="trunc_ln1273_4/1 "/>
</bind>
</comp>

<comp id="435" class="1004" name="shl_ln1273_s_fu_435">
<pin_list>
<pin id="436" dir="0" index="0" bw="11" slack="0"/>
<pin id="437" dir="0" index="1" bw="6" slack="0"/>
<pin id="438" dir="0" index="2" bw="1" slack="0"/>
<pin id="439" dir="1" index="3" bw="11" slack="0"/>
</pin_list>
<bind>
<opcode="bitconcatenate(1004) " fcode="bitconcatenate"/>
<opset="shl_ln1273_s/1 "/>
</bind>
</comp>

<comp id="443" class="1004" name="shl_ln1273_1_fu_443">
<pin_list>
<pin id="444" dir="0" index="0" bw="9" slack="0"/>
<pin id="445" dir="0" index="1" bw="8" slack="0"/>
<pin id="446" dir="0" index="2" bw="1" slack="0"/>
<pin id="447" dir="1" index="3" bw="9" slack="0"/>
</pin_list>
<bind>
<opcode="bitconcatenate(1004) " fcode="bitconcatenate"/>
<opset="shl_ln1273_1/1 "/>
</bind>
</comp>

<comp id="451" class="1004" name="sext_ln1273_6_fu_451">
<pin_list>
<pin id="452" dir="0" index="0" bw="9" slack="0"/>
<pin id="453" dir="1" index="1" bw="11" slack="0"/>
</pin_list>
<bind>
<opcode="sext(35) " fcode="sext"/>
<opset="sext_ln1273_6/1 "/>
</bind>
</comp>

<comp id="455" class="1004" name="r_V_6_fu_455">
<pin_list>
<pin id="456" dir="0" index="0" bw="11" slack="0"/>
<pin id="457" dir="0" index="1" bw="9" slack="0"/>
<pin id="458" dir="1" index="2" bw="11" slack="0"/>
</pin_list>
<bind>
<opcode="add(8) " fcode="add"/>
<opset="r_V_6/1 "/>
</bind>
</comp>

<comp id="461" class="1004" name="trunc_ln818_1_fu_461">
<pin_list>
<pin id="462" dir="0" index="0" bw="8" slack="0"/>
<pin id="463" dir="0" index="1" bw="11" slack="0"/>
<pin id="464" dir="0" index="2" bw="3" slack="0"/>
<pin id="465" dir="0" index="3" bw="5" slack="0"/>
<pin id="466" dir="1" index="4" bw="8" slack="2"/>
</pin_list>
<bind>
<opcode="partselect(1002) " fcode="partselect"/>
<opset="trunc_ln818_1/1 "/>
</bind>
</comp>

<comp id="471" class="1004" name="add_ln813_fu_471">
<pin_list>
<pin id="472" dir="0" index="0" bw="8" slack="0"/>
<pin id="473" dir="0" index="1" bw="8" slack="0"/>
<pin id="474" dir="1" index="2" bw="8" slack="4"/>
</pin_list>
<bind>
<opcode="add(8) " fcode="add"/>
<opset="add_ln813/1 "/>
</bind>
</comp>

<comp id="477" class="1004" name="trunc_ln_fu_477">
<pin_list>
<pin id="478" dir="0" index="0" bw="8" slack="0"/>
<pin id="479" dir="0" index="1" bw="11" slack="0"/>
<pin id="480" dir="0" index="2" bw="3" slack="0"/>
<pin id="481" dir="0" index="3" bw="5" slack="0"/>
<pin id="482" dir="1" index="4" bw="8" slack="1"/>
</pin_list>
<bind>
<opcode="partselect(1002) " fcode="partselect"/>
<opset="trunc_ln/3 "/>
</bind>
</comp>

<comp id="487" class="1004" name="trunc_ln818_7_fu_487">
<pin_list>
<pin id="488" dir="0" index="0" bw="8" slack="0"/>
<pin id="489" dir="0" index="1" bw="11" slack="0"/>
<pin id="490" dir="0" index="2" bw="3" slack="0"/>
<pin id="491" dir="0" index="3" bw="5" slack="0"/>
<pin id="492" dir="1" index="4" bw="8" slack="1"/>
</pin_list>
<bind>
<opcode="partselect(1002) " fcode="partselect"/>
<opset="trunc_ln818_7/3 "/>
</bind>
</comp>

<comp id="497" class="1004" name="trunc_ln818_8_fu_497">
<pin_list>
<pin id="498" dir="0" index="0" bw="8" slack="0"/>
<pin id="499" dir="0" index="1" bw="11" slack="0"/>
<pin id="500" dir="0" index="2" bw="3" slack="0"/>
<pin id="501" dir="0" index="3" bw="5" slack="0"/>
<pin id="502" dir="1" index="4" bw="8" slack="1"/>
</pin_list>
<bind>
<opcode="partselect(1002) " fcode="partselect"/>
<opset="trunc_ln818_8/3 "/>
</bind>
</comp>

<comp id="507" class="1004" name="add_ln813_3_fu_507">
<pin_list>
<pin id="508" dir="0" index="0" bw="8" slack="2"/>
<pin id="509" dir="0" index="1" bw="5" slack="0"/>
<pin id="510" dir="1" index="2" bw="8" slack="1"/>
</pin_list>
<bind>
<opcode="add(8) " fcode="add"/>
<opset="add_ln813_3/3 "/>
</bind>
</comp>

<comp id="512" class="1004" name="add_ln813_7_fu_512">
<pin_list>
<pin id="513" dir="0" index="0" bw="8" slack="2"/>
<pin id="514" dir="0" index="1" bw="5" slack="0"/>
<pin id="515" dir="1" index="2" bw="8" slack="1"/>
</pin_list>
<bind>
<opcode="add(8) " fcode="add"/>
<opset="add_ln813_7/3 "/>
</bind>
</comp>

<comp id="517" class="1004" name="add_ln813_4_fu_517">
<pin_list>
<pin id="518" dir="0" index="0" bw="8" slack="1"/>
<pin id="519" dir="0" index="1" bw="8" slack="1"/>
<pin id="520" dir="1" index="2" bw="8" slack="1"/>
</pin_list>
<bind>
<opcode="add(8) " fcode="add"/>
<opset="add_ln813_4/4 "/>
</bind>
</comp>

<comp id="521" class="1004" name="add_ln813_6_fu_521">
<pin_list>
<pin id="522" dir="0" index="0" bw="8" slack="3"/>
<pin id="523" dir="0" index="1" bw="8" slack="1"/>
<pin id="524" dir="1" index="2" bw="8" slack="1"/>
</pin_list>
<bind>
<opcode="add(8) " fcode="add"/>
<opset="add_ln813_6/4 "/>
</bind>
</comp>

<comp id="525" class="1004" name="add_ln813_8_fu_525">
<pin_list>
<pin id="526" dir="0" index="0" bw="8" slack="1"/>
<pin id="527" dir="0" index="1" bw="8" slack="3"/>
<pin id="528" dir="1" index="2" bw="8" slack="1"/>
</pin_list>
<bind>
<opcode="add(8) " fcode="add"/>
<opset="add_ln813_8/4 "/>
</bind>
</comp>

<comp id="529" class="1004" name="add_ln813_10_fu_529">
<pin_list>
<pin id="530" dir="0" index="0" bw="8" slack="1"/>
<pin id="531" dir="0" index="1" bw="8" slack="1"/>
<pin id="532" dir="1" index="2" bw="8" slack="1"/>
</pin_list>
<bind>
<opcode="add(8) " fcode="add"/>
<opset="add_ln813_10/4 "/>
</bind>
</comp>

<comp id="533" class="1004" name="add_ln813_11_fu_533">
<pin_list>
<pin id="534" dir="0" index="0" bw="8" slack="3"/>
<pin id="535" dir="0" index="1" bw="5" slack="0"/>
<pin id="536" dir="1" index="2" bw="8" slack="1"/>
</pin_list>
<bind>
<opcode="add(8) " fcode="add"/>
<opset="add_ln813_11/4 "/>
</bind>
</comp>

<comp id="538" class="1004" name="add_ln813_5_fu_538">
<pin_list>
<pin id="539" dir="0" index="0" bw="8" slack="1"/>
<pin id="540" dir="0" index="1" bw="8" slack="4"/>
<pin id="541" dir="1" index="2" bw="8" slack="0"/>
</pin_list>
<bind>
<opcode="add(8) " fcode="add"/>
<opset="add_ln813_5/5 "/>
</bind>
</comp>

<comp id="542" class="1004" name="add_ln813_9_fu_542">
<pin_list>
<pin id="543" dir="0" index="0" bw="8" slack="1"/>
<pin id="544" dir="0" index="1" bw="8" slack="1"/>
<pin id="545" dir="1" index="2" bw="8" slack="0"/>
</pin_list>
<bind>
<opcode="add(8) " fcode="add"/>
<opset="add_ln813_9/5 "/>
</bind>
</comp>

<comp id="546" class="1004" name="add_ln813_12_fu_546">
<pin_list>
<pin id="547" dir="0" index="0" bw="8" slack="1"/>
<pin id="548" dir="0" index="1" bw="8" slack="1"/>
<pin id="549" dir="1" index="2" bw="8" slack="0"/>
</pin_list>
<bind>
<opcode="add(8) " fcode="add"/>
<opset="add_ln813_12/5 "/>
</bind>
</comp>

<comp id="550" class="1004" name="newret_fu_550">
<pin_list>
<pin id="551" dir="0" index="0" bw="24" slack="0"/>
<pin id="552" dir="0" index="1" bw="8" slack="0"/>
<pin id="553" dir="1" index="2" bw="24" slack="0"/>
</pin_list>
<bind>
<opcode="insertvalue(57) " fcode="insertvalue"/>
<opset="newret/5 "/>
</bind>
</comp>

<comp id="556" class="1004" name="newret2_fu_556">
<pin_list>
<pin id="557" dir="0" index="0" bw="24" slack="0"/>
<pin id="558" dir="0" index="1" bw="8" slack="0"/>
<pin id="559" dir="1" index="2" bw="24" slack="0"/>
</pin_list>
<bind>
<opcode="insertvalue(57) " fcode="insertvalue"/>
<opset="newret2/5 "/>
</bind>
</comp>

<comp id="562" class="1004" name="newret4_fu_562">
<pin_list>
<pin id="563" dir="0" index="0" bw="24" slack="0"/>
<pin id="564" dir="0" index="1" bw="8" slack="0"/>
<pin id="565" dir="1" index="2" bw="24" slack="2147483647"/>
</pin_list>
<bind>
<opcode="insertvalue(57) " fcode="insertvalue"/>
<opset="newret4/5 "/>
</bind>
</comp>

<comp id="568" class="1005" name="sext_ln1270_reg_568">
<pin_list>
<pin id="569" dir="0" index="0" bw="11" slack="1"/>
<pin id="570" dir="1" index="1" bw="11" slack="1"/>
</pin_list>
<bind>
<opset="sext_ln1270 "/>
</bind>
</comp>

<comp id="573" class="1005" name="trunc_ln818_5_reg_573">
<pin_list>
<pin id="574" dir="0" index="0" bw="8" slack="3"/>
<pin id="575" dir="1" index="1" bw="8" slack="3"/>
</pin_list>
<bind>
<opset="trunc_ln818_5 "/>
</bind>
</comp>

<comp id="578" class="1005" name="sext_ln1270_1_reg_578">
<pin_list>
<pin id="579" dir="0" index="0" bw="11" slack="1"/>
<pin id="580" dir="1" index="1" bw="11" slack="1"/>
</pin_list>
<bind>
<opset="sext_ln1270_1 "/>
</bind>
</comp>

<comp id="583" class="1005" name="sext_ln1273_4_reg_583">
<pin_list>
<pin id="584" dir="0" index="0" bw="11" slack="1"/>
<pin id="585" dir="1" index="1" bw="11" slack="1"/>
</pin_list>
<bind>
<opset="sext_ln1273_4 "/>
</bind>
</comp>

<comp id="588" class="1005" name="trunc_ln818_9_reg_588">
<pin_list>
<pin id="589" dir="0" index="0" bw="8" slack="2"/>
<pin id="590" dir="1" index="1" bw="8" slack="2"/>
</pin_list>
<bind>
<opset="trunc_ln818_9 "/>
</bind>
</comp>

<comp id="593" class="1005" name="trunc_ln818_s_reg_593">
<pin_list>
<pin id="594" dir="0" index="0" bw="8" slack="3"/>
<pin id="595" dir="1" index="1" bw="8" slack="3"/>
</pin_list>
<bind>
<opset="trunc_ln818_s "/>
</bind>
</comp>

<comp id="598" class="1005" name="trunc_ln818_1_reg_598">
<pin_list>
<pin id="599" dir="0" index="0" bw="8" slack="2"/>
<pin id="600" dir="1" index="1" bw="8" slack="2"/>
</pin_list>
<bind>
<opset="trunc_ln818_1 "/>
</bind>
</comp>

<comp id="604" class="1005" name="add_ln813_reg_604">
<pin_list>
<pin id="605" dir="0" index="0" bw="8" slack="4"/>
<pin id="606" dir="1" index="1" bw="8" slack="4"/>
</pin_list>
<bind>
<opset="add_ln813 "/>
</bind>
</comp>

<comp id="609" class="1005" name="trunc_ln_reg_609">
<pin_list>
<pin id="610" dir="0" index="0" bw="8" slack="1"/>
<pin id="611" dir="1" index="1" bw="8" slack="1"/>
</pin_list>
<bind>
<opset="trunc_ln "/>
</bind>
</comp>

<comp id="614" class="1005" name="trunc_ln818_7_reg_614">
<pin_list>
<pin id="615" dir="0" index="0" bw="8" slack="1"/>
<pin id="616" dir="1" index="1" bw="8" slack="1"/>
</pin_list>
<bind>
<opset="trunc_ln818_7 "/>
</bind>
</comp>

<comp id="620" class="1005" name="trunc_ln818_8_reg_620">
<pin_list>
<pin id="621" dir="0" index="0" bw="8" slack="1"/>
<pin id="622" dir="1" index="1" bw="8" slack="1"/>
</pin_list>
<bind>
<opset="trunc_ln818_8 "/>
</bind>
</comp>

<comp id="625" class="1005" name="add_ln813_3_reg_625">
<pin_list>
<pin id="626" dir="0" index="0" bw="8" slack="1"/>
<pin id="627" dir="1" index="1" bw="8" slack="1"/>
</pin_list>
<bind>
<opset="add_ln813_3 "/>
</bind>
</comp>

<comp id="630" class="1005" name="add_ln813_7_reg_630">
<pin_list>
<pin id="631" dir="0" index="0" bw="8" slack="1"/>
<pin id="632" dir="1" index="1" bw="8" slack="1"/>
</pin_list>
<bind>
<opset="add_ln813_7 "/>
</bind>
</comp>

<comp id="635" class="1005" name="add_ln813_4_reg_635">
<pin_list>
<pin id="636" dir="0" index="0" bw="8" slack="1"/>
<pin id="637" dir="1" index="1" bw="8" slack="1"/>
</pin_list>
<bind>
<opset="add_ln813_4 "/>
</bind>
</comp>

<comp id="640" class="1005" name="add_ln813_6_reg_640">
<pin_list>
<pin id="641" dir="0" index="0" bw="8" slack="1"/>
<pin id="642" dir="1" index="1" bw="8" slack="1"/>
</pin_list>
<bind>
<opset="add_ln813_6 "/>
</bind>
</comp>

<comp id="645" class="1005" name="add_ln813_8_reg_645">
<pin_list>
<pin id="646" dir="0" index="0" bw="8" slack="1"/>
<pin id="647" dir="1" index="1" bw="8" slack="1"/>
</pin_list>
<bind>
<opset="add_ln813_8 "/>
</bind>
</comp>

<comp id="650" class="1005" name="add_ln813_10_reg_650">
<pin_list>
<pin id="651" dir="0" index="0" bw="8" slack="1"/>
<pin id="652" dir="1" index="1" bw="8" slack="1"/>
</pin_list>
<bind>
<opset="add_ln813_10 "/>
</bind>
</comp>

<comp id="655" class="1005" name="add_ln813_11_reg_655">
<pin_list>
<pin id="656" dir="0" index="0" bw="8" slack="1"/>
<pin id="657" dir="1" index="1" bw="8" slack="1"/>
</pin_list>
<bind>
<opset="add_ln813_11 "/>
</bind>
</comp>

</comp_list>

<net_list>
<net id="64"><net_src comp="12" pin="0"/><net_sink comp="60" pin=0"/></net>

<net id="65"><net_src comp="10" pin="0"/><net_sink comp="60" pin=1"/></net>

<net id="70"><net_src comp="12" pin="0"/><net_sink comp="66" pin=0"/></net>

<net id="71"><net_src comp="8" pin="0"/><net_sink comp="66" pin=1"/></net>

<net id="76"><net_src comp="12" pin="0"/><net_sink comp="72" pin=0"/></net>

<net id="77"><net_src comp="6" pin="0"/><net_sink comp="72" pin=1"/></net>

<net id="82"><net_src comp="12" pin="0"/><net_sink comp="78" pin=0"/></net>

<net id="83"><net_src comp="4" pin="0"/><net_sink comp="78" pin=1"/></net>

<net id="88"><net_src comp="12" pin="0"/><net_sink comp="84" pin=0"/></net>

<net id="89"><net_src comp="2" pin="0"/><net_sink comp="84" pin=1"/></net>

<net id="94"><net_src comp="12" pin="0"/><net_sink comp="90" pin=0"/></net>

<net id="95"><net_src comp="0" pin="0"/><net_sink comp="90" pin=1"/></net>

<net id="255"><net_src comp="14" pin="0"/><net_sink comp="96" pin=1"/></net>

<net id="259"><net_src comp="34" pin="0"/><net_sink comp="100" pin=1"/></net>

<net id="263"><net_src comp="36" pin="0"/><net_sink comp="98" pin=1"/></net>

<net id="277"><net_src comp="90" pin="2"/><net_sink comp="274" pin=0"/></net>

<net id="278"><net_src comp="274" pin="1"/><net_sink comp="96" pin=0"/></net>

<net id="282"><net_src comp="84" pin="2"/><net_sink comp="279" pin=0"/></net>

<net id="288"><net_src comp="16" pin="0"/><net_sink comp="283" pin=0"/></net>

<net id="289"><net_src comp="279" pin="1"/><net_sink comp="283" pin=1"/></net>

<net id="290"><net_src comp="18" pin="0"/><net_sink comp="283" pin=2"/></net>

<net id="296"><net_src comp="20" pin="0"/><net_sink comp="291" pin=0"/></net>

<net id="297"><net_src comp="84" pin="2"/><net_sink comp="291" pin=1"/></net>

<net id="298"><net_src comp="22" pin="0"/><net_sink comp="291" pin=2"/></net>

<net id="302"><net_src comp="291" pin="3"/><net_sink comp="299" pin=0"/></net>

<net id="307"><net_src comp="283" pin="3"/><net_sink comp="303" pin=0"/></net>

<net id="308"><net_src comp="299" pin="1"/><net_sink comp="303" pin=1"/></net>

<net id="315"><net_src comp="24" pin="0"/><net_sink comp="309" pin=0"/></net>

<net id="316"><net_src comp="303" pin="2"/><net_sink comp="309" pin=1"/></net>

<net id="317"><net_src comp="26" pin="0"/><net_sink comp="309" pin=2"/></net>

<net id="318"><net_src comp="28" pin="0"/><net_sink comp="309" pin=3"/></net>

<net id="324"><net_src comp="30" pin="0"/><net_sink comp="319" pin=0"/></net>

<net id="325"><net_src comp="84" pin="2"/><net_sink comp="319" pin=1"/></net>

<net id="326"><net_src comp="32" pin="0"/><net_sink comp="319" pin=2"/></net>

<net id="330"><net_src comp="319" pin="3"/><net_sink comp="327" pin=0"/></net>

<net id="335"><net_src comp="283" pin="3"/><net_sink comp="331" pin=0"/></net>

<net id="336"><net_src comp="327" pin="1"/><net_sink comp="331" pin=1"/></net>

<net id="343"><net_src comp="24" pin="0"/><net_sink comp="337" pin=0"/></net>

<net id="344"><net_src comp="331" pin="2"/><net_sink comp="337" pin=1"/></net>

<net id="345"><net_src comp="26" pin="0"/><net_sink comp="337" pin=2"/></net>

<net id="346"><net_src comp="28" pin="0"/><net_sink comp="337" pin=3"/></net>

<net id="350"><net_src comp="78" pin="2"/><net_sink comp="347" pin=0"/></net>

<net id="351"><net_src comp="347" pin="1"/><net_sink comp="100" pin=0"/></net>

<net id="355"><net_src comp="72" pin="2"/><net_sink comp="352" pin=0"/></net>

<net id="356"><net_src comp="352" pin="1"/><net_sink comp="98" pin=0"/></net>

<net id="360"><net_src comp="72" pin="2"/><net_sink comp="357" pin=0"/></net>

<net id="366"><net_src comp="16" pin="0"/><net_sink comp="361" pin=0"/></net>

<net id="367"><net_src comp="357" pin="1"/><net_sink comp="361" pin=1"/></net>

<net id="368"><net_src comp="18" pin="0"/><net_sink comp="361" pin=2"/></net>

<net id="373"><net_src comp="361" pin="3"/><net_sink comp="369" pin=0"/></net>

<net id="374"><net_src comp="352" pin="1"/><net_sink comp="369" pin=1"/></net>

<net id="381"><net_src comp="24" pin="0"/><net_sink comp="375" pin=0"/></net>

<net id="382"><net_src comp="369" pin="2"/><net_sink comp="375" pin=1"/></net>

<net id="383"><net_src comp="26" pin="0"/><net_sink comp="375" pin=2"/></net>

<net id="384"><net_src comp="28" pin="0"/><net_sink comp="375" pin=3"/></net>

<net id="388"><net_src comp="66" pin="2"/><net_sink comp="385" pin=0"/></net>

<net id="394"><net_src comp="16" pin="0"/><net_sink comp="389" pin=0"/></net>

<net id="395"><net_src comp="385" pin="1"/><net_sink comp="389" pin=1"/></net>

<net id="396"><net_src comp="18" pin="0"/><net_sink comp="389" pin=2"/></net>

<net id="402"><net_src comp="30" pin="0"/><net_sink comp="397" pin=0"/></net>

<net id="403"><net_src comp="66" pin="2"/><net_sink comp="397" pin=1"/></net>

<net id="404"><net_src comp="32" pin="0"/><net_sink comp="397" pin=2"/></net>

<net id="408"><net_src comp="397" pin="3"/><net_sink comp="405" pin=0"/></net>

<net id="413"><net_src comp="389" pin="3"/><net_sink comp="409" pin=0"/></net>

<net id="414"><net_src comp="405" pin="1"/><net_sink comp="409" pin=1"/></net>

<net id="421"><net_src comp="24" pin="0"/><net_sink comp="415" pin=0"/></net>

<net id="422"><net_src comp="409" pin="2"/><net_sink comp="415" pin=1"/></net>

<net id="423"><net_src comp="26" pin="0"/><net_sink comp="415" pin=2"/></net>

<net id="424"><net_src comp="28" pin="0"/><net_sink comp="415" pin=3"/></net>

<net id="429"><net_src comp="66" pin="2"/><net_sink comp="425" pin=0"/></net>

<net id="430"><net_src comp="38" pin="0"/><net_sink comp="425" pin=1"/></net>

<net id="434"><net_src comp="60" pin="2"/><net_sink comp="431" pin=0"/></net>

<net id="440"><net_src comp="16" pin="0"/><net_sink comp="435" pin=0"/></net>

<net id="441"><net_src comp="431" pin="1"/><net_sink comp="435" pin=1"/></net>

<net id="442"><net_src comp="18" pin="0"/><net_sink comp="435" pin=2"/></net>

<net id="448"><net_src comp="30" pin="0"/><net_sink comp="443" pin=0"/></net>

<net id="449"><net_src comp="60" pin="2"/><net_sink comp="443" pin=1"/></net>

<net id="450"><net_src comp="32" pin="0"/><net_sink comp="443" pin=2"/></net>

<net id="454"><net_src comp="443" pin="3"/><net_sink comp="451" pin=0"/></net>

<net id="459"><net_src comp="435" pin="3"/><net_sink comp="455" pin=0"/></net>

<net id="460"><net_src comp="451" pin="1"/><net_sink comp="455" pin=1"/></net>

<net id="467"><net_src comp="24" pin="0"/><net_sink comp="461" pin=0"/></net>

<net id="468"><net_src comp="455" pin="2"/><net_sink comp="461" pin=1"/></net>

<net id="469"><net_src comp="26" pin="0"/><net_sink comp="461" pin=2"/></net>

<net id="470"><net_src comp="28" pin="0"/><net_sink comp="461" pin=3"/></net>

<net id="475"><net_src comp="337" pin="4"/><net_sink comp="471" pin=0"/></net>

<net id="476"><net_src comp="425" pin="2"/><net_sink comp="471" pin=1"/></net>

<net id="483"><net_src comp="24" pin="0"/><net_sink comp="477" pin=0"/></net>

<net id="484"><net_src comp="96" pin="2"/><net_sink comp="477" pin=1"/></net>

<net id="485"><net_src comp="26" pin="0"/><net_sink comp="477" pin=2"/></net>

<net id="486"><net_src comp="28" pin="0"/><net_sink comp="477" pin=3"/></net>

<net id="493"><net_src comp="24" pin="0"/><net_sink comp="487" pin=0"/></net>

<net id="494"><net_src comp="100" pin="2"/><net_sink comp="487" pin=1"/></net>

<net id="495"><net_src comp="26" pin="0"/><net_sink comp="487" pin=2"/></net>

<net id="496"><net_src comp="28" pin="0"/><net_sink comp="487" pin=3"/></net>

<net id="503"><net_src comp="24" pin="0"/><net_sink comp="497" pin=0"/></net>

<net id="504"><net_src comp="98" pin="2"/><net_sink comp="497" pin=1"/></net>

<net id="505"><net_src comp="26" pin="0"/><net_sink comp="497" pin=2"/></net>

<net id="506"><net_src comp="28" pin="0"/><net_sink comp="497" pin=3"/></net>

<net id="511"><net_src comp="40" pin="0"/><net_sink comp="507" pin=1"/></net>

<net id="516"><net_src comp="42" pin="0"/><net_sink comp="512" pin=1"/></net>

<net id="537"><net_src comp="40" pin="0"/><net_sink comp="533" pin=1"/></net>

<net id="554"><net_src comp="58" pin="0"/><net_sink comp="550" pin=0"/></net>

<net id="555"><net_src comp="542" pin="2"/><net_sink comp="550" pin=1"/></net>

<net id="560"><net_src comp="550" pin="2"/><net_sink comp="556" pin=0"/></net>

<net id="561"><net_src comp="538" pin="2"/><net_sink comp="556" pin=1"/></net>

<net id="566"><net_src comp="556" pin="2"/><net_sink comp="562" pin=0"/></net>

<net id="567"><net_src comp="546" pin="2"/><net_sink comp="562" pin=1"/></net>

<net id="571"><net_src comp="274" pin="1"/><net_sink comp="568" pin=0"/></net>

<net id="572"><net_src comp="568" pin="1"/><net_sink comp="96" pin=0"/></net>

<net id="576"><net_src comp="309" pin="4"/><net_sink comp="573" pin=0"/></net>

<net id="577"><net_src comp="573" pin="1"/><net_sink comp="521" pin=0"/></net>

<net id="581"><net_src comp="347" pin="1"/><net_sink comp="578" pin=0"/></net>

<net id="582"><net_src comp="578" pin="1"/><net_sink comp="100" pin=0"/></net>

<net id="586"><net_src comp="352" pin="1"/><net_sink comp="583" pin=0"/></net>

<net id="587"><net_src comp="583" pin="1"/><net_sink comp="98" pin=0"/></net>

<net id="591"><net_src comp="375" pin="4"/><net_sink comp="588" pin=0"/></net>

<net id="592"><net_src comp="588" pin="1"/><net_sink comp="507" pin=0"/></net>

<net id="596"><net_src comp="415" pin="4"/><net_sink comp="593" pin=0"/></net>

<net id="597"><net_src comp="593" pin="1"/><net_sink comp="525" pin=1"/></net>

<net id="601"><net_src comp="461" pin="4"/><net_sink comp="598" pin=0"/></net>

<net id="602"><net_src comp="598" pin="1"/><net_sink comp="512" pin=0"/></net>

<net id="603"><net_src comp="598" pin="1"/><net_sink comp="533" pin=0"/></net>

<net id="607"><net_src comp="471" pin="2"/><net_sink comp="604" pin=0"/></net>

<net id="608"><net_src comp="604" pin="1"/><net_sink comp="538" pin=1"/></net>

<net id="612"><net_src comp="477" pin="4"/><net_sink comp="609" pin=0"/></net>

<net id="613"><net_src comp="609" pin="1"/><net_sink comp="529" pin=0"/></net>

<net id="617"><net_src comp="487" pin="4"/><net_sink comp="614" pin=0"/></net>

<net id="618"><net_src comp="614" pin="1"/><net_sink comp="517" pin=1"/></net>

<net id="619"><net_src comp="614" pin="1"/><net_sink comp="529" pin=1"/></net>

<net id="623"><net_src comp="497" pin="4"/><net_sink comp="620" pin=0"/></net>

<net id="624"><net_src comp="620" pin="1"/><net_sink comp="521" pin=1"/></net>

<net id="628"><net_src comp="507" pin="2"/><net_sink comp="625" pin=0"/></net>

<net id="629"><net_src comp="625" pin="1"/><net_sink comp="517" pin=0"/></net>

<net id="633"><net_src comp="512" pin="2"/><net_sink comp="630" pin=0"/></net>

<net id="634"><net_src comp="630" pin="1"/><net_sink comp="525" pin=0"/></net>

<net id="638"><net_src comp="517" pin="2"/><net_sink comp="635" pin=0"/></net>

<net id="639"><net_src comp="635" pin="1"/><net_sink comp="538" pin=0"/></net>

<net id="643"><net_src comp="521" pin="2"/><net_sink comp="640" pin=0"/></net>

<net id="644"><net_src comp="640" pin="1"/><net_sink comp="542" pin=1"/></net>

<net id="648"><net_src comp="525" pin="2"/><net_sink comp="645" pin=0"/></net>

<net id="649"><net_src comp="645" pin="1"/><net_sink comp="542" pin=0"/></net>

<net id="653"><net_src comp="529" pin="2"/><net_sink comp="650" pin=0"/></net>

<net id="654"><net_src comp="650" pin="1"/><net_sink comp="546" pin=1"/></net>

<net id="658"><net_src comp="533" pin="2"/><net_sink comp="655" pin=0"/></net>

<net id="659"><net_src comp="655" pin="1"/><net_sink comp="546" pin=0"/></net>

</net_list>

</model> 
---------------- Datapath Model END ------------------

* FSMD analyzer results:
  - Output states:
 - Input state : 
	Port: dense_latency<ap_fixed<8, 4, 5, 3, 0>, ap_fixed<8, 4, 5, 3, 0>, config5> : p_read | {1 }
	Port: dense_latency<ap_fixed<8, 4, 5, 3, 0>, ap_fixed<8, 4, 5, 3, 0>, config5> : p_read1 | {1 }
	Port: dense_latency<ap_fixed<8, 4, 5, 3, 0>, ap_fixed<8, 4, 5, 3, 0>, config5> : p_read2 | {1 }
	Port: dense_latency<ap_fixed<8, 4, 5, 3, 0>, ap_fixed<8, 4, 5, 3, 0>, config5> : p_read3 | {1 }
	Port: dense_latency<ap_fixed<8, 4, 5, 3, 0>, ap_fixed<8, 4, 5, 3, 0>, config5> : p_read4 | {1 }
	Port: dense_latency<ap_fixed<8, 4, 5, 3, 0>, ap_fixed<8, 4, 5, 3, 0>, config5> : p_read5 | {1 }
  - Chain level:
	State 1
		mul_ln1270 : 1
		shl_ln : 1
		sext_ln1273 : 1
		r_V : 2
		trunc_ln818_5 : 3
		sext_ln1273_3 : 1
		r_V_3 : 2
		trunc_ln818_6 : 3
		mul_ln1270_1 : 1
		mul_ln1270_2 : 1
		shl_ln1273_7 : 1
		r_V_4 : 2
		trunc_ln818_9 : 3
		shl_ln1273_8 : 1
		sext_ln1273_5 : 1
		r_V_5 : 2
		trunc_ln818_s : 3
		shl_ln1273_s : 1
		sext_ln1273_6 : 1
		r_V_6 : 2
		trunc_ln818_1 : 3
		add_ln813 : 4
	State 2
	State 3
		trunc_ln : 1
		trunc_ln818_7 : 1
		trunc_ln818_8 : 1
	State 4
	State 5
		newret : 1
		newret2 : 2
		newret4 : 3
		ret_ln813 : 4


============================================================
+ Verbose Summary: Datapath Resource usage 
============================================================

* Functional unit list:
|----------|-----------------------|---------|---------|---------|
| Operation|    Functional Unit    |   DSP   |    FF   |   LUT   |
|----------|-----------------------|---------|---------|---------|
|          |       r_V_fu_303      |    0    |    0    |    12   |
|          |      r_V_3_fu_331     |    0    |    0    |    12   |
|          |      r_V_4_fu_369     |    0    |    0    |    12   |
|          |      r_V_6_fu_455     |    0    |    0    |    12   |
|          |    add_ln813_fu_471   |    0    |    0    |    15   |
|          |   add_ln813_3_fu_507  |    0    |    0    |    15   |
|          |   add_ln813_7_fu_512  |    0    |    0    |    15   |
|    add   |   add_ln813_4_fu_517  |    0    |    0    |    15   |
|          |   add_ln813_6_fu_521  |    0    |    0    |    15   |
|          |   add_ln813_8_fu_525  |    0    |    0    |    15   |
|          |  add_ln813_10_fu_529  |    0    |    0    |    15   |
|          |  add_ln813_11_fu_533  |    0    |    0    |    15   |
|          |   add_ln813_5_fu_538  |    0    |    0    |    15   |
|          |   add_ln813_9_fu_542  |    0    |    0    |    15   |
|          |  add_ln813_12_fu_546  |    0    |    0    |    15   |
|----------|-----------------------|---------|---------|---------|
|    sub   |      r_V_5_fu_409     |    0    |    0    |    12   |
|----------|-----------------------|---------|---------|---------|
|          |       grp_fu_96       |    1    |    0    |    0    |
|    mul   |       grp_fu_98       |    1    |    0    |    0    |
|          |       grp_fu_100      |    1    |    0    |    0    |
|----------|-----------------------|---------|---------|---------|
|          |  p_read_6_read_fu_60  |    0    |    0    |    0    |
|          |  p_read_7_read_fu_66  |    0    |    0    |    0    |
|   read   |  p_read_8_read_fu_72  |    0    |    0    |    0    |
|          |  p_read28_read_fu_78  |    0    |    0    |    0    |
|          |  p_read17_read_fu_84  |    0    |    0    |    0    |
|          |  p_read_9_read_fu_90  |    0    |    0    |    0    |
|----------|-----------------------|---------|---------|---------|
|          |   sext_ln1270_fu_274  |    0    |    0    |    0    |
|          |   sext_ln1273_fu_299  |    0    |    0    |    0    |
|          |  sext_ln1273_3_fu_327 |    0    |    0    |    0    |
|   sext   |  sext_ln1270_1_fu_347 |    0    |    0    |    0    |
|          |  sext_ln1273_4_fu_352 |    0    |    0    |    0    |
|          |  sext_ln1273_5_fu_405 |    0    |    0    |    0    |
|          |  sext_ln1273_6_fu_451 |    0    |    0    |    0    |
|----------|-----------------------|---------|---------|---------|
|          |  trunc_ln1273_fu_279  |    0    |    0    |    0    |
|   trunc  | trunc_ln1273_2_fu_357 |    0    |    0    |    0    |
|          | trunc_ln1273_3_fu_385 |    0    |    0    |    0    |
|          | trunc_ln1273_4_fu_431 |    0    |    0    |    0    |
|----------|-----------------------|---------|---------|---------|
|          |     shl_ln_fu_283     |    0    |    0    |    0    |
|          |  shl_ln1273_5_fu_291  |    0    |    0    |    0    |
|          |  shl_ln1273_6_fu_319  |    0    |    0    |    0    |
|bitconcatenate|  shl_ln1273_7_fu_361  |    0    |    0    |    0    |
|          |  shl_ln1273_8_fu_389  |    0    |    0    |    0    |
|          |  shl_ln1273_9_fu_397  |    0    |    0    |    0    |
|          |  shl_ln1273_s_fu_435  |    0    |    0    |    0    |
|          |  shl_ln1273_1_fu_443  |    0    |    0    |    0    |
|----------|-----------------------|---------|---------|---------|
|          |  trunc_ln818_5_fu_309 |    0    |    0    |    0    |
|          |  trunc_ln818_6_fu_337 |    0    |    0    |    0    |
|          |  trunc_ln818_9_fu_375 |    0    |    0    |    0    |
|partselect|  trunc_ln818_s_fu_415 |    0    |    0    |    0    |
|          |  trunc_ln818_1_fu_461 |    0    |    0    |    0    |
|          |    trunc_ln_fu_477    |    0    |    0    |    0    |
|          |  trunc_ln818_7_fu_487 |    0    |    0    |    0    |
|          |  trunc_ln818_8_fu_497 |    0    |    0    |    0    |
|----------|-----------------------|---------|---------|---------|
|    shl   |    shl_ln818_fu_425   |    0    |    0    |    0    |
|----------|-----------------------|---------|---------|---------|
|          |     newret_fu_550     |    0    |    0    |    0    |
|insertvalue|     newret2_fu_556    |    0    |    0    |    0    |
|          |     newret4_fu_562    |    0    |    0    |    0    |
|----------|-----------------------|---------|---------|---------|
|   Total  |                       |    3    |    0    |   225   |
|----------|-----------------------|---------|---------|---------|

Memories:
N/A

* Register list:
+---------------------+--------+
|                     |   FF   |
+---------------------+--------+
| add_ln813_10_reg_650|    8   |
| add_ln813_11_reg_655|    8   |
| add_ln813_3_reg_625 |    8   |
| add_ln813_4_reg_635 |    8   |
| add_ln813_6_reg_640 |    8   |
| add_ln813_7_reg_630 |    8   |
| add_ln813_8_reg_645 |    8   |
|  add_ln813_reg_604  |    8   |
|sext_ln1270_1_reg_578|   11   |
| sext_ln1270_reg_568 |   11   |
|sext_ln1273_4_reg_583|   11   |
|trunc_ln818_1_reg_598|    8   |
|trunc_ln818_5_reg_573|    8   |
|trunc_ln818_7_reg_614|    8   |
|trunc_ln818_8_reg_620|    8   |
|trunc_ln818_9_reg_588|    8   |
|trunc_ln818_s_reg_593|    8   |
|   trunc_ln_reg_609  |    8   |
+---------------------+--------+
|        Total        |   153  |
+---------------------+--------+

* Multiplexer (MUX) list: 
|------------|------|------|------|--------||---------||---------|
|    Comp    |  Pin | Size |  BW  | S x BW ||  Delay  ||   LUT   |
|------------|------|------|------|--------||---------||---------|
|  grp_fu_96 |  p0  |   2  |   8  |   16   ||    9    |
|  grp_fu_98 |  p0  |   2  |   8  |   16   ||    9    |
| grp_fu_100 |  p0  |   2  |   8  |   16   ||    9    |
|------------|------|------|------|--------||---------||---------|
|    Total   |      |      |      |   48   ||  4.764  ||    27   |
|------------|------|------|------|--------||---------||---------|



* Summary:
+-----------+--------+--------+--------+--------+
|           |   DSP  |  Delay |   FF   |   LUT  |
+-----------+--------+--------+--------+--------+
|  Function |    3   |    -   |    0   |   225  |
|   Memory  |    -   |    -   |    -   |    -   |
|Multiplexer|    -   |    4   |    -   |   27   |
|  Register |    -   |    -   |   153  |    -   |
+-----------+--------+--------+--------+--------+
|   Total   |    3   |    4   |   153  |   252  |
+-----------+--------+--------+--------+--------+
