

================================================================
== Vitis HLS Report for 'myproject'
================================================================
* Date:           Tue Mar 10 18:17:15 2026

* Version:        2022.2 (Build 3670227 on Oct 13 2022)
* Project:        myproject_prj
* Solution:       solution1 (Vivado IP Flow Target)
* Product family: zynq
* Target device:  xc7z020-clg484-1


================================================================
== Performance Estimates
================================================================
+ Timing: 
    * Summary: 
    +--------+---------+----------+------------+
    |  Clock |  Target | Estimated| Uncertainty|
    +--------+---------+----------+------------+
    |ap_clk  |  5.00 ns|  3.890 ns|     1.35 ns|
    +--------+---------+----------+------------+

+ Latency: 
    * Summary: 
    +---------+---------+----------+----------+-----+-----+---------+
    |  Latency (cycles) |  Latency (absolute) |  Interval | Pipeline|
    |   min   |   max   |    min   |    max   | min | max |   Type  |
    +---------+---------+----------+----------+-----+-----+---------+
    |       45|       45|  0.225 us|  0.225 us|    1|    1|      yes|
    +---------+---------+----------+----------+-----+-----+---------+

    + Detail: 
        * Instance: 
        N/A

        * Loop: 
        N/A

============================================================
+ Verbose Summary: Synthesis Manager
============================================================
InlineROM: 1
ExposeGlobal: 0
============================================================
+ Verbose Summary: CDFG Model
============================================================
IsTopModel: 1
ResetActiveHigh: 1
IsCombinational: 0
IsDatapathOnly: 0
HasWiredReturn: 1
HasMFsm: 2
HasVarLatency: 0
IsPipeline: 1
IsRtlPipelined: 1
IsInstanceOverlapped: 0
IsDontTouch: 0
HasImplIP: 0
IsGatedGlobalClock: 0

+ Individual pipeline summary: 
  * Pipeline-0: initiation interval (II) = 1, depth = 46


============================================================
+ Verbose Summary: Schedule
============================================================
* Number of FSM states : 46
* Pipeline : 1
  Pipeline-0 : II = 1, D = 46, States = { 1 2 3 4 5 6 7 8 9 10 11 12 13 14 15 16 17 18 19 20 21 22 23 24 25 26 27 28 29 30 31 32 33 34 35 36 37 38 39 40 41 42 43 44 45 46 }
* Dataflow Pipeline: 0

* FSM state transitions: 
1 --> 2 
2 --> 3 
3 --> 4 
4 --> 5 
5 --> 6 
6 --> 7 
7 --> 8 
8 --> 9 
9 --> 10 
10 --> 11 
11 --> 12 
12 --> 13 
13 --> 14 
14 --> 15 
15 --> 16 
16 --> 17 
17 --> 18 
18 --> 19 
19 --> 20 
20 --> 21 
21 --> 22 
22 --> 23 
23 --> 24 
24 --> 25 
25 --> 26 
26 --> 27 
27 --> 28 
28 --> 29 
29 --> 30 
30 --> 31 
31 --> 32 
32 --> 33 
33 --> 34 
34 --> 35 
35 --> 36 
36 --> 37 
37 --> 38 
38 --> 39 
39 --> 40 
40 --> 41 
41 --> 42 
42 --> 43 
43 --> 44 
44 --> 45 
45 --> 46 
46 --> 

* FSM state operations: 

State 1 <SV = 0> <Delay = 2.10>
ST_1 : Operation 47 [1/1] (0.00ns)   --->   "%inputLayer_read = read i2576 @_ssdm_op_Read.ap_vld.i2576P0A, i2576 %inputLayer" [firmware/nnet_utils/nnet_dense.h:54]   --->   Operation 47 'read' 'inputLayer_read' <Predicate = true> <Delay = 0.00>
ST_1 : Operation 48 [9/9] (2.10ns)   --->   "%call_ret1 = call i48 @dense_latency<ap_fixed<16, 6, 5, 3, 0>, ap_fixed<8, 4, 5, 3, 0>, config2>, i2576 %inputLayer_read" [firmware/nnet_utils/nnet_dense.h:54]   --->   Operation 48 'call' 'call_ret1' <Predicate = true> <Delay = 2.10> <CoreType = "Generic">   --->   Core 0 '' <Latency = 0> <II = 1> <Delay = 1.00> <Generic> <Opcode : >

State 2 <SV = 1> <Delay = 2.10>
ST_2 : Operation 49 [8/9] (2.10ns)   --->   "%call_ret1 = call i48 @dense_latency<ap_fixed<16, 6, 5, 3, 0>, ap_fixed<8, 4, 5, 3, 0>, config2>, i2576 %inputLayer_read" [firmware/nnet_utils/nnet_dense.h:54]   --->   Operation 49 'call' 'call_ret1' <Predicate = true> <Delay = 2.10> <CoreType = "Generic">   --->   Core 0 '' <Latency = 0> <II = 1> <Delay = 1.00> <Generic> <Opcode : >

State 3 <SV = 2> <Delay = 2.10>
ST_3 : Operation 50 [7/9] (2.10ns)   --->   "%call_ret1 = call i48 @dense_latency<ap_fixed<16, 6, 5, 3, 0>, ap_fixed<8, 4, 5, 3, 0>, config2>, i2576 %inputLayer_read" [firmware/nnet_utils/nnet_dense.h:54]   --->   Operation 50 'call' 'call_ret1' <Predicate = true> <Delay = 2.10> <CoreType = "Generic">   --->   Core 0 '' <Latency = 0> <II = 1> <Delay = 1.00> <Generic> <Opcode : >

State 4 <SV = 3> <Delay = 2.10>
ST_4 : Operation 51 [6/9] (2.10ns)   --->   "%call_ret1 = call i48 @dense_latency<ap_fixed<16, 6, 5, 3, 0>, ap_fixed<8, 4, 5, 3, 0>, config2>, i2576 %inputLayer_read" [firmware/nnet_utils/nnet_dense.h:54]   --->   Operation 51 'call' 'call_ret1' <Predicate = true> <Delay = 2.10> <CoreType = "Generic">   --->   Core 0 '' <Latency = 0> <II = 1> <Delay = 1.00> <Generic> <Opcode : >

State 5 <SV = 4> <Delay = 2.10>
ST_5 : Operation 52 [5/9] (2.10ns)   --->   "%call_ret1 = call i48 @dense_latency<ap_fixed<16, 6, 5, 3, 0>, ap_fixed<8, 4, 5, 3, 0>, config2>, i2576 %inputLayer_read" [firmware/nnet_utils/nnet_dense.h:54]   --->   Operation 52 'call' 'call_ret1' <Predicate = true> <Delay = 2.10> <CoreType = "Generic">   --->   Core 0 '' <Latency = 0> <II = 1> <Delay = 1.00> <Generic> <Opcode : >

State 6 <SV = 5> <Delay = 2.10>
ST_6 : Operation 53 [4/9] (2.10ns)   --->   "%call_ret1 = call i48 @dense_latency<ap_fixed<16, 6, 5, 3, 0>, ap_fixed<8, 4, 5, 3, 0>, config2>, i2576 %inputLayer_read" [firmware/nnet_utils/nnet_dense.h:54]   --->   Operation 53 'call' 'call_ret1' <Predicate = true> <Delay = 2.10> <CoreType = "Generic">   --->   Core 0 '' <Latency = 0> <II = 1> <Delay = 1.00> <Generic> <Opcode : >

State 7 <SV = 6> <Delay = 2.10>
ST_7 : Operation 54 [3/9] (2.10ns)   --->   "%call_ret1 = call i48 @dense_latency<ap_fixed<16, 6, 5, 3, 0>, ap_fixed<8, 4, 5, 3, 0>, config2>, i2576 %inputLayer_read" [firmware/nnet_utils/nnet_dense.h:54]   --->   Operation 54 'call' 'call_ret1' <Predicate = true> <Delay = 2.10> <CoreType = "Generic">   --->   Core 0 '' <Latency = 0> <II = 1> <Delay = 1.00> <Generic> <Opcode : >

State 8 <SV = 7> <Delay = 2.10>
ST_8 : Operation 55 [2/9] (2.10ns)   --->   "%call_ret1 = call i48 @dense_latency<ap_fixed<16, 6, 5, 3, 0>, ap_fixed<8, 4, 5, 3, 0>, config2>, i2576 %inputLayer_read" [firmware/nnet_utils/nnet_dense.h:54]   --->   Operation 55 'call' 'call_ret1' <Predicate = true> <Delay = 2.10> <CoreType = "Generic">   --->   Core 0 '' <Latency = 0> <II = 1> <Delay = 1.00> <Generic> <Opcode : >

State 9 <SV = 8> <Delay = 1.91>
ST_9 : Operation 56 [1/9] (1.91ns)   --->   "%call_ret1 = call i48 @dense_latency<ap_fixed<16, 6, 5, 3, 0>, ap_fixed<8, 4, 5, 3, 0>, config2>, i2576 %inputLayer_read" [firmware/nnet_utils/nnet_dense.h:54]   --->   Operation 56 'call' 'call_ret1' <Predicate = true> <Delay = 1.91> <CoreType = "Generic">   --->   Core 0 '' <Latency = 0> <II = 1> <Delay = 1.00> <Generic> <Opcode : >
ST_9 : Operation 57 [1/1] (0.00ns)   --->   "%layer2_out_V = extractvalue i48 %call_ret1" [firmware/nnet_utils/nnet_dense.h:54]   --->   Operation 57 'extractvalue' 'layer2_out_V' <Predicate = true> <Delay = 0.00>
ST_9 : Operation 58 [1/1] (0.00ns)   --->   "%layer2_out_V_1 = extractvalue i48 %call_ret1" [firmware/nnet_utils/nnet_dense.h:54]   --->   Operation 58 'extractvalue' 'layer2_out_V_1' <Predicate = true> <Delay = 0.00>
ST_9 : Operation 59 [1/1] (0.00ns)   --->   "%layer2_out_V_2 = extractvalue i48 %call_ret1" [firmware/nnet_utils/nnet_dense.h:54]   --->   Operation 59 'extractvalue' 'layer2_out_V_2' <Predicate = true> <Delay = 0.00>
ST_9 : Operation 60 [1/1] (0.00ns)   --->   "%layer2_out_V_3 = extractvalue i48 %call_ret1" [firmware/nnet_utils/nnet_dense.h:54]   --->   Operation 60 'extractvalue' 'layer2_out_V_3' <Predicate = true> <Delay = 0.00>
ST_9 : Operation 61 [1/1] (0.00ns)   --->   "%layer2_out_V_4 = extractvalue i48 %call_ret1" [firmware/nnet_utils/nnet_dense.h:54]   --->   Operation 61 'extractvalue' 'layer2_out_V_4' <Predicate = true> <Delay = 0.00>
ST_9 : Operation 62 [1/1] (0.00ns)   --->   "%layer2_out_V_5 = extractvalue i48 %call_ret1" [firmware/nnet_utils/nnet_dense.h:54]   --->   Operation 62 'extractvalue' 'layer2_out_V_5' <Predicate = true> <Delay = 0.00>

State 10 <SV = 9> <Delay = 2.54>
ST_10 : Operation 63 [1/1] (2.54ns)   --->   "%call_ret2 = call i48 @relu<ap_fixed<8, 4, 5, 3, 0>, ap_fixed<8, 4, 5, 3, 0>, relu_config4>, i8 %layer2_out_V, i8 %layer2_out_V_1, i8 %layer2_out_V_2, i8 %layer2_out_V_3, i8 %layer2_out_V_4, i8 %layer2_out_V_5" [firmware/myproject.cpp:48]   --->   Operation 63 'call' 'call_ret2' <Predicate = true> <Delay = 2.54> <CoreType = "Generic">   --->   Core 0 '' <Latency = 0> <II = 1> <Delay = 1.00> <Generic> <Opcode : >
ST_10 : Operation 64 [1/1] (0.00ns)   --->   "%layer4_out_V = extractvalue i48 %call_ret2" [firmware/myproject.cpp:48]   --->   Operation 64 'extractvalue' 'layer4_out_V' <Predicate = true> <Delay = 0.00>
ST_10 : Operation 65 [1/1] (0.00ns)   --->   "%layer4_out_V_1 = extractvalue i48 %call_ret2" [firmware/myproject.cpp:48]   --->   Operation 65 'extractvalue' 'layer4_out_V_1' <Predicate = true> <Delay = 0.00>
ST_10 : Operation 66 [1/1] (0.00ns)   --->   "%layer4_out_V_2 = extractvalue i48 %call_ret2" [firmware/myproject.cpp:48]   --->   Operation 66 'extractvalue' 'layer4_out_V_2' <Predicate = true> <Delay = 0.00>
ST_10 : Operation 67 [1/1] (0.00ns)   --->   "%layer4_out_V_3 = extractvalue i48 %call_ret2" [firmware/myproject.cpp:48]   --->   Operation 67 'extractvalue' 'layer4_out_V_3' <Predicate = true> <Delay = 0.00>
ST_10 : Operation 68 [1/1] (0.00ns)   --->   "%layer4_out_V_4 = extractvalue i48 %call_ret2" [firmware/myproject.cpp:48]   --->   Operation 68 'extractvalue' 'layer4_out_V_4' <Predicate = true> <Delay = 0.00>
ST_10 : Operation 69 [1/1] (0.00ns)   --->   "%layer4_out_V_5 = extractvalue i48 %call_ret2" [firmware/myproject.cpp:48]   --->   Operation 69 'extractvalue' 'layer4_out_V_5' <Predicate = true> <Delay = 0.00>

State 11 <SV = 10> <Delay = 3.37>
ST_11 : Operation 70 [5/5] (3.37ns)   --->   "%call_ret3 = call i32 @dense_latency<ap_fixed<8, 4, 5, 3, 0>, ap_fixed<8, 4, 5, 3, 0>, config5>, i8 %layer4_out_V, i8 %layer4_out_V_1, i8 %layer4_out_V_2, i8 %layer4_out_V_3, i8 %layer4_out_V_4, i8 %layer4_out_V_5" [firmware/nnet_utils/nnet_dense.h:54]   --->   Operation 70 'call' 'call_ret3' <Predicate = true> <Delay = 3.37> <CoreType = "Generic">   --->   Core 0 '' <Latency = 0> <II = 1> <Delay = 1.00> <Generic> <Opcode : >

State 12 <SV = 11> <Delay = 3.64>
ST_12 : Operation 71 [4/5] (3.64ns)   --->   "%call_ret3 = call i32 @dense_latency<ap_fixed<8, 4, 5, 3, 0>, ap_fixed<8, 4, 5, 3, 0>, config5>, i8 %layer4_out_V, i8 %layer4_out_V_1, i8 %layer4_out_V_2, i8 %layer4_out_V_3, i8 %layer4_out_V_4, i8 %layer4_out_V_5" [firmware/nnet_utils/nnet_dense.h:54]   --->   Operation 71 'call' 'call_ret3' <Predicate = true> <Delay = 3.64> <CoreType = "Generic">   --->   Core 0 '' <Latency = 0> <II = 1> <Delay = 1.00> <Generic> <Opcode : >

State 13 <SV = 12> <Delay = 3.64>
ST_13 : Operation 72 [3/5] (3.64ns)   --->   "%call_ret3 = call i32 @dense_latency<ap_fixed<8, 4, 5, 3, 0>, ap_fixed<8, 4, 5, 3, 0>, config5>, i8 %layer4_out_V, i8 %layer4_out_V_1, i8 %layer4_out_V_2, i8 %layer4_out_V_3, i8 %layer4_out_V_4, i8 %layer4_out_V_5" [firmware/nnet_utils/nnet_dense.h:54]   --->   Operation 72 'call' 'call_ret3' <Predicate = true> <Delay = 3.64> <CoreType = "Generic">   --->   Core 0 '' <Latency = 0> <II = 1> <Delay = 1.00> <Generic> <Opcode : >

State 14 <SV = 13> <Delay = 3.64>
ST_14 : Operation 73 [2/5] (3.64ns)   --->   "%call_ret3 = call i32 @dense_latency<ap_fixed<8, 4, 5, 3, 0>, ap_fixed<8, 4, 5, 3, 0>, config5>, i8 %layer4_out_V, i8 %layer4_out_V_1, i8 %layer4_out_V_2, i8 %layer4_out_V_3, i8 %layer4_out_V_4, i8 %layer4_out_V_5" [firmware/nnet_utils/nnet_dense.h:54]   --->   Operation 73 'call' 'call_ret3' <Predicate = true> <Delay = 3.64> <CoreType = "Generic">   --->   Core 0 '' <Latency = 0> <II = 1> <Delay = 1.00> <Generic> <Opcode : >

State 15 <SV = 14> <Delay = 1.91>
ST_15 : Operation 74 [1/5] (1.91ns)   --->   "%call_ret3 = call i32 @dense_latency<ap_fixed<8, 4, 5, 3, 0>, ap_fixed<8, 4, 5, 3, 0>, config5>, i8 %layer4_out_V, i8 %layer4_out_V_1, i8 %layer4_out_V_2, i8 %layer4_out_V_3, i8 %layer4_out_V_4, i8 %layer4_out_V_5" [firmware/nnet_utils/nnet_dense.h:54]   --->   Operation 74 'call' 'call_ret3' <Predicate = true> <Delay = 1.91> <CoreType = "Generic">   --->   Core 0 '' <Latency = 0> <II = 1> <Delay = 1.00> <Generic> <Opcode : >
ST_15 : Operation 75 [1/1] (0.00ns)   --->   "%layer5_out_V = extractvalue i32 %call_ret3" [firmware/nnet_utils/nnet_dense.h:54]   --->   Operation 75 'extractvalue' 'layer5_out_V' <Predicate = true> <Delay = 0.00>
ST_15 : Operation 76 [1/1] (0.00ns)   --->   "%layer5_out_V_1 = extractvalue i32 %call_ret3" [firmware/nnet_utils/nnet_dense.h:54]   --->   Operation 76 'extractvalue' 'layer5_out_V_1' <Predicate = true> <Delay = 0.00>
ST_15 : Operation 77 [1/1] (0.00ns)   --->   "%layer5_out_V_2 = extractvalue i32 %call_ret3" [firmware/nnet_utils/nnet_dense.h:54]   --->   Operation 77 'extractvalue' 'layer5_out_V_2' <Predicate = true> <Delay = 0.00>
ST_15 : Operation 78 [1/1] (0.00ns)   --->   "%layer5_out_V_3 = extractvalue i32 %call_ret3" [firmware/nnet_utils/nnet_dense.h:54]   --->   Operation 78 'extractvalue' 'layer5_out_V_3' <Predicate = true> <Delay = 0.00>

State 16 <SV = 15> <Delay = 2.54>
ST_16 : Operation 79 [1/1] (2.54ns)   --->   "%call_ret4 = call i32 @relu<ap_fixed<8, 4, 5, 3, 0>, ap_fixed<8, 4, 5, 3, 0>, relu_config7>, i8 %layer5_out_V, i8 %layer5_out_V_1, i8 %layer5_out_V_2, i8 %layer5_out_V_3" [firmware/myproject.cpp:56]   --->   Operation 79 'call' 'call_ret4' <Predicate = true> <Delay = 2.54> <CoreType = "Generic">   --->   Core 0 '' <Latency = 0> <II = 1> <Delay = 1.00> <Generic> <Opcode : >
ST_16 : Operation 80 [1/1] (0.00ns)   --->   "%layer7_out_V = extractvalue i32 %call_ret4" [firmware/myproject.cpp:56]   --->   Operation 80 'extractvalue' 'layer7_out_V' <Predicate = true> <Delay = 0.00>
ST_16 : Operation 81 [1/1] (0.00ns)   --->   "%layer7_out_V_1 = extractvalue i32 %call_ret4" [firmware/myproject.cpp:56]   --->   Operation 81 'extractvalue' 'layer7_out_V_1' <Predicate = true> <Delay = 0.00>
ST_16 : Operation 82 [1/1] (0.00ns)   --->   "%layer7_out_V_2 = extractvalue i32 %call_ret4" [firmware/myproject.cpp:56]   --->   Operation 82 'extractvalue' 'layer7_out_V_2' <Predicate = true> <Delay = 0.00>
ST_16 : Operation 83 [1/1] (0.00ns)   --->   "%layer7_out_V_3 = extractvalue i32 %call_ret4" [firmware/myproject.cpp:56]   --->   Operation 83 'extractvalue' 'layer7_out_V_3' <Predicate = true> <Delay = 0.00>

State 17 <SV = 16> <Delay = 3.64>
ST_17 : Operation 84 [4/4] (3.64ns)   --->   "%call_ret5 = call i16 @dense_latency<ap_fixed<8, 4, 5, 3, 0>, ap_fixed<8, 4, 5, 3, 0>, config8>, i8 %layer7_out_V, i8 %layer7_out_V_1, i8 %layer7_out_V_2, i8 %layer7_out_V_3" [firmware/nnet_utils/nnet_dense.h:54]   --->   Operation 84 'call' 'call_ret5' <Predicate = true> <Delay = 3.64> <CoreType = "Generic">   --->   Core 0 '' <Latency = 0> <II = 1> <Delay = 1.00> <Generic> <Opcode : >

State 18 <SV = 17> <Delay = 3.64>
ST_18 : Operation 85 [3/4] (3.64ns)   --->   "%call_ret5 = call i16 @dense_latency<ap_fixed<8, 4, 5, 3, 0>, ap_fixed<8, 4, 5, 3, 0>, config8>, i8 %layer7_out_V, i8 %layer7_out_V_1, i8 %layer7_out_V_2, i8 %layer7_out_V_3" [firmware/nnet_utils/nnet_dense.h:54]   --->   Operation 85 'call' 'call_ret5' <Predicate = true> <Delay = 3.64> <CoreType = "Generic">   --->   Core 0 '' <Latency = 0> <II = 1> <Delay = 1.00> <Generic> <Opcode : >

State 19 <SV = 18> <Delay = 3.64>
ST_19 : Operation 86 [2/4] (3.64ns)   --->   "%call_ret5 = call i16 @dense_latency<ap_fixed<8, 4, 5, 3, 0>, ap_fixed<8, 4, 5, 3, 0>, config8>, i8 %layer7_out_V, i8 %layer7_out_V_1, i8 %layer7_out_V_2, i8 %layer7_out_V_3" [firmware/nnet_utils/nnet_dense.h:54]   --->   Operation 86 'call' 'call_ret5' <Predicate = true> <Delay = 3.64> <CoreType = "Generic">   --->   Core 0 '' <Latency = 0> <II = 1> <Delay = 1.00> <Generic> <Opcode : >

State 20 <SV = 19> <Delay = 1.91>
ST_20 : Operation 87 [1/4] (1.91ns)   --->   "%call_ret5 = call i16 @dense_latency<ap_fixed<8, 4, 5, 3, 0>, ap_fixed<8, 4, 5, 3, 0>, config8>, i8 %layer7_out_V, i8 %layer7_out_V_1, i8 %layer7_out_V_2, i8 %layer7_out_V_3" [firmware/nnet_utils/nnet_dense.h:54]   --->   Operation 87 'call' 'call_ret5' <Predicate = true> <Delay = 1.91> <CoreType = "Generic">   --->   Core 0 '' <Latency = 0> <II = 1> <Delay = 1.00> <Generic> <Opcode : >
ST_20 : Operation 88 [1/1] (0.00ns)   --->   "%layer8_out_V = extractvalue i16 %call_ret5" [firmware/nnet_utils/nnet_dense.h:54]   --->   Operation 88 'extractvalue' 'layer8_out_V' <Predicate = true> <Delay = 0.00>
ST_20 : Operation 89 [1/1] (0.00ns)   --->   "%layer8_out_V_1 = extractvalue i16 %call_ret5" [firmware/nnet_utils/nnet_dense.h:54]   --->   Operation 89 'extractvalue' 'layer8_out_V_1' <Predicate = true> <Delay = 0.00>

State 21 <SV = 20> <Delay = 2.54>
ST_21 : Operation 90 [1/1] (2.54ns)   --->   "%call_ret6 = call i16 @relu<ap_fixed<8, 4, 5, 3, 0>, ap_fixed<8, 4, 5, 3, 0>, relu_config10>, i8 %layer8_out_V, i8 %layer8_out_V_1" [firmware/myproject.cpp:64]   --->   Operation 90 'call' 'call_ret6' <Predicate = true> <Delay = 2.54> <CoreType = "Generic">   --->   Core 0 '' <Latency = 0> <II = 1> <Delay = 1.00> <Generic> <Opcode : >
ST_21 : Operation 91 [1/1] (0.00ns)   --->   "%layer10_out_V = extractvalue i16 %call_ret6" [firmware/myproject.cpp:64]   --->   Operation 91 'extractvalue' 'layer10_out_V' <Predicate = true> <Delay = 0.00>
ST_21 : Operation 92 [1/1] (0.00ns)   --->   "%layer10_out_V_1 = extractvalue i16 %call_ret6" [firmware/myproject.cpp:64]   --->   Operation 92 'extractvalue' 'layer10_out_V_1' <Predicate = true> <Delay = 0.00>

State 22 <SV = 21> <Delay = 3.37>
ST_22 : Operation 93 [2/2] (3.37ns)   --->   "%call_ret7 = call i32 @dense_latency<ap_fixed<8, 4, 5, 3, 0>, ap_fixed<8, 4, 5, 3, 0>, config11>, i8 %layer10_out_V, i8 %layer10_out_V_1" [firmware/nnet_utils/nnet_dense.h:54]   --->   Operation 93 'call' 'call_ret7' <Predicate = true> <Delay = 3.37> <CoreType = "Generic">   --->   Core 0 '' <Latency = 0> <II = 1> <Delay = 1.00> <Generic> <Opcode : >

State 23 <SV = 22> <Delay = 3.55>
ST_23 : Operation 94 [1/2] (3.55ns)   --->   "%call_ret7 = call i32 @dense_latency<ap_fixed<8, 4, 5, 3, 0>, ap_fixed<8, 4, 5, 3, 0>, config11>, i8 %layer10_out_V, i8 %layer10_out_V_1" [firmware/nnet_utils/nnet_dense.h:54]   --->   Operation 94 'call' 'call_ret7' <Predicate = true> <Delay = 3.55> <CoreType = "Generic">   --->   Core 0 '' <Latency = 0> <II = 1> <Delay = 1.00> <Generic> <Opcode : >
ST_23 : Operation 95 [1/1] (0.00ns)   --->   "%layer11_out_V = extractvalue i32 %call_ret7" [firmware/nnet_utils/nnet_dense.h:54]   --->   Operation 95 'extractvalue' 'layer11_out_V' <Predicate = true> <Delay = 0.00>
ST_23 : Operation 96 [1/1] (0.00ns)   --->   "%layer11_out_V_1 = extractvalue i32 %call_ret7" [firmware/nnet_utils/nnet_dense.h:54]   --->   Operation 96 'extractvalue' 'layer11_out_V_1' <Predicate = true> <Delay = 0.00>
ST_23 : Operation 97 [1/1] (0.00ns)   --->   "%layer11_out_V_2 = extractvalue i32 %call_ret7" [firmware/nnet_utils/nnet_dense.h:54]   --->   Operation 97 'extractvalue' 'layer11_out_V_2' <Predicate = true> <Delay = 0.00>
ST_23 : Operation 98 [1/1] (0.00ns)   --->   "%layer11_out_V_3 = extractvalue i32 %call_ret7" [firmware/nnet_utils/nnet_dense.h:54]   --->   Operation 98 'extractvalue' 'layer11_out_V_3' <Predicate = true> <Delay = 0.00>

State 24 <SV = 23> <Delay = 2.54>
ST_24 : Operation 99 [1/1] (2.54ns)   --->   "%call_ret8 = call i32 @relu<ap_fixed<8, 4, 5, 3, 0>, ap_fixed<8, 4, 5, 3, 0>, relu_config13>, i8 %layer11_out_V, i8 %layer11_out_V_1, i8 %layer11_out_V_2, i8 %layer11_out_V_3" [firmware/myproject.cpp:72]   --->   Operation 99 'call' 'call_ret8' <Predicate = true> <Delay = 2.54> <CoreType = "Generic">   --->   Core 0 '' <Latency = 0> <II = 1> <Delay = 1.00> <Generic> <Opcode : >
ST_24 : Operation 100 [1/1] (0.00ns)   --->   "%layer13_out_V = extractvalue i32 %call_ret8" [firmware/myproject.cpp:72]   --->   Operation 100 'extractvalue' 'layer13_out_V' <Predicate = true> <Delay = 0.00>
ST_24 : Operation 101 [1/1] (0.00ns)   --->   "%layer13_out_V_1 = extractvalue i32 %call_ret8" [firmware/myproject.cpp:72]   --->   Operation 101 'extractvalue' 'layer13_out_V_1' <Predicate = true> <Delay = 0.00>
ST_24 : Operation 102 [1/1] (0.00ns)   --->   "%layer13_out_V_2 = extractvalue i32 %call_ret8" [firmware/myproject.cpp:72]   --->   Operation 102 'extractvalue' 'layer13_out_V_2' <Predicate = true> <Delay = 0.00>
ST_24 : Operation 103 [1/1] (0.00ns)   --->   "%layer13_out_V_3 = extractvalue i32 %call_ret8" [firmware/myproject.cpp:72]   --->   Operation 103 'extractvalue' 'layer13_out_V_3' <Predicate = true> <Delay = 0.00>

State 25 <SV = 24> <Delay = 3.64>
ST_25 : Operation 104 [4/4] (3.64ns)   --->   "%call_ret9 = call i24 @dense_latency<ap_fixed<8, 4, 5, 3, 0>, ap_fixed<8, 4, 5, 3, 0>, config14>, i8 %layer13_out_V, i8 %layer13_out_V_1, i8 %layer13_out_V_2, i8 %layer13_out_V_3" [firmware/nnet_utils/nnet_dense.h:54]   --->   Operation 104 'call' 'call_ret9' <Predicate = true> <Delay = 3.64> <CoreType = "Generic">   --->   Core 0 '' <Latency = 0> <II = 1> <Delay = 1.00> <Generic> <Opcode : >

State 26 <SV = 25> <Delay = 3.64>
ST_26 : Operation 105 [3/4] (3.64ns)   --->   "%call_ret9 = call i24 @dense_latency<ap_fixed<8, 4, 5, 3, 0>, ap_fixed<8, 4, 5, 3, 0>, config14>, i8 %layer13_out_V, i8 %layer13_out_V_1, i8 %layer13_out_V_2, i8 %layer13_out_V_3" [firmware/nnet_utils/nnet_dense.h:54]   --->   Operation 105 'call' 'call_ret9' <Predicate = true> <Delay = 3.64> <CoreType = "Generic">   --->   Core 0 '' <Latency = 0> <II = 1> <Delay = 1.00> <Generic> <Opcode : >

State 27 <SV = 26> <Delay = 3.64>
ST_27 : Operation 106 [2/4] (3.64ns)   --->   "%call_ret9 = call i24 @dense_latency<ap_fixed<8, 4, 5, 3, 0>, ap_fixed<8, 4, 5, 3, 0>, config14>, i8 %layer13_out_V, i8 %layer13_out_V_1, i8 %layer13_out_V_2, i8 %layer13_out_V_3" [firmware/nnet_utils/nnet_dense.h:54]   --->   Operation 106 'call' 'call_ret9' <Predicate = true> <Delay = 3.64> <CoreType = "Generic">   --->   Core 0 '' <Latency = 0> <II = 1> <Delay = 1.00> <Generic> <Opcode : >

State 28 <SV = 27> <Delay = 1.91>
ST_28 : Operation 107 [1/4] (1.91ns)   --->   "%call_ret9 = call i24 @dense_latency<ap_fixed<8, 4, 5, 3, 0>, ap_fixed<8, 4, 5, 3, 0>, config14>, i8 %layer13_out_V, i8 %layer13_out_V_1, i8 %layer13_out_V_2, i8 %layer13_out_V_3" [firmware/nnet_utils/nnet_dense.h:54]   --->   Operation 107 'call' 'call_ret9' <Predicate = true> <Delay = 1.91> <CoreType = "Generic">   --->   Core 0 '' <Latency = 0> <II = 1> <Delay = 1.00> <Generic> <Opcode : >
ST_28 : Operation 108 [1/1] (0.00ns)   --->   "%layer14_out_V = extractvalue i24 %call_ret9" [firmware/nnet_utils/nnet_dense.h:54]   --->   Operation 108 'extractvalue' 'layer14_out_V' <Predicate = true> <Delay = 0.00>
ST_28 : Operation 109 [1/1] (0.00ns)   --->   "%layer14_out_V_1 = extractvalue i24 %call_ret9" [firmware/nnet_utils/nnet_dense.h:54]   --->   Operation 109 'extractvalue' 'layer14_out_V_1' <Predicate = true> <Delay = 0.00>
ST_28 : Operation 110 [1/1] (0.00ns)   --->   "%layer14_out_V_2 = extractvalue i24 %call_ret9" [firmware/nnet_utils/nnet_dense.h:54]   --->   Operation 110 'extractvalue' 'layer14_out_V_2' <Predicate = true> <Delay = 0.00>

State 29 <SV = 28> <Delay = 2.54>
ST_29 : Operation 111 [1/1] (2.54ns)   --->   "%call_ret10 = call i24 @relu<ap_fixed<8, 4, 5, 3, 0>, ap_fixed<8, 4, 5, 3, 0>, relu_config16>, i8 %layer14_out_V, i8 %layer14_out_V_1, i8 %layer14_out_V_2" [firmware/myproject.cpp:80]   --->   Operation 111 'call' 'call_ret10' <Predicate = true> <Delay = 2.54> <CoreType = "Generic">   --->   Core 0 '' <Latency = 0> <II = 1> <Delay = 1.00> <Generic> <Opcode : >
ST_29 : Operation 112 [1/1] (0.00ns)   --->   "%layer16_out_V = extractvalue i24 %call_ret10" [firmware/myproject.cpp:80]   --->   Operation 112 'extractvalue' 'layer16_out_V' <Predicate = true> <Delay = 0.00>
ST_29 : Operation 113 [1/1] (0.00ns)   --->   "%layer16_out_V_1 = extractvalue i24 %call_ret10" [firmware/myproject.cpp:80]   --->   Operation 113 'extractvalue' 'layer16_out_V_1' <Predicate = true> <Delay = 0.00>
ST_29 : Operation 114 [1/1] (0.00ns)   --->   "%layer16_out_V_2 = extractvalue i24 %call_ret10" [firmware/myproject.cpp:80]   --->   Operation 114 'extractvalue' 'layer16_out_V_2' <Predicate = true> <Delay = 0.00>

State 30 <SV = 29> <Delay = 3.34>
ST_30 : Operation 115 [6/6] (3.34ns)   --->   "%call_ret11 = call i16 @dense_latency<ap_fixed<8, 4, 5, 3, 0>, ap_fixed<8, 4, 5, 3, 0>, config17>, i8 %layer16_out_V, i8 %layer16_out_V_1, i8 %layer16_out_V_2" [firmware/nnet_utils/nnet_dense.h:54]   --->   Operation 115 'call' 'call_ret11' <Predicate = true> <Delay = 3.34> <CoreType = "Generic">   --->   Core 0 '' <Latency = 0> <II = 1> <Delay = 1.00> <Generic> <Opcode : >

State 31 <SV = 30> <Delay = 3.34>
ST_31 : Operation 116 [5/6] (3.34ns)   --->   "%call_ret11 = call i16 @dense_latency<ap_fixed<8, 4, 5, 3, 0>, ap_fixed<8, 4, 5, 3, 0>, config17>, i8 %layer16_out_V, i8 %layer16_out_V_1, i8 %layer16_out_V_2" [firmware/nnet_utils/nnet_dense.h:54]   --->   Operation 116 'call' 'call_ret11' <Predicate = true> <Delay = 3.34> <CoreType = "Generic">   --->   Core 0 '' <Latency = 0> <II = 1> <Delay = 1.00> <Generic> <Opcode : >

State 32 <SV = 31> <Delay = 3.34>
ST_32 : Operation 117 [4/6] (3.34ns)   --->   "%call_ret11 = call i16 @dense_latency<ap_fixed<8, 4, 5, 3, 0>, ap_fixed<8, 4, 5, 3, 0>, config17>, i8 %layer16_out_V, i8 %layer16_out_V_1, i8 %layer16_out_V_2" [firmware/nnet_utils/nnet_dense.h:54]   --->   Operation 117 'call' 'call_ret11' <Predicate = true> <Delay = 3.34> <CoreType = "Generic">   --->   Core 0 '' <Latency = 0> <II = 1> <Delay = 1.00> <Generic> <Opcode : >

State 33 <SV = 32> <Delay = 3.34>
ST_33 : Operation 118 [3/6] (3.34ns)   --->   "%call_ret11 = call i16 @dense_latency<ap_fixed<8, 4, 5, 3, 0>, ap_fixed<8, 4, 5, 3, 0>, config17>, i8 %layer16_out_V, i8 %layer16_out_V_1, i8 %layer16_out_V_2" [firmware/nnet_utils/nnet_dense.h:54]   --->   Operation 118 'call' 'call_ret11' <Predicate = true> <Delay = 3.34> <CoreType = "Generic">   --->   Core 0 '' <Latency = 0> <II = 1> <Delay = 1.00> <Generic> <Opcode : >

State 34 <SV = 33> <Delay = 3.34>
ST_34 : Operation 119 [2/6] (3.34ns)   --->   "%call_ret11 = call i16 @dense_latency<ap_fixed<8, 4, 5, 3, 0>, ap_fixed<8, 4, 5, 3, 0>, config17>, i8 %layer16_out_V, i8 %layer16_out_V_1, i8 %layer16_out_V_2" [firmware/nnet_utils/nnet_dense.h:54]   --->   Operation 119 'call' 'call_ret11' <Predicate = true> <Delay = 3.34> <CoreType = "Generic">   --->   Core 0 '' <Latency = 0> <II = 1> <Delay = 1.00> <Generic> <Opcode : >

State 35 <SV = 34> <Delay = 1.91>
ST_35 : Operation 120 [1/6] (1.91ns)   --->   "%call_ret11 = call i16 @dense_latency<ap_fixed<8, 4, 5, 3, 0>, ap_fixed<8, 4, 5, 3, 0>, config17>, i8 %layer16_out_V, i8 %layer16_out_V_1, i8 %layer16_out_V_2" [firmware/nnet_utils/nnet_dense.h:54]   --->   Operation 120 'call' 'call_ret11' <Predicate = true> <Delay = 1.91> <CoreType = "Generic">   --->   Core 0 '' <Latency = 0> <II = 1> <Delay = 1.00> <Generic> <Opcode : >
ST_35 : Operation 121 [1/1] (0.00ns)   --->   "%layer17_out_V = extractvalue i16 %call_ret11" [firmware/nnet_utils/nnet_dense.h:54]   --->   Operation 121 'extractvalue' 'layer17_out_V' <Predicate = true> <Delay = 0.00>
ST_35 : Operation 122 [1/1] (0.00ns)   --->   "%layer17_out_V_1 = extractvalue i16 %call_ret11" [firmware/nnet_utils/nnet_dense.h:54]   --->   Operation 122 'extractvalue' 'layer17_out_V_1' <Predicate = true> <Delay = 0.00>

State 36 <SV = 35> <Delay = 2.79>
ST_36 : Operation 123 [11/11] (2.79ns)   --->   "%call_ret = call i16 @softmax_stable<ap_fixed,ap_fixed<8,4,5,3,0>,softmax_config19>, i8 %layer17_out_V, i8 %layer17_out_V_1, i17 %exp_table, i18 %invert_table" [firmware/nnet_utils/nnet_activation.h:386]   --->   Operation 123 'call' 'call_ret' <Predicate = true> <Delay = 2.79> <CoreType = "Generic">   --->   Core 0 '' <Latency = 0> <II = 1> <Delay = 1.00> <Generic> <Opcode : >

State 37 <SV = 36> <Delay = 3.89>
ST_37 : Operation 124 [10/11] (3.89ns)   --->   "%call_ret = call i16 @softmax_stable<ap_fixed,ap_fixed<8,4,5,3,0>,softmax_config19>, i8 %layer17_out_V, i8 %layer17_out_V_1, i17 %exp_table, i18 %invert_table" [firmware/nnet_utils/nnet_activation.h:386]   --->   Operation 124 'call' 'call_ret' <Predicate = true> <Delay = 3.89> <CoreType = "Generic">   --->   Core 0 '' <Latency = 0> <II = 1> <Delay = 1.00> <Generic> <Opcode : >

State 38 <SV = 37> <Delay = 3.89>
ST_38 : Operation 125 [9/11] (3.89ns)   --->   "%call_ret = call i16 @softmax_stable<ap_fixed,ap_fixed<8,4,5,3,0>,softmax_config19>, i8 %layer17_out_V, i8 %layer17_out_V_1, i17 %exp_table, i18 %invert_table" [firmware/nnet_utils/nnet_activation.h:386]   --->   Operation 125 'call' 'call_ret' <Predicate = true> <Delay = 3.89> <CoreType = "Generic">   --->   Core 0 '' <Latency = 0> <II = 1> <Delay = 1.00> <Generic> <Opcode : >

State 39 <SV = 38> <Delay = 3.89>
ST_39 : Operation 126 [8/11] (3.89ns)   --->   "%call_ret = call i16 @softmax_stable<ap_fixed,ap_fixed<8,4,5,3,0>,softmax_config19>, i8 %layer17_out_V, i8 %layer17_out_V_1, i17 %exp_table, i18 %invert_table" [firmware/nnet_utils/nnet_activation.h:386]   --->   Operation 126 'call' 'call_ret' <Predicate = true> <Delay = 3.89> <CoreType = "Generic">   --->   Core 0 '' <Latency = 0> <II = 1> <Delay = 1.00> <Generic> <Opcode : >

State 40 <SV = 39> <Delay = 3.89>
ST_40 : Operation 127 [7/11] (3.89ns)   --->   "%call_ret = call i16 @softmax_stable<ap_fixed,ap_fixed<8,4,5,3,0>,softmax_config19>, i8 %layer17_out_V, i8 %layer17_out_V_1, i17 %exp_table, i18 %invert_table" [firmware/nnet_utils/nnet_activation.h:386]   --->   Operation 127 'call' 'call_ret' <Predicate = true> <Delay = 3.89> <CoreType = "Generic">   --->   Core 0 '' <Latency = 0> <II = 1> <Delay = 1.00> <Generic> <Opcode : >

State 41 <SV = 40> <Delay = 3.89>
ST_41 : Operation 128 [6/11] (3.89ns)   --->   "%call_ret = call i16 @softmax_stable<ap_fixed,ap_fixed<8,4,5,3,0>,softmax_config19>, i8 %layer17_out_V, i8 %layer17_out_V_1, i17 %exp_table, i18 %invert_table" [firmware/nnet_utils/nnet_activation.h:386]   --->   Operation 128 'call' 'call_ret' <Predicate = true> <Delay = 3.89> <CoreType = "Generic">   --->   Core 0 '' <Latency = 0> <II = 1> <Delay = 1.00> <Generic> <Opcode : >

State 42 <SV = 41> <Delay = 3.89>
ST_42 : Operation 129 [5/11] (3.89ns)   --->   "%call_ret = call i16 @softmax_stable<ap_fixed,ap_fixed<8,4,5,3,0>,softmax_config19>, i8 %layer17_out_V, i8 %layer17_out_V_1, i17 %exp_table, i18 %invert_table" [firmware/nnet_utils/nnet_activation.h:386]   --->   Operation 129 'call' 'call_ret' <Predicate = true> <Delay = 3.89> <CoreType = "Generic">   --->   Core 0 '' <Latency = 0> <II = 1> <Delay = 1.00> <Generic> <Opcode : >

State 43 <SV = 42> <Delay = 3.89>
ST_43 : Operation 130 [4/11] (3.89ns)   --->   "%call_ret = call i16 @softmax_stable<ap_fixed,ap_fixed<8,4,5,3,0>,softmax_config19>, i8 %layer17_out_V, i8 %layer17_out_V_1, i17 %exp_table, i18 %invert_table" [firmware/nnet_utils/nnet_activation.h:386]   --->   Operation 130 'call' 'call_ret' <Predicate = true> <Delay = 3.89> <CoreType = "Generic">   --->   Core 0 '' <Latency = 0> <II = 1> <Delay = 1.00> <Generic> <Opcode : >

State 44 <SV = 43> <Delay = 3.89>
ST_44 : Operation 131 [3/11] (3.89ns)   --->   "%call_ret = call i16 @softmax_stable<ap_fixed,ap_fixed<8,4,5,3,0>,softmax_config19>, i8 %layer17_out_V, i8 %layer17_out_V_1, i17 %exp_table, i18 %invert_table" [firmware/nnet_utils/nnet_activation.h:386]   --->   Operation 131 'call' 'call_ret' <Predicate = true> <Delay = 3.89> <CoreType = "Generic">   --->   Core 0 '' <Latency = 0> <II = 1> <Delay = 1.00> <Generic> <Opcode : >

State 45 <SV = 44> <Delay = 3.89>
ST_45 : Operation 132 [2/11] (3.89ns)   --->   "%call_ret = call i16 @softmax_stable<ap_fixed,ap_fixed<8,4,5,3,0>,softmax_config19>, i8 %layer17_out_V, i8 %layer17_out_V_1, i17 %exp_table, i18 %invert_table" [firmware/nnet_utils/nnet_activation.h:386]   --->   Operation 132 'call' 'call_ret' <Predicate = true> <Delay = 3.89> <CoreType = "Generic">   --->   Core 0 '' <Latency = 0> <II = 1> <Delay = 1.00> <Generic> <Opcode : >

State 46 <SV = 45> <Delay = 0.00>
ST_46 : Operation 133 [1/1] (0.00ns)   --->   "%specpipeline_ln0 = specpipeline void @_ssdm_op_SpecPipeline, i32 4294967295, i32 0, i32 0, i32 0, void @empty_0"   --->   Operation 133 'specpipeline' 'specpipeline_ln0' <Predicate = true> <Delay = 0.00>
ST_46 : Operation 134 [1/1] (0.00ns)   --->   "%spectopmodule_ln0 = spectopmodule void @_ssdm_op_SpecTopModule, void @empty_2"   --->   Operation 134 'spectopmodule' 'spectopmodule_ln0' <Predicate = true> <Delay = 0.00>
ST_46 : Operation 135 [1/1] (0.00ns)   --->   "%specbitsmap_ln0 = specbitsmap void @_ssdm_op_SpecBitsMap, i2576 %inputLayer"   --->   Operation 135 'specbitsmap' 'specbitsmap_ln0' <Predicate = true> <Delay = 0.00>
ST_46 : Operation 136 [1/1] (0.00ns)   --->   "%specinterface_ln0 = specinterface void @_ssdm_op_SpecInterface, i2576 %inputLayer, void @empty, i32 0, i32 0, void @empty_0, i32 0, i32 0, void @empty_0, void @empty_0, void @empty_0, i32 0, i32 0, i32 0, i32 0, void @empty_0, void @empty_0, i32 4294967295, i32 0"   --->   Operation 136 'specinterface' 'specinterface_ln0' <Predicate = true> <Delay = 0.00>
ST_46 : Operation 137 [1/1] (0.00ns)   --->   "%specbitsmap_ln0 = specbitsmap void @_ssdm_op_SpecBitsMap, i8 %layer19_out_0"   --->   Operation 137 'specbitsmap' 'specbitsmap_ln0' <Predicate = true> <Delay = 0.00>
ST_46 : Operation 138 [1/1] (0.00ns)   --->   "%specinterface_ln0 = specinterface void @_ssdm_op_SpecInterface, i8 %layer19_out_0, void @empty, i32 0, i32 0, void @empty_0, i32 0, i32 0, void @empty_0, void @empty_0, void @empty_0, i32 0, i32 0, i32 0, i32 0, void @empty_0, void @empty_0, i32 4294967295, i32 0"   --->   Operation 138 'specinterface' 'specinterface_ln0' <Predicate = true> <Delay = 0.00>
ST_46 : Operation 139 [1/1] (0.00ns)   --->   "%specbitsmap_ln0 = specbitsmap void @_ssdm_op_SpecBitsMap, i8 %layer19_out_1"   --->   Operation 139 'specbitsmap' 'specbitsmap_ln0' <Predicate = true> <Delay = 0.00>
ST_46 : Operation 140 [1/1] (0.00ns)   --->   "%specinterface_ln0 = specinterface void @_ssdm_op_SpecInterface, i8 %layer19_out_1, void @empty, i32 0, i32 0, void @empty_0, i32 0, i32 0, void @empty_0, void @empty_0, void @empty_0, i32 0, i32 0, i32 0, i32 0, void @empty_0, void @empty_0, i32 4294967295, i32 0"   --->   Operation 140 'specinterface' 'specinterface_ln0' <Predicate = true> <Delay = 0.00>
ST_46 : Operation 141 [1/11] (0.00ns)   --->   "%call_ret = call i16 @softmax_stable<ap_fixed,ap_fixed<8,4,5,3,0>,softmax_config19>, i8 %layer17_out_V, i8 %layer17_out_V_1, i17 %exp_table, i18 %invert_table" [firmware/nnet_utils/nnet_activation.h:386]   --->   Operation 141 'call' 'call_ret' <Predicate = true> <Delay = 0.00> <CoreType = "Generic">   --->   Core 0 '' <Latency = 0> <II = 1> <Delay = 1.00> <Generic> <Opcode : >
ST_46 : Operation 142 [1/1] (0.00ns)   --->   "%layer19_out_0_ret = extractvalue i16 %call_ret" [firmware/nnet_utils/nnet_activation.h:386]   --->   Operation 142 'extractvalue' 'layer19_out_0_ret' <Predicate = true> <Delay = 0.00>
ST_46 : Operation 143 [1/1] (0.00ns)   --->   "%write_ln386 = write void @_ssdm_op_Write.ap_vld.i8P0A, i8 %layer19_out_0, i8 %layer19_out_0_ret" [firmware/nnet_utils/nnet_activation.h:386]   --->   Operation 143 'write' 'write_ln386' <Predicate = true> <Delay = 0.00>
ST_46 : Operation 144 [1/1] (0.00ns)   --->   "%layer19_out_1_ret = extractvalue i16 %call_ret" [firmware/nnet_utils/nnet_activation.h:386]   --->   Operation 144 'extractvalue' 'layer19_out_1_ret' <Predicate = true> <Delay = 0.00>
ST_46 : Operation 145 [1/1] (0.00ns)   --->   "%write_ln386 = write void @_ssdm_op_Write.ap_vld.i8P0A, i8 %layer19_out_1, i8 %layer19_out_1_ret" [firmware/nnet_utils/nnet_activation.h:386]   --->   Operation 145 'write' 'write_ln386' <Predicate = true> <Delay = 0.00>
ST_46 : Operation 146 [1/1] (0.00ns)   --->   "%ret_ln88 = ret" [firmware/myproject.cpp:88]   --->   Operation 146 'ret' 'ret_ln88' <Predicate = true> <Delay = 0.00>


============================================================
+ Verbose Summary: Timing violations
============================================================
Target clock period: 5ns, clock uncertainty: 1.35ns.

 <State 1>: 2.11ns
The critical path consists of the following:
	wire read operation ('inputLayer_read', firmware/nnet_utils/nnet_dense.h:54) on port 'inputLayer' (firmware/nnet_utils/nnet_dense.h:54) [14]  (0 ns)
	'call' operation ('call_ret1', firmware/nnet_utils/nnet_dense.h:54) to 'dense_latency<ap_fixed<16, 6, 5, 3, 0>, ap_fixed<8, 4, 5, 3, 0>, config2>' [15]  (2.11 ns)

 <State 2>: 2.11ns
The critical path consists of the following:
	'call' operation ('call_ret1', firmware/nnet_utils/nnet_dense.h:54) to 'dense_latency<ap_fixed<16, 6, 5, 3, 0>, ap_fixed<8, 4, 5, 3, 0>, config2>' [15]  (2.11 ns)

 <State 3>: 2.11ns
The critical path consists of the following:
	'call' operation ('call_ret1', firmware/nnet_utils/nnet_dense.h:54) to 'dense_latency<ap_fixed<16, 6, 5, 3, 0>, ap_fixed<8, 4, 5, 3, 0>, config2>' [15]  (2.11 ns)

 <State 4>: 2.11ns
The critical path consists of the following:
	'call' operation ('call_ret1', firmware/nnet_utils/nnet_dense.h:54) to 'dense_latency<ap_fixed<16, 6, 5, 3, 0>, ap_fixed<8, 4, 5, 3, 0>, config2>' [15]  (2.11 ns)

 <State 5>: 2.11ns
The critical path consists of the following:
	'call' operation ('call_ret1', firmware/nnet_utils/nnet_dense.h:54) to 'dense_latency<ap_fixed<16, 6, 5, 3, 0>, ap_fixed<8, 4, 5, 3, 0>, config2>' [15]  (2.11 ns)

 <State 6>: 2.11ns
The critical path consists of the following:
	'call' operation ('call_ret1', firmware/nnet_utils/nnet_dense.h:54) to 'dense_latency<ap_fixed<16, 6, 5, 3, 0>, ap_fixed<8, 4, 5, 3, 0>, config2>' [15]  (2.11 ns)

 <State 7>: 2.11ns
The critical path consists of the following:
	'call' operation ('call_ret1', firmware/nnet_utils/nnet_dense.h:54) to 'dense_latency<ap_fixed<16, 6, 5, 3, 0>, ap_fixed<8, 4, 5, 3, 0>, config2>' [15]  (2.11 ns)

 <State 8>: 2.11ns
The critical path consists of the following:
	'call' operation ('call_ret1', firmware/nnet_utils/nnet_dense.h:54) to 'dense_latency<ap_fixed<16, 6, 5, 3, 0>, ap_fixed<8, 4, 5, 3, 0>, config2>' [15]  (2.11 ns)

 <State 9>: 1.92ns
The critical path consists of the following:
	'call' operation ('call_ret1', firmware/nnet_utils/nnet_dense.h:54) to 'dense_latency<ap_fixed<16, 6, 5, 3, 0>, ap_fixed<8, 4, 5, 3, 0>, config2>' [15]  (1.92 ns)

 <State 10>: 2.54ns
The critical path consists of the following:
	'call' operation ('call_ret2', firmware/myproject.cpp:48) to 'relu<ap_fixed<8, 4, 5, 3, 0>, ap_fixed<8, 4, 5, 3, 0>, relu_config4>' [22]  (2.54 ns)

 <State 11>: 3.37ns
The critical path consists of the following:
	'call' operation ('call_ret3', firmware/nnet_utils/nnet_dense.h:54) to 'dense_latency<ap_fixed<8, 4, 5, 3, 0>, ap_fixed<8, 4, 5, 3, 0>, config5>' [29]  (3.37 ns)

 <State 12>: 3.65ns
The critical path consists of the following:
	'call' operation ('call_ret3', firmware/nnet_utils/nnet_dense.h:54) to 'dense_latency<ap_fixed<8, 4, 5, 3, 0>, ap_fixed<8, 4, 5, 3, 0>, config5>' [29]  (3.65 ns)

 <State 13>: 3.65ns
The critical path consists of the following:
	'call' operation ('call_ret3', firmware/nnet_utils/nnet_dense.h:54) to 'dense_latency<ap_fixed<8, 4, 5, 3, 0>, ap_fixed<8, 4, 5, 3, 0>, config5>' [29]  (3.65 ns)

 <State 14>: 3.65ns
The critical path consists of the following:
	'call' operation ('call_ret3', firmware/nnet_utils/nnet_dense.h:54) to 'dense_latency<ap_fixed<8, 4, 5, 3, 0>, ap_fixed<8, 4, 5, 3, 0>, config5>' [29]  (3.65 ns)

 <State 15>: 1.92ns
The critical path consists of the following:
	'call' operation ('call_ret3', firmware/nnet_utils/nnet_dense.h:54) to 'dense_latency<ap_fixed<8, 4, 5, 3, 0>, ap_fixed<8, 4, 5, 3, 0>, config5>' [29]  (1.92 ns)

 <State 16>: 2.54ns
The critical path consists of the following:
	'call' operation ('call_ret4', firmware/myproject.cpp:56) to 'relu<ap_fixed<8, 4, 5, 3, 0>, ap_fixed<8, 4, 5, 3, 0>, relu_config7>' [34]  (2.54 ns)

 <State 17>: 3.65ns
The critical path consists of the following:
	'call' operation ('call_ret5', firmware/nnet_utils/nnet_dense.h:54) to 'dense_latency<ap_fixed<8, 4, 5, 3, 0>, ap_fixed<8, 4, 5, 3, 0>, config8>' [39]  (3.65 ns)

 <State 18>: 3.65ns
The critical path consists of the following:
	'call' operation ('call_ret5', firmware/nnet_utils/nnet_dense.h:54) to 'dense_latency<ap_fixed<8, 4, 5, 3, 0>, ap_fixed<8, 4, 5, 3, 0>, config8>' [39]  (3.65 ns)

 <State 19>: 3.65ns
The critical path consists of the following:
	'call' operation ('call_ret5', firmware/nnet_utils/nnet_dense.h:54) to 'dense_latency<ap_fixed<8, 4, 5, 3, 0>, ap_fixed<8, 4, 5, 3, 0>, config8>' [39]  (3.65 ns)

 <State 20>: 1.92ns
The critical path consists of the following:
	'call' operation ('call_ret5', firmware/nnet_utils/nnet_dense.h:54) to 'dense_latency<ap_fixed<8, 4, 5, 3, 0>, ap_fixed<8, 4, 5, 3, 0>, config8>' [39]  (1.92 ns)

 <State 21>: 2.54ns
The critical path consists of the following:
	'call' operation ('call_ret6', firmware/myproject.cpp:64) to 'relu<ap_fixed<8, 4, 5, 3, 0>, ap_fixed<8, 4, 5, 3, 0>, relu_config10>' [42]  (2.54 ns)

 <State 22>: 3.37ns
The critical path consists of the following:
	'call' operation ('call_ret7', firmware/nnet_utils/nnet_dense.h:54) to 'dense_latency<ap_fixed<8, 4, 5, 3, 0>, ap_fixed<8, 4, 5, 3, 0>, config11>' [45]  (3.37 ns)

 <State 23>: 3.55ns
The critical path consists of the following:
	'call' operation ('call_ret7', firmware/nnet_utils/nnet_dense.h:54) to 'dense_latency<ap_fixed<8, 4, 5, 3, 0>, ap_fixed<8, 4, 5, 3, 0>, config11>' [45]  (3.55 ns)

 <State 24>: 2.54ns
The critical path consists of the following:
	'call' operation ('call_ret8', firmware/myproject.cpp:72) to 'relu<ap_fixed<8, 4, 5, 3, 0>, ap_fixed<8, 4, 5, 3, 0>, relu_config13>' [50]  (2.54 ns)

 <State 25>: 3.65ns
The critical path consists of the following:
	'call' operation ('call_ret9', firmware/nnet_utils/nnet_dense.h:54) to 'dense_latency<ap_fixed<8, 4, 5, 3, 0>, ap_fixed<8, 4, 5, 3, 0>, config14>' [55]  (3.65 ns)

 <State 26>: 3.65ns
The critical path consists of the following:
	'call' operation ('call_ret9', firmware/nnet_utils/nnet_dense.h:54) to 'dense_latency<ap_fixed<8, 4, 5, 3, 0>, ap_fixed<8, 4, 5, 3, 0>, config14>' [55]  (3.65 ns)

 <State 27>: 3.65ns
The critical path consists of the following:
	'call' operation ('call_ret9', firmware/nnet_utils/nnet_dense.h:54) to 'dense_latency<ap_fixed<8, 4, 5, 3, 0>, ap_fixed<8, 4, 5, 3, 0>, config14>' [55]  (3.65 ns)

 <State 28>: 1.92ns
The critical path consists of the following:
	'call' operation ('call_ret9', firmware/nnet_utils/nnet_dense.h:54) to 'dense_latency<ap_fixed<8, 4, 5, 3, 0>, ap_fixed<8, 4, 5, 3, 0>, config14>' [55]  (1.92 ns)

 <State 29>: 2.54ns
The critical path consists of the following:
	'call' operation ('call_ret10', firmware/myproject.cpp:80) to 'relu<ap_fixed<8, 4, 5, 3, 0>, ap_fixed<8, 4, 5, 3, 0>, relu_config16>' [59]  (2.54 ns)

 <State 30>: 3.35ns
The critical path consists of the following:
	'call' operation ('call_ret11', firmware/nnet_utils/nnet_dense.h:54) to 'dense_latency<ap_fixed<8, 4, 5, 3, 0>, ap_fixed<8, 4, 5, 3, 0>, config17>' [63]  (3.35 ns)

 <State 31>: 3.35ns
The critical path consists of the following:
	'call' operation ('call_ret11', firmware/nnet_utils/nnet_dense.h:54) to 'dense_latency<ap_fixed<8, 4, 5, 3, 0>, ap_fixed<8, 4, 5, 3, 0>, config17>' [63]  (3.35 ns)

 <State 32>: 3.35ns
The critical path consists of the following:
	'call' operation ('call_ret11', firmware/nnet_utils/nnet_dense.h:54) to 'dense_latency<ap_fixed<8, 4, 5, 3, 0>, ap_fixed<8, 4, 5, 3, 0>, config17>' [63]  (3.35 ns)

 <State 33>: 3.35ns
The critical path consists of the following:
	'call' operation ('call_ret11', firmware/nnet_utils/nnet_dense.h:54) to 'dense_latency<ap_fixed<8, 4, 5, 3, 0>, ap_fixed<8, 4, 5, 3, 0>, config17>' [63]  (3.35 ns)

 <State 34>: 3.35ns
The critical path consists of the following:
	'call' operation ('call_ret11', firmware/nnet_utils/nnet_dense.h:54) to 'dense_latency<ap_fixed<8, 4, 5, 3, 0>, ap_fixed<8, 4, 5, 3, 0>, config17>' [63]  (3.35 ns)

 <State 35>: 1.92ns
The critical path consists of the following:
	'call' operation ('call_ret11', firmware/nnet_utils/nnet_dense.h:54) to 'dense_latency<ap_fixed<8, 4, 5, 3, 0>, ap_fixed<8, 4, 5, 3, 0>, config17>' [63]  (1.92 ns)

 <State 36>: 2.8ns
The critical path consists of the following:
	'call' operation ('call_ret', firmware/nnet_utils/nnet_activation.h:386) to 'softmax_stable<ap_fixed,ap_fixed<8,4,5,3,0>,softmax_config19>' [66]  (2.8 ns)

 <State 37>: 3.89ns
The critical path consists of the following:
	'call' operation ('call_ret', firmware/nnet_utils/nnet_activation.h:386) to 'softmax_stable<ap_fixed,ap_fixed<8,4,5,3,0>,softmax_config19>' [66]  (3.89 ns)

 <State 38>: 3.89ns
The critical path consists of the following:
	'call' operation ('call_ret', firmware/nnet_utils/nnet_activation.h:386) to 'softmax_stable<ap_fixed,ap_fixed<8,4,5,3,0>,softmax_config19>' [66]  (3.89 ns)

 <State 39>: 3.89ns
The critical path consists of the following:
	'call' operation ('call_ret', firmware/nnet_utils/nnet_activation.h:386) to 'softmax_stable<ap_fixed,ap_fixed<8,4,5,3,0>,softmax_config19>' [66]  (3.89 ns)

 <State 40>: 3.89ns
The critical path consists of the following:
	'call' operation ('call_ret', firmware/nnet_utils/nnet_activation.h:386) to 'softmax_stable<ap_fixed,ap_fixed<8,4,5,3,0>,softmax_config19>' [66]  (3.89 ns)

 <State 41>: 3.89ns
The critical path consists of the following:
	'call' operation ('call_ret', firmware/nnet_utils/nnet_activation.h:386) to 'softmax_stable<ap_fixed,ap_fixed<8,4,5,3,0>,softmax_config19>' [66]  (3.89 ns)

 <State 42>: 3.89ns
The critical path consists of the following:
	'call' operation ('call_ret', firmware/nnet_utils/nnet_activation.h:386) to 'softmax_stable<ap_fixed,ap_fixed<8,4,5,3,0>,softmax_config19>' [66]  (3.89 ns)

 <State 43>: 3.89ns
The critical path consists of the following:
	'call' operation ('call_ret', firmware/nnet_utils/nnet_activation.h:386) to 'softmax_stable<ap_fixed,ap_fixed<8,4,5,3,0>,softmax_config19>' [66]  (3.89 ns)

 <State 44>: 3.89ns
The critical path consists of the following:
	'call' operation ('call_ret', firmware/nnet_utils/nnet_activation.h:386) to 'softmax_stable<ap_fixed,ap_fixed<8,4,5,3,0>,softmax_config19>' [66]  (3.89 ns)

 <State 45>: 3.89ns
The critical path consists of the following:
	'call' operation ('call_ret', firmware/nnet_utils/nnet_activation.h:386) to 'softmax_stable<ap_fixed,ap_fixed<8,4,5,3,0>,softmax_config19>' [66]  (3.89 ns)

 <State 46>: 0ns
The critical path consists of the following:


============================================================
+ Verbose Summary: Binding
============================================================
N/A
* FSMD analyzer results:
  - Output states:
 - Input state : 
  - Chain level:
	State 1
	State 2
	State 3
	State 4
	State 5
	State 6
	State 7
	State 8
	State 9
	State 10
	State 11
	State 12
	State 13
	State 14
	State 15
	State 16
	State 17
	State 18
	State 19
	State 20
	State 21
	State 22
	State 23
	State 24
	State 25
	State 26
	State 27
	State 28
	State 29
	State 30
	State 31
	State 32
	State 33
	State 34
	State 35
	State 36
	State 37
	State 38
	State 39
	State 40
	State 41
	State 42
	State 43
	State 44
	State 45
	State 46


============================================================
+ Verbose Summary: Datapath Resource usage 
============================================================
N/A
