

================================================================
== Vitis HLS Report for 'relu_ap_fixed_8_4_5_3_0_ap_fixed_8_4_5_3_0_relu_config4_s'
================================================================
* Date:           Tue Mar 10 18:17:07 2026

* Version:        2022.2 (Build 3670227 on Oct 13 2022)
* Project:        myproject_prj
* Solution:       solution1 (Vivado IP Flow Target)
* Product family: zynq
* Target device:  xc7z020-clg484-1


================================================================
== Performance Estimates
================================================================
+ Timing: 
    * Summary: 
    +--------+---------+----------+------------+
    |  Clock |  Target | Estimated| Uncertainty|
    +--------+---------+----------+------------+
    |ap_clk  |  5.00 ns|  2.544 ns|     1.35 ns|
    +--------+---------+----------+------------+

+ Latency: 
    * Summary: 
    +---------+---------+----------+----------+-----+-----+---------+
    |  Latency (cycles) |  Latency (absolute) |  Interval | Pipeline|
    |   min   |   max   |    min   |    max   | min | max |   Type  |
    +---------+---------+----------+----------+-----+-----+---------+
    |        0|        0|      0 ns|      0 ns|    1|    1|      yes|
    +---------+---------+----------+----------+-----+-----+---------+

    + Detail: 
        * Instance: 
        N/A

        * Loop: 
        N/A

============================================================
+ Verbose Summary: Synthesis Manager
============================================================
InlineROM: 1
ExposeGlobal: 0
============================================================
+ Verbose Summary: CDFG Model
============================================================
IsTopModel: 0
ResetActiveHigh: 1
IsCombinational: 0
IsDatapathOnly: 0
HasWiredReturn: 1
HasMFsm: 2
HasVarLatency: 0
IsPipeline: 1
IsRtlPipelined: 0
IsInstanceOverlapped: 0
IsDontTouch: 0
HasImplIP: 0
IsGatedGlobalClock: 0

+ Individual pipeline summary: 
  * Pipeline-0: initiation interval (II) = 1, depth = 1


============================================================
+ Verbose Summary: Schedule
============================================================
* Number of FSM states : 1
* Pipeline : 1
  Pipeline-0 : II = 1, D = 1, States = { 1 }
* Dataflow Pipeline: 0

* FSM state transitions: 
1 --> 

* FSM state operations: 

State 1 <SV = 0> <Delay = 2.54>
ST_1 : Operation 2 [1/1] (0.00ns)   --->   "%p_read_7 = read i8 @_ssdm_op_Read.ap_auto.i8, i8 %p_read5" [firmware/nnet_utils/nnet_activation.h:40]   --->   Operation 2 'read' 'p_read_7' <Predicate = true> <Delay = 0.00>
ST_1 : Operation 3 [1/1] (0.00ns)   --->   "%p_read_8 = read i8 @_ssdm_op_Read.ap_auto.i8, i8 %p_read4" [firmware/nnet_utils/nnet_activation.h:40]   --->   Operation 3 'read' 'p_read_8' <Predicate = true> <Delay = 0.00>
ST_1 : Operation 4 [1/1] (0.00ns)   --->   "%p_read_9 = read i8 @_ssdm_op_Read.ap_auto.i8, i8 %p_read3" [firmware/nnet_utils/nnet_activation.h:40]   --->   Operation 4 'read' 'p_read_9' <Predicate = true> <Delay = 0.00>
ST_1 : Operation 5 [1/1] (0.00ns)   --->   "%p_read28 = read i8 @_ssdm_op_Read.ap_auto.i8, i8 %p_read2" [firmware/nnet_utils/nnet_activation.h:40]   --->   Operation 5 'read' 'p_read28' <Predicate = true> <Delay = 0.00>
ST_1 : Operation 6 [1/1] (0.00ns)   --->   "%p_read17 = read i8 @_ssdm_op_Read.ap_auto.i8, i8 %p_read1" [firmware/nnet_utils/nnet_activation.h:40]   --->   Operation 6 'read' 'p_read17' <Predicate = true> <Delay = 0.00>
ST_1 : Operation 7 [1/1] (0.00ns)   --->   "%p_read_10 = read i8 @_ssdm_op_Read.ap_auto.i8, i8 %p_read" [firmware/nnet_utils/nnet_activation.h:40]   --->   Operation 7 'read' 'p_read_10' <Predicate = true> <Delay = 0.00>
ST_1 : Operation 8 [1/1] (0.00ns)   --->   "%trunc_ln40 = trunc i8 %p_read_7" [firmware/nnet_utils/nnet_activation.h:40]   --->   Operation 8 'trunc' 'trunc_ln40' <Predicate = (icmp_ln1649_8)> <Delay = 0.00>
ST_1 : Operation 9 [1/1] (0.00ns)   --->   "%trunc_ln40_4 = trunc i8 %p_read_8" [firmware/nnet_utils/nnet_activation.h:40]   --->   Operation 9 'trunc' 'trunc_ln40_4' <Predicate = (icmp_ln1649_7)> <Delay = 0.00>
ST_1 : Operation 10 [1/1] (0.00ns)   --->   "%trunc_ln40_5 = trunc i8 %p_read_9" [firmware/nnet_utils/nnet_activation.h:40]   --->   Operation 10 'trunc' 'trunc_ln40_5' <Predicate = (icmp_ln1649_6)> <Delay = 0.00>
ST_1 : Operation 11 [1/1] (0.00ns)   --->   "%trunc_ln40_6 = trunc i8 %p_read28" [firmware/nnet_utils/nnet_activation.h:40]   --->   Operation 11 'trunc' 'trunc_ln40_6' <Predicate = (icmp_ln1649_5)> <Delay = 0.00>
ST_1 : Operation 12 [1/1] (0.00ns)   --->   "%trunc_ln40_7 = trunc i8 %p_read17" [firmware/nnet_utils/nnet_activation.h:40]   --->   Operation 12 'trunc' 'trunc_ln40_7' <Predicate = (icmp_ln1649_4)> <Delay = 0.00>
ST_1 : Operation 13 [1/1] (0.00ns)   --->   "%trunc_ln40_8 = trunc i8 %p_read_10" [firmware/nnet_utils/nnet_activation.h:40]   --->   Operation 13 'trunc' 'trunc_ln40_8' <Predicate = (icmp_ln1649)> <Delay = 0.00>
ST_1 : Operation 14 [1/1] (0.00ns)   --->   "%specpipeline_ln40 = specpipeline void @_ssdm_op_SpecPipeline, i32 4294967295, i32 0, i32 0, i32 0, void @empty_0" [firmware/nnet_utils/nnet_activation.h:40]   --->   Operation 14 'specpipeline' 'specpipeline_ln40' <Predicate = true> <Delay = 0.00>
ST_1 : Operation 15 [1/1] (1.55ns)   --->   "%icmp_ln1649 = icmp_sgt  i8 %p_read_10, i8 0"   --->   Operation 15 'icmp' 'icmp_ln1649' <Predicate = true> <Delay = 1.55> <CoreInst = "Cmp">   --->   Core 9 'Cmp' <Latency = 0> <II = 1> <Delay = 1.55> <FuncUnit> <Opcode : 'icmp'> <InPorts = 2> <OutPorts = 1>
ST_1 : Operation 16 [1/1] (0.99ns)   --->   "%datareg_V = select i1 %icmp_ln1649, i7 %trunc_ln40_8, i7 0" [firmware/nnet_utils/nnet_activation.h:45]   --->   Operation 16 'select' 'datareg_V' <Predicate = true> <Delay = 0.99> <CoreInst = "Sel">   --->   Core 73 'Sel' <Latency = 0> <II = 1> <Delay = 0.99> <FuncUnit> <Opcode : 'select'> <InPorts = 3> <OutPorts = 1>
ST_1 : Operation 17 [1/1] (0.00ns)   --->   "%zext_ln45 = zext i7 %datareg_V" [firmware/nnet_utils/nnet_activation.h:45]   --->   Operation 17 'zext' 'zext_ln45' <Predicate = true> <Delay = 0.00>
ST_1 : Operation 18 [1/1] (1.55ns)   --->   "%icmp_ln1649_4 = icmp_sgt  i8 %p_read17, i8 0"   --->   Operation 18 'icmp' 'icmp_ln1649_4' <Predicate = true> <Delay = 1.55> <CoreInst = "Cmp">   --->   Core 9 'Cmp' <Latency = 0> <II = 1> <Delay = 1.55> <FuncUnit> <Opcode : 'icmp'> <InPorts = 2> <OutPorts = 1>
ST_1 : Operation 19 [1/1] (0.99ns)   --->   "%datareg_V_4 = select i1 %icmp_ln1649_4, i7 %trunc_ln40_7, i7 0" [firmware/nnet_utils/nnet_activation.h:45]   --->   Operation 19 'select' 'datareg_V_4' <Predicate = true> <Delay = 0.99> <CoreInst = "Sel">   --->   Core 73 'Sel' <Latency = 0> <II = 1> <Delay = 0.99> <FuncUnit> <Opcode : 'select'> <InPorts = 3> <OutPorts = 1>
ST_1 : Operation 20 [1/1] (0.00ns)   --->   "%zext_ln45_4 = zext i7 %datareg_V_4" [firmware/nnet_utils/nnet_activation.h:45]   --->   Operation 20 'zext' 'zext_ln45_4' <Predicate = true> <Delay = 0.00>
ST_1 : Operation 21 [1/1] (1.55ns)   --->   "%icmp_ln1649_5 = icmp_sgt  i8 %p_read28, i8 0"   --->   Operation 21 'icmp' 'icmp_ln1649_5' <Predicate = true> <Delay = 1.55> <CoreInst = "Cmp">   --->   Core 9 'Cmp' <Latency = 0> <II = 1> <Delay = 1.55> <FuncUnit> <Opcode : 'icmp'> <InPorts = 2> <OutPorts = 1>
ST_1 : Operation 22 [1/1] (0.99ns)   --->   "%datareg_V_5 = select i1 %icmp_ln1649_5, i7 %trunc_ln40_6, i7 0" [firmware/nnet_utils/nnet_activation.h:45]   --->   Operation 22 'select' 'datareg_V_5' <Predicate = true> <Delay = 0.99> <CoreInst = "Sel">   --->   Core 73 'Sel' <Latency = 0> <II = 1> <Delay = 0.99> <FuncUnit> <Opcode : 'select'> <InPorts = 3> <OutPorts = 1>
ST_1 : Operation 23 [1/1] (0.00ns)   --->   "%zext_ln45_5 = zext i7 %datareg_V_5" [firmware/nnet_utils/nnet_activation.h:45]   --->   Operation 23 'zext' 'zext_ln45_5' <Predicate = true> <Delay = 0.00>
ST_1 : Operation 24 [1/1] (1.55ns)   --->   "%icmp_ln1649_6 = icmp_sgt  i8 %p_read_9, i8 0"   --->   Operation 24 'icmp' 'icmp_ln1649_6' <Predicate = true> <Delay = 1.55> <CoreInst = "Cmp">   --->   Core 9 'Cmp' <Latency = 0> <II = 1> <Delay = 1.55> <FuncUnit> <Opcode : 'icmp'> <InPorts = 2> <OutPorts = 1>
ST_1 : Operation 25 [1/1] (0.99ns)   --->   "%datareg_V_6 = select i1 %icmp_ln1649_6, i7 %trunc_ln40_5, i7 0" [firmware/nnet_utils/nnet_activation.h:45]   --->   Operation 25 'select' 'datareg_V_6' <Predicate = true> <Delay = 0.99> <CoreInst = "Sel">   --->   Core 73 'Sel' <Latency = 0> <II = 1> <Delay = 0.99> <FuncUnit> <Opcode : 'select'> <InPorts = 3> <OutPorts = 1>
ST_1 : Operation 26 [1/1] (0.00ns)   --->   "%zext_ln45_6 = zext i7 %datareg_V_6" [firmware/nnet_utils/nnet_activation.h:45]   --->   Operation 26 'zext' 'zext_ln45_6' <Predicate = true> <Delay = 0.00>
ST_1 : Operation 27 [1/1] (1.55ns)   --->   "%icmp_ln1649_7 = icmp_sgt  i8 %p_read_8, i8 0"   --->   Operation 27 'icmp' 'icmp_ln1649_7' <Predicate = true> <Delay = 1.55> <CoreInst = "Cmp">   --->   Core 9 'Cmp' <Latency = 0> <II = 1> <Delay = 1.55> <FuncUnit> <Opcode : 'icmp'> <InPorts = 2> <OutPorts = 1>
ST_1 : Operation 28 [1/1] (0.99ns)   --->   "%datareg_V_7 = select i1 %icmp_ln1649_7, i7 %trunc_ln40_4, i7 0" [firmware/nnet_utils/nnet_activation.h:45]   --->   Operation 28 'select' 'datareg_V_7' <Predicate = true> <Delay = 0.99> <CoreInst = "Sel">   --->   Core 73 'Sel' <Latency = 0> <II = 1> <Delay = 0.99> <FuncUnit> <Opcode : 'select'> <InPorts = 3> <OutPorts = 1>
ST_1 : Operation 29 [1/1] (0.00ns)   --->   "%zext_ln45_7 = zext i7 %datareg_V_7" [firmware/nnet_utils/nnet_activation.h:45]   --->   Operation 29 'zext' 'zext_ln45_7' <Predicate = true> <Delay = 0.00>
ST_1 : Operation 30 [1/1] (1.55ns)   --->   "%icmp_ln1649_8 = icmp_sgt  i8 %p_read_7, i8 0"   --->   Operation 30 'icmp' 'icmp_ln1649_8' <Predicate = true> <Delay = 1.55> <CoreInst = "Cmp">   --->   Core 9 'Cmp' <Latency = 0> <II = 1> <Delay = 1.55> <FuncUnit> <Opcode : 'icmp'> <InPorts = 2> <OutPorts = 1>
ST_1 : Operation 31 [1/1] (0.99ns)   --->   "%datareg_V_8 = select i1 %icmp_ln1649_8, i7 %trunc_ln40, i7 0" [firmware/nnet_utils/nnet_activation.h:45]   --->   Operation 31 'select' 'datareg_V_8' <Predicate = true> <Delay = 0.99> <CoreInst = "Sel">   --->   Core 73 'Sel' <Latency = 0> <II = 1> <Delay = 0.99> <FuncUnit> <Opcode : 'select'> <InPorts = 3> <OutPorts = 1>
ST_1 : Operation 32 [1/1] (0.00ns)   --->   "%zext_ln45_8 = zext i7 %datareg_V_8" [firmware/nnet_utils/nnet_activation.h:45]   --->   Operation 32 'zext' 'zext_ln45_8' <Predicate = true> <Delay = 0.00>
ST_1 : Operation 33 [1/1] (0.00ns)   --->   "%mrv = insertvalue i48 <undef>, i8 %zext_ln45" [firmware/nnet_utils/nnet_activation.h:50]   --->   Operation 33 'insertvalue' 'mrv' <Predicate = true> <Delay = 0.00>
ST_1 : Operation 34 [1/1] (0.00ns)   --->   "%mrv_1 = insertvalue i48 %mrv, i8 %zext_ln45_4" [firmware/nnet_utils/nnet_activation.h:50]   --->   Operation 34 'insertvalue' 'mrv_1' <Predicate = true> <Delay = 0.00>
ST_1 : Operation 35 [1/1] (0.00ns)   --->   "%mrv_2 = insertvalue i48 %mrv_1, i8 %zext_ln45_5" [firmware/nnet_utils/nnet_activation.h:50]   --->   Operation 35 'insertvalue' 'mrv_2' <Predicate = true> <Delay = 0.00>
ST_1 : Operation 36 [1/1] (0.00ns)   --->   "%mrv_3 = insertvalue i48 %mrv_2, i8 %zext_ln45_6" [firmware/nnet_utils/nnet_activation.h:50]   --->   Operation 36 'insertvalue' 'mrv_3' <Predicate = true> <Delay = 0.00>
ST_1 : Operation 37 [1/1] (0.00ns)   --->   "%mrv_4 = insertvalue i48 %mrv_3, i8 %zext_ln45_7" [firmware/nnet_utils/nnet_activation.h:50]   --->   Operation 37 'insertvalue' 'mrv_4' <Predicate = true> <Delay = 0.00>
ST_1 : Operation 38 [1/1] (0.00ns)   --->   "%mrv_5 = insertvalue i48 %mrv_4, i8 %zext_ln45_8" [firmware/nnet_utils/nnet_activation.h:50]   --->   Operation 38 'insertvalue' 'mrv_5' <Predicate = true> <Delay = 0.00>
ST_1 : Operation 39 [1/1] (0.00ns)   --->   "%ret_ln50 = ret i48 %mrv_5" [firmware/nnet_utils/nnet_activation.h:50]   --->   Operation 39 'ret' 'ret_ln50' <Predicate = true> <Delay = 0.00>


============================================================
+ Verbose Summary: Timing violations
============================================================
Target clock period: 5ns, clock uncertainty: 1.35ns.

 <State 1>: 2.54ns
The critical path consists of the following:
	wire read operation ('p_read_10', firmware/nnet_utils/nnet_activation.h:40) on port 'p_read' (firmware/nnet_utils/nnet_activation.h:40) [12]  (0 ns)
	'icmp' operation ('icmp_ln1649') [20]  (1.55 ns)
	'select' operation ('datareg.V', firmware/nnet_utils/nnet_activation.h:45) [21]  (0.993 ns)


============================================================
+ Verbose Summary: Binding
============================================================
N/A
* FSMD analyzer results:
  - Output states:
 - Input state : 
  - Chain level:
	State 1


============================================================
+ Verbose Summary: Datapath Resource usage 
============================================================
N/A
