

================================================================
== Vitis HLS Report for 'relu_ap_fixed_8_4_5_3_0_ap_fixed_8_4_5_3_0_relu_config7_s'
================================================================
* Date:           Tue Mar 10 18:17:31 2026

* Version:        2022.2 (Build 3670227 on Oct 13 2022)
* Project:        myproject_prj
* Solution:       solution1 (Vivado IP Flow Target)
* Product family: zynq
* Target device:  xc7z020-clg484-1


================================================================
== Performance Estimates
================================================================
+ Timing: 
    * Summary: 
    +--------+---------+----------+------------+
    |  Clock |  Target | Estimated| Uncertainty|
    +--------+---------+----------+------------+
    |ap_clk  |  5.00 ns|  2.544 ns|     1.35 ns|
    +--------+---------+----------+------------+

+ Latency: 
    * Summary: 
    +---------+---------+----------+----------+-----+-----+---------+
    |  Latency (cycles) |  Latency (absolute) |  Interval | Pipeline|
    |   min   |   max   |    min   |    max   | min | max |   Type  |
    +---------+---------+----------+----------+-----+-----+---------+
    |        0|        0|      0 ns|      0 ns|    1|    1|      yes|
    +---------+---------+----------+----------+-----+-----+---------+

    + Detail: 
        * Instance: 
        N/A

        * Loop: 
        N/A



================================================================
== Utilization Estimates
================================================================
* Summary: 
+-----------------+---------+-----+--------+-------+-----+
|       Name      | BRAM_18K| DSP |   FF   |  LUT  | URAM|
+-----------------+---------+-----+--------+-------+-----+
|DSP              |        -|    -|       -|      -|    -|
|Expression       |        -|    -|       0|     72|    -|
|FIFO             |        -|    -|       -|      -|    -|
|Instance         |        -|    -|       -|      -|    -|
|Memory           |        -|    -|       -|      -|    -|
|Multiplexer      |        -|    -|       -|      -|    -|
|Register         |        -|    -|       -|      -|    -|
+-----------------+---------+-----+--------+-------+-----+
|Total            |        0|    0|       0|     72|    0|
+-----------------+---------+-----+--------+-------+-----+
|Available        |      280|  220|  106400|  53200|    0|
+-----------------+---------+-----+--------+-------+-----+
|Utilization (%)  |        0|    0|       0|     ~0|    0|
+-----------------+---------+-----+--------+-------+-----+

+ Detail: 
    * Instance: 
    N/A

    * DSP: 
    N/A

    * Memory: 
    N/A

    * FIFO: 
    N/A

    * Expression: 
    +-------------------------+----------+----+---+----+------------+------------+
    |      Variable Name      | Operation| DSP| FF| LUT| Bitwidth P0| Bitwidth P1|
    +-------------------------+----------+----+---+----+------------+------------+
    |icmp_ln1649_1_fu_82_p2   |      icmp|   0|  0|  11|           8|           1|
    |icmp_ln1649_2_fu_100_p2  |      icmp|   0|  0|  11|           8|           1|
    |icmp_ln1649_3_fu_118_p2  |      icmp|   0|  0|  11|           8|           1|
    |icmp_ln1649_fu_64_p2     |      icmp|   0|  0|  11|           8|           1|
    |datareg_V_1_fu_88_p3     |    select|   0|  0|   7|           1|           7|
    |datareg_V_2_fu_106_p3    |    select|   0|  0|   7|           1|           7|
    |datareg_V_3_fu_124_p3    |    select|   0|  0|   7|           1|           7|
    |datareg_V_fu_70_p3       |    select|   0|  0|   7|           1|           7|
    +-------------------------+----------+----+---+----+------------+------------+
    |Total                    |          |   0|  0|  72|          36|          32|
    +-------------------------+----------+----+---+----+------------+------------+

    * Multiplexer: 
    N/A

    * Register: 
    N/A



================================================================
== Interface
================================================================
* Summary: 
+-------------+-----+-----+------------+----------------------------------------------------------------------+--------------+
|  RTL Ports  | Dir | Bits|  Protocol  |                             Source Object                            |    C Type    |
+-------------+-----+-----+------------+----------------------------------------------------------------------+--------------+
|ap_ready     |  out|    1|  ap_ctrl_hs|  relu<ap_fixed<8, 4, 5, 3, 0>, ap_fixed<8, 4, 5, 3, 0>, relu_config7>|  return value|
|ap_return_0  |  out|    8|  ap_ctrl_hs|  relu<ap_fixed<8, 4, 5, 3, 0>, ap_fixed<8, 4, 5, 3, 0>, relu_config7>|  return value|
|ap_return_1  |  out|    8|  ap_ctrl_hs|  relu<ap_fixed<8, 4, 5, 3, 0>, ap_fixed<8, 4, 5, 3, 0>, relu_config7>|  return value|
|ap_return_2  |  out|    8|  ap_ctrl_hs|  relu<ap_fixed<8, 4, 5, 3, 0>, ap_fixed<8, 4, 5, 3, 0>, relu_config7>|  return value|
|ap_return_3  |  out|    8|  ap_ctrl_hs|  relu<ap_fixed<8, 4, 5, 3, 0>, ap_fixed<8, 4, 5, 3, 0>, relu_config7>|  return value|
|p_read       |   in|    8|     ap_none|                                                                p_read|        scalar|
|p_read1      |   in|    8|     ap_none|                                                               p_read1|        scalar|
|p_read2      |   in|    8|     ap_none|                                                               p_read2|        scalar|
|p_read3      |   in|    8|     ap_none|                                                               p_read3|        scalar|
+-------------+-----+-----+------------+----------------------------------------------------------------------+--------------+

============================================================
+ Verbose Summary: Synthesis Manager
============================================================
InlineROM: 1
ExposeGlobal: 0
============================================================
+ Verbose Summary: CDFG Model
============================================================
IsTopModel: 0
ResetActiveHigh: 1
IsCombinational: 1
IsDatapathOnly: 2
HasWiredReturn: 1
HasMFsm: 2
HasVarLatency: 0
IsPipeline: 1
IsRtlPipelined: 0
IsInstanceOverlapped: 0
IsDontTouch: 0
HasImplIP: 0
IsGatedGlobalClock: 0

+ Individual pipeline summary: 
  * Pipeline-0: initiation interval (II) = 1, depth = 1


============================================================
+ Verbose Summary: Schedule
============================================================
* Number of FSM states : 1
* Pipeline : 1
  Pipeline-0 : II = 1, D = 1, States = { 1 }
* Dataflow Pipeline: 0

* FSM state transitions: 
1 --> 

* FSM state operations: 

State 1 <SV = 0> <Delay = 2.54>
ST_1 : Operation 2 [1/1] (0.00ns)   --->   "%p_read_3 = read i8 @_ssdm_op_Read.ap_auto.i8, i8 %p_read3" [firmware/nnet_utils/nnet_activation.h:40]   --->   Operation 2 'read' 'p_read_3' <Predicate = true> <Delay = 0.00>
ST_1 : Operation 3 [1/1] (0.00ns)   --->   "%p_read_4 = read i8 @_ssdm_op_Read.ap_auto.i8, i8 %p_read2" [firmware/nnet_utils/nnet_activation.h:40]   --->   Operation 3 'read' 'p_read_4' <Predicate = true> <Delay = 0.00>
ST_1 : Operation 4 [1/1] (0.00ns)   --->   "%p_read_5 = read i8 @_ssdm_op_Read.ap_auto.i8, i8 %p_read1" [firmware/nnet_utils/nnet_activation.h:40]   --->   Operation 4 'read' 'p_read_5' <Predicate = true> <Delay = 0.00>
ST_1 : Operation 5 [1/1] (0.00ns)   --->   "%p_read_6 = read i8 @_ssdm_op_Read.ap_auto.i8, i8 %p_read" [firmware/nnet_utils/nnet_activation.h:40]   --->   Operation 5 'read' 'p_read_6' <Predicate = true> <Delay = 0.00>
ST_1 : Operation 6 [1/1] (0.00ns)   --->   "%trunc_ln40 = trunc i8 %p_read_3" [firmware/nnet_utils/nnet_activation.h:40]   --->   Operation 6 'trunc' 'trunc_ln40' <Predicate = (icmp_ln1649_3)> <Delay = 0.00>
ST_1 : Operation 7 [1/1] (0.00ns)   --->   "%trunc_ln40_1 = trunc i8 %p_read_4" [firmware/nnet_utils/nnet_activation.h:40]   --->   Operation 7 'trunc' 'trunc_ln40_1' <Predicate = (icmp_ln1649_2)> <Delay = 0.00>
ST_1 : Operation 8 [1/1] (0.00ns)   --->   "%trunc_ln40_2 = trunc i8 %p_read_5" [firmware/nnet_utils/nnet_activation.h:40]   --->   Operation 8 'trunc' 'trunc_ln40_2' <Predicate = (icmp_ln1649_1)> <Delay = 0.00>
ST_1 : Operation 9 [1/1] (0.00ns)   --->   "%trunc_ln40_3 = trunc i8 %p_read_6" [firmware/nnet_utils/nnet_activation.h:40]   --->   Operation 9 'trunc' 'trunc_ln40_3' <Predicate = (icmp_ln1649)> <Delay = 0.00>
ST_1 : Operation 10 [1/1] (0.00ns)   --->   "%specpipeline_ln40 = specpipeline void @_ssdm_op_SpecPipeline, i32 4294967295, i32 0, i32 0, i32 0, void @empty_0" [firmware/nnet_utils/nnet_activation.h:40]   --->   Operation 10 'specpipeline' 'specpipeline_ln40' <Predicate = true> <Delay = 0.00>
ST_1 : Operation 11 [1/1] (1.55ns)   --->   "%icmp_ln1649 = icmp_sgt  i8 %p_read_6, i8 0"   --->   Operation 11 'icmp' 'icmp_ln1649' <Predicate = true> <Delay = 1.55> <CoreInst = "Cmp">   --->   Core 9 'Cmp' <Latency = 0> <II = 1> <Delay = 1.55> <FuncUnit> <Opcode : 'icmp'> <InPorts = 2> <OutPorts = 1>
ST_1 : Operation 12 [1/1] (0.99ns)   --->   "%datareg_V = select i1 %icmp_ln1649, i7 %trunc_ln40_3, i7 0" [firmware/nnet_utils/nnet_activation.h:45]   --->   Operation 12 'select' 'datareg_V' <Predicate = true> <Delay = 0.99> <CoreInst = "Sel">   --->   Core 73 'Sel' <Latency = 0> <II = 1> <Delay = 0.99> <FuncUnit> <Opcode : 'select'> <InPorts = 3> <OutPorts = 1>
ST_1 : Operation 13 [1/1] (0.00ns)   --->   "%zext_ln45 = zext i7 %datareg_V" [firmware/nnet_utils/nnet_activation.h:45]   --->   Operation 13 'zext' 'zext_ln45' <Predicate = true> <Delay = 0.00>
ST_1 : Operation 14 [1/1] (1.55ns)   --->   "%icmp_ln1649_1 = icmp_sgt  i8 %p_read_5, i8 0"   --->   Operation 14 'icmp' 'icmp_ln1649_1' <Predicate = true> <Delay = 1.55> <CoreInst = "Cmp">   --->   Core 9 'Cmp' <Latency = 0> <II = 1> <Delay = 1.55> <FuncUnit> <Opcode : 'icmp'> <InPorts = 2> <OutPorts = 1>
ST_1 : Operation 15 [1/1] (0.99ns)   --->   "%datareg_V_1 = select i1 %icmp_ln1649_1, i7 %trunc_ln40_2, i7 0" [firmware/nnet_utils/nnet_activation.h:45]   --->   Operation 15 'select' 'datareg_V_1' <Predicate = true> <Delay = 0.99> <CoreInst = "Sel">   --->   Core 73 'Sel' <Latency = 0> <II = 1> <Delay = 0.99> <FuncUnit> <Opcode : 'select'> <InPorts = 3> <OutPorts = 1>
ST_1 : Operation 16 [1/1] (0.00ns)   --->   "%zext_ln45_1 = zext i7 %datareg_V_1" [firmware/nnet_utils/nnet_activation.h:45]   --->   Operation 16 'zext' 'zext_ln45_1' <Predicate = true> <Delay = 0.00>
ST_1 : Operation 17 [1/1] (1.55ns)   --->   "%icmp_ln1649_2 = icmp_sgt  i8 %p_read_4, i8 0"   --->   Operation 17 'icmp' 'icmp_ln1649_2' <Predicate = true> <Delay = 1.55> <CoreInst = "Cmp">   --->   Core 9 'Cmp' <Latency = 0> <II = 1> <Delay = 1.55> <FuncUnit> <Opcode : 'icmp'> <InPorts = 2> <OutPorts = 1>
ST_1 : Operation 18 [1/1] (0.99ns)   --->   "%datareg_V_2 = select i1 %icmp_ln1649_2, i7 %trunc_ln40_1, i7 0" [firmware/nnet_utils/nnet_activation.h:45]   --->   Operation 18 'select' 'datareg_V_2' <Predicate = true> <Delay = 0.99> <CoreInst = "Sel">   --->   Core 73 'Sel' <Latency = 0> <II = 1> <Delay = 0.99> <FuncUnit> <Opcode : 'select'> <InPorts = 3> <OutPorts = 1>
ST_1 : Operation 19 [1/1] (0.00ns)   --->   "%zext_ln45_2 = zext i7 %datareg_V_2" [firmware/nnet_utils/nnet_activation.h:45]   --->   Operation 19 'zext' 'zext_ln45_2' <Predicate = true> <Delay = 0.00>
ST_1 : Operation 20 [1/1] (1.55ns)   --->   "%icmp_ln1649_3 = icmp_sgt  i8 %p_read_3, i8 0"   --->   Operation 20 'icmp' 'icmp_ln1649_3' <Predicate = true> <Delay = 1.55> <CoreInst = "Cmp">   --->   Core 9 'Cmp' <Latency = 0> <II = 1> <Delay = 1.55> <FuncUnit> <Opcode : 'icmp'> <InPorts = 2> <OutPorts = 1>
ST_1 : Operation 21 [1/1] (0.99ns)   --->   "%datareg_V_3 = select i1 %icmp_ln1649_3, i7 %trunc_ln40, i7 0" [firmware/nnet_utils/nnet_activation.h:45]   --->   Operation 21 'select' 'datareg_V_3' <Predicate = true> <Delay = 0.99> <CoreInst = "Sel">   --->   Core 73 'Sel' <Latency = 0> <II = 1> <Delay = 0.99> <FuncUnit> <Opcode : 'select'> <InPorts = 3> <OutPorts = 1>
ST_1 : Operation 22 [1/1] (0.00ns)   --->   "%zext_ln45_3 = zext i7 %datareg_V_3" [firmware/nnet_utils/nnet_activation.h:45]   --->   Operation 22 'zext' 'zext_ln45_3' <Predicate = true> <Delay = 0.00>
ST_1 : Operation 23 [1/1] (0.00ns)   --->   "%mrv = insertvalue i32 <undef>, i8 %zext_ln45" [firmware/nnet_utils/nnet_activation.h:50]   --->   Operation 23 'insertvalue' 'mrv' <Predicate = true> <Delay = 0.00>
ST_1 : Operation 24 [1/1] (0.00ns)   --->   "%mrv_1 = insertvalue i32 %mrv, i8 %zext_ln45_1" [firmware/nnet_utils/nnet_activation.h:50]   --->   Operation 24 'insertvalue' 'mrv_1' <Predicate = true> <Delay = 0.00>
ST_1 : Operation 25 [1/1] (0.00ns)   --->   "%mrv_2 = insertvalue i32 %mrv_1, i8 %zext_ln45_2" [firmware/nnet_utils/nnet_activation.h:50]   --->   Operation 25 'insertvalue' 'mrv_2' <Predicate = true> <Delay = 0.00>
ST_1 : Operation 26 [1/1] (0.00ns)   --->   "%mrv_3 = insertvalue i32 %mrv_2, i8 %zext_ln45_3" [firmware/nnet_utils/nnet_activation.h:50]   --->   Operation 26 'insertvalue' 'mrv_3' <Predicate = true> <Delay = 0.00>
ST_1 : Operation 27 [1/1] (0.00ns)   --->   "%ret_ln50 = ret i32 %mrv_3" [firmware/nnet_utils/nnet_activation.h:50]   --->   Operation 27 'ret' 'ret_ln50' <Predicate = true> <Delay = 0.00>


============================================================
+ Verbose Summary: Binding
============================================================
STG Binding: 
---------------- STG Properties BEGIN ----------------
- Is combinational: 1
- Is one-state seq: 0
- Is datapath-only: 0
- Is pipelined: 1
- Is top level: 0
Port [ Return ] is wired: 1; IO mode=ap_ctrl_hs:ce=0
Port [ p_read]:  wired=1; compound=0; hidden=0; nouse=0; global=0; static=0; extern=0; dir=0; type=0; pingpong=0; private_global=0; IO mode=ap_none:ce=0
Port [ p_read1]:  wired=1; compound=0; hidden=0; nouse=0; global=0; static=0; extern=0; dir=0; type=0; pingpong=0; private_global=0; IO mode=ap_none:ce=0
Port [ p_read2]:  wired=1; compound=0; hidden=0; nouse=0; global=0; static=0; extern=0; dir=0; type=0; pingpong=0; private_global=0; IO mode=ap_none:ce=0
Port [ p_read3]:  wired=1; compound=0; hidden=0; nouse=0; global=0; static=0; extern=0; dir=0; type=0; pingpong=0; private_global=0; IO mode=ap_none:ce=0
---------------- STG Properties END ------------------

---------------- Datapath Model BEGIN ----------------

<LifeTime>
<method=bitvector/>
p_read_3          (read        ) [ 00]
p_read_4          (read        ) [ 00]
p_read_5          (read        ) [ 00]
p_read_6          (read        ) [ 00]
trunc_ln40        (trunc       ) [ 00]
trunc_ln40_1      (trunc       ) [ 00]
trunc_ln40_2      (trunc       ) [ 00]
trunc_ln40_3      (trunc       ) [ 00]
specpipeline_ln40 (specpipeline) [ 00]
icmp_ln1649       (icmp        ) [ 01]
datareg_V         (select      ) [ 00]
zext_ln45         (zext        ) [ 00]
icmp_ln1649_1     (icmp        ) [ 01]
datareg_V_1       (select      ) [ 00]
zext_ln45_1       (zext        ) [ 00]
icmp_ln1649_2     (icmp        ) [ 01]
datareg_V_2       (select      ) [ 00]
zext_ln45_2       (zext        ) [ 00]
icmp_ln1649_3     (icmp        ) [ 01]
datareg_V_3       (select      ) [ 00]
zext_ln45_3       (zext        ) [ 00]
mrv               (insertvalue ) [ 00]
mrv_1             (insertvalue ) [ 00]
mrv_2             (insertvalue ) [ 00]
mrv_3             (insertvalue ) [ 00]
ret_ln50          (ret         ) [ 00]
</LifeTime>

<model>

<comp_list>
<comp id="0" class="1000" name="p_read">
<pin_list>
<pin id="1" dir="1" index="0" bw="1" slack="0"/>
</pin_list>
<bind>
<StgValue><ssdm name="p_read"/></StgValue>
</bind>
</comp>

<comp id="2" class="1000" name="p_read1">
<pin_list>
<pin id="3" dir="1" index="0" bw="1" slack="0"/>
</pin_list>
<bind>
<StgValue><ssdm name="p_read1"/></StgValue>
</bind>
</comp>

<comp id="4" class="1000" name="p_read2">
<pin_list>
<pin id="5" dir="1" index="0" bw="1" slack="0"/>
</pin_list>
<bind>
<StgValue><ssdm name="p_read2"/></StgValue>
</bind>
</comp>

<comp id="6" class="1000" name="p_read3">
<pin_list>
<pin id="7" dir="1" index="0" bw="1" slack="0"/>
</pin_list>
<bind>
<StgValue><ssdm name="p_read3"/></StgValue>
</bind>
</comp>

<comp id="8" class="1001" name="const_8">
<pin_list>
<pin id="9" dir="1" index="0" bw="1" slack="0"/>
</pin_list>
<bind>
<StgValue><ssdm name="_ssdm_op_Read.ap_auto.i8"/></StgValue>
</bind>
</comp>

<comp id="10" class="1001" name="const_10">
<pin_list>
<pin id="11" dir="1" index="0" bw="1" slack="2147483647"/>
</pin_list>
<bind>
<StgValue><ssdm name="_ssdm_op_SpecPipeline"/></StgValue>
</bind>
</comp>

<comp id="12" class="1001" name="const_12">
<pin_list>
<pin id="13" dir="1" index="0" bw="1" slack="2147483647"/>
</pin_list>
<bind>
<StgValue><ssdm name=""/></StgValue>
</bind>
</comp>

<comp id="14" class="1001" name="const_14">
<pin_list>
<pin id="15" dir="1" index="0" bw="1" slack="2147483647"/>
</pin_list>
<bind>
<StgValue><ssdm name=""/></StgValue>
</bind>
</comp>

<comp id="16" class="1001" name="const_16">
<pin_list>
<pin id="17" dir="1" index="0" bw="1" slack="2147483647"/>
</pin_list>
<bind>
<StgValue><ssdm name="empty_0"/></StgValue>
</bind>
</comp>

<comp id="18" class="1001" name="const_18">
<pin_list>
<pin id="19" dir="1" index="0" bw="1" slack="0"/>
</pin_list>
<bind>
<StgValue><ssdm name=""/></StgValue>
</bind>
</comp>

<comp id="20" class="1001" name="const_20">
<pin_list>
<pin id="21" dir="1" index="0" bw="1" slack="0"/>
</pin_list>
<bind>
<StgValue><ssdm name=""/></StgValue>
</bind>
</comp>

<comp id="22" class="1001" name="const_22">
<pin_list>
<pin id="23" dir="1" index="0" bw="1" slack="0"/>
</pin_list>
<bind>
<StgValue><ssdm name=""/></StgValue>
</bind>
</comp>

<comp id="24" class="1004" name="p_read_3_read_fu_24">
<pin_list>
<pin id="25" dir="0" index="0" bw="8" slack="0"/>
<pin id="26" dir="0" index="1" bw="8" slack="0"/>
<pin id="27" dir="1" index="2" bw="8" slack="0"/>
</pin_list>
<bind>
<opcode="read(1150) " fcode="read"/>
<opset="p_read_3/1 "/>
</bind>
</comp>

<comp id="30" class="1004" name="p_read_4_read_fu_30">
<pin_list>
<pin id="31" dir="0" index="0" bw="8" slack="0"/>
<pin id="32" dir="0" index="1" bw="8" slack="0"/>
<pin id="33" dir="1" index="2" bw="8" slack="0"/>
</pin_list>
<bind>
<opcode="read(1150) " fcode="read"/>
<opset="p_read_4/1 "/>
</bind>
</comp>

<comp id="36" class="1004" name="p_read_5_read_fu_36">
<pin_list>
<pin id="37" dir="0" index="0" bw="8" slack="0"/>
<pin id="38" dir="0" index="1" bw="8" slack="0"/>
<pin id="39" dir="1" index="2" bw="8" slack="0"/>
</pin_list>
<bind>
<opcode="read(1150) " fcode="read"/>
<opset="p_read_5/1 "/>
</bind>
</comp>

<comp id="42" class="1004" name="p_read_6_read_fu_42">
<pin_list>
<pin id="43" dir="0" index="0" bw="8" slack="0"/>
<pin id="44" dir="0" index="1" bw="8" slack="0"/>
<pin id="45" dir="1" index="2" bw="8" slack="0"/>
</pin_list>
<bind>
<opcode="read(1150) " fcode="read"/>
<opset="p_read_6/1 "/>
</bind>
</comp>

<comp id="48" class="1004" name="trunc_ln40_fu_48">
<pin_list>
<pin id="49" dir="0" index="0" bw="8" slack="0"/>
<pin id="50" dir="1" index="1" bw="7" slack="0"/>
</pin_list>
<bind>
<opcode="trunc(33) " fcode="trunc"/>
<opset="trunc_ln40/1 "/>
</bind>
</comp>

<comp id="52" class="1004" name="trunc_ln40_1_fu_52">
<pin_list>
<pin id="53" dir="0" index="0" bw="8" slack="0"/>
<pin id="54" dir="1" index="1" bw="7" slack="0"/>
</pin_list>
<bind>
<opcode="trunc(33) " fcode="trunc"/>
<opset="trunc_ln40_1/1 "/>
</bind>
</comp>

<comp id="56" class="1004" name="trunc_ln40_2_fu_56">
<pin_list>
<pin id="57" dir="0" index="0" bw="8" slack="0"/>
<pin id="58" dir="1" index="1" bw="7" slack="0"/>
</pin_list>
<bind>
<opcode="trunc(33) " fcode="trunc"/>
<opset="trunc_ln40_2/1 "/>
</bind>
</comp>

<comp id="60" class="1004" name="trunc_ln40_3_fu_60">
<pin_list>
<pin id="61" dir="0" index="0" bw="8" slack="0"/>
<pin id="62" dir="1" index="1" bw="7" slack="0"/>
</pin_list>
<bind>
<opcode="trunc(33) " fcode="trunc"/>
<opset="trunc_ln40_3/1 "/>
</bind>
</comp>

<comp id="64" class="1004" name="icmp_ln1649_fu_64">
<pin_list>
<pin id="65" dir="0" index="0" bw="8" slack="0"/>
<pin id="66" dir="0" index="1" bw="8" slack="0"/>
<pin id="67" dir="1" index="2" bw="1" slack="0"/>
</pin_list>
<bind>
<opcode="icmp(45) " fcode="icmp"/>
<opset="icmp_ln1649/1 "/>
</bind>
</comp>

<comp id="70" class="1004" name="datareg_V_fu_70">
<pin_list>
<pin id="71" dir="0" index="0" bw="1" slack="0"/>
<pin id="72" dir="0" index="1" bw="7" slack="0"/>
<pin id="73" dir="0" index="2" bw="7" slack="0"/>
<pin id="74" dir="1" index="3" bw="7" slack="0"/>
</pin_list>
<bind>
<opcode="select(49) " fcode="select"/>
<opset="datareg_V/1 "/>
</bind>
</comp>

<comp id="78" class="1004" name="zext_ln45_fu_78">
<pin_list>
<pin id="79" dir="0" index="0" bw="7" slack="0"/>
<pin id="80" dir="1" index="1" bw="8" slack="0"/>
</pin_list>
<bind>
<opcode="zext(34) " fcode="zext"/>
<opset="zext_ln45/1 "/>
</bind>
</comp>

<comp id="82" class="1004" name="icmp_ln1649_1_fu_82">
<pin_list>
<pin id="83" dir="0" index="0" bw="8" slack="0"/>
<pin id="84" dir="0" index="1" bw="8" slack="0"/>
<pin id="85" dir="1" index="2" bw="1" slack="0"/>
</pin_list>
<bind>
<opcode="icmp(45) " fcode="icmp"/>
<opset="icmp_ln1649_1/1 "/>
</bind>
</comp>

<comp id="88" class="1004" name="datareg_V_1_fu_88">
<pin_list>
<pin id="89" dir="0" index="0" bw="1" slack="0"/>
<pin id="90" dir="0" index="1" bw="7" slack="0"/>
<pin id="91" dir="0" index="2" bw="7" slack="0"/>
<pin id="92" dir="1" index="3" bw="7" slack="0"/>
</pin_list>
<bind>
<opcode="select(49) " fcode="select"/>
<opset="datareg_V_1/1 "/>
</bind>
</comp>

<comp id="96" class="1004" name="zext_ln45_1_fu_96">
<pin_list>
<pin id="97" dir="0" index="0" bw="7" slack="0"/>
<pin id="98" dir="1" index="1" bw="8" slack="0"/>
</pin_list>
<bind>
<opcode="zext(34) " fcode="zext"/>
<opset="zext_ln45_1/1 "/>
</bind>
</comp>

<comp id="100" class="1004" name="icmp_ln1649_2_fu_100">
<pin_list>
<pin id="101" dir="0" index="0" bw="8" slack="0"/>
<pin id="102" dir="0" index="1" bw="8" slack="0"/>
<pin id="103" dir="1" index="2" bw="1" slack="0"/>
</pin_list>
<bind>
<opcode="icmp(45) " fcode="icmp"/>
<opset="icmp_ln1649_2/1 "/>
</bind>
</comp>

<comp id="106" class="1004" name="datareg_V_2_fu_106">
<pin_list>
<pin id="107" dir="0" index="0" bw="1" slack="0"/>
<pin id="108" dir="0" index="1" bw="7" slack="0"/>
<pin id="109" dir="0" index="2" bw="7" slack="0"/>
<pin id="110" dir="1" index="3" bw="7" slack="0"/>
</pin_list>
<bind>
<opcode="select(49) " fcode="select"/>
<opset="datareg_V_2/1 "/>
</bind>
</comp>

<comp id="114" class="1004" name="zext_ln45_2_fu_114">
<pin_list>
<pin id="115" dir="0" index="0" bw="7" slack="0"/>
<pin id="116" dir="1" index="1" bw="8" slack="0"/>
</pin_list>
<bind>
<opcode="zext(34) " fcode="zext"/>
<opset="zext_ln45_2/1 "/>
</bind>
</comp>

<comp id="118" class="1004" name="icmp_ln1649_3_fu_118">
<pin_list>
<pin id="119" dir="0" index="0" bw="8" slack="0"/>
<pin id="120" dir="0" index="1" bw="8" slack="0"/>
<pin id="121" dir="1" index="2" bw="1" slack="0"/>
</pin_list>
<bind>
<opcode="icmp(45) " fcode="icmp"/>
<opset="icmp_ln1649_3/1 "/>
</bind>
</comp>

<comp id="124" class="1004" name="datareg_V_3_fu_124">
<pin_list>
<pin id="125" dir="0" index="0" bw="1" slack="0"/>
<pin id="126" dir="0" index="1" bw="7" slack="0"/>
<pin id="127" dir="0" index="2" bw="7" slack="0"/>
<pin id="128" dir="1" index="3" bw="7" slack="0"/>
</pin_list>
<bind>
<opcode="select(49) " fcode="select"/>
<opset="datareg_V_3/1 "/>
</bind>
</comp>

<comp id="132" class="1004" name="zext_ln45_3_fu_132">
<pin_list>
<pin id="133" dir="0" index="0" bw="7" slack="0"/>
<pin id="134" dir="1" index="1" bw="8" slack="0"/>
</pin_list>
<bind>
<opcode="zext(34) " fcode="zext"/>
<opset="zext_ln45_3/1 "/>
</bind>
</comp>

<comp id="136" class="1004" name="mrv_fu_136">
<pin_list>
<pin id="137" dir="0" index="0" bw="32" slack="0"/>
<pin id="138" dir="0" index="1" bw="7" slack="0"/>
<pin id="139" dir="1" index="2" bw="32" slack="0"/>
</pin_list>
<bind>
<opcode="insertvalue(57) " fcode="insertvalue"/>
<opset="mrv/1 "/>
</bind>
</comp>

<comp id="142" class="1004" name="mrv_1_fu_142">
<pin_list>
<pin id="143" dir="0" index="0" bw="32" slack="0"/>
<pin id="144" dir="0" index="1" bw="7" slack="0"/>
<pin id="145" dir="1" index="2" bw="32" slack="0"/>
</pin_list>
<bind>
<opcode="insertvalue(57) " fcode="insertvalue"/>
<opset="mrv_1/1 "/>
</bind>
</comp>

<comp id="148" class="1004" name="mrv_2_fu_148">
<pin_list>
<pin id="149" dir="0" index="0" bw="32" slack="0"/>
<pin id="150" dir="0" index="1" bw="7" slack="0"/>
<pin id="151" dir="1" index="2" bw="32" slack="0"/>
</pin_list>
<bind>
<opcode="insertvalue(57) " fcode="insertvalue"/>
<opset="mrv_2/1 "/>
</bind>
</comp>

<comp id="154" class="1004" name="mrv_3_fu_154">
<pin_list>
<pin id="155" dir="0" index="0" bw="32" slack="0"/>
<pin id="156" dir="0" index="1" bw="7" slack="0"/>
<pin id="157" dir="1" index="2" bw="32" slack="2147483647"/>
</pin_list>
<bind>
<opcode="insertvalue(57) " fcode="insertvalue"/>
<opset="mrv_3/1 "/>
</bind>
</comp>

</comp_list>

<net_list>
<net id="28"><net_src comp="8" pin="0"/><net_sink comp="24" pin=0"/></net>

<net id="29"><net_src comp="6" pin="0"/><net_sink comp="24" pin=1"/></net>

<net id="34"><net_src comp="8" pin="0"/><net_sink comp="30" pin=0"/></net>

<net id="35"><net_src comp="4" pin="0"/><net_sink comp="30" pin=1"/></net>

<net id="40"><net_src comp="8" pin="0"/><net_sink comp="36" pin=0"/></net>

<net id="41"><net_src comp="2" pin="0"/><net_sink comp="36" pin=1"/></net>

<net id="46"><net_src comp="8" pin="0"/><net_sink comp="42" pin=0"/></net>

<net id="47"><net_src comp="0" pin="0"/><net_sink comp="42" pin=1"/></net>

<net id="51"><net_src comp="24" pin="2"/><net_sink comp="48" pin=0"/></net>

<net id="55"><net_src comp="30" pin="2"/><net_sink comp="52" pin=0"/></net>

<net id="59"><net_src comp="36" pin="2"/><net_sink comp="56" pin=0"/></net>

<net id="63"><net_src comp="42" pin="2"/><net_sink comp="60" pin=0"/></net>

<net id="68"><net_src comp="42" pin="2"/><net_sink comp="64" pin=0"/></net>

<net id="69"><net_src comp="18" pin="0"/><net_sink comp="64" pin=1"/></net>

<net id="75"><net_src comp="64" pin="2"/><net_sink comp="70" pin=0"/></net>

<net id="76"><net_src comp="60" pin="1"/><net_sink comp="70" pin=1"/></net>

<net id="77"><net_src comp="20" pin="0"/><net_sink comp="70" pin=2"/></net>

<net id="81"><net_src comp="70" pin="3"/><net_sink comp="78" pin=0"/></net>

<net id="86"><net_src comp="36" pin="2"/><net_sink comp="82" pin=0"/></net>

<net id="87"><net_src comp="18" pin="0"/><net_sink comp="82" pin=1"/></net>

<net id="93"><net_src comp="82" pin="2"/><net_sink comp="88" pin=0"/></net>

<net id="94"><net_src comp="56" pin="1"/><net_sink comp="88" pin=1"/></net>

<net id="95"><net_src comp="20" pin="0"/><net_sink comp="88" pin=2"/></net>

<net id="99"><net_src comp="88" pin="3"/><net_sink comp="96" pin=0"/></net>

<net id="104"><net_src comp="30" pin="2"/><net_sink comp="100" pin=0"/></net>

<net id="105"><net_src comp="18" pin="0"/><net_sink comp="100" pin=1"/></net>

<net id="111"><net_src comp="100" pin="2"/><net_sink comp="106" pin=0"/></net>

<net id="112"><net_src comp="52" pin="1"/><net_sink comp="106" pin=1"/></net>

<net id="113"><net_src comp="20" pin="0"/><net_sink comp="106" pin=2"/></net>

<net id="117"><net_src comp="106" pin="3"/><net_sink comp="114" pin=0"/></net>

<net id="122"><net_src comp="24" pin="2"/><net_sink comp="118" pin=0"/></net>

<net id="123"><net_src comp="18" pin="0"/><net_sink comp="118" pin=1"/></net>

<net id="129"><net_src comp="118" pin="2"/><net_sink comp="124" pin=0"/></net>

<net id="130"><net_src comp="48" pin="1"/><net_sink comp="124" pin=1"/></net>

<net id="131"><net_src comp="20" pin="0"/><net_sink comp="124" pin=2"/></net>

<net id="135"><net_src comp="124" pin="3"/><net_sink comp="132" pin=0"/></net>

<net id="140"><net_src comp="22" pin="0"/><net_sink comp="136" pin=0"/></net>

<net id="141"><net_src comp="78" pin="1"/><net_sink comp="136" pin=1"/></net>

<net id="146"><net_src comp="136" pin="2"/><net_sink comp="142" pin=0"/></net>

<net id="147"><net_src comp="96" pin="1"/><net_sink comp="142" pin=1"/></net>

<net id="152"><net_src comp="142" pin="2"/><net_sink comp="148" pin=0"/></net>

<net id="153"><net_src comp="114" pin="1"/><net_sink comp="148" pin=1"/></net>

<net id="158"><net_src comp="148" pin="2"/><net_sink comp="154" pin=0"/></net>

<net id="159"><net_src comp="132" pin="1"/><net_sink comp="154" pin=1"/></net>

</net_list>

</model> 
---------------- Datapath Model END ------------------

* FSMD analyzer results:
  - Output states:
 - Input state : 
	Port: relu<ap_fixed<8, 4, 5, 3, 0>, ap_fixed<8, 4, 5, 3, 0>, relu_config7> : p_read | {1 }
	Port: relu<ap_fixed<8, 4, 5, 3, 0>, ap_fixed<8, 4, 5, 3, 0>, relu_config7> : p_read1 | {1 }
	Port: relu<ap_fixed<8, 4, 5, 3, 0>, ap_fixed<8, 4, 5, 3, 0>, relu_config7> : p_read2 | {1 }
	Port: relu<ap_fixed<8, 4, 5, 3, 0>, ap_fixed<8, 4, 5, 3, 0>, relu_config7> : p_read3 | {1 }
  - Chain level:
	State 1
		datareg_V : 1
		zext_ln45 : 2
		datareg_V_1 : 1
		zext_ln45_1 : 2
		datareg_V_2 : 1
		zext_ln45_2 : 2
		datareg_V_3 : 1
		zext_ln45_3 : 2
		mrv : 3
		mrv_1 : 4
		mrv_2 : 5
		mrv_3 : 6
		ret_ln50 : 7


============================================================
+ Verbose Summary: Datapath Resource usage 
============================================================

* Functional unit list:
|----------|----------------------|---------|---------|
| Operation|    Functional Unit   |    FF   |   LUT   |
|----------|----------------------|---------|---------|
|          |   icmp_ln1649_fu_64  |    0    |    11   |
|   icmp   |  icmp_ln1649_1_fu_82 |    0    |    11   |
|          | icmp_ln1649_2_fu_100 |    0    |    11   |
|          | icmp_ln1649_3_fu_118 |    0    |    11   |
|----------|----------------------|---------|---------|
|          |    datareg_V_fu_70   |    0    |    7    |
|  select  |   datareg_V_1_fu_88  |    0    |    7    |
|          |  datareg_V_2_fu_106  |    0    |    7    |
|          |  datareg_V_3_fu_124  |    0    |    7    |
|----------|----------------------|---------|---------|
|          |  p_read_3_read_fu_24 |    0    |    0    |
|   read   |  p_read_4_read_fu_30 |    0    |    0    |
|          |  p_read_5_read_fu_36 |    0    |    0    |
|          |  p_read_6_read_fu_42 |    0    |    0    |
|----------|----------------------|---------|---------|
|          |   trunc_ln40_fu_48   |    0    |    0    |
|   trunc  |  trunc_ln40_1_fu_52  |    0    |    0    |
|          |  trunc_ln40_2_fu_56  |    0    |    0    |
|          |  trunc_ln40_3_fu_60  |    0    |    0    |
|----------|----------------------|---------|---------|
|          |    zext_ln45_fu_78   |    0    |    0    |
|   zext   |   zext_ln45_1_fu_96  |    0    |    0    |
|          |  zext_ln45_2_fu_114  |    0    |    0    |
|          |  zext_ln45_3_fu_132  |    0    |    0    |
|----------|----------------------|---------|---------|
|          |      mrv_fu_136      |    0    |    0    |
|insertvalue|     mrv_1_fu_142     |    0    |    0    |
|          |     mrv_2_fu_148     |    0    |    0    |
|          |     mrv_3_fu_154     |    0    |    0    |
|----------|----------------------|---------|---------|
|   Total  |                      |    0    |    72   |
|----------|----------------------|---------|---------|

Memories:
N/A

* Register list:
N/A

* Multiplexer (MUX) list: 
|--------|------|------|------|--------|
|  Comp  |  Pin | Size |  BW  | S x BW |
|--------|------|------|------|--------|
|  Total |      |      |      |    0   |
|--------|------|------|------|--------|



* Summary:
+-----------+--------+--------+
|           |   FF   |   LUT  |
+-----------+--------+--------+
|  Function |    0   |   72   |
|   Memory  |    -   |    -   |
|Multiplexer|    -   |    -   |
|  Register |    -   |    -   |
+-----------+--------+--------+
|   Total   |    0   |   72   |
+-----------+--------+--------+
