

================================================================
== Vitis HLS Report for 'relu_ap_fixed_8_4_5_3_0_ap_fixed_8_4_5_3_0_relu_config16_s'
================================================================
* Date:           Tue Mar 10 18:17:12 2026

* Version:        2022.2 (Build 3670227 on Oct 13 2022)
* Project:        myproject_prj
* Solution:       solution1 (Vivado IP Flow Target)
* Product family: zynq
* Target device:  xc7z020-clg484-1


================================================================
== Performance Estimates
================================================================
+ Timing: 
    * Summary: 
    +--------+---------+----------+------------+
    |  Clock |  Target | Estimated| Uncertainty|
    +--------+---------+----------+------------+
    |ap_clk  |  5.00 ns|  2.544 ns|     1.35 ns|
    +--------+---------+----------+------------+

+ Latency: 
    * Summary: 
    +---------+---------+----------+----------+-----+-----+---------+
    |  Latency (cycles) |  Latency (absolute) |  Interval | Pipeline|
    |   min   |   max   |    min   |    max   | min | max |   Type  |
    +---------+---------+----------+----------+-----+-----+---------+
    |        0|        0|      0 ns|      0 ns|    1|    1|      yes|
    +---------+---------+----------+----------+-----+-----+---------+

    + Detail: 
        * Instance: 
        N/A

        * Loop: 
        N/A

============================================================
+ Verbose Summary: Synthesis Manager
============================================================
InlineROM: 1
ExposeGlobal: 0
============================================================
+ Verbose Summary: CDFG Model
============================================================
IsTopModel: 0
ResetActiveHigh: 1
IsCombinational: 0
IsDatapathOnly: 0
HasWiredReturn: 1
HasMFsm: 2
HasVarLatency: 0
IsPipeline: 1
IsRtlPipelined: 0
IsInstanceOverlapped: 0
IsDontTouch: 0
HasImplIP: 0
IsGatedGlobalClock: 0

+ Individual pipeline summary: 
  * Pipeline-0: initiation interval (II) = 1, depth = 1


============================================================
+ Verbose Summary: Schedule
============================================================
* Number of FSM states : 1
* Pipeline : 1
  Pipeline-0 : II = 1, D = 1, States = { 1 }
* Dataflow Pipeline: 0

* FSM state transitions: 
1 --> 

* FSM state operations: 

State 1 <SV = 0> <Delay = 2.54>
ST_1 : Operation 2 [1/1] (0.00ns)   --->   "%p_read25 = read i8 @_ssdm_op_Read.ap_auto.i8, i8 %p_read2" [firmware/nnet_utils/nnet_activation.h:40]   --->   Operation 2 'read' 'p_read25' <Predicate = true> <Delay = 0.00>
ST_1 : Operation 3 [1/1] (0.00ns)   --->   "%p_read14 = read i8 @_ssdm_op_Read.ap_auto.i8, i8 %p_read1" [firmware/nnet_utils/nnet_activation.h:40]   --->   Operation 3 'read' 'p_read14' <Predicate = true> <Delay = 0.00>
ST_1 : Operation 4 [1/1] (0.00ns)   --->   "%p_read_11 = read i8 @_ssdm_op_Read.ap_auto.i8, i8 %p_read" [firmware/nnet_utils/nnet_activation.h:40]   --->   Operation 4 'read' 'p_read_11' <Predicate = true> <Delay = 0.00>
ST_1 : Operation 5 [1/1] (0.00ns)   --->   "%trunc_ln40 = trunc i8 %p_read25" [firmware/nnet_utils/nnet_activation.h:40]   --->   Operation 5 'trunc' 'trunc_ln40' <Predicate = (icmp_ln1649_10)> <Delay = 0.00>
ST_1 : Operation 6 [1/1] (0.00ns)   --->   "%trunc_ln40_9 = trunc i8 %p_read14" [firmware/nnet_utils/nnet_activation.h:40]   --->   Operation 6 'trunc' 'trunc_ln40_9' <Predicate = (icmp_ln1649_9)> <Delay = 0.00>
ST_1 : Operation 7 [1/1] (0.00ns)   --->   "%trunc_ln40_10 = trunc i8 %p_read_11" [firmware/nnet_utils/nnet_activation.h:40]   --->   Operation 7 'trunc' 'trunc_ln40_10' <Predicate = (icmp_ln1649)> <Delay = 0.00>
ST_1 : Operation 8 [1/1] (0.00ns)   --->   "%specpipeline_ln40 = specpipeline void @_ssdm_op_SpecPipeline, i32 4294967295, i32 0, i32 0, i32 0, void @empty_0" [firmware/nnet_utils/nnet_activation.h:40]   --->   Operation 8 'specpipeline' 'specpipeline_ln40' <Predicate = true> <Delay = 0.00>
ST_1 : Operation 9 [1/1] (1.55ns)   --->   "%icmp_ln1649 = icmp_sgt  i8 %p_read_11, i8 0"   --->   Operation 9 'icmp' 'icmp_ln1649' <Predicate = true> <Delay = 1.55> <CoreInst = "Cmp">   --->   Core 9 'Cmp' <Latency = 0> <II = 1> <Delay = 1.55> <FuncUnit> <Opcode : 'icmp'> <InPorts = 2> <OutPorts = 1>
ST_1 : Operation 10 [1/1] (0.99ns)   --->   "%datareg_V = select i1 %icmp_ln1649, i7 %trunc_ln40_10, i7 0" [firmware/nnet_utils/nnet_activation.h:45]   --->   Operation 10 'select' 'datareg_V' <Predicate = true> <Delay = 0.99> <CoreInst = "Sel">   --->   Core 73 'Sel' <Latency = 0> <II = 1> <Delay = 0.99> <FuncUnit> <Opcode : 'select'> <InPorts = 3> <OutPorts = 1>
ST_1 : Operation 11 [1/1] (0.00ns)   --->   "%zext_ln45 = zext i7 %datareg_V" [firmware/nnet_utils/nnet_activation.h:45]   --->   Operation 11 'zext' 'zext_ln45' <Predicate = true> <Delay = 0.00>
ST_1 : Operation 12 [1/1] (1.55ns)   --->   "%icmp_ln1649_9 = icmp_sgt  i8 %p_read14, i8 0"   --->   Operation 12 'icmp' 'icmp_ln1649_9' <Predicate = true> <Delay = 1.55> <CoreInst = "Cmp">   --->   Core 9 'Cmp' <Latency = 0> <II = 1> <Delay = 1.55> <FuncUnit> <Opcode : 'icmp'> <InPorts = 2> <OutPorts = 1>
ST_1 : Operation 13 [1/1] (0.99ns)   --->   "%datareg_V_9 = select i1 %icmp_ln1649_9, i7 %trunc_ln40_9, i7 0" [firmware/nnet_utils/nnet_activation.h:45]   --->   Operation 13 'select' 'datareg_V_9' <Predicate = true> <Delay = 0.99> <CoreInst = "Sel">   --->   Core 73 'Sel' <Latency = 0> <II = 1> <Delay = 0.99> <FuncUnit> <Opcode : 'select'> <InPorts = 3> <OutPorts = 1>
ST_1 : Operation 14 [1/1] (0.00ns)   --->   "%zext_ln45_9 = zext i7 %datareg_V_9" [firmware/nnet_utils/nnet_activation.h:45]   --->   Operation 14 'zext' 'zext_ln45_9' <Predicate = true> <Delay = 0.00>
ST_1 : Operation 15 [1/1] (1.55ns)   --->   "%icmp_ln1649_10 = icmp_sgt  i8 %p_read25, i8 0"   --->   Operation 15 'icmp' 'icmp_ln1649_10' <Predicate = true> <Delay = 1.55> <CoreInst = "Cmp">   --->   Core 9 'Cmp' <Latency = 0> <II = 1> <Delay = 1.55> <FuncUnit> <Opcode : 'icmp'> <InPorts = 2> <OutPorts = 1>
ST_1 : Operation 16 [1/1] (0.99ns)   --->   "%datareg_V_10 = select i1 %icmp_ln1649_10, i7 %trunc_ln40, i7 0" [firmware/nnet_utils/nnet_activation.h:45]   --->   Operation 16 'select' 'datareg_V_10' <Predicate = true> <Delay = 0.99> <CoreInst = "Sel">   --->   Core 73 'Sel' <Latency = 0> <II = 1> <Delay = 0.99> <FuncUnit> <Opcode : 'select'> <InPorts = 3> <OutPorts = 1>
ST_1 : Operation 17 [1/1] (0.00ns)   --->   "%zext_ln45_10 = zext i7 %datareg_V_10" [firmware/nnet_utils/nnet_activation.h:45]   --->   Operation 17 'zext' 'zext_ln45_10' <Predicate = true> <Delay = 0.00>
ST_1 : Operation 18 [1/1] (0.00ns)   --->   "%mrv = insertvalue i24 <undef>, i8 %zext_ln45" [firmware/nnet_utils/nnet_activation.h:50]   --->   Operation 18 'insertvalue' 'mrv' <Predicate = true> <Delay = 0.00>
ST_1 : Operation 19 [1/1] (0.00ns)   --->   "%mrv_1 = insertvalue i24 %mrv, i8 %zext_ln45_9" [firmware/nnet_utils/nnet_activation.h:50]   --->   Operation 19 'insertvalue' 'mrv_1' <Predicate = true> <Delay = 0.00>
ST_1 : Operation 20 [1/1] (0.00ns)   --->   "%mrv_2 = insertvalue i24 %mrv_1, i8 %zext_ln45_10" [firmware/nnet_utils/nnet_activation.h:50]   --->   Operation 20 'insertvalue' 'mrv_2' <Predicate = true> <Delay = 0.00>
ST_1 : Operation 21 [1/1] (0.00ns)   --->   "%ret_ln50 = ret i24 %mrv_2" [firmware/nnet_utils/nnet_activation.h:50]   --->   Operation 21 'ret' 'ret_ln50' <Predicate = true> <Delay = 0.00>


============================================================
+ Verbose Summary: Timing violations
============================================================
Target clock period: 5ns, clock uncertainty: 1.35ns.

 <State 1>: 2.54ns
The critical path consists of the following:
	wire read operation ('p_read_11', firmware/nnet_utils/nnet_activation.h:40) on port 'p_read' (firmware/nnet_utils/nnet_activation.h:40) [6]  (0 ns)
	'icmp' operation ('icmp_ln1649') [11]  (1.55 ns)
	'select' operation ('datareg.V', firmware/nnet_utils/nnet_activation.h:45) [12]  (0.993 ns)


============================================================
+ Verbose Summary: Binding
============================================================
N/A
* FSMD analyzer results:
  - Output states:
 - Input state : 
  - Chain level:
	State 1


============================================================
+ Verbose Summary: Datapath Resource usage 
============================================================
N/A
