

================================================================
== Vitis HLS Report for 'relu_ap_fixed_8_4_5_3_0_ap_fixed_8_4_5_3_0_relu_config4_s'
================================================================
* Date:           Tue Mar 10 18:17:30 2026

* Version:        2022.2 (Build 3670227 on Oct 13 2022)
* Project:        myproject_prj
* Solution:       solution1 (Vivado IP Flow Target)
* Product family: zynq
* Target device:  xc7z020-clg484-1


================================================================
== Performance Estimates
================================================================
+ Timing: 
    * Summary: 
    +--------+---------+----------+------------+
    |  Clock |  Target | Estimated| Uncertainty|
    +--------+---------+----------+------------+
    |ap_clk  |  5.00 ns|  2.544 ns|     1.35 ns|
    +--------+---------+----------+------------+

+ Latency: 
    * Summary: 
    +---------+---------+----------+----------+-----+-----+---------+
    |  Latency (cycles) |  Latency (absolute) |  Interval | Pipeline|
    |   min   |   max   |    min   |    max   | min | max |   Type  |
    +---------+---------+----------+----------+-----+-----+---------+
    |        0|        0|      0 ns|      0 ns|    1|    1|      yes|
    +---------+---------+----------+----------+-----+-----+---------+

    + Detail: 
        * Instance: 
        N/A

        * Loop: 
        N/A



================================================================
== Utilization Estimates
================================================================
* Summary: 
+-----------------+---------+-----+--------+-------+-----+
|       Name      | BRAM_18K| DSP |   FF   |  LUT  | URAM|
+-----------------+---------+-----+--------+-------+-----+
|DSP              |        -|    -|       -|      -|    -|
|Expression       |        -|    -|       0|    108|    -|
|FIFO             |        -|    -|       -|      -|    -|
|Instance         |        -|    -|       -|      -|    -|
|Memory           |        -|    -|       -|      -|    -|
|Multiplexer      |        -|    -|       -|      -|    -|
|Register         |        -|    -|       -|      -|    -|
+-----------------+---------+-----+--------+-------+-----+
|Total            |        0|    0|       0|    108|    0|
+-----------------+---------+-----+--------+-------+-----+
|Available        |      280|  220|  106400|  53200|    0|
+-----------------+---------+-----+--------+-------+-----+
|Utilization (%)  |        0|    0|       0|     ~0|    0|
+-----------------+---------+-----+--------+-------+-----+

+ Detail: 
    * Instance: 
    N/A

    * DSP: 
    N/A

    * Memory: 
    N/A

    * FIFO: 
    N/A

    * Expression: 
    +-------------------------+----------+----+---+----+------------+------------+
    |      Variable Name      | Operation| DSP| FF| LUT| Bitwidth P0| Bitwidth P1|
    +-------------------------+----------+----+---+----+------------+------------+
    |icmp_ln1649_4_fu_106_p2  |      icmp|   0|  0|  11|           8|           1|
    |icmp_ln1649_5_fu_124_p2  |      icmp|   0|  0|  11|           8|           1|
    |icmp_ln1649_6_fu_142_p2  |      icmp|   0|  0|  11|           8|           1|
    |icmp_ln1649_7_fu_160_p2  |      icmp|   0|  0|  11|           8|           1|
    |icmp_ln1649_8_fu_178_p2  |      icmp|   0|  0|  11|           8|           1|
    |icmp_ln1649_fu_88_p2     |      icmp|   0|  0|  11|           8|           1|
    |datareg_V_4_fu_112_p3    |    select|   0|  0|   7|           1|           7|
    |datareg_V_5_fu_130_p3    |    select|   0|  0|   7|           1|           7|
    |datareg_V_6_fu_148_p3    |    select|   0|  0|   7|           1|           7|
    |datareg_V_7_fu_166_p3    |    select|   0|  0|   7|           1|           7|
    |datareg_V_8_fu_184_p3    |    select|   0|  0|   7|           1|           7|
    |datareg_V_fu_94_p3       |    select|   0|  0|   7|           1|           7|
    +-------------------------+----------+----+---+----+------------+------------+
    |Total                    |          |   0|  0| 108|          54|          48|
    +-------------------------+----------+----+---+----+------------+------------+

    * Multiplexer: 
    N/A

    * Register: 
    N/A



================================================================
== Interface
================================================================
* Summary: 
+-------------+-----+-----+------------+----------------------------------------------------------------------+--------------+
|  RTL Ports  | Dir | Bits|  Protocol  |                             Source Object                            |    C Type    |
+-------------+-----+-----+------------+----------------------------------------------------------------------+--------------+
|ap_ready     |  out|    1|  ap_ctrl_hs|  relu<ap_fixed<8, 4, 5, 3, 0>, ap_fixed<8, 4, 5, 3, 0>, relu_config4>|  return value|
|ap_return_0  |  out|    8|  ap_ctrl_hs|  relu<ap_fixed<8, 4, 5, 3, 0>, ap_fixed<8, 4, 5, 3, 0>, relu_config4>|  return value|
|ap_return_1  |  out|    8|  ap_ctrl_hs|  relu<ap_fixed<8, 4, 5, 3, 0>, ap_fixed<8, 4, 5, 3, 0>, relu_config4>|  return value|
|ap_return_2  |  out|    8|  ap_ctrl_hs|  relu<ap_fixed<8, 4, 5, 3, 0>, ap_fixed<8, 4, 5, 3, 0>, relu_config4>|  return value|
|ap_return_3  |  out|    8|  ap_ctrl_hs|  relu<ap_fixed<8, 4, 5, 3, 0>, ap_fixed<8, 4, 5, 3, 0>, relu_config4>|  return value|
|ap_return_4  |  out|    8|  ap_ctrl_hs|  relu<ap_fixed<8, 4, 5, 3, 0>, ap_fixed<8, 4, 5, 3, 0>, relu_config4>|  return value|
|ap_return_5  |  out|    8|  ap_ctrl_hs|  relu<ap_fixed<8, 4, 5, 3, 0>, ap_fixed<8, 4, 5, 3, 0>, relu_config4>|  return value|
|p_read       |   in|    8|     ap_none|                                                                p_read|        scalar|
|p_read1      |   in|    8|     ap_none|                                                               p_read1|        scalar|
|p_read2      |   in|    8|     ap_none|                                                               p_read2|        scalar|
|p_read3      |   in|    8|     ap_none|                                                               p_read3|        scalar|
|p_read4      |   in|    8|     ap_none|                                                               p_read4|        scalar|
|p_read5      |   in|    8|     ap_none|                                                               p_read5|        scalar|
+-------------+-----+-----+------------+----------------------------------------------------------------------+--------------+

============================================================
+ Verbose Summary: Synthesis Manager
============================================================
InlineROM: 1
ExposeGlobal: 0
============================================================
+ Verbose Summary: CDFG Model
============================================================
IsTopModel: 0
ResetActiveHigh: 1
IsCombinational: 1
IsDatapathOnly: 2
HasWiredReturn: 1
HasMFsm: 2
HasVarLatency: 0
IsPipeline: 1
IsRtlPipelined: 0
IsInstanceOverlapped: 0
IsDontTouch: 0
HasImplIP: 0
IsGatedGlobalClock: 0

+ Individual pipeline summary: 
  * Pipeline-0: initiation interval (II) = 1, depth = 1


============================================================
+ Verbose Summary: Schedule
============================================================
* Number of FSM states : 1
* Pipeline : 1
  Pipeline-0 : II = 1, D = 1, States = { 1 }
* Dataflow Pipeline: 0

* FSM state transitions: 
1 --> 

* FSM state operations: 

State 1 <SV = 0> <Delay = 2.54>
ST_1 : Operation 2 [1/1] (0.00ns)   --->   "%p_read_7 = read i8 @_ssdm_op_Read.ap_auto.i8, i8 %p_read5" [firmware/nnet_utils/nnet_activation.h:40]   --->   Operation 2 'read' 'p_read_7' <Predicate = true> <Delay = 0.00>
ST_1 : Operation 3 [1/1] (0.00ns)   --->   "%p_read_8 = read i8 @_ssdm_op_Read.ap_auto.i8, i8 %p_read4" [firmware/nnet_utils/nnet_activation.h:40]   --->   Operation 3 'read' 'p_read_8' <Predicate = true> <Delay = 0.00>
ST_1 : Operation 4 [1/1] (0.00ns)   --->   "%p_read_9 = read i8 @_ssdm_op_Read.ap_auto.i8, i8 %p_read3" [firmware/nnet_utils/nnet_activation.h:40]   --->   Operation 4 'read' 'p_read_9' <Predicate = true> <Delay = 0.00>
ST_1 : Operation 5 [1/1] (0.00ns)   --->   "%p_read28 = read i8 @_ssdm_op_Read.ap_auto.i8, i8 %p_read2" [firmware/nnet_utils/nnet_activation.h:40]   --->   Operation 5 'read' 'p_read28' <Predicate = true> <Delay = 0.00>
ST_1 : Operation 6 [1/1] (0.00ns)   --->   "%p_read17 = read i8 @_ssdm_op_Read.ap_auto.i8, i8 %p_read1" [firmware/nnet_utils/nnet_activation.h:40]   --->   Operation 6 'read' 'p_read17' <Predicate = true> <Delay = 0.00>
ST_1 : Operation 7 [1/1] (0.00ns)   --->   "%p_read_10 = read i8 @_ssdm_op_Read.ap_auto.i8, i8 %p_read" [firmware/nnet_utils/nnet_activation.h:40]   --->   Operation 7 'read' 'p_read_10' <Predicate = true> <Delay = 0.00>
ST_1 : Operation 8 [1/1] (0.00ns)   --->   "%trunc_ln40 = trunc i8 %p_read_7" [firmware/nnet_utils/nnet_activation.h:40]   --->   Operation 8 'trunc' 'trunc_ln40' <Predicate = (icmp_ln1649_8)> <Delay = 0.00>
ST_1 : Operation 9 [1/1] (0.00ns)   --->   "%trunc_ln40_4 = trunc i8 %p_read_8" [firmware/nnet_utils/nnet_activation.h:40]   --->   Operation 9 'trunc' 'trunc_ln40_4' <Predicate = (icmp_ln1649_7)> <Delay = 0.00>
ST_1 : Operation 10 [1/1] (0.00ns)   --->   "%trunc_ln40_5 = trunc i8 %p_read_9" [firmware/nnet_utils/nnet_activation.h:40]   --->   Operation 10 'trunc' 'trunc_ln40_5' <Predicate = (icmp_ln1649_6)> <Delay = 0.00>
ST_1 : Operation 11 [1/1] (0.00ns)   --->   "%trunc_ln40_6 = trunc i8 %p_read28" [firmware/nnet_utils/nnet_activation.h:40]   --->   Operation 11 'trunc' 'trunc_ln40_6' <Predicate = (icmp_ln1649_5)> <Delay = 0.00>
ST_1 : Operation 12 [1/1] (0.00ns)   --->   "%trunc_ln40_7 = trunc i8 %p_read17" [firmware/nnet_utils/nnet_activation.h:40]   --->   Operation 12 'trunc' 'trunc_ln40_7' <Predicate = (icmp_ln1649_4)> <Delay = 0.00>
ST_1 : Operation 13 [1/1] (0.00ns)   --->   "%trunc_ln40_8 = trunc i8 %p_read_10" [firmware/nnet_utils/nnet_activation.h:40]   --->   Operation 13 'trunc' 'trunc_ln40_8' <Predicate = (icmp_ln1649)> <Delay = 0.00>
ST_1 : Operation 14 [1/1] (0.00ns)   --->   "%specpipeline_ln40 = specpipeline void @_ssdm_op_SpecPipeline, i32 4294967295, i32 0, i32 0, i32 0, void @empty_0" [firmware/nnet_utils/nnet_activation.h:40]   --->   Operation 14 'specpipeline' 'specpipeline_ln40' <Predicate = true> <Delay = 0.00>
ST_1 : Operation 15 [1/1] (1.55ns)   --->   "%icmp_ln1649 = icmp_sgt  i8 %p_read_10, i8 0"   --->   Operation 15 'icmp' 'icmp_ln1649' <Predicate = true> <Delay = 1.55> <CoreInst = "Cmp">   --->   Core 9 'Cmp' <Latency = 0> <II = 1> <Delay = 1.55> <FuncUnit> <Opcode : 'icmp'> <InPorts = 2> <OutPorts = 1>
ST_1 : Operation 16 [1/1] (0.99ns)   --->   "%datareg_V = select i1 %icmp_ln1649, i7 %trunc_ln40_8, i7 0" [firmware/nnet_utils/nnet_activation.h:45]   --->   Operation 16 'select' 'datareg_V' <Predicate = true> <Delay = 0.99> <CoreInst = "Sel">   --->   Core 73 'Sel' <Latency = 0> <II = 1> <Delay = 0.99> <FuncUnit> <Opcode : 'select'> <InPorts = 3> <OutPorts = 1>
ST_1 : Operation 17 [1/1] (0.00ns)   --->   "%zext_ln45 = zext i7 %datareg_V" [firmware/nnet_utils/nnet_activation.h:45]   --->   Operation 17 'zext' 'zext_ln45' <Predicate = true> <Delay = 0.00>
ST_1 : Operation 18 [1/1] (1.55ns)   --->   "%icmp_ln1649_4 = icmp_sgt  i8 %p_read17, i8 0"   --->   Operation 18 'icmp' 'icmp_ln1649_4' <Predicate = true> <Delay = 1.55> <CoreInst = "Cmp">   --->   Core 9 'Cmp' <Latency = 0> <II = 1> <Delay = 1.55> <FuncUnit> <Opcode : 'icmp'> <InPorts = 2> <OutPorts = 1>
ST_1 : Operation 19 [1/1] (0.99ns)   --->   "%datareg_V_4 = select i1 %icmp_ln1649_4, i7 %trunc_ln40_7, i7 0" [firmware/nnet_utils/nnet_activation.h:45]   --->   Operation 19 'select' 'datareg_V_4' <Predicate = true> <Delay = 0.99> <CoreInst = "Sel">   --->   Core 73 'Sel' <Latency = 0> <II = 1> <Delay = 0.99> <FuncUnit> <Opcode : 'select'> <InPorts = 3> <OutPorts = 1>
ST_1 : Operation 20 [1/1] (0.00ns)   --->   "%zext_ln45_4 = zext i7 %datareg_V_4" [firmware/nnet_utils/nnet_activation.h:45]   --->   Operation 20 'zext' 'zext_ln45_4' <Predicate = true> <Delay = 0.00>
ST_1 : Operation 21 [1/1] (1.55ns)   --->   "%icmp_ln1649_5 = icmp_sgt  i8 %p_read28, i8 0"   --->   Operation 21 'icmp' 'icmp_ln1649_5' <Predicate = true> <Delay = 1.55> <CoreInst = "Cmp">   --->   Core 9 'Cmp' <Latency = 0> <II = 1> <Delay = 1.55> <FuncUnit> <Opcode : 'icmp'> <InPorts = 2> <OutPorts = 1>
ST_1 : Operation 22 [1/1] (0.99ns)   --->   "%datareg_V_5 = select i1 %icmp_ln1649_5, i7 %trunc_ln40_6, i7 0" [firmware/nnet_utils/nnet_activation.h:45]   --->   Operation 22 'select' 'datareg_V_5' <Predicate = true> <Delay = 0.99> <CoreInst = "Sel">   --->   Core 73 'Sel' <Latency = 0> <II = 1> <Delay = 0.99> <FuncUnit> <Opcode : 'select'> <InPorts = 3> <OutPorts = 1>
ST_1 : Operation 23 [1/1] (0.00ns)   --->   "%zext_ln45_5 = zext i7 %datareg_V_5" [firmware/nnet_utils/nnet_activation.h:45]   --->   Operation 23 'zext' 'zext_ln45_5' <Predicate = true> <Delay = 0.00>
ST_1 : Operation 24 [1/1] (1.55ns)   --->   "%icmp_ln1649_6 = icmp_sgt  i8 %p_read_9, i8 0"   --->   Operation 24 'icmp' 'icmp_ln1649_6' <Predicate = true> <Delay = 1.55> <CoreInst = "Cmp">   --->   Core 9 'Cmp' <Latency = 0> <II = 1> <Delay = 1.55> <FuncUnit> <Opcode : 'icmp'> <InPorts = 2> <OutPorts = 1>
ST_1 : Operation 25 [1/1] (0.99ns)   --->   "%datareg_V_6 = select i1 %icmp_ln1649_6, i7 %trunc_ln40_5, i7 0" [firmware/nnet_utils/nnet_activation.h:45]   --->   Operation 25 'select' 'datareg_V_6' <Predicate = true> <Delay = 0.99> <CoreInst = "Sel">   --->   Core 73 'Sel' <Latency = 0> <II = 1> <Delay = 0.99> <FuncUnit> <Opcode : 'select'> <InPorts = 3> <OutPorts = 1>
ST_1 : Operation 26 [1/1] (0.00ns)   --->   "%zext_ln45_6 = zext i7 %datareg_V_6" [firmware/nnet_utils/nnet_activation.h:45]   --->   Operation 26 'zext' 'zext_ln45_6' <Predicate = true> <Delay = 0.00>
ST_1 : Operation 27 [1/1] (1.55ns)   --->   "%icmp_ln1649_7 = icmp_sgt  i8 %p_read_8, i8 0"   --->   Operation 27 'icmp' 'icmp_ln1649_7' <Predicate = true> <Delay = 1.55> <CoreInst = "Cmp">   --->   Core 9 'Cmp' <Latency = 0> <II = 1> <Delay = 1.55> <FuncUnit> <Opcode : 'icmp'> <InPorts = 2> <OutPorts = 1>
ST_1 : Operation 28 [1/1] (0.99ns)   --->   "%datareg_V_7 = select i1 %icmp_ln1649_7, i7 %trunc_ln40_4, i7 0" [firmware/nnet_utils/nnet_activation.h:45]   --->   Operation 28 'select' 'datareg_V_7' <Predicate = true> <Delay = 0.99> <CoreInst = "Sel">   --->   Core 73 'Sel' <Latency = 0> <II = 1> <Delay = 0.99> <FuncUnit> <Opcode : 'select'> <InPorts = 3> <OutPorts = 1>
ST_1 : Operation 29 [1/1] (0.00ns)   --->   "%zext_ln45_7 = zext i7 %datareg_V_7" [firmware/nnet_utils/nnet_activation.h:45]   --->   Operation 29 'zext' 'zext_ln45_7' <Predicate = true> <Delay = 0.00>
ST_1 : Operation 30 [1/1] (1.55ns)   --->   "%icmp_ln1649_8 = icmp_sgt  i8 %p_read_7, i8 0"   --->   Operation 30 'icmp' 'icmp_ln1649_8' <Predicate = true> <Delay = 1.55> <CoreInst = "Cmp">   --->   Core 9 'Cmp' <Latency = 0> <II = 1> <Delay = 1.55> <FuncUnit> <Opcode : 'icmp'> <InPorts = 2> <OutPorts = 1>
ST_1 : Operation 31 [1/1] (0.99ns)   --->   "%datareg_V_8 = select i1 %icmp_ln1649_8, i7 %trunc_ln40, i7 0" [firmware/nnet_utils/nnet_activation.h:45]   --->   Operation 31 'select' 'datareg_V_8' <Predicate = true> <Delay = 0.99> <CoreInst = "Sel">   --->   Core 73 'Sel' <Latency = 0> <II = 1> <Delay = 0.99> <FuncUnit> <Opcode : 'select'> <InPorts = 3> <OutPorts = 1>
ST_1 : Operation 32 [1/1] (0.00ns)   --->   "%zext_ln45_8 = zext i7 %datareg_V_8" [firmware/nnet_utils/nnet_activation.h:45]   --->   Operation 32 'zext' 'zext_ln45_8' <Predicate = true> <Delay = 0.00>
ST_1 : Operation 33 [1/1] (0.00ns)   --->   "%mrv = insertvalue i48 <undef>, i8 %zext_ln45" [firmware/nnet_utils/nnet_activation.h:50]   --->   Operation 33 'insertvalue' 'mrv' <Predicate = true> <Delay = 0.00>
ST_1 : Operation 34 [1/1] (0.00ns)   --->   "%mrv_1 = insertvalue i48 %mrv, i8 %zext_ln45_4" [firmware/nnet_utils/nnet_activation.h:50]   --->   Operation 34 'insertvalue' 'mrv_1' <Predicate = true> <Delay = 0.00>
ST_1 : Operation 35 [1/1] (0.00ns)   --->   "%mrv_2 = insertvalue i48 %mrv_1, i8 %zext_ln45_5" [firmware/nnet_utils/nnet_activation.h:50]   --->   Operation 35 'insertvalue' 'mrv_2' <Predicate = true> <Delay = 0.00>
ST_1 : Operation 36 [1/1] (0.00ns)   --->   "%mrv_3 = insertvalue i48 %mrv_2, i8 %zext_ln45_6" [firmware/nnet_utils/nnet_activation.h:50]   --->   Operation 36 'insertvalue' 'mrv_3' <Predicate = true> <Delay = 0.00>
ST_1 : Operation 37 [1/1] (0.00ns)   --->   "%mrv_4 = insertvalue i48 %mrv_3, i8 %zext_ln45_7" [firmware/nnet_utils/nnet_activation.h:50]   --->   Operation 37 'insertvalue' 'mrv_4' <Predicate = true> <Delay = 0.00>
ST_1 : Operation 38 [1/1] (0.00ns)   --->   "%mrv_5 = insertvalue i48 %mrv_4, i8 %zext_ln45_8" [firmware/nnet_utils/nnet_activation.h:50]   --->   Operation 38 'insertvalue' 'mrv_5' <Predicate = true> <Delay = 0.00>
ST_1 : Operation 39 [1/1] (0.00ns)   --->   "%ret_ln50 = ret i48 %mrv_5" [firmware/nnet_utils/nnet_activation.h:50]   --->   Operation 39 'ret' 'ret_ln50' <Predicate = true> <Delay = 0.00>


============================================================
+ Verbose Summary: Binding
============================================================
STG Binding: 
---------------- STG Properties BEGIN ----------------
- Is combinational: 1
- Is one-state seq: 0
- Is datapath-only: 0
- Is pipelined: 1
- Is top level: 0
Port [ Return ] is wired: 1; IO mode=ap_ctrl_hs:ce=0
Port [ p_read]:  wired=1; compound=0; hidden=0; nouse=0; global=0; static=0; extern=0; dir=0; type=0; pingpong=0; private_global=0; IO mode=ap_none:ce=0
Port [ p_read1]:  wired=1; compound=0; hidden=0; nouse=0; global=0; static=0; extern=0; dir=0; type=0; pingpong=0; private_global=0; IO mode=ap_none:ce=0
Port [ p_read2]:  wired=1; compound=0; hidden=0; nouse=0; global=0; static=0; extern=0; dir=0; type=0; pingpong=0; private_global=0; IO mode=ap_none:ce=0
Port [ p_read3]:  wired=1; compound=0; hidden=0; nouse=0; global=0; static=0; extern=0; dir=0; type=0; pingpong=0; private_global=0; IO mode=ap_none:ce=0
Port [ p_read4]:  wired=1; compound=0; hidden=0; nouse=0; global=0; static=0; extern=0; dir=0; type=0; pingpong=0; private_global=0; IO mode=ap_none:ce=0
Port [ p_read5]:  wired=1; compound=0; hidden=0; nouse=0; global=0; static=0; extern=0; dir=0; type=0; pingpong=0; private_global=0; IO mode=ap_none:ce=0
---------------- STG Properties END ------------------

---------------- Datapath Model BEGIN ----------------

<LifeTime>
<method=bitvector/>
p_read_7          (read        ) [ 00]
p_read_8          (read        ) [ 00]
p_read_9          (read        ) [ 00]
p_read28          (read        ) [ 00]
p_read17          (read        ) [ 00]
p_read_10         (read        ) [ 00]
trunc_ln40        (trunc       ) [ 00]
trunc_ln40_4      (trunc       ) [ 00]
trunc_ln40_5      (trunc       ) [ 00]
trunc_ln40_6      (trunc       ) [ 00]
trunc_ln40_7      (trunc       ) [ 00]
trunc_ln40_8      (trunc       ) [ 00]
specpipeline_ln40 (specpipeline) [ 00]
icmp_ln1649       (icmp        ) [ 01]
datareg_V         (select      ) [ 00]
zext_ln45         (zext        ) [ 00]
icmp_ln1649_4     (icmp        ) [ 01]
datareg_V_4       (select      ) [ 00]
zext_ln45_4       (zext        ) [ 00]
icmp_ln1649_5     (icmp        ) [ 01]
datareg_V_5       (select      ) [ 00]
zext_ln45_5       (zext        ) [ 00]
icmp_ln1649_6     (icmp        ) [ 01]
datareg_V_6       (select      ) [ 00]
zext_ln45_6       (zext        ) [ 00]
icmp_ln1649_7     (icmp        ) [ 01]
datareg_V_7       (select      ) [ 00]
zext_ln45_7       (zext        ) [ 00]
icmp_ln1649_8     (icmp        ) [ 01]
datareg_V_8       (select      ) [ 00]
zext_ln45_8       (zext        ) [ 00]
mrv               (insertvalue ) [ 00]
mrv_1             (insertvalue ) [ 00]
mrv_2             (insertvalue ) [ 00]
mrv_3             (insertvalue ) [ 00]
mrv_4             (insertvalue ) [ 00]
mrv_5             (insertvalue ) [ 00]
ret_ln50          (ret         ) [ 00]
</LifeTime>

<model>

<comp_list>
<comp id="0" class="1000" name="p_read">
<pin_list>
<pin id="1" dir="1" index="0" bw="1" slack="0"/>
</pin_list>
<bind>
<StgValue><ssdm name="p_read"/></StgValue>
</bind>
</comp>

<comp id="2" class="1000" name="p_read1">
<pin_list>
<pin id="3" dir="1" index="0" bw="1" slack="0"/>
</pin_list>
<bind>
<StgValue><ssdm name="p_read1"/></StgValue>
</bind>
</comp>

<comp id="4" class="1000" name="p_read2">
<pin_list>
<pin id="5" dir="1" index="0" bw="1" slack="0"/>
</pin_list>
<bind>
<StgValue><ssdm name="p_read2"/></StgValue>
</bind>
</comp>

<comp id="6" class="1000" name="p_read3">
<pin_list>
<pin id="7" dir="1" index="0" bw="1" slack="0"/>
</pin_list>
<bind>
<StgValue><ssdm name="p_read3"/></StgValue>
</bind>
</comp>

<comp id="8" class="1000" name="p_read4">
<pin_list>
<pin id="9" dir="1" index="0" bw="1" slack="0"/>
</pin_list>
<bind>
<StgValue><ssdm name="p_read4"/></StgValue>
</bind>
</comp>

<comp id="10" class="1000" name="p_read5">
<pin_list>
<pin id="11" dir="1" index="0" bw="1" slack="0"/>
</pin_list>
<bind>
<StgValue><ssdm name="p_read5"/></StgValue>
</bind>
</comp>

<comp id="12" class="1001" name="const_12">
<pin_list>
<pin id="13" dir="1" index="0" bw="1" slack="0"/>
</pin_list>
<bind>
<StgValue><ssdm name="_ssdm_op_Read.ap_auto.i8"/></StgValue>
</bind>
</comp>

<comp id="14" class="1001" name="const_14">
<pin_list>
<pin id="15" dir="1" index="0" bw="1" slack="2147483647"/>
</pin_list>
<bind>
<StgValue><ssdm name="_ssdm_op_SpecPipeline"/></StgValue>
</bind>
</comp>

<comp id="16" class="1001" name="const_16">
<pin_list>
<pin id="17" dir="1" index="0" bw="1" slack="2147483647"/>
</pin_list>
<bind>
<StgValue><ssdm name=""/></StgValue>
</bind>
</comp>

<comp id="18" class="1001" name="const_18">
<pin_list>
<pin id="19" dir="1" index="0" bw="1" slack="2147483647"/>
</pin_list>
<bind>
<StgValue><ssdm name=""/></StgValue>
</bind>
</comp>

<comp id="20" class="1001" name="const_20">
<pin_list>
<pin id="21" dir="1" index="0" bw="1" slack="2147483647"/>
</pin_list>
<bind>
<StgValue><ssdm name="empty_0"/></StgValue>
</bind>
</comp>

<comp id="22" class="1001" name="const_22">
<pin_list>
<pin id="23" dir="1" index="0" bw="1" slack="0"/>
</pin_list>
<bind>
<StgValue><ssdm name=""/></StgValue>
</bind>
</comp>

<comp id="24" class="1001" name="const_24">
<pin_list>
<pin id="25" dir="1" index="0" bw="1" slack="0"/>
</pin_list>
<bind>
<StgValue><ssdm name=""/></StgValue>
</bind>
</comp>

<comp id="26" class="1001" name="const_26">
<pin_list>
<pin id="27" dir="1" index="0" bw="1" slack="0"/>
</pin_list>
<bind>
<StgValue><ssdm name=""/></StgValue>
</bind>
</comp>

<comp id="28" class="1004" name="p_read_7_read_fu_28">
<pin_list>
<pin id="29" dir="0" index="0" bw="8" slack="0"/>
<pin id="30" dir="0" index="1" bw="8" slack="0"/>
<pin id="31" dir="1" index="2" bw="8" slack="0"/>
</pin_list>
<bind>
<opcode="read(1150) " fcode="read"/>
<opset="p_read_7/1 "/>
</bind>
</comp>

<comp id="34" class="1004" name="p_read_8_read_fu_34">
<pin_list>
<pin id="35" dir="0" index="0" bw="8" slack="0"/>
<pin id="36" dir="0" index="1" bw="8" slack="0"/>
<pin id="37" dir="1" index="2" bw="8" slack="0"/>
</pin_list>
<bind>
<opcode="read(1150) " fcode="read"/>
<opset="p_read_8/1 "/>
</bind>
</comp>

<comp id="40" class="1004" name="p_read_9_read_fu_40">
<pin_list>
<pin id="41" dir="0" index="0" bw="8" slack="0"/>
<pin id="42" dir="0" index="1" bw="8" slack="0"/>
<pin id="43" dir="1" index="2" bw="8" slack="0"/>
</pin_list>
<bind>
<opcode="read(1150) " fcode="read"/>
<opset="p_read_9/1 "/>
</bind>
</comp>

<comp id="46" class="1004" name="p_read28_read_fu_46">
<pin_list>
<pin id="47" dir="0" index="0" bw="8" slack="0"/>
<pin id="48" dir="0" index="1" bw="8" slack="0"/>
<pin id="49" dir="1" index="2" bw="8" slack="0"/>
</pin_list>
<bind>
<opcode="read(1150) " fcode="read"/>
<opset="p_read28/1 "/>
</bind>
</comp>

<comp id="52" class="1004" name="p_read17_read_fu_52">
<pin_list>
<pin id="53" dir="0" index="0" bw="8" slack="0"/>
<pin id="54" dir="0" index="1" bw="8" slack="0"/>
<pin id="55" dir="1" index="2" bw="8" slack="0"/>
</pin_list>
<bind>
<opcode="read(1150) " fcode="read"/>
<opset="p_read17/1 "/>
</bind>
</comp>

<comp id="58" class="1004" name="p_read_10_read_fu_58">
<pin_list>
<pin id="59" dir="0" index="0" bw="8" slack="0"/>
<pin id="60" dir="0" index="1" bw="8" slack="0"/>
<pin id="61" dir="1" index="2" bw="8" slack="0"/>
</pin_list>
<bind>
<opcode="read(1150) " fcode="read"/>
<opset="p_read_10/1 "/>
</bind>
</comp>

<comp id="64" class="1004" name="trunc_ln40_fu_64">
<pin_list>
<pin id="65" dir="0" index="0" bw="8" slack="0"/>
<pin id="66" dir="1" index="1" bw="7" slack="0"/>
</pin_list>
<bind>
<opcode="trunc(33) " fcode="trunc"/>
<opset="trunc_ln40/1 "/>
</bind>
</comp>

<comp id="68" class="1004" name="trunc_ln40_4_fu_68">
<pin_list>
<pin id="69" dir="0" index="0" bw="8" slack="0"/>
<pin id="70" dir="1" index="1" bw="7" slack="0"/>
</pin_list>
<bind>
<opcode="trunc(33) " fcode="trunc"/>
<opset="trunc_ln40_4/1 "/>
</bind>
</comp>

<comp id="72" class="1004" name="trunc_ln40_5_fu_72">
<pin_list>
<pin id="73" dir="0" index="0" bw="8" slack="0"/>
<pin id="74" dir="1" index="1" bw="7" slack="0"/>
</pin_list>
<bind>
<opcode="trunc(33) " fcode="trunc"/>
<opset="trunc_ln40_5/1 "/>
</bind>
</comp>

<comp id="76" class="1004" name="trunc_ln40_6_fu_76">
<pin_list>
<pin id="77" dir="0" index="0" bw="8" slack="0"/>
<pin id="78" dir="1" index="1" bw="7" slack="0"/>
</pin_list>
<bind>
<opcode="trunc(33) " fcode="trunc"/>
<opset="trunc_ln40_6/1 "/>
</bind>
</comp>

<comp id="80" class="1004" name="trunc_ln40_7_fu_80">
<pin_list>
<pin id="81" dir="0" index="0" bw="8" slack="0"/>
<pin id="82" dir="1" index="1" bw="7" slack="0"/>
</pin_list>
<bind>
<opcode="trunc(33) " fcode="trunc"/>
<opset="trunc_ln40_7/1 "/>
</bind>
</comp>

<comp id="84" class="1004" name="trunc_ln40_8_fu_84">
<pin_list>
<pin id="85" dir="0" index="0" bw="8" slack="0"/>
<pin id="86" dir="1" index="1" bw="7" slack="0"/>
</pin_list>
<bind>
<opcode="trunc(33) " fcode="trunc"/>
<opset="trunc_ln40_8/1 "/>
</bind>
</comp>

<comp id="88" class="1004" name="icmp_ln1649_fu_88">
<pin_list>
<pin id="89" dir="0" index="0" bw="8" slack="0"/>
<pin id="90" dir="0" index="1" bw="8" slack="0"/>
<pin id="91" dir="1" index="2" bw="1" slack="0"/>
</pin_list>
<bind>
<opcode="icmp(45) " fcode="icmp"/>
<opset="icmp_ln1649/1 "/>
</bind>
</comp>

<comp id="94" class="1004" name="datareg_V_fu_94">
<pin_list>
<pin id="95" dir="0" index="0" bw="1" slack="0"/>
<pin id="96" dir="0" index="1" bw="7" slack="0"/>
<pin id="97" dir="0" index="2" bw="7" slack="0"/>
<pin id="98" dir="1" index="3" bw="7" slack="0"/>
</pin_list>
<bind>
<opcode="select(49) " fcode="select"/>
<opset="datareg_V/1 "/>
</bind>
</comp>

<comp id="102" class="1004" name="zext_ln45_fu_102">
<pin_list>
<pin id="103" dir="0" index="0" bw="7" slack="0"/>
<pin id="104" dir="1" index="1" bw="8" slack="0"/>
</pin_list>
<bind>
<opcode="zext(34) " fcode="zext"/>
<opset="zext_ln45/1 "/>
</bind>
</comp>

<comp id="106" class="1004" name="icmp_ln1649_4_fu_106">
<pin_list>
<pin id="107" dir="0" index="0" bw="8" slack="0"/>
<pin id="108" dir="0" index="1" bw="8" slack="0"/>
<pin id="109" dir="1" index="2" bw="1" slack="0"/>
</pin_list>
<bind>
<opcode="icmp(45) " fcode="icmp"/>
<opset="icmp_ln1649_4/1 "/>
</bind>
</comp>

<comp id="112" class="1004" name="datareg_V_4_fu_112">
<pin_list>
<pin id="113" dir="0" index="0" bw="1" slack="0"/>
<pin id="114" dir="0" index="1" bw="7" slack="0"/>
<pin id="115" dir="0" index="2" bw="7" slack="0"/>
<pin id="116" dir="1" index="3" bw="7" slack="0"/>
</pin_list>
<bind>
<opcode="select(49) " fcode="select"/>
<opset="datareg_V_4/1 "/>
</bind>
</comp>

<comp id="120" class="1004" name="zext_ln45_4_fu_120">
<pin_list>
<pin id="121" dir="0" index="0" bw="7" slack="0"/>
<pin id="122" dir="1" index="1" bw="8" slack="0"/>
</pin_list>
<bind>
<opcode="zext(34) " fcode="zext"/>
<opset="zext_ln45_4/1 "/>
</bind>
</comp>

<comp id="124" class="1004" name="icmp_ln1649_5_fu_124">
<pin_list>
<pin id="125" dir="0" index="0" bw="8" slack="0"/>
<pin id="126" dir="0" index="1" bw="8" slack="0"/>
<pin id="127" dir="1" index="2" bw="1" slack="0"/>
</pin_list>
<bind>
<opcode="icmp(45) " fcode="icmp"/>
<opset="icmp_ln1649_5/1 "/>
</bind>
</comp>

<comp id="130" class="1004" name="datareg_V_5_fu_130">
<pin_list>
<pin id="131" dir="0" index="0" bw="1" slack="0"/>
<pin id="132" dir="0" index="1" bw="7" slack="0"/>
<pin id="133" dir="0" index="2" bw="7" slack="0"/>
<pin id="134" dir="1" index="3" bw="7" slack="0"/>
</pin_list>
<bind>
<opcode="select(49) " fcode="select"/>
<opset="datareg_V_5/1 "/>
</bind>
</comp>

<comp id="138" class="1004" name="zext_ln45_5_fu_138">
<pin_list>
<pin id="139" dir="0" index="0" bw="7" slack="0"/>
<pin id="140" dir="1" index="1" bw="8" slack="0"/>
</pin_list>
<bind>
<opcode="zext(34) " fcode="zext"/>
<opset="zext_ln45_5/1 "/>
</bind>
</comp>

<comp id="142" class="1004" name="icmp_ln1649_6_fu_142">
<pin_list>
<pin id="143" dir="0" index="0" bw="8" slack="0"/>
<pin id="144" dir="0" index="1" bw="8" slack="0"/>
<pin id="145" dir="1" index="2" bw="1" slack="0"/>
</pin_list>
<bind>
<opcode="icmp(45) " fcode="icmp"/>
<opset="icmp_ln1649_6/1 "/>
</bind>
</comp>

<comp id="148" class="1004" name="datareg_V_6_fu_148">
<pin_list>
<pin id="149" dir="0" index="0" bw="1" slack="0"/>
<pin id="150" dir="0" index="1" bw="7" slack="0"/>
<pin id="151" dir="0" index="2" bw="7" slack="0"/>
<pin id="152" dir="1" index="3" bw="7" slack="0"/>
</pin_list>
<bind>
<opcode="select(49) " fcode="select"/>
<opset="datareg_V_6/1 "/>
</bind>
</comp>

<comp id="156" class="1004" name="zext_ln45_6_fu_156">
<pin_list>
<pin id="157" dir="0" index="0" bw="7" slack="0"/>
<pin id="158" dir="1" index="1" bw="8" slack="0"/>
</pin_list>
<bind>
<opcode="zext(34) " fcode="zext"/>
<opset="zext_ln45_6/1 "/>
</bind>
</comp>

<comp id="160" class="1004" name="icmp_ln1649_7_fu_160">
<pin_list>
<pin id="161" dir="0" index="0" bw="8" slack="0"/>
<pin id="162" dir="0" index="1" bw="8" slack="0"/>
<pin id="163" dir="1" index="2" bw="1" slack="0"/>
</pin_list>
<bind>
<opcode="icmp(45) " fcode="icmp"/>
<opset="icmp_ln1649_7/1 "/>
</bind>
</comp>

<comp id="166" class="1004" name="datareg_V_7_fu_166">
<pin_list>
<pin id="167" dir="0" index="0" bw="1" slack="0"/>
<pin id="168" dir="0" index="1" bw="7" slack="0"/>
<pin id="169" dir="0" index="2" bw="7" slack="0"/>
<pin id="170" dir="1" index="3" bw="7" slack="0"/>
</pin_list>
<bind>
<opcode="select(49) " fcode="select"/>
<opset="datareg_V_7/1 "/>
</bind>
</comp>

<comp id="174" class="1004" name="zext_ln45_7_fu_174">
<pin_list>
<pin id="175" dir="0" index="0" bw="7" slack="0"/>
<pin id="176" dir="1" index="1" bw="8" slack="0"/>
</pin_list>
<bind>
<opcode="zext(34) " fcode="zext"/>
<opset="zext_ln45_7/1 "/>
</bind>
</comp>

<comp id="178" class="1004" name="icmp_ln1649_8_fu_178">
<pin_list>
<pin id="179" dir="0" index="0" bw="8" slack="0"/>
<pin id="180" dir="0" index="1" bw="8" slack="0"/>
<pin id="181" dir="1" index="2" bw="1" slack="0"/>
</pin_list>
<bind>
<opcode="icmp(45) " fcode="icmp"/>
<opset="icmp_ln1649_8/1 "/>
</bind>
</comp>

<comp id="184" class="1004" name="datareg_V_8_fu_184">
<pin_list>
<pin id="185" dir="0" index="0" bw="1" slack="0"/>
<pin id="186" dir="0" index="1" bw="7" slack="0"/>
<pin id="187" dir="0" index="2" bw="7" slack="0"/>
<pin id="188" dir="1" index="3" bw="7" slack="0"/>
</pin_list>
<bind>
<opcode="select(49) " fcode="select"/>
<opset="datareg_V_8/1 "/>
</bind>
</comp>

<comp id="192" class="1004" name="zext_ln45_8_fu_192">
<pin_list>
<pin id="193" dir="0" index="0" bw="7" slack="0"/>
<pin id="194" dir="1" index="1" bw="8" slack="0"/>
</pin_list>
<bind>
<opcode="zext(34) " fcode="zext"/>
<opset="zext_ln45_8/1 "/>
</bind>
</comp>

<comp id="196" class="1004" name="mrv_fu_196">
<pin_list>
<pin id="197" dir="0" index="0" bw="48" slack="0"/>
<pin id="198" dir="0" index="1" bw="7" slack="0"/>
<pin id="199" dir="1" index="2" bw="48" slack="0"/>
</pin_list>
<bind>
<opcode="insertvalue(57) " fcode="insertvalue"/>
<opset="mrv/1 "/>
</bind>
</comp>

<comp id="202" class="1004" name="mrv_1_fu_202">
<pin_list>
<pin id="203" dir="0" index="0" bw="48" slack="0"/>
<pin id="204" dir="0" index="1" bw="7" slack="0"/>
<pin id="205" dir="1" index="2" bw="48" slack="0"/>
</pin_list>
<bind>
<opcode="insertvalue(57) " fcode="insertvalue"/>
<opset="mrv_1/1 "/>
</bind>
</comp>

<comp id="208" class="1004" name="mrv_2_fu_208">
<pin_list>
<pin id="209" dir="0" index="0" bw="48" slack="0"/>
<pin id="210" dir="0" index="1" bw="7" slack="0"/>
<pin id="211" dir="1" index="2" bw="48" slack="0"/>
</pin_list>
<bind>
<opcode="insertvalue(57) " fcode="insertvalue"/>
<opset="mrv_2/1 "/>
</bind>
</comp>

<comp id="214" class="1004" name="mrv_3_fu_214">
<pin_list>
<pin id="215" dir="0" index="0" bw="48" slack="0"/>
<pin id="216" dir="0" index="1" bw="7" slack="0"/>
<pin id="217" dir="1" index="2" bw="48" slack="0"/>
</pin_list>
<bind>
<opcode="insertvalue(57) " fcode="insertvalue"/>
<opset="mrv_3/1 "/>
</bind>
</comp>

<comp id="220" class="1004" name="mrv_4_fu_220">
<pin_list>
<pin id="221" dir="0" index="0" bw="48" slack="0"/>
<pin id="222" dir="0" index="1" bw="7" slack="0"/>
<pin id="223" dir="1" index="2" bw="48" slack="0"/>
</pin_list>
<bind>
<opcode="insertvalue(57) " fcode="insertvalue"/>
<opset="mrv_4/1 "/>
</bind>
</comp>

<comp id="226" class="1004" name="mrv_5_fu_226">
<pin_list>
<pin id="227" dir="0" index="0" bw="48" slack="0"/>
<pin id="228" dir="0" index="1" bw="7" slack="0"/>
<pin id="229" dir="1" index="2" bw="48" slack="2147483647"/>
</pin_list>
<bind>
<opcode="insertvalue(57) " fcode="insertvalue"/>
<opset="mrv_5/1 "/>
</bind>
</comp>

</comp_list>

<net_list>
<net id="32"><net_src comp="12" pin="0"/><net_sink comp="28" pin=0"/></net>

<net id="33"><net_src comp="10" pin="0"/><net_sink comp="28" pin=1"/></net>

<net id="38"><net_src comp="12" pin="0"/><net_sink comp="34" pin=0"/></net>

<net id="39"><net_src comp="8" pin="0"/><net_sink comp="34" pin=1"/></net>

<net id="44"><net_src comp="12" pin="0"/><net_sink comp="40" pin=0"/></net>

<net id="45"><net_src comp="6" pin="0"/><net_sink comp="40" pin=1"/></net>

<net id="50"><net_src comp="12" pin="0"/><net_sink comp="46" pin=0"/></net>

<net id="51"><net_src comp="4" pin="0"/><net_sink comp="46" pin=1"/></net>

<net id="56"><net_src comp="12" pin="0"/><net_sink comp="52" pin=0"/></net>

<net id="57"><net_src comp="2" pin="0"/><net_sink comp="52" pin=1"/></net>

<net id="62"><net_src comp="12" pin="0"/><net_sink comp="58" pin=0"/></net>

<net id="63"><net_src comp="0" pin="0"/><net_sink comp="58" pin=1"/></net>

<net id="67"><net_src comp="28" pin="2"/><net_sink comp="64" pin=0"/></net>

<net id="71"><net_src comp="34" pin="2"/><net_sink comp="68" pin=0"/></net>

<net id="75"><net_src comp="40" pin="2"/><net_sink comp="72" pin=0"/></net>

<net id="79"><net_src comp="46" pin="2"/><net_sink comp="76" pin=0"/></net>

<net id="83"><net_src comp="52" pin="2"/><net_sink comp="80" pin=0"/></net>

<net id="87"><net_src comp="58" pin="2"/><net_sink comp="84" pin=0"/></net>

<net id="92"><net_src comp="58" pin="2"/><net_sink comp="88" pin=0"/></net>

<net id="93"><net_src comp="22" pin="0"/><net_sink comp="88" pin=1"/></net>

<net id="99"><net_src comp="88" pin="2"/><net_sink comp="94" pin=0"/></net>

<net id="100"><net_src comp="84" pin="1"/><net_sink comp="94" pin=1"/></net>

<net id="101"><net_src comp="24" pin="0"/><net_sink comp="94" pin=2"/></net>

<net id="105"><net_src comp="94" pin="3"/><net_sink comp="102" pin=0"/></net>

<net id="110"><net_src comp="52" pin="2"/><net_sink comp="106" pin=0"/></net>

<net id="111"><net_src comp="22" pin="0"/><net_sink comp="106" pin=1"/></net>

<net id="117"><net_src comp="106" pin="2"/><net_sink comp="112" pin=0"/></net>

<net id="118"><net_src comp="80" pin="1"/><net_sink comp="112" pin=1"/></net>

<net id="119"><net_src comp="24" pin="0"/><net_sink comp="112" pin=2"/></net>

<net id="123"><net_src comp="112" pin="3"/><net_sink comp="120" pin=0"/></net>

<net id="128"><net_src comp="46" pin="2"/><net_sink comp="124" pin=0"/></net>

<net id="129"><net_src comp="22" pin="0"/><net_sink comp="124" pin=1"/></net>

<net id="135"><net_src comp="124" pin="2"/><net_sink comp="130" pin=0"/></net>

<net id="136"><net_src comp="76" pin="1"/><net_sink comp="130" pin=1"/></net>

<net id="137"><net_src comp="24" pin="0"/><net_sink comp="130" pin=2"/></net>

<net id="141"><net_src comp="130" pin="3"/><net_sink comp="138" pin=0"/></net>

<net id="146"><net_src comp="40" pin="2"/><net_sink comp="142" pin=0"/></net>

<net id="147"><net_src comp="22" pin="0"/><net_sink comp="142" pin=1"/></net>

<net id="153"><net_src comp="142" pin="2"/><net_sink comp="148" pin=0"/></net>

<net id="154"><net_src comp="72" pin="1"/><net_sink comp="148" pin=1"/></net>

<net id="155"><net_src comp="24" pin="0"/><net_sink comp="148" pin=2"/></net>

<net id="159"><net_src comp="148" pin="3"/><net_sink comp="156" pin=0"/></net>

<net id="164"><net_src comp="34" pin="2"/><net_sink comp="160" pin=0"/></net>

<net id="165"><net_src comp="22" pin="0"/><net_sink comp="160" pin=1"/></net>

<net id="171"><net_src comp="160" pin="2"/><net_sink comp="166" pin=0"/></net>

<net id="172"><net_src comp="68" pin="1"/><net_sink comp="166" pin=1"/></net>

<net id="173"><net_src comp="24" pin="0"/><net_sink comp="166" pin=2"/></net>

<net id="177"><net_src comp="166" pin="3"/><net_sink comp="174" pin=0"/></net>

<net id="182"><net_src comp="28" pin="2"/><net_sink comp="178" pin=0"/></net>

<net id="183"><net_src comp="22" pin="0"/><net_sink comp="178" pin=1"/></net>

<net id="189"><net_src comp="178" pin="2"/><net_sink comp="184" pin=0"/></net>

<net id="190"><net_src comp="64" pin="1"/><net_sink comp="184" pin=1"/></net>

<net id="191"><net_src comp="24" pin="0"/><net_sink comp="184" pin=2"/></net>

<net id="195"><net_src comp="184" pin="3"/><net_sink comp="192" pin=0"/></net>

<net id="200"><net_src comp="26" pin="0"/><net_sink comp="196" pin=0"/></net>

<net id="201"><net_src comp="102" pin="1"/><net_sink comp="196" pin=1"/></net>

<net id="206"><net_src comp="196" pin="2"/><net_sink comp="202" pin=0"/></net>

<net id="207"><net_src comp="120" pin="1"/><net_sink comp="202" pin=1"/></net>

<net id="212"><net_src comp="202" pin="2"/><net_sink comp="208" pin=0"/></net>

<net id="213"><net_src comp="138" pin="1"/><net_sink comp="208" pin=1"/></net>

<net id="218"><net_src comp="208" pin="2"/><net_sink comp="214" pin=0"/></net>

<net id="219"><net_src comp="156" pin="1"/><net_sink comp="214" pin=1"/></net>

<net id="224"><net_src comp="214" pin="2"/><net_sink comp="220" pin=0"/></net>

<net id="225"><net_src comp="174" pin="1"/><net_sink comp="220" pin=1"/></net>

<net id="230"><net_src comp="220" pin="2"/><net_sink comp="226" pin=0"/></net>

<net id="231"><net_src comp="192" pin="1"/><net_sink comp="226" pin=1"/></net>

</net_list>

</model> 
---------------- Datapath Model END ------------------

* FSMD analyzer results:
  - Output states:
 - Input state : 
	Port: relu<ap_fixed<8, 4, 5, 3, 0>, ap_fixed<8, 4, 5, 3, 0>, relu_config4> : p_read | {1 }
	Port: relu<ap_fixed<8, 4, 5, 3, 0>, ap_fixed<8, 4, 5, 3, 0>, relu_config4> : p_read1 | {1 }
	Port: relu<ap_fixed<8, 4, 5, 3, 0>, ap_fixed<8, 4, 5, 3, 0>, relu_config4> : p_read2 | {1 }
	Port: relu<ap_fixed<8, 4, 5, 3, 0>, ap_fixed<8, 4, 5, 3, 0>, relu_config4> : p_read3 | {1 }
	Port: relu<ap_fixed<8, 4, 5, 3, 0>, ap_fixed<8, 4, 5, 3, 0>, relu_config4> : p_read4 | {1 }
	Port: relu<ap_fixed<8, 4, 5, 3, 0>, ap_fixed<8, 4, 5, 3, 0>, relu_config4> : p_read5 | {1 }
  - Chain level:
	State 1
		datareg_V : 1
		zext_ln45 : 2
		datareg_V_4 : 1
		zext_ln45_4 : 2
		datareg_V_5 : 1
		zext_ln45_5 : 2
		datareg_V_6 : 1
		zext_ln45_6 : 2
		datareg_V_7 : 1
		zext_ln45_7 : 2
		datareg_V_8 : 1
		zext_ln45_8 : 2
		mrv : 3
		mrv_1 : 4
		mrv_2 : 5
		mrv_3 : 6
		mrv_4 : 7
		mrv_5 : 8
		ret_ln50 : 9


============================================================
+ Verbose Summary: Datapath Resource usage 
============================================================

* Functional unit list:
|----------|----------------------|---------|---------|
| Operation|    Functional Unit   |    FF   |   LUT   |
|----------|----------------------|---------|---------|
|          |   icmp_ln1649_fu_88  |    0    |    11   |
|          | icmp_ln1649_4_fu_106 |    0    |    11   |
|   icmp   | icmp_ln1649_5_fu_124 |    0    |    11   |
|          | icmp_ln1649_6_fu_142 |    0    |    11   |
|          | icmp_ln1649_7_fu_160 |    0    |    11   |
|          | icmp_ln1649_8_fu_178 |    0    |    11   |
|----------|----------------------|---------|---------|
|          |    datareg_V_fu_94   |    0    |    7    |
|          |  datareg_V_4_fu_112  |    0    |    7    |
|  select  |  datareg_V_5_fu_130  |    0    |    7    |
|          |  datareg_V_6_fu_148  |    0    |    7    |
|          |  datareg_V_7_fu_166  |    0    |    7    |
|          |  datareg_V_8_fu_184  |    0    |    7    |
|----------|----------------------|---------|---------|
|          |  p_read_7_read_fu_28 |    0    |    0    |
|          |  p_read_8_read_fu_34 |    0    |    0    |
|   read   |  p_read_9_read_fu_40 |    0    |    0    |
|          |  p_read28_read_fu_46 |    0    |    0    |
|          |  p_read17_read_fu_52 |    0    |    0    |
|          | p_read_10_read_fu_58 |    0    |    0    |
|----------|----------------------|---------|---------|
|          |   trunc_ln40_fu_64   |    0    |    0    |
|          |  trunc_ln40_4_fu_68  |    0    |    0    |
|   trunc  |  trunc_ln40_5_fu_72  |    0    |    0    |
|          |  trunc_ln40_6_fu_76  |    0    |    0    |
|          |  trunc_ln40_7_fu_80  |    0    |    0    |
|          |  trunc_ln40_8_fu_84  |    0    |    0    |
|----------|----------------------|---------|---------|
|          |   zext_ln45_fu_102   |    0    |    0    |
|          |  zext_ln45_4_fu_120  |    0    |    0    |
|   zext   |  zext_ln45_5_fu_138  |    0    |    0    |
|          |  zext_ln45_6_fu_156  |    0    |    0    |
|          |  zext_ln45_7_fu_174  |    0    |    0    |
|          |  zext_ln45_8_fu_192  |    0    |    0    |
|----------|----------------------|---------|---------|
|          |      mrv_fu_196      |    0    |    0    |
|          |     mrv_1_fu_202     |    0    |    0    |
|insertvalue|     mrv_2_fu_208     |    0    |    0    |
|          |     mrv_3_fu_214     |    0    |    0    |
|          |     mrv_4_fu_220     |    0    |    0    |
|          |     mrv_5_fu_226     |    0    |    0    |
|----------|----------------------|---------|---------|
|   Total  |                      |    0    |   108   |
|----------|----------------------|---------|---------|

Memories:
N/A

* Register list:
N/A

* Multiplexer (MUX) list: 
|--------|------|------|------|--------|
|  Comp  |  Pin | Size |  BW  | S x BW |
|--------|------|------|------|--------|
|  Total |      |      |      |    0   |
|--------|------|------|------|--------|



* Summary:
+-----------+--------+--------+
|           |   FF   |   LUT  |
+-----------+--------+--------+
|  Function |    0   |   108  |
|   Memory  |    -   |    -   |
|Multiplexer|    -   |    -   |
|  Register |    -   |    -   |
+-----------+--------+--------+
|   Total   |    0   |   108  |
+-----------+--------+--------+
