

================================================================
== Vitis HLS Report for 'softmax_stable_ap_fixed_ap_fixed_8_4_5_3_0_softmax_config19_s'
================================================================
* Date:           Tue Mar 10 18:17:14 2026

* Version:        2022.2 (Build 3670227 on Oct 13 2022)
* Project:        myproject_prj
* Solution:       solution1 (Vivado IP Flow Target)
* Product family: zynq
* Target device:  xc7z020-clg484-1


================================================================
== Performance Estimates
================================================================
+ Timing: 
    * Summary: 
    +--------+---------+----------+------------+
    |  Clock |  Target | Estimated| Uncertainty|
    +--------+---------+----------+------------+
    |ap_clk  |  5.00 ns|  3.890 ns|     1.35 ns|
    +--------+---------+----------+------------+

+ Latency: 
    * Summary: 
    +---------+---------+-----------+-----------+-----+-----+---------+
    |  Latency (cycles) |   Latency (absolute)  |  Interval | Pipeline|
    |   min   |   max   |    min    |    max    | min | max |   Type  |
    +---------+---------+-----------+-----------+-----+-----+---------+
    |       10|       10|  50.000 ns|  50.000 ns|    1|    1|      yes|
    +---------+---------+-----------+-----------+-----+-----+---------+

    + Detail: 
        * Instance: 
        N/A

        * Loop: 
        N/A

============================================================
+ Verbose Summary: Synthesis Manager
============================================================
InlineROM: 1
ExposeGlobal: 0
============================================================
+ Verbose Summary: CDFG Model
============================================================
IsTopModel: 0
ResetActiveHigh: 1
IsCombinational: 0
IsDatapathOnly: 0
HasWiredReturn: 1
HasMFsm: 2
HasVarLatency: 0
IsPipeline: 1
IsRtlPipelined: 1
IsInstanceOverlapped: 0
IsDontTouch: 0
HasImplIP: 0
IsGatedGlobalClock: 0

+ Individual pipeline summary: 
  * Pipeline-0: initiation interval (II) = 1, depth = 11


============================================================
+ Verbose Summary: Schedule
============================================================
* Number of FSM states : 11
* Pipeline : 1
  Pipeline-0 : II = 1, D = 11, States = { 1 2 3 4 5 6 7 8 9 10 11 }
* Dataflow Pipeline: 0

* FSM state transitions: 
1 --> 2 
2 --> 3 
3 --> 4 
4 --> 5 
5 --> 6 
6 --> 7 
7 --> 8 
8 --> 9 
9 --> 10 
10 --> 11 
11 --> 

* FSM state operations: 

State 1 <SV = 0> <Delay = 2.79>
ST_1 : Operation 12 [1/1] (0.00ns)   --->   "%p_read_1 = read i8 @_ssdm_op_Read.ap_auto.i8, i8 %p_read1"   --->   Operation 12 'read' 'p_read_1' <Predicate = true> <Delay = 0.00>
ST_1 : Operation 13 [1/1] (0.00ns)   --->   "%p_read_2 = read i8 @_ssdm_op_Read.ap_auto.i8, i8 %p_read"   --->   Operation 13 'read' 'p_read_2' <Predicate = true> <Delay = 0.00>
ST_1 : Operation 14 [1/1] (1.55ns)   --->   "%icmp_ln1651 = icmp_slt  i8 %p_read_2, i8 %p_read_1"   --->   Operation 14 'icmp' 'icmp_ln1651' <Predicate = true> <Delay = 1.55> <CoreInst = "Cmp">   --->   Core 9 'Cmp' <Latency = 0> <II = 1> <Delay = 1.55> <FuncUnit> <Opcode : 'icmp'> <InPorts = 2> <OutPorts = 1>
ST_1 : Operation 15 [1/1] (0.00ns) (grouped into LUT with out node x_max_V)   --->   "%xor_ln1651 = xor i1 %icmp_ln1651, i1 1"   --->   Operation 15 'xor' 'xor_ln1651' <Predicate = true> <Delay = 0.00> <CoreInst = "LogicGate">   --->   Core 74 'LogicGate' <Latency = 0> <II = 1> <Delay = 0.97> <FuncUnit> <Opcode : 'and' 'or' 'xor'> <InPorts = 2> <OutPorts = 1>
ST_1 : Operation 16 [1/1] (1.24ns) (out node of the LUT)   --->   "%x_max_V = select i1 %xor_ln1651, i8 %p_read_2, i8 %p_read_1" [firmware/nnet_utils/nnet_common.h:66]   --->   Operation 16 'select' 'x_max_V' <Predicate = true> <Delay = 1.24> <CoreInst = "Sel">   --->   Core 73 'Sel' <Latency = 0> <II = 1> <Delay = 1.24> <FuncUnit> <Opcode : 'select'> <InPorts = 3> <OutPorts = 1>

State 2 <SV = 1> <Delay = 3.16>
ST_2 : Operation 17 [1/1] (0.00ns)   --->   "%sext_ln1348 = sext i8 %p_read_2"   --->   Operation 17 'sext' 'sext_ln1348' <Predicate = true> <Delay = 0.00>
ST_2 : Operation 18 [1/1] (0.00ns)   --->   "%sext_ln1348_1 = sext i8 %x_max_V"   --->   Operation 18 'sext' 'sext_ln1348_1' <Predicate = true> <Delay = 0.00>
ST_2 : Operation 19 [1/1] (1.91ns)   --->   "%ret_V = sub i9 %sext_ln1348, i9 %sext_ln1348_1"   --->   Operation 19 'sub' 'ret_V' <Predicate = true> <Delay = 1.91> <CoreInst = "Adder">   --->   Core 1 'Adder' <Latency = 0> <II = 1> <Delay = 1.91> <FuncUnit> <Opcode : 'add' 'sub'> <InPorts = 2> <OutPorts = 1>
ST_2 : Operation 20 [1/1] (0.00ns)   --->   "%p_Result_8 = bitselect i1 @_ssdm_op_BitSelect.i1.i9.i32, i9 %ret_V, i32 8"   --->   Operation 20 'bitselect' 'p_Result_8' <Predicate = true> <Delay = 0.00>
ST_2 : Operation 21 [1/1] (0.00ns) (grouped into LUT with out node p_Result_s)   --->   "%p_Val2_1 = trunc i9 %ret_V"   --->   Operation 21 'trunc' 'p_Val2_1' <Predicate = true> <Delay = 0.00>
ST_2 : Operation 22 [1/1] (0.00ns)   --->   "%p_Result_9 = bitselect i1 @_ssdm_op_BitSelect.i1.i9.i32, i9 %ret_V, i32 7"   --->   Operation 22 'bitselect' 'p_Result_9' <Predicate = true> <Delay = 0.00>
ST_2 : Operation 23 [1/1] (0.00ns) (grouped into LUT with out node p_Result_s)   --->   "%xor_ln895 = xor i1 %p_Result_8, i1 1"   --->   Operation 23 'xor' 'xor_ln895' <Predicate = true> <Delay = 0.00> <CoreInst = "LogicGate">   --->   Core 74 'LogicGate' <Latency = 0> <II = 1> <Delay = 0.97> <FuncUnit> <Opcode : 'and' 'or' 'xor'> <InPorts = 2> <OutPorts = 1>
ST_2 : Operation 24 [1/1] (0.00ns) (grouped into LUT with out node p_Result_s)   --->   "%overflow = and i1 %p_Result_9, i1 %xor_ln895"   --->   Operation 24 'and' 'overflow' <Predicate = true> <Delay = 0.00> <CoreInst = "LogicGate">   --->   Core 74 'LogicGate' <Latency = 0> <II = 1> <Delay = 0.97> <FuncUnit> <Opcode : 'and' 'or' 'xor'> <InPorts = 2> <OutPorts = 1>
ST_2 : Operation 25 [1/1] (0.00ns) (grouped into LUT with out node p_Result_s)   --->   "%xor_ln302 = xor i1 %p_Result_8, i1 %p_Result_9"   --->   Operation 25 'xor' 'xor_ln302' <Predicate = true> <Delay = 0.00> <CoreInst = "LogicGate">   --->   Core 74 'LogicGate' <Latency = 0> <II = 1> <Delay = 0.97> <FuncUnit> <Opcode : 'and' 'or' 'xor'> <InPorts = 2> <OutPorts = 1>
ST_2 : Operation 26 [1/1] (0.00ns) (grouped into LUT with out node p_Result_s)   --->   "%select_ln346 = select i1 %overflow, i8 127, i8 128"   --->   Operation 26 'select' 'select_ln346' <Predicate = true> <Delay = 0.00> <CoreInst = "Sel">   --->   Core 73 'Sel' <Latency = 0> <II = 1> <Delay = 1.24> <FuncUnit> <Opcode : 'select'> <InPorts = 3> <OutPorts = 1>
ST_2 : Operation 27 [1/1] (0.00ns)   --->   "%sext_ln1348_2 = sext i8 %p_read_1"   --->   Operation 27 'sext' 'sext_ln1348_2' <Predicate = true> <Delay = 0.00>
ST_2 : Operation 28 [1/1] (1.91ns)   --->   "%ret_V_1 = sub i9 %sext_ln1348_2, i9 %sext_ln1348_1"   --->   Operation 28 'sub' 'ret_V_1' <Predicate = true> <Delay = 1.91> <CoreInst = "Adder">   --->   Core 1 'Adder' <Latency = 0> <II = 1> <Delay = 1.91> <FuncUnit> <Opcode : 'add' 'sub'> <InPorts = 2> <OutPorts = 1>
ST_2 : Operation 29 [1/1] (0.00ns)   --->   "%p_Result_10 = bitselect i1 @_ssdm_op_BitSelect.i1.i9.i32, i9 %ret_V_1, i32 8"   --->   Operation 29 'bitselect' 'p_Result_10' <Predicate = true> <Delay = 0.00>
ST_2 : Operation 30 [1/1] (0.00ns) (grouped into LUT with out node p_Result_5)   --->   "%p_Val2_3 = trunc i9 %ret_V_1"   --->   Operation 30 'trunc' 'p_Val2_3' <Predicate = true> <Delay = 0.00>
ST_2 : Operation 31 [1/1] (0.00ns)   --->   "%p_Result_11 = bitselect i1 @_ssdm_op_BitSelect.i1.i9.i32, i9 %ret_V_1, i32 7"   --->   Operation 31 'bitselect' 'p_Result_11' <Predicate = true> <Delay = 0.00>
ST_2 : Operation 32 [1/1] (0.00ns) (grouped into LUT with out node p_Result_5)   --->   "%xor_ln895_1 = xor i1 %p_Result_10, i1 1"   --->   Operation 32 'xor' 'xor_ln895_1' <Predicate = true> <Delay = 0.00> <CoreInst = "LogicGate">   --->   Core 74 'LogicGate' <Latency = 0> <II = 1> <Delay = 0.97> <FuncUnit> <Opcode : 'and' 'or' 'xor'> <InPorts = 2> <OutPorts = 1>
ST_2 : Operation 33 [1/1] (0.00ns) (grouped into LUT with out node p_Result_5)   --->   "%overflow_1 = and i1 %p_Result_11, i1 %xor_ln895_1"   --->   Operation 33 'and' 'overflow_1' <Predicate = true> <Delay = 0.00> <CoreInst = "LogicGate">   --->   Core 74 'LogicGate' <Latency = 0> <II = 1> <Delay = 0.97> <FuncUnit> <Opcode : 'and' 'or' 'xor'> <InPorts = 2> <OutPorts = 1>
ST_2 : Operation 34 [1/1] (0.00ns) (grouped into LUT with out node p_Result_5)   --->   "%xor_ln302_1 = xor i1 %p_Result_10, i1 %p_Result_11"   --->   Operation 34 'xor' 'xor_ln302_1' <Predicate = true> <Delay = 0.00> <CoreInst = "LogicGate">   --->   Core 74 'LogicGate' <Latency = 0> <II = 1> <Delay = 0.97> <FuncUnit> <Opcode : 'and' 'or' 'xor'> <InPorts = 2> <OutPorts = 1>
ST_2 : Operation 35 [1/1] (0.00ns) (grouped into LUT with out node p_Result_5)   --->   "%select_ln346_1 = select i1 %overflow_1, i8 127, i8 128"   --->   Operation 35 'select' 'select_ln346_1' <Predicate = true> <Delay = 0.00> <CoreInst = "Sel">   --->   Core 73 'Sel' <Latency = 0> <II = 1> <Delay = 1.24> <FuncUnit> <Opcode : 'select'> <InPorts = 3> <OutPorts = 1>
ST_2 : Operation 36 [1/1] (1.24ns) (out node of the LUT)   --->   "%p_Result_s = select i1 %xor_ln302, i8 %select_ln346, i8 %p_Val2_1"   --->   Operation 36 'select' 'p_Result_s' <Predicate = true> <Delay = 1.24> <CoreInst = "Sel">   --->   Core 73 'Sel' <Latency = 0> <II = 1> <Delay = 1.24> <FuncUnit> <Opcode : 'select'> <InPorts = 3> <OutPorts = 1>
ST_2 : Operation 37 [1/1] (1.24ns) (out node of the LUT)   --->   "%p_Result_5 = select i1 %xor_ln302_1, i8 %select_ln346_1, i8 %p_Val2_3"   --->   Operation 37 'select' 'p_Result_5' <Predicate = true> <Delay = 1.24> <CoreInst = "Sel">   --->   Core 73 'Sel' <Latency = 0> <II = 1> <Delay = 1.24> <FuncUnit> <Opcode : 'select'> <InPorts = 3> <OutPorts = 1>

State 3 <SV = 2> <Delay = 3.25>
ST_3 : Operation 38 [1/1] (0.00ns)   --->   "%zext_ln255 = zext i8 %p_Result_s" [firmware/nnet_utils/nnet_activation.h:255]   --->   Operation 38 'zext' 'zext_ln255' <Predicate = true> <Delay = 0.00>
ST_3 : Operation 39 [1/1] (0.00ns)   --->   "%exp_table_addr = getelementptr i17 %exp_table, i64 0, i64 %zext_ln255" [firmware/nnet_utils/nnet_activation.h:255]   --->   Operation 39 'getelementptr' 'exp_table_addr' <Predicate = true> <Delay = 0.00>
ST_3 : Operation 40 [2/2] (3.25ns)   --->   "%r_V = load i8 %exp_table_addr" [firmware/nnet_utils/nnet_activation.h:255]   --->   Operation 40 'load' 'r_V' <Predicate = true> <Delay = 3.25> <CoreInst = "ROM">   --->   Core 95 'ROM' <Latency = 1> <II = 1> <Delay = 3.25> <Storage> <Opcode : 'load'> <Ports = 0> <Width = 17> <Depth = 256> <ROM>
ST_3 : Operation 41 [1/1] (0.00ns)   --->   "%zext_ln255_1 = zext i8 %p_Result_5" [firmware/nnet_utils/nnet_activation.h:255]   --->   Operation 41 'zext' 'zext_ln255_1' <Predicate = true> <Delay = 0.00>
ST_3 : Operation 42 [1/1] (0.00ns)   --->   "%exp_table_addr_1 = getelementptr i17 %exp_table, i64 0, i64 %zext_ln255_1" [firmware/nnet_utils/nnet_activation.h:255]   --->   Operation 42 'getelementptr' 'exp_table_addr_1' <Predicate = true> <Delay = 0.00>
ST_3 : Operation 43 [2/2] (3.25ns)   --->   "%r_V_1 = load i8 %exp_table_addr_1" [firmware/nnet_utils/nnet_activation.h:255]   --->   Operation 43 'load' 'r_V_1' <Predicate = true> <Delay = 3.25> <CoreInst = "ROM">   --->   Core 95 'ROM' <Latency = 1> <II = 1> <Delay = 3.25> <Storage> <Opcode : 'load'> <Ports = 0> <Width = 17> <Depth = 256> <ROM>

State 4 <SV = 3> <Delay = 3.25>
ST_4 : Operation 44 [1/2] (3.25ns)   --->   "%r_V = load i8 %exp_table_addr" [firmware/nnet_utils/nnet_activation.h:255]   --->   Operation 44 'load' 'r_V' <Predicate = true> <Delay = 3.25> <CoreInst = "ROM">   --->   Core 95 'ROM' <Latency = 1> <II = 1> <Delay = 3.25> <Storage> <Opcode : 'load'> <Ports = 0> <Width = 17> <Depth = 256> <ROM>
ST_4 : Operation 45 [1/2] (3.25ns)   --->   "%r_V_1 = load i8 %exp_table_addr_1" [firmware/nnet_utils/nnet_activation.h:255]   --->   Operation 45 'load' 'r_V_1' <Predicate = true> <Delay = 3.25> <CoreInst = "ROM">   --->   Core 95 'ROM' <Latency = 1> <II = 1> <Delay = 3.25> <Storage> <Opcode : 'load'> <Ports = 0> <Width = 17> <Depth = 256> <ROM>

State 5 <SV = 4> <Delay = 3.35>
ST_5 : Operation 46 [1/1] (0.00ns)   --->   "%zext_ln302 = zext i17 %r_V"   --->   Operation 46 'zext' 'zext_ln302' <Predicate = true> <Delay = 0.00>
ST_5 : Operation 47 [1/1] (0.00ns)   --->   "%zext_ln813 = zext i17 %r_V_1"   --->   Operation 47 'zext' 'zext_ln813' <Predicate = true> <Delay = 0.00>
ST_5 : Operation 48 [1/1] (2.10ns)   --->   "%p_Val2_4 = add i18 %zext_ln813, i18 %zext_ln302"   --->   Operation 48 'add' 'p_Val2_4' <Predicate = true> <Delay = 2.10> <CoreInst = "Adder">   --->   Core 1 'Adder' <Latency = 0> <II = 1> <Delay = 2.10> <FuncUnit> <Opcode : 'add' 'sub'> <InPorts = 2> <OutPorts = 1>
ST_5 : Operation 49 [1/1] (0.00ns)   --->   "%p_Result_12 = bitselect i1 @_ssdm_op_BitSelect.i1.i18.i32, i18 %p_Val2_4, i32 17"   --->   Operation 49 'bitselect' 'p_Result_12' <Predicate = true> <Delay = 0.00>
ST_5 : Operation 50 [1/1] (0.00ns)   --->   "%tmp = partselect i8 @_ssdm_op_PartSelect.i8.i18.i32.i32, i18 %p_Val2_4, i32 10, i32 17"   --->   Operation 50 'partselect' 'tmp' <Predicate = true> <Delay = 0.00>
ST_5 : Operation 51 [1/1] (1.24ns)   --->   "%p_Result_7 = select i1 %p_Result_12, i8 127, i8 %tmp"   --->   Operation 51 'select' 'p_Result_7' <Predicate = true> <Delay = 1.24> <CoreInst = "Sel">   --->   Core 73 'Sel' <Latency = 0> <II = 1> <Delay = 1.24> <FuncUnit> <Opcode : 'select'> <InPorts = 3> <OutPorts = 1>

State 6 <SV = 5> <Delay = 3.25>
ST_6 : Operation 52 [1/1] (0.00ns)   --->   "%zext_ln265 = zext i8 %p_Result_7" [firmware/nnet_utils/nnet_activation.h:265]   --->   Operation 52 'zext' 'zext_ln265' <Predicate = true> <Delay = 0.00>
ST_6 : Operation 53 [1/1] (0.00ns)   --->   "%invert_table_addr = getelementptr i18 %invert_table, i64 0, i64 %zext_ln265" [firmware/nnet_utils/nnet_activation.h:265]   --->   Operation 53 'getelementptr' 'invert_table_addr' <Predicate = true> <Delay = 0.00>
ST_6 : Operation 54 [2/2] (3.25ns)   --->   "%inv_exp_sum_V = load i8 %invert_table_addr" [firmware/nnet_utils/nnet_activation.h:265]   --->   Operation 54 'load' 'inv_exp_sum_V' <Predicate = true> <Delay = 3.25> <CoreInst = "ROM">   --->   Core 95 'ROM' <Latency = 1> <II = 1> <Delay = 3.25> <Storage> <Opcode : 'load'> <Ports = 0> <Width = 18> <Depth = 256> <ROM>

State 7 <SV = 6> <Delay = 3.25>
ST_7 : Operation 55 [1/2] (3.25ns)   --->   "%inv_exp_sum_V = load i8 %invert_table_addr" [firmware/nnet_utils/nnet_activation.h:265]   --->   Operation 55 'load' 'inv_exp_sum_V' <Predicate = true> <Delay = 3.25> <CoreInst = "ROM">   --->   Core 95 'ROM' <Latency = 1> <II = 1> <Delay = 3.25> <Storage> <Opcode : 'load'> <Ports = 0> <Width = 18> <Depth = 256> <ROM>

State 8 <SV = 7> <Delay = 3.89>
ST_8 : Operation 56 [1/1] (0.00ns)   --->   "%sext_ln1273 = sext i18 %inv_exp_sum_V"   --->   Operation 56 'sext' 'sext_ln1273' <Predicate = true> <Delay = 0.00>
ST_8 : Operation 57 [1/1] (0.00ns)   --->   "%zext_ln1273 = zext i17 %r_V"   --->   Operation 57 'zext' 'zext_ln1273' <Predicate = true> <Delay = 0.00>
ST_8 : Operation 58 [3/3] (3.89ns) (root node of the DSP)   --->   "%mul_ln1270 = mul i24 %sext_ln1273, i24 %zext_ln1273"   --->   Operation 58 'mul' 'mul_ln1270' <Predicate = true> <Delay = 3.89> <CoreInst = "DSP48">   --->   Core 119 'DSP48' <Latency = 2> <II = 1> <Delay = 3.89> <IPBlock> <Opcode : 'mul' 'add' 'sub' 'select'> <InPorts = 0> <OutPorts = 1> <Sync> <CReg>
ST_8 : Operation 59 [1/1] (0.00ns)   --->   "%zext_ln1273_1 = zext i17 %r_V_1"   --->   Operation 59 'zext' 'zext_ln1273_1' <Predicate = true> <Delay = 0.00>
ST_8 : Operation 60 [3/3] (3.89ns) (root node of the DSP)   --->   "%mul_ln1270_1 = mul i24 %sext_ln1273, i24 %zext_ln1273_1"   --->   Operation 60 'mul' 'mul_ln1270_1' <Predicate = true> <Delay = 3.89> <CoreInst = "DSP48">   --->   Core 119 'DSP48' <Latency = 2> <II = 1> <Delay = 3.89> <IPBlock> <Opcode : 'mul' 'add' 'sub' 'select'> <InPorts = 0> <OutPorts = 1> <Sync> <CReg>

State 9 <SV = 8> <Delay = 3.89>
ST_9 : Operation 61 [2/3] (3.89ns) (root node of the DSP)   --->   "%mul_ln1270 = mul i24 %sext_ln1273, i24 %zext_ln1273"   --->   Operation 61 'mul' 'mul_ln1270' <Predicate = true> <Delay = 3.89> <CoreInst = "DSP48">   --->   Core 119 'DSP48' <Latency = 2> <II = 1> <Delay = 3.89> <IPBlock> <Opcode : 'mul' 'add' 'sub' 'select'> <InPorts = 0> <OutPorts = 1> <Sync> <CReg>
ST_9 : Operation 62 [2/3] (3.89ns) (root node of the DSP)   --->   "%mul_ln1270_1 = mul i24 %sext_ln1273, i24 %zext_ln1273_1"   --->   Operation 62 'mul' 'mul_ln1270_1' <Predicate = true> <Delay = 3.89> <CoreInst = "DSP48">   --->   Core 119 'DSP48' <Latency = 2> <II = 1> <Delay = 3.89> <IPBlock> <Opcode : 'mul' 'add' 'sub' 'select'> <InPorts = 0> <OutPorts = 1> <Sync> <CReg>

State 10 <SV = 9> <Delay = 0.00>
ST_10 : Operation 63 [1/3] (0.00ns) (root node of the DSP)   --->   "%mul_ln1270 = mul i24 %sext_ln1273, i24 %zext_ln1273"   --->   Operation 63 'mul' 'mul_ln1270' <Predicate = true> <Delay = 0.00> <CoreInst = "DSP48">   --->   Core 119 'DSP48' <Latency = 2> <II = 1> <Delay = 3.89> <IPBlock> <Opcode : 'mul' 'add' 'sub' 'select'> <InPorts = 0> <OutPorts = 1> <Sync> <CReg>
ST_10 : Operation 64 [1/3] (0.00ns) (root node of the DSP)   --->   "%mul_ln1270_1 = mul i24 %sext_ln1273, i24 %zext_ln1273_1"   --->   Operation 64 'mul' 'mul_ln1270_1' <Predicate = true> <Delay = 0.00> <CoreInst = "DSP48">   --->   Core 119 'DSP48' <Latency = 2> <II = 1> <Delay = 3.89> <IPBlock> <Opcode : 'mul' 'add' 'sub' 'select'> <InPorts = 0> <OutPorts = 1> <Sync> <CReg>

State 11 <SV = 10> <Delay = 0.00>
ST_11 : Operation 65 [1/1] (0.00ns)   --->   "%specpipeline_ln217 = specpipeline void @_ssdm_op_SpecPipeline, i32 4294967295, i32 0, i32 0, i32 0, void @empty_0" [firmware/nnet_utils/nnet_activation.h:217]   --->   Operation 65 'specpipeline' 'specpipeline_ln217' <Predicate = true> <Delay = 0.00>
ST_11 : Operation 66 [1/1] (0.00ns)   --->   "%trunc_ln = partselect i8 @_ssdm_op_PartSelect.i8.i24.i32.i32, i24 %mul_ln1270, i32 16, i32 23"   --->   Operation 66 'partselect' 'trunc_ln' <Predicate = true> <Delay = 0.00>
ST_11 : Operation 67 [1/1] (0.00ns)   --->   "%trunc_ln818_1 = partselect i8 @_ssdm_op_PartSelect.i8.i24.i32.i32, i24 %mul_ln1270_1, i32 16, i32 23"   --->   Operation 67 'partselect' 'trunc_ln818_1' <Predicate = true> <Delay = 0.00>
ST_11 : Operation 68 [1/1] (0.00ns)   --->   "%mrv = insertvalue i16 <undef>, i8 %trunc_ln" [firmware/nnet_utils/nnet_activation.h:270]   --->   Operation 68 'insertvalue' 'mrv' <Predicate = true> <Delay = 0.00>
ST_11 : Operation 69 [1/1] (0.00ns)   --->   "%mrv_1 = insertvalue i16 %mrv, i8 %trunc_ln818_1" [firmware/nnet_utils/nnet_activation.h:270]   --->   Operation 69 'insertvalue' 'mrv_1' <Predicate = true> <Delay = 0.00>
ST_11 : Operation 70 [1/1] (0.00ns)   --->   "%ret_ln270 = ret i16 %mrv_1" [firmware/nnet_utils/nnet_activation.h:270]   --->   Operation 70 'ret' 'ret_ln270' <Predicate = true> <Delay = 0.00>


============================================================
+ Verbose Summary: Binding
============================================================
STG Binding: 
---------------- STG Properties BEGIN ----------------
- Is combinational: 0
- Is one-state seq: 0
- Is datapath-only: 0
- Is pipelined: 1
- Is top level: 0
Port [ Return ] is wired: 1; IO mode=ap_ctrl_hs:ce=0
Port [ p_read]:  wired=1; compound=0; hidden=0; nouse=0; global=0; static=0; extern=0; dir=0; type=0; pingpong=0; private_global=0; IO mode=ap_none:ce=0
Port [ p_read1]:  wired=1; compound=0; hidden=0; nouse=0; global=0; static=0; extern=0; dir=0; type=0; pingpong=0; private_global=0; IO mode=ap_none:ce=0
Port [ exp_table]:  wired=0; compound=1; hidden=1; nouse=0; global=1; static=1; extern=0; dir=0; type=1; pingpong=0; private_global=1; MemPort=[11]; IO mode=ap_memory:ce=0
Port [ invert_table]:  wired=0; compound=1; hidden=1; nouse=0; global=1; static=1; extern=0; dir=0; type=1; pingpong=0; private_global=1; MemPort=[1]; IO mode=ap_memory:ce=0
---------------- STG Properties END ------------------

---------------- Datapath Model BEGIN ----------------

<LifeTime>
<method=bitvector/>
p_read_1           (read         ) [ 011000000000]
p_read_2           (read         ) [ 011000000000]
icmp_ln1651        (icmp         ) [ 000000000000]
xor_ln1651         (xor          ) [ 000000000000]
x_max_V            (select       ) [ 011000000000]
sext_ln1348        (sext         ) [ 000000000000]
sext_ln1348_1      (sext         ) [ 000000000000]
ret_V              (sub          ) [ 000000000000]
p_Result_8         (bitselect    ) [ 000000000000]
p_Val2_1           (trunc        ) [ 000000000000]
p_Result_9         (bitselect    ) [ 000000000000]
xor_ln895          (xor          ) [ 000000000000]
overflow           (and          ) [ 000000000000]
xor_ln302          (xor          ) [ 000000000000]
select_ln346       (select       ) [ 000000000000]
sext_ln1348_2      (sext         ) [ 000000000000]
ret_V_1            (sub          ) [ 000000000000]
p_Result_10        (bitselect    ) [ 000000000000]
p_Val2_3           (trunc        ) [ 000000000000]
p_Result_11        (bitselect    ) [ 000000000000]
xor_ln895_1        (xor          ) [ 000000000000]
overflow_1         (and          ) [ 000000000000]
xor_ln302_1        (xor          ) [ 000000000000]
select_ln346_1     (select       ) [ 000000000000]
p_Result_s         (select       ) [ 010100000000]
p_Result_5         (select       ) [ 010100000000]
zext_ln255         (zext         ) [ 000000000000]
exp_table_addr     (getelementptr) [ 010010000000]
zext_ln255_1       (zext         ) [ 000000000000]
exp_table_addr_1   (getelementptr) [ 010010000000]
r_V                (load         ) [ 010001111000]
r_V_1              (load         ) [ 010001111000]
zext_ln302         (zext         ) [ 000000000000]
zext_ln813         (zext         ) [ 000000000000]
p_Val2_4           (add          ) [ 000000000000]
p_Result_12        (bitselect    ) [ 000000000000]
tmp                (partselect   ) [ 000000000000]
p_Result_7         (select       ) [ 010000100000]
zext_ln265         (zext         ) [ 000000000000]
invert_table_addr  (getelementptr) [ 010000010000]
inv_exp_sum_V      (load         ) [ 010000001000]
sext_ln1273        (sext         ) [ 010000000110]
zext_ln1273        (zext         ) [ 010000000110]
zext_ln1273_1      (zext         ) [ 010000000110]
mul_ln1270         (mul          ) [ 010000000001]
mul_ln1270_1       (mul          ) [ 010000000001]
specpipeline_ln217 (specpipeline ) [ 000000000000]
trunc_ln           (partselect   ) [ 000000000000]
trunc_ln818_1      (partselect   ) [ 000000000000]
mrv                (insertvalue  ) [ 000000000000]
mrv_1              (insertvalue  ) [ 000000000000]
ret_ln270          (ret          ) [ 000000000000]
</LifeTime>

<model>

<comp_list>
<comp id="0" class="1000" name="p_read">
<pin_list>
<pin id="1" dir="1" index="0" bw="1" slack="0"/>
</pin_list>
<bind>
<StgValue><ssdm name="p_read"/></StgValue>
</bind>
</comp>

<comp id="2" class="1000" name="p_read1">
<pin_list>
<pin id="3" dir="1" index="0" bw="1" slack="0"/>
</pin_list>
<bind>
<StgValue><ssdm name="p_read1"/></StgValue>
</bind>
</comp>

<comp id="4" class="1000" name="exp_table">
<pin_list>
<pin id="5" dir="1" index="0" bw="1" slack="0"/>
</pin_list>
<bind>
<StgValue><ssdm name="exp_table"/><MemPortTyVec>1 1 </MemPortTyVec>
</StgValue>
</bind>
</comp>

<comp id="6" class="1000" name="invert_table">
<pin_list>
<pin id="7" dir="1" index="0" bw="1" slack="0"/>
</pin_list>
<bind>
<StgValue><ssdm name="invert_table"/><MemPortTyVec>1 </MemPortTyVec>
</StgValue>
</bind>
</comp>

<comp id="8" class="1001" name="const_8">
<pin_list>
<pin id="9" dir="1" index="0" bw="1" slack="0"/>
</pin_list>
<bind>
<StgValue><ssdm name="_ssdm_op_Read.ap_auto.i8"/></StgValue>
</bind>
</comp>

<comp id="10" class="1001" name="const_10">
<pin_list>
<pin id="11" dir="1" index="0" bw="1" slack="0"/>
</pin_list>
<bind>
<StgValue><ssdm name=""/></StgValue>
</bind>
</comp>

<comp id="12" class="1001" name="const_12">
<pin_list>
<pin id="13" dir="1" index="0" bw="1" slack="0"/>
</pin_list>
<bind>
<StgValue><ssdm name="_ssdm_op_BitSelect.i1.i9.i32"/></StgValue>
</bind>
</comp>

<comp id="14" class="1001" name="const_14">
<pin_list>
<pin id="15" dir="1" index="0" bw="1" slack="0"/>
</pin_list>
<bind>
<StgValue><ssdm name=""/></StgValue>
</bind>
</comp>

<comp id="16" class="1001" name="const_16">
<pin_list>
<pin id="17" dir="1" index="0" bw="1" slack="0"/>
</pin_list>
<bind>
<StgValue><ssdm name=""/></StgValue>
</bind>
</comp>

<comp id="18" class="1001" name="const_18">
<pin_list>
<pin id="19" dir="1" index="0" bw="1" slack="0"/>
</pin_list>
<bind>
<StgValue><ssdm name=""/></StgValue>
</bind>
</comp>

<comp id="20" class="1001" name="const_20">
<pin_list>
<pin id="21" dir="1" index="0" bw="1" slack="0"/>
</pin_list>
<bind>
<StgValue><ssdm name=""/></StgValue>
</bind>
</comp>

<comp id="22" class="1001" name="const_22">
<pin_list>
<pin id="23" dir="1" index="0" bw="1" slack="0"/>
</pin_list>
<bind>
<StgValue><ssdm name=""/></StgValue>
</bind>
</comp>

<comp id="24" class="1001" name="const_24">
<pin_list>
<pin id="25" dir="1" index="0" bw="1" slack="0"/>
</pin_list>
<bind>
<StgValue><ssdm name="_ssdm_op_BitSelect.i1.i18.i32"/></StgValue>
</bind>
</comp>

<comp id="26" class="1001" name="const_26">
<pin_list>
<pin id="27" dir="1" index="0" bw="1" slack="0"/>
</pin_list>
<bind>
<StgValue><ssdm name=""/></StgValue>
</bind>
</comp>

<comp id="28" class="1001" name="const_28">
<pin_list>
<pin id="29" dir="1" index="0" bw="1" slack="0"/>
</pin_list>
<bind>
<StgValue><ssdm name="_ssdm_op_PartSelect.i8.i18.i32.i32"/></StgValue>
</bind>
</comp>

<comp id="30" class="1001" name="const_30">
<pin_list>
<pin id="31" dir="1" index="0" bw="1" slack="0"/>
</pin_list>
<bind>
<StgValue><ssdm name=""/></StgValue>
</bind>
</comp>

<comp id="32" class="1001" name="const_32">
<pin_list>
<pin id="33" dir="1" index="0" bw="1" slack="2147483647"/>
</pin_list>
<bind>
<StgValue><ssdm name="_ssdm_op_SpecPipeline"/></StgValue>
</bind>
</comp>

<comp id="34" class="1001" name="const_34">
<pin_list>
<pin id="35" dir="1" index="0" bw="1" slack="2147483647"/>
</pin_list>
<bind>
<StgValue><ssdm name=""/></StgValue>
</bind>
</comp>

<comp id="36" class="1001" name="const_36">
<pin_list>
<pin id="37" dir="1" index="0" bw="1" slack="2147483647"/>
</pin_list>
<bind>
<StgValue><ssdm name=""/></StgValue>
</bind>
</comp>

<comp id="38" class="1001" name="const_38">
<pin_list>
<pin id="39" dir="1" index="0" bw="1" slack="2147483647"/>
</pin_list>
<bind>
<StgValue><ssdm name="empty_0"/></StgValue>
</bind>
</comp>

<comp id="40" class="1001" name="const_40">
<pin_list>
<pin id="41" dir="1" index="0" bw="1" slack="0"/>
</pin_list>
<bind>
<StgValue><ssdm name="_ssdm_op_PartSelect.i8.i24.i32.i32"/></StgValue>
</bind>
</comp>

<comp id="42" class="1001" name="const_42">
<pin_list>
<pin id="43" dir="1" index="0" bw="1" slack="0"/>
</pin_list>
<bind>
<StgValue><ssdm name=""/></StgValue>
</bind>
</comp>

<comp id="44" class="1001" name="const_44">
<pin_list>
<pin id="45" dir="1" index="0" bw="1" slack="0"/>
</pin_list>
<bind>
<StgValue><ssdm name=""/></StgValue>
</bind>
</comp>

<comp id="46" class="1001" name="const_46">
<pin_list>
<pin id="47" dir="1" index="0" bw="1" slack="0"/>
</pin_list>
<bind>
<StgValue><ssdm name=""/></StgValue>
</bind>
</comp>

<comp id="48" class="1004" name="p_read_1_read_fu_48">
<pin_list>
<pin id="49" dir="0" index="0" bw="8" slack="0"/>
<pin id="50" dir="0" index="1" bw="8" slack="0"/>
<pin id="51" dir="1" index="2" bw="8" slack="0"/>
</pin_list>
<bind>
<opcode="read(1150) " fcode="read"/>
<opset="p_read_1/1 "/>
</bind>
</comp>

<comp id="54" class="1004" name="p_read_2_read_fu_54">
<pin_list>
<pin id="55" dir="0" index="0" bw="8" slack="0"/>
<pin id="56" dir="0" index="1" bw="8" slack="0"/>
<pin id="57" dir="1" index="2" bw="8" slack="0"/>
</pin_list>
<bind>
<opcode="read(1150) " fcode="read"/>
<opset="p_read_2/1 "/>
</bind>
</comp>

<comp id="60" class="1004" name="exp_table_addr_gep_fu_60">
<pin_list>
<pin id="61" dir="0" index="0" bw="17" slack="0"/>
<pin id="62" dir="0" index="1" bw="1" slack="0"/>
<pin id="63" dir="0" index="2" bw="8" slack="0"/>
<pin id="64" dir="1" index="3" bw="8" slack="0"/>
</pin_list>
<bind>
<opcode="getelementptr(29) " fcode="getelementptr"/>
<opset="exp_table_addr/3 "/>
</bind>
</comp>

<comp id="67" class="1004" name="grp_access_fu_67">
<pin_list>
<pin id="68" dir="0" index="0" bw="8" slack="0"/>
<pin id="69" dir="0" index="1" bw="17" slack="2147483647"/>
<pin id="70" dir="0" index="2" bw="0" slack="0"/>
<pin id="72" dir="0" index="4" bw="8" slack="2147483647"/>
<pin id="73" dir="0" index="5" bw="17" slack="2147483647"/>
<pin id="74" dir="0" index="6" bw="0" slack="2147483647"/>
<pin id="71" dir="1" index="3" bw="17" slack="1"/>
<pin id="75" dir="1" index="7" bw="17" slack="1"/>
</pin_list>
<bind>
<opcode="load(27) " fcode="load"/>
<opset="r_V/3 r_V_1/3 "/>
</bind>
</comp>

<comp id="77" class="1004" name="exp_table_addr_1_gep_fu_77">
<pin_list>
<pin id="78" dir="0" index="0" bw="17" slack="0"/>
<pin id="79" dir="0" index="1" bw="1" slack="0"/>
<pin id="80" dir="0" index="2" bw="8" slack="0"/>
<pin id="81" dir="1" index="3" bw="8" slack="0"/>
</pin_list>
<bind>
<opcode="getelementptr(29) " fcode="getelementptr"/>
<opset="exp_table_addr_1/3 "/>
</bind>
</comp>

<comp id="85" class="1004" name="invert_table_addr_gep_fu_85">
<pin_list>
<pin id="86" dir="0" index="0" bw="18" slack="0"/>
<pin id="87" dir="0" index="1" bw="1" slack="0"/>
<pin id="88" dir="0" index="2" bw="8" slack="0"/>
<pin id="89" dir="1" index="3" bw="8" slack="0"/>
</pin_list>
<bind>
<opcode="getelementptr(29) " fcode="getelementptr"/>
<opset="invert_table_addr/6 "/>
</bind>
</comp>

<comp id="92" class="1004" name="grp_access_fu_92">
<pin_list>
<pin id="93" dir="0" index="0" bw="8" slack="0"/>
<pin id="94" dir="0" index="1" bw="18" slack="2147483647"/>
<pin id="95" dir="0" index="2" bw="0" slack="2147483647"/>
<pin id="96" dir="1" index="3" bw="18" slack="1"/>
</pin_list>
<bind>
<opcode="load(27) " fcode="load"/>
<opset="inv_exp_sum_V/6 "/>
</bind>
</comp>

<comp id="98" class="1004" name="icmp_ln1651_fu_98">
<pin_list>
<pin id="99" dir="0" index="0" bw="8" slack="0"/>
<pin id="100" dir="0" index="1" bw="8" slack="0"/>
<pin id="101" dir="1" index="2" bw="1" slack="0"/>
</pin_list>
<bind>
<opcode="icmp(45) " fcode="icmp"/>
<opset="icmp_ln1651/1 "/>
</bind>
</comp>

<comp id="104" class="1004" name="xor_ln1651_fu_104">
<pin_list>
<pin id="105" dir="0" index="0" bw="1" slack="0"/>
<pin id="106" dir="0" index="1" bw="1" slack="0"/>
<pin id="107" dir="1" index="2" bw="1" slack="0"/>
</pin_list>
<bind>
<opcode="xor(25) " fcode="xor"/>
<opset="xor_ln1651/1 "/>
</bind>
</comp>

<comp id="110" class="1004" name="x_max_V_fu_110">
<pin_list>
<pin id="111" dir="0" index="0" bw="1" slack="0"/>
<pin id="112" dir="0" index="1" bw="8" slack="0"/>
<pin id="113" dir="0" index="2" bw="8" slack="0"/>
<pin id="114" dir="1" index="3" bw="8" slack="1"/>
</pin_list>
<bind>
<opcode="select(49) " fcode="select"/>
<opset="x_max_V/1 "/>
</bind>
</comp>

<comp id="118" class="1004" name="sext_ln1348_fu_118">
<pin_list>
<pin id="119" dir="0" index="0" bw="8" slack="1"/>
<pin id="120" dir="1" index="1" bw="9" slack="0"/>
</pin_list>
<bind>
<opcode="sext(35) " fcode="sext"/>
<opset="sext_ln1348/2 "/>
</bind>
</comp>

<comp id="121" class="1004" name="sext_ln1348_1_fu_121">
<pin_list>
<pin id="122" dir="0" index="0" bw="8" slack="1"/>
<pin id="123" dir="1" index="1" bw="9" slack="0"/>
</pin_list>
<bind>
<opcode="sext(35) " fcode="sext"/>
<opset="sext_ln1348_1/2 "/>
</bind>
</comp>

<comp id="124" class="1004" name="ret_V_fu_124">
<pin_list>
<pin id="125" dir="0" index="0" bw="8" slack="0"/>
<pin id="126" dir="0" index="1" bw="8" slack="0"/>
<pin id="127" dir="1" index="2" bw="9" slack="0"/>
</pin_list>
<bind>
<opcode="sub(10) " fcode="sub"/>
<opset="ret_V/2 "/>
</bind>
</comp>

<comp id="130" class="1004" name="p_Result_8_fu_130">
<pin_list>
<pin id="131" dir="0" index="0" bw="1" slack="0"/>
<pin id="132" dir="0" index="1" bw="9" slack="0"/>
<pin id="133" dir="0" index="2" bw="5" slack="0"/>
<pin id="134" dir="1" index="3" bw="1" slack="0"/>
</pin_list>
<bind>
<opcode="bitselect(1000) " fcode="bitselect"/>
<opset="p_Result_8/2 "/>
</bind>
</comp>

<comp id="138" class="1004" name="p_Val2_1_fu_138">
<pin_list>
<pin id="139" dir="0" index="0" bw="9" slack="0"/>
<pin id="140" dir="1" index="1" bw="8" slack="0"/>
</pin_list>
<bind>
<opcode="trunc(33) " fcode="trunc"/>
<opset="p_Val2_1/2 "/>
</bind>
</comp>

<comp id="142" class="1004" name="p_Result_9_fu_142">
<pin_list>
<pin id="143" dir="0" index="0" bw="1" slack="0"/>
<pin id="144" dir="0" index="1" bw="9" slack="0"/>
<pin id="145" dir="0" index="2" bw="4" slack="0"/>
<pin id="146" dir="1" index="3" bw="1" slack="0"/>
</pin_list>
<bind>
<opcode="bitselect(1000) " fcode="bitselect"/>
<opset="p_Result_9/2 "/>
</bind>
</comp>

<comp id="150" class="1004" name="xor_ln895_fu_150">
<pin_list>
<pin id="151" dir="0" index="0" bw="1" slack="0"/>
<pin id="152" dir="0" index="1" bw="1" slack="0"/>
<pin id="153" dir="1" index="2" bw="1" slack="0"/>
</pin_list>
<bind>
<opcode="xor(25) " fcode="xor"/>
<opset="xor_ln895/2 "/>
</bind>
</comp>

<comp id="156" class="1004" name="overflow_fu_156">
<pin_list>
<pin id="157" dir="0" index="0" bw="1" slack="0"/>
<pin id="158" dir="0" index="1" bw="1" slack="0"/>
<pin id="159" dir="1" index="2" bw="1" slack="0"/>
</pin_list>
<bind>
<opcode="and(23) " fcode="and"/>
<opset="overflow/2 "/>
</bind>
</comp>

<comp id="162" class="1004" name="xor_ln302_fu_162">
<pin_list>
<pin id="163" dir="0" index="0" bw="1" slack="0"/>
<pin id="164" dir="0" index="1" bw="1" slack="0"/>
<pin id="165" dir="1" index="2" bw="1" slack="0"/>
</pin_list>
<bind>
<opcode="xor(25) " fcode="xor"/>
<opset="xor_ln302/2 "/>
</bind>
</comp>

<comp id="168" class="1004" name="select_ln346_fu_168">
<pin_list>
<pin id="169" dir="0" index="0" bw="1" slack="0"/>
<pin id="170" dir="0" index="1" bw="8" slack="0"/>
<pin id="171" dir="0" index="2" bw="8" slack="0"/>
<pin id="172" dir="1" index="3" bw="8" slack="0"/>
</pin_list>
<bind>
<opcode="select(49) " fcode="select"/>
<opset="select_ln346/2 "/>
</bind>
</comp>

<comp id="176" class="1004" name="sext_ln1348_2_fu_176">
<pin_list>
<pin id="177" dir="0" index="0" bw="8" slack="1"/>
<pin id="178" dir="1" index="1" bw="9" slack="0"/>
</pin_list>
<bind>
<opcode="sext(35) " fcode="sext"/>
<opset="sext_ln1348_2/2 "/>
</bind>
</comp>

<comp id="179" class="1004" name="ret_V_1_fu_179">
<pin_list>
<pin id="180" dir="0" index="0" bw="8" slack="0"/>
<pin id="181" dir="0" index="1" bw="8" slack="0"/>
<pin id="182" dir="1" index="2" bw="9" slack="0"/>
</pin_list>
<bind>
<opcode="sub(10) " fcode="sub"/>
<opset="ret_V_1/2 "/>
</bind>
</comp>

<comp id="185" class="1004" name="p_Result_10_fu_185">
<pin_list>
<pin id="186" dir="0" index="0" bw="1" slack="0"/>
<pin id="187" dir="0" index="1" bw="9" slack="0"/>
<pin id="188" dir="0" index="2" bw="5" slack="0"/>
<pin id="189" dir="1" index="3" bw="1" slack="0"/>
</pin_list>
<bind>
<opcode="bitselect(1000) " fcode="bitselect"/>
<opset="p_Result_10/2 "/>
</bind>
</comp>

<comp id="193" class="1004" name="p_Val2_3_fu_193">
<pin_list>
<pin id="194" dir="0" index="0" bw="9" slack="0"/>
<pin id="195" dir="1" index="1" bw="8" slack="0"/>
</pin_list>
<bind>
<opcode="trunc(33) " fcode="trunc"/>
<opset="p_Val2_3/2 "/>
</bind>
</comp>

<comp id="197" class="1004" name="p_Result_11_fu_197">
<pin_list>
<pin id="198" dir="0" index="0" bw="1" slack="0"/>
<pin id="199" dir="0" index="1" bw="9" slack="0"/>
<pin id="200" dir="0" index="2" bw="4" slack="0"/>
<pin id="201" dir="1" index="3" bw="1" slack="0"/>
</pin_list>
<bind>
<opcode="bitselect(1000) " fcode="bitselect"/>
<opset="p_Result_11/2 "/>
</bind>
</comp>

<comp id="205" class="1004" name="xor_ln895_1_fu_205">
<pin_list>
<pin id="206" dir="0" index="0" bw="1" slack="0"/>
<pin id="207" dir="0" index="1" bw="1" slack="0"/>
<pin id="208" dir="1" index="2" bw="1" slack="0"/>
</pin_list>
<bind>
<opcode="xor(25) " fcode="xor"/>
<opset="xor_ln895_1/2 "/>
</bind>
</comp>

<comp id="211" class="1004" name="overflow_1_fu_211">
<pin_list>
<pin id="212" dir="0" index="0" bw="1" slack="0"/>
<pin id="213" dir="0" index="1" bw="1" slack="0"/>
<pin id="214" dir="1" index="2" bw="1" slack="0"/>
</pin_list>
<bind>
<opcode="and(23) " fcode="and"/>
<opset="overflow_1/2 "/>
</bind>
</comp>

<comp id="217" class="1004" name="xor_ln302_1_fu_217">
<pin_list>
<pin id="218" dir="0" index="0" bw="1" slack="0"/>
<pin id="219" dir="0" index="1" bw="1" slack="0"/>
<pin id="220" dir="1" index="2" bw="1" slack="0"/>
</pin_list>
<bind>
<opcode="xor(25) " fcode="xor"/>
<opset="xor_ln302_1/2 "/>
</bind>
</comp>

<comp id="223" class="1004" name="select_ln346_1_fu_223">
<pin_list>
<pin id="224" dir="0" index="0" bw="1" slack="0"/>
<pin id="225" dir="0" index="1" bw="8" slack="0"/>
<pin id="226" dir="0" index="2" bw="8" slack="0"/>
<pin id="227" dir="1" index="3" bw="8" slack="0"/>
</pin_list>
<bind>
<opcode="select(49) " fcode="select"/>
<opset="select_ln346_1/2 "/>
</bind>
</comp>

<comp id="231" class="1004" name="p_Result_s_fu_231">
<pin_list>
<pin id="232" dir="0" index="0" bw="1" slack="0"/>
<pin id="233" dir="0" index="1" bw="8" slack="0"/>
<pin id="234" dir="0" index="2" bw="8" slack="0"/>
<pin id="235" dir="1" index="3" bw="8" slack="1"/>
</pin_list>
<bind>
<opcode="select(49) " fcode="select"/>
<opset="p_Result_s/2 "/>
</bind>
</comp>

<comp id="239" class="1004" name="p_Result_5_fu_239">
<pin_list>
<pin id="240" dir="0" index="0" bw="1" slack="0"/>
<pin id="241" dir="0" index="1" bw="8" slack="0"/>
<pin id="242" dir="0" index="2" bw="8" slack="0"/>
<pin id="243" dir="1" index="3" bw="8" slack="1"/>
</pin_list>
<bind>
<opcode="select(49) " fcode="select"/>
<opset="p_Result_5/2 "/>
</bind>
</comp>

<comp id="247" class="1004" name="zext_ln255_fu_247">
<pin_list>
<pin id="248" dir="0" index="0" bw="8" slack="1"/>
<pin id="249" dir="1" index="1" bw="64" slack="0"/>
</pin_list>
<bind>
<opcode="zext(34) " fcode="zext"/>
<opset="zext_ln255/3 "/>
</bind>
</comp>

<comp id="251" class="1004" name="zext_ln255_1_fu_251">
<pin_list>
<pin id="252" dir="0" index="0" bw="8" slack="1"/>
<pin id="253" dir="1" index="1" bw="64" slack="0"/>
</pin_list>
<bind>
<opcode="zext(34) " fcode="zext"/>
<opset="zext_ln255_1/3 "/>
</bind>
</comp>

<comp id="255" class="1004" name="zext_ln302_fu_255">
<pin_list>
<pin id="256" dir="0" index="0" bw="17" slack="1"/>
<pin id="257" dir="1" index="1" bw="18" slack="0"/>
</pin_list>
<bind>
<opcode="zext(34) " fcode="zext"/>
<opset="zext_ln302/5 "/>
</bind>
</comp>

<comp id="258" class="1004" name="zext_ln813_fu_258">
<pin_list>
<pin id="259" dir="0" index="0" bw="17" slack="1"/>
<pin id="260" dir="1" index="1" bw="18" slack="0"/>
</pin_list>
<bind>
<opcode="zext(34) " fcode="zext"/>
<opset="zext_ln813/5 "/>
</bind>
</comp>

<comp id="261" class="1004" name="p_Val2_4_fu_261">
<pin_list>
<pin id="262" dir="0" index="0" bw="17" slack="0"/>
<pin id="263" dir="0" index="1" bw="17" slack="0"/>
<pin id="264" dir="1" index="2" bw="18" slack="0"/>
</pin_list>
<bind>
<opcode="add(8) " fcode="add"/>
<opset="p_Val2_4/5 "/>
</bind>
</comp>

<comp id="267" class="1004" name="p_Result_12_fu_267">
<pin_list>
<pin id="268" dir="0" index="0" bw="1" slack="0"/>
<pin id="269" dir="0" index="1" bw="18" slack="0"/>
<pin id="270" dir="0" index="2" bw="6" slack="0"/>
<pin id="271" dir="1" index="3" bw="1" slack="0"/>
</pin_list>
<bind>
<opcode="bitselect(1000) " fcode="bitselect"/>
<opset="p_Result_12/5 "/>
</bind>
</comp>

<comp id="275" class="1004" name="tmp_fu_275">
<pin_list>
<pin id="276" dir="0" index="0" bw="8" slack="0"/>
<pin id="277" dir="0" index="1" bw="18" slack="0"/>
<pin id="278" dir="0" index="2" bw="5" slack="0"/>
<pin id="279" dir="0" index="3" bw="6" slack="0"/>
<pin id="280" dir="1" index="4" bw="8" slack="0"/>
</pin_list>
<bind>
<opcode="partselect(1002) " fcode="partselect"/>
<opset="tmp/5 "/>
</bind>
</comp>

<comp id="285" class="1004" name="p_Result_7_fu_285">
<pin_list>
<pin id="286" dir="0" index="0" bw="1" slack="0"/>
<pin id="287" dir="0" index="1" bw="8" slack="0"/>
<pin id="288" dir="0" index="2" bw="8" slack="0"/>
<pin id="289" dir="1" index="3" bw="8" slack="1"/>
</pin_list>
<bind>
<opcode="select(49) " fcode="select"/>
<opset="p_Result_7/5 "/>
</bind>
</comp>

<comp id="293" class="1004" name="zext_ln265_fu_293">
<pin_list>
<pin id="294" dir="0" index="0" bw="8" slack="1"/>
<pin id="295" dir="1" index="1" bw="64" slack="0"/>
</pin_list>
<bind>
<opcode="zext(34) " fcode="zext"/>
<opset="zext_ln265/6 "/>
</bind>
</comp>

<comp id="297" class="1004" name="sext_ln1273_fu_297">
<pin_list>
<pin id="298" dir="0" index="0" bw="18" slack="1"/>
<pin id="299" dir="1" index="1" bw="24" slack="0"/>
</pin_list>
<bind>
<opcode="sext(35) " fcode="sext"/>
<opset="sext_ln1273/8 "/>
</bind>
</comp>

<comp id="300" class="1004" name="zext_ln1273_fu_300">
<pin_list>
<pin id="301" dir="0" index="0" bw="17" slack="4"/>
<pin id="302" dir="1" index="1" bw="24" slack="0"/>
</pin_list>
<bind>
<opcode="zext(34) " fcode="zext"/>
<opset="zext_ln1273/8 "/>
</bind>
</comp>

<comp id="303" class="1004" name="zext_ln1273_1_fu_303">
<pin_list>
<pin id="304" dir="0" index="0" bw="17" slack="4"/>
<pin id="305" dir="1" index="1" bw="24" slack="0"/>
</pin_list>
<bind>
<opcode="zext(34) " fcode="zext"/>
<opset="zext_ln1273_1/8 "/>
</bind>
</comp>

<comp id="306" class="1004" name="trunc_ln_fu_306">
<pin_list>
<pin id="307" dir="0" index="0" bw="8" slack="0"/>
<pin id="308" dir="0" index="1" bw="24" slack="1"/>
<pin id="309" dir="0" index="2" bw="6" slack="0"/>
<pin id="310" dir="0" index="3" bw="6" slack="0"/>
<pin id="311" dir="1" index="4" bw="8" slack="0"/>
</pin_list>
<bind>
<opcode="partselect(1002) " fcode="partselect"/>
<opset="trunc_ln/11 "/>
</bind>
</comp>

<comp id="315" class="1004" name="trunc_ln818_1_fu_315">
<pin_list>
<pin id="316" dir="0" index="0" bw="8" slack="0"/>
<pin id="317" dir="0" index="1" bw="24" slack="1"/>
<pin id="318" dir="0" index="2" bw="6" slack="0"/>
<pin id="319" dir="0" index="3" bw="6" slack="0"/>
<pin id="320" dir="1" index="4" bw="8" slack="0"/>
</pin_list>
<bind>
<opcode="partselect(1002) " fcode="partselect"/>
<opset="trunc_ln818_1/11 "/>
</bind>
</comp>

<comp id="324" class="1004" name="mrv_fu_324">
<pin_list>
<pin id="325" dir="0" index="0" bw="16" slack="0"/>
<pin id="326" dir="0" index="1" bw="8" slack="0"/>
<pin id="327" dir="1" index="2" bw="16" slack="0"/>
</pin_list>
<bind>
<opcode="insertvalue(57) " fcode="insertvalue"/>
<opset="mrv/11 "/>
</bind>
</comp>

<comp id="330" class="1004" name="mrv_1_fu_330">
<pin_list>
<pin id="331" dir="0" index="0" bw="16" slack="0"/>
<pin id="332" dir="0" index="1" bw="8" slack="0"/>
<pin id="333" dir="1" index="2" bw="16" slack="2147483647"/>
</pin_list>
<bind>
<opcode="insertvalue(57) " fcode="insertvalue"/>
<opset="mrv_1/11 "/>
</bind>
</comp>

<comp id="336" class="1007" name="grp_fu_336">
<pin_list>
<pin id="337" dir="0" index="0" bw="18" slack="0"/>
<pin id="338" dir="0" index="1" bw="17" slack="0"/>
<pin id="339" dir="1" index="2" bw="24" slack="1"/>
</pin_list>
<bind>
<opcode="mul(12) " fcode="mul"/>
<opset="mul_ln1270/8 "/>
</bind>
</comp>

<comp id="342" class="1007" name="grp_fu_342">
<pin_list>
<pin id="343" dir="0" index="0" bw="18" slack="0"/>
<pin id="344" dir="0" index="1" bw="17" slack="0"/>
<pin id="345" dir="1" index="2" bw="24" slack="1"/>
</pin_list>
<bind>
<opcode="mul(12) " fcode="mul"/>
<opset="mul_ln1270_1/8 "/>
</bind>
</comp>

<comp id="348" class="1005" name="p_read_1_reg_348">
<pin_list>
<pin id="349" dir="0" index="0" bw="8" slack="1"/>
<pin id="350" dir="1" index="1" bw="8" slack="1"/>
</pin_list>
<bind>
<opset="p_read_1 "/>
</bind>
</comp>

<comp id="353" class="1005" name="p_read_2_reg_353">
<pin_list>
<pin id="354" dir="0" index="0" bw="8" slack="1"/>
<pin id="355" dir="1" index="1" bw="8" slack="1"/>
</pin_list>
<bind>
<opset="p_read_2 "/>
</bind>
</comp>

<comp id="358" class="1005" name="x_max_V_reg_358">
<pin_list>
<pin id="359" dir="0" index="0" bw="8" slack="1"/>
<pin id="360" dir="1" index="1" bw="8" slack="1"/>
</pin_list>
<bind>
<opset="x_max_V "/>
</bind>
</comp>

<comp id="363" class="1005" name="p_Result_s_reg_363">
<pin_list>
<pin id="364" dir="0" index="0" bw="8" slack="1"/>
<pin id="365" dir="1" index="1" bw="8" slack="1"/>
</pin_list>
<bind>
<opset="p_Result_s "/>
</bind>
</comp>

<comp id="368" class="1005" name="p_Result_5_reg_368">
<pin_list>
<pin id="369" dir="0" index="0" bw="8" slack="1"/>
<pin id="370" dir="1" index="1" bw="8" slack="1"/>
</pin_list>
<bind>
<opset="p_Result_5 "/>
</bind>
</comp>

<comp id="373" class="1005" name="exp_table_addr_reg_373">
<pin_list>
<pin id="374" dir="0" index="0" bw="8" slack="1"/>
<pin id="375" dir="1" index="1" bw="8" slack="1"/>
</pin_list>
<bind>
<opset="exp_table_addr "/>
</bind>
</comp>

<comp id="378" class="1005" name="exp_table_addr_1_reg_378">
<pin_list>
<pin id="379" dir="0" index="0" bw="8" slack="1"/>
<pin id="380" dir="1" index="1" bw="8" slack="1"/>
</pin_list>
<bind>
<opset="exp_table_addr_1 "/>
</bind>
</comp>

<comp id="383" class="1005" name="r_V_reg_383">
<pin_list>
<pin id="384" dir="0" index="0" bw="17" slack="1"/>
<pin id="385" dir="1" index="1" bw="17" slack="1"/>
</pin_list>
<bind>
<opset="r_V "/>
</bind>
</comp>

<comp id="389" class="1005" name="r_V_1_reg_389">
<pin_list>
<pin id="390" dir="0" index="0" bw="17" slack="1"/>
<pin id="391" dir="1" index="1" bw="17" slack="1"/>
</pin_list>
<bind>
<opset="r_V_1 "/>
</bind>
</comp>

<comp id="395" class="1005" name="p_Result_7_reg_395">
<pin_list>
<pin id="396" dir="0" index="0" bw="8" slack="1"/>
<pin id="397" dir="1" index="1" bw="8" slack="1"/>
</pin_list>
<bind>
<opset="p_Result_7 "/>
</bind>
</comp>

<comp id="400" class="1005" name="invert_table_addr_reg_400">
<pin_list>
<pin id="401" dir="0" index="0" bw="8" slack="1"/>
<pin id="402" dir="1" index="1" bw="8" slack="1"/>
</pin_list>
<bind>
<opset="invert_table_addr "/>
</bind>
</comp>

<comp id="405" class="1005" name="inv_exp_sum_V_reg_405">
<pin_list>
<pin id="406" dir="0" index="0" bw="18" slack="1"/>
<pin id="407" dir="1" index="1" bw="18" slack="1"/>
</pin_list>
<bind>
<opset="inv_exp_sum_V "/>
</bind>
</comp>

<comp id="410" class="1005" name="sext_ln1273_reg_410">
<pin_list>
<pin id="411" dir="0" index="0" bw="24" slack="1"/>
<pin id="412" dir="1" index="1" bw="24" slack="1"/>
</pin_list>
<bind>
<opset="sext_ln1273 "/>
</bind>
</comp>

<comp id="416" class="1005" name="zext_ln1273_reg_416">
<pin_list>
<pin id="417" dir="0" index="0" bw="24" slack="1"/>
<pin id="418" dir="1" index="1" bw="24" slack="1"/>
</pin_list>
<bind>
<opset="zext_ln1273 "/>
</bind>
</comp>

<comp id="421" class="1005" name="zext_ln1273_1_reg_421">
<pin_list>
<pin id="422" dir="0" index="0" bw="24" slack="1"/>
<pin id="423" dir="1" index="1" bw="24" slack="1"/>
</pin_list>
<bind>
<opset="zext_ln1273_1 "/>
</bind>
</comp>

<comp id="426" class="1005" name="mul_ln1270_reg_426">
<pin_list>
<pin id="427" dir="0" index="0" bw="24" slack="1"/>
<pin id="428" dir="1" index="1" bw="24" slack="1"/>
</pin_list>
<bind>
<opset="mul_ln1270 "/>
</bind>
</comp>

<comp id="431" class="1005" name="mul_ln1270_1_reg_431">
<pin_list>
<pin id="432" dir="0" index="0" bw="24" slack="1"/>
<pin id="433" dir="1" index="1" bw="24" slack="1"/>
</pin_list>
<bind>
<opset="mul_ln1270_1 "/>
</bind>
</comp>

</comp_list>

<net_list>
<net id="52"><net_src comp="8" pin="0"/><net_sink comp="48" pin=0"/></net>

<net id="53"><net_src comp="2" pin="0"/><net_sink comp="48" pin=1"/></net>

<net id="58"><net_src comp="8" pin="0"/><net_sink comp="54" pin=0"/></net>

<net id="59"><net_src comp="0" pin="0"/><net_sink comp="54" pin=1"/></net>

<net id="65"><net_src comp="4" pin="0"/><net_sink comp="60" pin=0"/></net>

<net id="66"><net_src comp="22" pin="0"/><net_sink comp="60" pin=1"/></net>

<net id="76"><net_src comp="60" pin="3"/><net_sink comp="67" pin=2"/></net>

<net id="82"><net_src comp="4" pin="0"/><net_sink comp="77" pin=0"/></net>

<net id="83"><net_src comp="22" pin="0"/><net_sink comp="77" pin=1"/></net>

<net id="84"><net_src comp="77" pin="3"/><net_sink comp="67" pin=0"/></net>

<net id="90"><net_src comp="6" pin="0"/><net_sink comp="85" pin=0"/></net>

<net id="91"><net_src comp="22" pin="0"/><net_sink comp="85" pin=1"/></net>

<net id="97"><net_src comp="85" pin="3"/><net_sink comp="92" pin=0"/></net>

<net id="102"><net_src comp="54" pin="2"/><net_sink comp="98" pin=0"/></net>

<net id="103"><net_src comp="48" pin="2"/><net_sink comp="98" pin=1"/></net>

<net id="108"><net_src comp="98" pin="2"/><net_sink comp="104" pin=0"/></net>

<net id="109"><net_src comp="10" pin="0"/><net_sink comp="104" pin=1"/></net>

<net id="115"><net_src comp="104" pin="2"/><net_sink comp="110" pin=0"/></net>

<net id="116"><net_src comp="54" pin="2"/><net_sink comp="110" pin=1"/></net>

<net id="117"><net_src comp="48" pin="2"/><net_sink comp="110" pin=2"/></net>

<net id="128"><net_src comp="118" pin="1"/><net_sink comp="124" pin=0"/></net>

<net id="129"><net_src comp="121" pin="1"/><net_sink comp="124" pin=1"/></net>

<net id="135"><net_src comp="12" pin="0"/><net_sink comp="130" pin=0"/></net>

<net id="136"><net_src comp="124" pin="2"/><net_sink comp="130" pin=1"/></net>

<net id="137"><net_src comp="14" pin="0"/><net_sink comp="130" pin=2"/></net>

<net id="141"><net_src comp="124" pin="2"/><net_sink comp="138" pin=0"/></net>

<net id="147"><net_src comp="12" pin="0"/><net_sink comp="142" pin=0"/></net>

<net id="148"><net_src comp="124" pin="2"/><net_sink comp="142" pin=1"/></net>

<net id="149"><net_src comp="16" pin="0"/><net_sink comp="142" pin=2"/></net>

<net id="154"><net_src comp="130" pin="3"/><net_sink comp="150" pin=0"/></net>

<net id="155"><net_src comp="10" pin="0"/><net_sink comp="150" pin=1"/></net>

<net id="160"><net_src comp="142" pin="3"/><net_sink comp="156" pin=0"/></net>

<net id="161"><net_src comp="150" pin="2"/><net_sink comp="156" pin=1"/></net>

<net id="166"><net_src comp="130" pin="3"/><net_sink comp="162" pin=0"/></net>

<net id="167"><net_src comp="142" pin="3"/><net_sink comp="162" pin=1"/></net>

<net id="173"><net_src comp="156" pin="2"/><net_sink comp="168" pin=0"/></net>

<net id="174"><net_src comp="18" pin="0"/><net_sink comp="168" pin=1"/></net>

<net id="175"><net_src comp="20" pin="0"/><net_sink comp="168" pin=2"/></net>

<net id="183"><net_src comp="176" pin="1"/><net_sink comp="179" pin=0"/></net>

<net id="184"><net_src comp="121" pin="1"/><net_sink comp="179" pin=1"/></net>

<net id="190"><net_src comp="12" pin="0"/><net_sink comp="185" pin=0"/></net>

<net id="191"><net_src comp="179" pin="2"/><net_sink comp="185" pin=1"/></net>

<net id="192"><net_src comp="14" pin="0"/><net_sink comp="185" pin=2"/></net>

<net id="196"><net_src comp="179" pin="2"/><net_sink comp="193" pin=0"/></net>

<net id="202"><net_src comp="12" pin="0"/><net_sink comp="197" pin=0"/></net>

<net id="203"><net_src comp="179" pin="2"/><net_sink comp="197" pin=1"/></net>

<net id="204"><net_src comp="16" pin="0"/><net_sink comp="197" pin=2"/></net>

<net id="209"><net_src comp="185" pin="3"/><net_sink comp="205" pin=0"/></net>

<net id="210"><net_src comp="10" pin="0"/><net_sink comp="205" pin=1"/></net>

<net id="215"><net_src comp="197" pin="3"/><net_sink comp="211" pin=0"/></net>

<net id="216"><net_src comp="205" pin="2"/><net_sink comp="211" pin=1"/></net>

<net id="221"><net_src comp="185" pin="3"/><net_sink comp="217" pin=0"/></net>

<net id="222"><net_src comp="197" pin="3"/><net_sink comp="217" pin=1"/></net>

<net id="228"><net_src comp="211" pin="2"/><net_sink comp="223" pin=0"/></net>

<net id="229"><net_src comp="18" pin="0"/><net_sink comp="223" pin=1"/></net>

<net id="230"><net_src comp="20" pin="0"/><net_sink comp="223" pin=2"/></net>

<net id="236"><net_src comp="162" pin="2"/><net_sink comp="231" pin=0"/></net>

<net id="237"><net_src comp="168" pin="3"/><net_sink comp="231" pin=1"/></net>

<net id="238"><net_src comp="138" pin="1"/><net_sink comp="231" pin=2"/></net>

<net id="244"><net_src comp="217" pin="2"/><net_sink comp="239" pin=0"/></net>

<net id="245"><net_src comp="223" pin="3"/><net_sink comp="239" pin=1"/></net>

<net id="246"><net_src comp="193" pin="1"/><net_sink comp="239" pin=2"/></net>

<net id="250"><net_src comp="247" pin="1"/><net_sink comp="60" pin=2"/></net>

<net id="254"><net_src comp="251" pin="1"/><net_sink comp="77" pin=2"/></net>

<net id="265"><net_src comp="258" pin="1"/><net_sink comp="261" pin=0"/></net>

<net id="266"><net_src comp="255" pin="1"/><net_sink comp="261" pin=1"/></net>

<net id="272"><net_src comp="24" pin="0"/><net_sink comp="267" pin=0"/></net>

<net id="273"><net_src comp="261" pin="2"/><net_sink comp="267" pin=1"/></net>

<net id="274"><net_src comp="26" pin="0"/><net_sink comp="267" pin=2"/></net>

<net id="281"><net_src comp="28" pin="0"/><net_sink comp="275" pin=0"/></net>

<net id="282"><net_src comp="261" pin="2"/><net_sink comp="275" pin=1"/></net>

<net id="283"><net_src comp="30" pin="0"/><net_sink comp="275" pin=2"/></net>

<net id="284"><net_src comp="26" pin="0"/><net_sink comp="275" pin=3"/></net>

<net id="290"><net_src comp="267" pin="3"/><net_sink comp="285" pin=0"/></net>

<net id="291"><net_src comp="18" pin="0"/><net_sink comp="285" pin=1"/></net>

<net id="292"><net_src comp="275" pin="4"/><net_sink comp="285" pin=2"/></net>

<net id="296"><net_src comp="293" pin="1"/><net_sink comp="85" pin=2"/></net>

<net id="312"><net_src comp="40" pin="0"/><net_sink comp="306" pin=0"/></net>

<net id="313"><net_src comp="42" pin="0"/><net_sink comp="306" pin=2"/></net>

<net id="314"><net_src comp="44" pin="0"/><net_sink comp="306" pin=3"/></net>

<net id="321"><net_src comp="40" pin="0"/><net_sink comp="315" pin=0"/></net>

<net id="322"><net_src comp="42" pin="0"/><net_sink comp="315" pin=2"/></net>

<net id="323"><net_src comp="44" pin="0"/><net_sink comp="315" pin=3"/></net>

<net id="328"><net_src comp="46" pin="0"/><net_sink comp="324" pin=0"/></net>

<net id="329"><net_src comp="306" pin="4"/><net_sink comp="324" pin=1"/></net>

<net id="334"><net_src comp="324" pin="2"/><net_sink comp="330" pin=0"/></net>

<net id="335"><net_src comp="315" pin="4"/><net_sink comp="330" pin=1"/></net>

<net id="340"><net_src comp="297" pin="1"/><net_sink comp="336" pin=0"/></net>

<net id="341"><net_src comp="300" pin="1"/><net_sink comp="336" pin=1"/></net>

<net id="346"><net_src comp="297" pin="1"/><net_sink comp="342" pin=0"/></net>

<net id="347"><net_src comp="303" pin="1"/><net_sink comp="342" pin=1"/></net>

<net id="351"><net_src comp="48" pin="2"/><net_sink comp="348" pin=0"/></net>

<net id="352"><net_src comp="348" pin="1"/><net_sink comp="176" pin=0"/></net>

<net id="356"><net_src comp="54" pin="2"/><net_sink comp="353" pin=0"/></net>

<net id="357"><net_src comp="353" pin="1"/><net_sink comp="118" pin=0"/></net>

<net id="361"><net_src comp="110" pin="3"/><net_sink comp="358" pin=0"/></net>

<net id="362"><net_src comp="358" pin="1"/><net_sink comp="121" pin=0"/></net>

<net id="366"><net_src comp="231" pin="3"/><net_sink comp="363" pin=0"/></net>

<net id="367"><net_src comp="363" pin="1"/><net_sink comp="247" pin=0"/></net>

<net id="371"><net_src comp="239" pin="3"/><net_sink comp="368" pin=0"/></net>

<net id="372"><net_src comp="368" pin="1"/><net_sink comp="251" pin=0"/></net>

<net id="376"><net_src comp="60" pin="3"/><net_sink comp="373" pin=0"/></net>

<net id="377"><net_src comp="373" pin="1"/><net_sink comp="67" pin=2"/></net>

<net id="381"><net_src comp="77" pin="3"/><net_sink comp="378" pin=0"/></net>

<net id="382"><net_src comp="378" pin="1"/><net_sink comp="67" pin=0"/></net>

<net id="386"><net_src comp="67" pin="7"/><net_sink comp="383" pin=0"/></net>

<net id="387"><net_src comp="383" pin="1"/><net_sink comp="255" pin=0"/></net>

<net id="388"><net_src comp="383" pin="1"/><net_sink comp="300" pin=0"/></net>

<net id="392"><net_src comp="67" pin="3"/><net_sink comp="389" pin=0"/></net>

<net id="393"><net_src comp="389" pin="1"/><net_sink comp="258" pin=0"/></net>

<net id="394"><net_src comp="389" pin="1"/><net_sink comp="303" pin=0"/></net>

<net id="398"><net_src comp="285" pin="3"/><net_sink comp="395" pin=0"/></net>

<net id="399"><net_src comp="395" pin="1"/><net_sink comp="293" pin=0"/></net>

<net id="403"><net_src comp="85" pin="3"/><net_sink comp="400" pin=0"/></net>

<net id="404"><net_src comp="400" pin="1"/><net_sink comp="92" pin=0"/></net>

<net id="408"><net_src comp="92" pin="3"/><net_sink comp="405" pin=0"/></net>

<net id="409"><net_src comp="405" pin="1"/><net_sink comp="297" pin=0"/></net>

<net id="413"><net_src comp="297" pin="1"/><net_sink comp="410" pin=0"/></net>

<net id="414"><net_src comp="410" pin="1"/><net_sink comp="336" pin=0"/></net>

<net id="415"><net_src comp="410" pin="1"/><net_sink comp="342" pin=0"/></net>

<net id="419"><net_src comp="300" pin="1"/><net_sink comp="416" pin=0"/></net>

<net id="420"><net_src comp="416" pin="1"/><net_sink comp="336" pin=1"/></net>

<net id="424"><net_src comp="303" pin="1"/><net_sink comp="421" pin=0"/></net>

<net id="425"><net_src comp="421" pin="1"/><net_sink comp="342" pin=1"/></net>

<net id="429"><net_src comp="336" pin="2"/><net_sink comp="426" pin=0"/></net>

<net id="430"><net_src comp="426" pin="1"/><net_sink comp="306" pin=1"/></net>

<net id="434"><net_src comp="342" pin="2"/><net_sink comp="431" pin=0"/></net>

<net id="435"><net_src comp="431" pin="1"/><net_sink comp="315" pin=1"/></net>

</net_list>

</model> 
---------------- Datapath Model END ------------------

* FSMD analyzer results:
  - Output states:
 - Input state : 
	Port: softmax_stable<ap_fixed,ap_fixed<8,4,5,3,0>,softmax_config19> : p_read | {1 }
	Port: softmax_stable<ap_fixed,ap_fixed<8,4,5,3,0>,softmax_config19> : p_read1 | {1 }
	Port: softmax_stable<ap_fixed,ap_fixed<8,4,5,3,0>,softmax_config19> : exp_table | {3 4 }
	Port: softmax_stable<ap_fixed,ap_fixed<8,4,5,3,0>,softmax_config19> : invert_table | {6 7 }
  - Chain level:
	State 1
		xor_ln1651 : 1
		x_max_V : 1
	State 2
		ret_V : 1
		p_Result_8 : 2
		p_Val2_1 : 2
		p_Result_9 : 2
		xor_ln895 : 3
		overflow : 3
		xor_ln302 : 3
		select_ln346 : 3
		ret_V_1 : 1
		p_Result_10 : 2
		p_Val2_3 : 2
		p_Result_11 : 2
		xor_ln895_1 : 3
		overflow_1 : 3
		xor_ln302_1 : 3
		select_ln346_1 : 3
		p_Result_s : 4
		p_Result_5 : 4
	State 3
		exp_table_addr : 1
		r_V : 2
		exp_table_addr_1 : 1
		r_V_1 : 2
	State 4
	State 5
		p_Val2_4 : 1
		p_Result_12 : 2
		tmp : 2
		p_Result_7 : 3
	State 6
		invert_table_addr : 1
		inv_exp_sum_V : 2
	State 7
	State 8
		mul_ln1270 : 1
		mul_ln1270_1 : 1
	State 9
	State 10
	State 11
		mrv : 1
		mrv_1 : 2
		ret_ln270 : 3


============================================================
+ Verbose Summary: Datapath Resource usage 
============================================================

* Functional unit list:
|----------|-----------------------|---------|---------|---------|
| Operation|    Functional Unit    |   DSP   |    FF   |   LUT   |
|----------|-----------------------|---------|---------|---------|
|          |     x_max_V_fu_110    |    0    |    0    |    8    |
|          |  select_ln346_fu_168  |    0    |    0    |    8    |
|  select  | select_ln346_1_fu_223 |    0    |    0    |    8    |
|          |   p_Result_s_fu_231   |    0    |    0    |    8    |
|          |   p_Result_5_fu_239   |    0    |    0    |    8    |
|          |   p_Result_7_fu_285   |    0    |    0    |    8    |
|----------|-----------------------|---------|---------|---------|
|    sub   |      ret_V_fu_124     |    0    |    0    |    15   |
|          |     ret_V_1_fu_179    |    0    |    0    |    15   |
|----------|-----------------------|---------|---------|---------|
|    add   |    p_Val2_4_fu_261    |    0    |    0    |    24   |
|----------|-----------------------|---------|---------|---------|
|   icmp   |   icmp_ln1651_fu_98   |    0    |    0    |    11   |
|----------|-----------------------|---------|---------|---------|
|          |   xor_ln1651_fu_104   |    0    |    0    |    2    |
|          |    xor_ln895_fu_150   |    0    |    0    |    2    |
|    xor   |    xor_ln302_fu_162   |    0    |    0    |    2    |
|          |   xor_ln895_1_fu_205  |    0    |    0    |    2    |
|          |   xor_ln302_1_fu_217  |    0    |    0    |    2    |
|----------|-----------------------|---------|---------|---------|
|    and   |    overflow_fu_156    |    0    |    0    |    2    |
|          |   overflow_1_fu_211   |    0    |    0    |    2    |
|----------|-----------------------|---------|---------|---------|
|    mul   |       grp_fu_336      |    1    |    0    |    0    |
|          |       grp_fu_342      |    1    |    0    |    0    |
|----------|-----------------------|---------|---------|---------|
|   read   |  p_read_1_read_fu_48  |    0    |    0    |    0    |
|          |  p_read_2_read_fu_54  |    0    |    0    |    0    |
|----------|-----------------------|---------|---------|---------|
|          |   sext_ln1348_fu_118  |    0    |    0    |    0    |
|   sext   |  sext_ln1348_1_fu_121 |    0    |    0    |    0    |
|          |  sext_ln1348_2_fu_176 |    0    |    0    |    0    |
|          |   sext_ln1273_fu_297  |    0    |    0    |    0    |
|----------|-----------------------|---------|---------|---------|
|          |   p_Result_8_fu_130   |    0    |    0    |    0    |
|          |   p_Result_9_fu_142   |    0    |    0    |    0    |
| bitselect|   p_Result_10_fu_185  |    0    |    0    |    0    |
|          |   p_Result_11_fu_197  |    0    |    0    |    0    |
|          |   p_Result_12_fu_267  |    0    |    0    |    0    |
|----------|-----------------------|---------|---------|---------|
|   trunc  |    p_Val2_1_fu_138    |    0    |    0    |    0    |
|          |    p_Val2_3_fu_193    |    0    |    0    |    0    |
|----------|-----------------------|---------|---------|---------|
|          |   zext_ln255_fu_247   |    0    |    0    |    0    |
|          |  zext_ln255_1_fu_251  |    0    |    0    |    0    |
|          |   zext_ln302_fu_255   |    0    |    0    |    0    |
|   zext   |   zext_ln813_fu_258   |    0    |    0    |    0    |
|          |   zext_ln265_fu_293   |    0    |    0    |    0    |
|          |   zext_ln1273_fu_300  |    0    |    0    |    0    |
|          |  zext_ln1273_1_fu_303 |    0    |    0    |    0    |
|----------|-----------------------|---------|---------|---------|
|          |       tmp_fu_275      |    0    |    0    |    0    |
|partselect|    trunc_ln_fu_306    |    0    |    0    |    0    |
|          |  trunc_ln818_1_fu_315 |    0    |    0    |    0    |
|----------|-----------------------|---------|---------|---------|
|insertvalue|       mrv_fu_324      |    0    |    0    |    0    |
|          |      mrv_1_fu_330     |    0    |    0    |    0    |
|----------|-----------------------|---------|---------|---------|
|   Total  |                       |    2    |    0    |   127   |
|----------|-----------------------|---------|---------|---------|

Memories:
N/A

* Register list:
+-------------------------+--------+
|                         |   FF   |
+-------------------------+--------+
| exp_table_addr_1_reg_378|    8   |
|  exp_table_addr_reg_373 |    8   |
|  inv_exp_sum_V_reg_405  |   18   |
|invert_table_addr_reg_400|    8   |
|   mul_ln1270_1_reg_431  |   24   |
|    mul_ln1270_reg_426   |   24   |
|    p_Result_5_reg_368   |    8   |
|    p_Result_7_reg_395   |    8   |
|    p_Result_s_reg_363   |    8   |
|     p_read_1_reg_348    |    8   |
|     p_read_2_reg_353    |    8   |
|      r_V_1_reg_389      |   17   |
|       r_V_reg_383       |   17   |
|   sext_ln1273_reg_410   |   24   |
|     x_max_V_reg_358     |    8   |
|  zext_ln1273_1_reg_421  |   24   |
|   zext_ln1273_reg_416   |   24   |
+-------------------------+--------+
|          Total          |   244  |
+-------------------------+--------+

* Multiplexer (MUX) list: 
|------------------|------|------|------|--------||---------||---------|
|       Comp       |  Pin | Size |  BW  | S x BW ||  Delay  ||   LUT   |
|------------------|------|------|------|--------||---------||---------|
| grp_access_fu_67 |  p0  |   2  |   8  |   16   ||    9    |
| grp_access_fu_67 |  p2  |   2  |   0  |    0   ||    9    |
| grp_access_fu_92 |  p0  |   2  |   8  |   16   ||    9    |
|    grp_fu_336    |  p0  |   2  |  18  |   36   ||    9    |
|    grp_fu_336    |  p1  |   2  |  17  |   34   ||    9    |
|    grp_fu_342    |  p0  |   2  |  18  |   36   ||    9    |
|    grp_fu_342    |  p1  |   2  |  17  |   34   ||    9    |
|------------------|------|------|------|--------||---------||---------|
|       Total      |      |      |      |   172  ||  11.116 ||    63   |
|------------------|------|------|------|--------||---------||---------|



* Summary:
+-----------+--------+--------+--------+--------+
|           |   DSP  |  Delay |   FF   |   LUT  |
+-----------+--------+--------+--------+--------+
|  Function |    2   |    -   |    0   |   127  |
|   Memory  |    -   |    -   |    -   |    -   |
|Multiplexer|    -   |   11   |    -   |   63   |
|  Register |    -   |    -   |   244  |    -   |
+-----------+--------+--------+--------+--------+
|   Total   |    2   |   11   |   244  |   190  |
+-----------+--------+--------+--------+--------+
